=== RUN   TestStartServerClient
--- PASS: TestStartServerClient (0.20s)
=== RUN   TestInvalidParams
--- PASS: TestInvalidParams (0.01s)
	gorpc_test.go:104: test invalid service
	gorpc_test.go:107: ok code: 400 type: 1 reason: server invalid service or method
	gorpc_test.go:112: test invalid method
	gorpc_test.go:115: ok code: 400 type: 1 reason: server invalid service or method
	gorpc_test.go:120: test invalid args
	gorpc_test.go:123: ok code: 400 type: 1 reason: gob: decoding into local type *int, received remote type string
	gorpc_test.go:128: test invalid reply
	gorpc_test.go:132: ok code: 106 type: 1 reason: gob: decoding into local type *string, received remote type int
	gorpc_test.go:137: test normal update
	gorpc_test.go:143: ok 105 <nil>
	gorpc_test.go:148: test remote return can retry error
	gorpc_test.go:151: ok code: 100001 type: 2 reason: after retry user logic error
	gorpc_test.go:155: test remote return error
	gorpc_test.go:158: ok code: 500 type: 2 reason: user defined common error
=== RUN   TestEchoStruct
server call status:  {"Result":{"Call/s":57364,"CallAmount":57366,"Err/s":0,"ErrorAmount":0,"ReadBytes":2898570,"ReadBytes/s":2898369,"WriteBytes":1751086,"WriteBytes/s":1751086},"Errno":0}
client conn status:  {"Result":{"127.0.0.1:6668":{"creating":0,"idle":0,"readAmount":176506,"working":100}},"Errno":0}
client conn Qps:  {"Result":57366,"Errno":0}
server call status:  {"Result":{"Call/s":55936,"CallAmount":299806,"Err/s":0,"ErrorAmount":0,"ReadBytes":15377436,"ReadBytes/s":2967129,"WriteBytes":9312372,"WriteBytes/s":1779245},"Errno":0}
client conn status:  {"Result":{"127.0.0.1:6668":{"creating":0,"idle":0,"readAmount":419383,"working":100}},"Errno":0}
client conn Qps:  {"Result":55756,"Errno":0}
server call status:  {"Result":{"Call/s":51956,"CallAmount":537100,"Err/s":0,"ErrorAmount":0,"ReadBytes":27364968,"ReadBytes/s":2649705,"WriteBytes":16623472,"WriteBytes/s":1610729},"Errno":0}
client conn status:  {"Result":{"127.0.0.1:6668":{"creating":0,"idle":0,"readAmount":643692,"working":100}},"Errno":0}
client conn Qps:  {"Result":53732,"Errno":0}
server call status:  {"Result":{"Call/s":58825,"CallAmount":761670,"Err/s":0,"ErrorAmount":0,"ReadBytes":38818071,"ReadBytes/s":2956011,"WriteBytes":23585327,"WriteBytes/s":1825683},"Errno":0}
client conn status:  {"Result":{"127.0.0.1:6668":{"creating":0,"idle":0,"readAmount":865898,"working":100}},"Errno":0}
client conn Qps:  {"Result":54586,"Errno":0}
server call status:  {"Result":{"Call/s":50816,"CallAmount":981313,"Err/s":0,"ErrorAmount":0,"ReadBytes":50019795,"ReadBytes/s":2591616,"WriteBytes":30394414,"WriteBytes/s":1575327},"Errno":0}
client conn status:  {"Result":{"127.0.0.1:6668":{"creating":0,"idle":100,"readAmount":1000008,"working":0}},"Errno":0}
1000000 1000000
--- FAIL: TestEchoStruct (19.90s)
	gorpc_test.go:206: TestEchoStruct result: hello echo struct ,count: 1000000 
panic: sss [recovered]
	panic: sss

goroutine 15 [running]:
testing.tRunner.func1(0xc8200867e0)
	/usr/local/go/src/testing/testing.go:450 +0x171
github.com/johntech-o/gorpc.(*CallCalculator).Summary(0xc822d6c000)
	/Users/johntech/code/gocode/src/github.com/johntech-o/gorpc/gorpc_test.go:270 +0x1b9
github.com/johntech-o/gorpc.EchoStruct(0xc8200867e0)
	/Users/johntech/code/gocode/src/github.com/johntech-o/gorpc/gorpc_test.go:208 +0x677
github.com/johntech-o/gorpc.TestEchoStruct(0xc8200867e0)
	/Users/johntech/code/gocode/src/github.com/johntech-o/gorpc/gorpc_test.go:166 +0x2a
testing.tRunner(0xc8200867e0, 0x67d710)
	/usr/local/go/src/testing/testing.go:456 +0x98
created by testing.RunTests
	/usr/local/go/src/testing/testing.go:561 +0x86d

goroutine 1 [chan receive]:
testing.RunTests(0x525788, 0x67d6e0, 0x3, 0x3, 0x1)
	/usr/local/go/src/testing/testing.go:562 +0x8ad
testing.(*M).Run(0xc823205f08, 0x2e924)
	/usr/local/go/src/testing/testing.go:494 +0x70
main.main()
	github.com/johntech-o/gorpc/_test/_testmain.go:58 +0x116

goroutine 17 [syscall, locked to thread]:
runtime.goexit()
	/usr/local/go/src/runtime/asm_amd64.s:1696 +0x1

goroutine 10146 [IO wait]:
net.runtime_pollWait(0x7a7f40, 0x72, 0xc820012190)
	/usr/local/go/src/runtime/netpoll.go:157 +0x60
net.(*pollDesc).Wait(0xc822e226f0, 0x72, 0x0, 0x0)
	/usr/local/go/src/net/fd_poll_runtime.go:73 +0x3a
net.(*pollDesc).WaitRead(0xc822e226f0, 0x0, 0x0)
	/usr/local/go/src/net/fd_poll_runtime.go:78 +0x36
net.(*netFD).Read(0xc822e22690, 0xc823346000, 0x1000, 0x1000, 0x0, 0x7a0050, 0xc820012190)
	/usr/local/go/src/net/fd_unix.go:232 +0x23a
net.(*conn).Read(0xc82015c148, 0xc823346000, 0x1000, 0x1000, 0x0, 0x0, 0x0)
	/usr/local/go/src/net/net.go:172 +0xe4
bufio.(*Reader).fill(0xc8231e7140)
	/usr/local/go/src/bufio/bufio.go:97 +0x1e9
bufio.(*Reader).Read(0xc8231e7140, 0xc824a4c040, 0x1, 0x9, 0x525128, 0x0, 0x0)
	/usr/local/go/src/bufio/bufio.go:207 +0x260
io.ReadAtLeast(0x7a5d58, 0xc8231e7140, 0xc824a4c040, 0x1, 0x9, 0x1, 0x0, 0x0, 0x0)
	/usr/local/go/src/io/io.go:298 +0xe6
io.ReadFull(0x7a5d58, 0xc8231e7140, 0xc824a4c040, 0x1, 0x9, 0xc82009ddf0, 0x0, 0x0)
	/usr/local/go/src/io/io.go:316 +0x62
encoding/gob.decodeUintReader(0x7a5d58, 0xc8231e7140, 0xc824a4c040, 0x9, 0x9, 0x0, 0x1, 0x0, 0x0)
	/usr/local/go/src/encoding/gob/decode.go:121 +0x92
encoding/gob.(*Decoder).recvMessage(0xc82009dd80, 0xc822f47c20)
	/usr/local/go/src/encoding/gob/decoder.go:76 +0x5e
encoding/gob.(*Decoder).decodeTypeSequence(0xc82009dd80, 0x525e00, 0xc82009dd80)
	/usr/local/go/src/encoding/gob/decoder.go:140 +0x47
encoding/gob.(*Decoder).DecodeValue(0xc82009dd80, 0x3c4a60, 0xc830be8f40, 0x16, 0x0, 0x0)
	/usr/local/go/src/encoding/gob/decoder.go:208 +0x15d
encoding/gob.(*Decoder).Decode(0xc82009dd80, 0x3c4a60, 0xc830be8f40, 0x0, 0x0)
	/usr/local/go/src/encoding/gob/decoder.go:185 +0x289
github.com/johntech-o/gorpc.(*ConnDriver).ReadResponseHeader(0xc824a6c120, 0xc830be8f40, 0x0, 0x0)
	/Users/johntech/code/gocode/src/github.com/johntech-o/gorpc/driverConn.go:115 +0x51
github.com/johntech-o/gorpc.(*ConnPool).serveRead(0xc82011e0a0, 0xc824a6c120)
	/Users/johntech/code/gocode/src/github.com/johntech-o/gorpc/connPool.go:159 +0x782
created by github.com/johntech-o/gorpc.(*ConnPool).createConn
	/Users/johntech/code/gocode/src/github.com/johntech-o/gorpc/connPool.go:55 +0xc9

goroutine 6 [IO wait]:
net.runtime_pollWait(0x7a5ab0, 0x72, 0xc820012190)
	/usr/local/go/src/runtime/netpoll.go:157 +0x60
net.(*pollDesc).Wait(0xc82005c220, 0x72, 0x0, 0x0)
	/usr/local/go/src/net/fd_poll_runtime.go:73 +0x3a
net.(*pollDesc).WaitRead(0xc82005c220, 0x0, 0x0)
	/usr/local/go/src/net/fd_poll_runtime.go:78 +0x36
net.(*netFD).accept(0xc82005c1c0, 0x0, 0x7a5ba8, 0xc82000b120)
	/usr/local/go/src/net/fd_unix.go:408 +0x27c
net.(*TCPListener).AcceptTCP(0xc820030098, 0xc820041d90, 0x0, 0x0)
	/usr/local/go/src/net/tcpsock_posix.go:254 +0x4d
net/http.tcpKeepAliveListener.Accept(0xc820030098, 0x0, 0x0, 0x0, 0x0)
	/usr/local/go/src/net/http/server.go:2135 +0x41
net/http.(*Server).Serve(0xc82001a240, 0x7a5b70, 0xc820030098, 0x0, 0x0)
	/usr/local/go/src/net/http/server.go:1887 +0xb3
net/http.(*Server).ListenAndServe(0xc82001a240, 0x0, 0x0)
	/usr/local/go/src/net/http/server.go:1877 +0x136
net/http.ListenAndServe(0x466018, 0x5, 0x0, 0x0, 0x0, 0x0)
	/usr/local/go/src/net/http/server.go:1967 +0x8f
github.com/johntech-o/gorpc.init.1.func1()
	/Users/johntech/code/gocode/src/github.com/johntech-o/gorpc/gorpc_test.go:30 +0x3c
created by github.com/johntech-o/gorpc.init.1
	/Users/johntech/code/gocode/src/github.com/johntech-o/gorpc/gorpc_test.go:31 +0x3b

goroutine 9 [IO wait]:
net.runtime_pollWait(0x7a59f0, 0x72, 0xc820012190)
	/usr/local/go/src/runtime/netpoll.go:157 +0x60
net.(*pollDesc).Wait(0xc820112060, 0x72, 0x0, 0x0)
	/usr/local/go/src/net/fd_poll_runtime.go:73 +0x3a
net.(*pollDesc).WaitRead(0xc820112060, 0x0, 0x0)
	/usr/local/go/src/net/fd_poll_runtime.go:78 +0x36
net.(*netFD).accept(0xc820112000, 0x0, 0x7a5ba8, 0xc824bb19a0)
	/usr/local/go/src/net/fd_unix.go:408 +0x27c
net.(*TCPListener).AcceptTCP(0xc820116000, 0xc82003cf18, 0x0, 0x0)
	/usr/local/go/src/net/tcpsock_posix.go:254 +0x4d
net.(*TCPListener).Accept(0xc820116000, 0x0, 0x0, 0x0, 0x0)
	/usr/local/go/src/net/tcpsock_posix.go:264 +0x3d
github.com/johntech-o/gorpc.(*Server).Serve(0xc820114040)
	/Users/johntech/code/gocode/src/github.com/johntech-o/gorpc/server.go:51 +0x29
github.com/johntech-o/gorpc.TestStartServerClient.func1()
	/Users/johntech/code/gocode/src/github.com/johntech-o/gorpc/gorpc_test.go:76 +0x86
created by github.com/johntech-o/gorpc.TestStartServerClient
	/Users/johntech/code/gocode/src/github.com/johntech-o/gorpc/gorpc_test.go:78 +0x37

goroutine 18 [sleep]:
time.Sleep(0x3b9aca00)
	/usr/local/go/src/runtime/time.go:59 +0xf9
github.com/johntech-o/gorpc.(*Client).Qps(0xc82011e000, 0x0, 0x0)
	/Users/johntech/code/gocode/src/github.com/johntech-o/gorpc/client.go:249 +0x21a
github.com/johntech-o/gorpc.TestStartServerClient.func2(0xc82011e050)
	/Users/johntech/code/gocode/src/github.com/johntech-o/gorpc/gorpc_test.go:96 +0x440
created by github.com/johntech-o/gorpc.TestStartServerClient
	/Users/johntech/code/gocode/src/github.com/johntech-o/gorpc/gorpc_test.go:98 +0x31d

goroutine 10 [sleep]:
time.Sleep(0xba43b7400)
	/usr/local/go/src/runtime/time.go:59 +0xf9
github.com/johntech-o/gorpc.(*ConnPool).ServeIdlePing(0xc820014be0)
	/Users/johntech/code/gocode/src/github.com/johntech-o/gorpc/connPool.go:301 +0x589
created by github.com/johntech-o/gorpc.NewConnPool
	/Users/johntech/code/gocode/src/github.com/johntech-o/gorpc/connPool.go:29 +0x20a

goroutine 20 [sleep]:
time.Sleep(0xba43b7400)
	/usr/local/go/src/runtime/time.go:59 +0xf9
github.com/johntech-o/gorpc.(*ConnPool).ServeIdlePing(0xc82011e0a0)
	/Users/johntech/code/gocode/src/github.com/johntech-o/gorpc/connPool.go:301 +0x589
created by github.com/johntech-o/gorpc.NewConnPool
	/Users/johntech/code/gocode/src/github.com/johntech-o/gorpc/connPool.go:29 +0x20a

goroutine 22 [IO wait]:
net.runtime_pollWait(0x7a5870, 0x72, 0xc820012190)
	/usr/local/go/src/runtime/netpoll.go:157 +0x60
net.(*pollDesc).Wait(0xc820112140, 0x72, 0x0, 0x0)
	/usr/local/go/src/net/fd_poll_runtime.go:73 +0x3a
net.(*pollDesc).WaitRead(0xc820112140, 0x0, 0x0)
	/usr/local/go/src/net/fd_poll_runtime.go:78 +0x36
net.(*netFD).Read(0xc8201120e0, 0xc820143000, 0x1000, 0x1000, 0x0, 0x7a0050, 0xc820012190)
	/usr/local/go/src/net/fd_unix.go:232 +0x23a
net.(*conn).Read(0xc820116010, 0xc820143000, 0x1000, 0x1000, 0x0, 0x0, 0x0)
	/usr/local/go/src/net/net.go:172 +0xe4
bufio.(*Reader).fill(0xc820122060)
	/usr/local/go/src/bufio/bufio.go:97 +0x1e9
bufio.(*Reader).Read(0xc820122060, 0xc82010e140, 0x1, 0x9, 0x525128, 0x0, 0x0)
	/usr/local/go/src/bufio/bufio.go:207 +0x260
io.ReadAtLeast(0x7a5d58, 0xc820122060, 0xc82010e140, 0x1, 0x9, 0x1, 0x0, 0x0, 0x0)
	/usr/local/go/src/io/io.go:298 +0xe6
io.ReadFull(0x7a5d58, 0xc820122060, 0xc82010e140, 0x1, 0x9, 0xc82011a2f0, 0x0, 0x0)
	/usr/local/go/src/io/io.go:316 +0x62
encoding/gob.decodeUintReader(0x7a5d58, 0xc820122060, 0xc82010e140, 0x9, 0x9, 0x0, 0x1, 0x0, 0x0)
	/usr/local/go/src/encoding/gob/decode.go:121 +0x92
encoding/gob.(*Decoder).recvMessage(0xc82011a280, 0xc824dc2c30)
	/usr/local/go/src/encoding/gob/decoder.go:76 +0x5e
encoding/gob.(*Decoder).decodeTypeSequence(0xc82011a280, 0x525e00, 0xc82011a280)
	/usr/local/go/src/encoding/gob/decoder.go:140 +0x47
encoding/gob.(*Decoder).DecodeValue(0xc82011a280, 0x3c4a60, 0xc8236126c0, 0x16, 0x0, 0x0)
	/usr/local/go/src/encoding/gob/decoder.go:208 +0x15d
encoding/gob.(*Decoder).Decode(0xc82011a280, 0x3c4a60, 0xc8236126c0, 0x0, 0x0)
	/usr/local/go/src/encoding/gob/decoder.go:185 +0x289
github.com/johntech-o/gorpc.(*ConnDriver).ReadResponseHeader(0xc820124090, 0xc8236126c0, 0x0, 0x0)
	/Users/johntech/code/gocode/src/github.com/johntech-o/gorpc/driverConn.go:115 +0x51
github.com/johntech-o/gorpc.(*ConnPool).serveRead(0xc82011e0a0, 0xc820124090)
	/Users/johntech/code/gocode/src/github.com/johntech-o/gorpc/connPool.go:159 +0x782
created by github.com/johntech-o/gorpc.(*ConnPool).createConn
	/Users/johntech/code/gocode/src/github.com/johntech-o/gorpc/connPool.go:55 +0xc9

goroutine 11 [IO wait]:
net.runtime_pollWait(0x7a5930, 0x72, 0xc820012190)
	/usr/local/go/src/runtime/netpoll.go:157 +0x60
net.(*pollDesc).Wait(0xc82005c370, 0x72, 0x0, 0x0)
	/usr/local/go/src/net/fd_poll_runtime.go:73 +0x3a
net.(*pollDesc).WaitRead(0xc82005c370, 0x0, 0x0)
	/usr/local/go/src/net/fd_poll_runtime.go:78 +0x36
net.(*netFD).Read(0xc82005c310, 0xc820144000, 0x1000, 0x1000, 0x0, 0x7a0050, 0xc820012190)
	/usr/local/go/src/net/fd_unix.go:232 +0x23a
net.(*conn).Read(0xc8200300b0, 0xc820144000, 0x1000, 0x1000, 0x0, 0x0, 0x0)
	/usr/local/go/src/net/net.go:172 +0xe4
bufio.(*Reader).fill(0xc82001a480)
	/usr/local/go/src/bufio/bufio.go:97 +0x1e9
bufio.(*Reader).Read(0xc82001a480, 0xc820013760, 0x1, 0x9, 0x525128, 0x0, 0x0)
	/usr/local/go/src/bufio/bufio.go:207 +0x260
io.ReadAtLeast(0x7a5d58, 0xc82001a480, 0xc820013760, 0x1, 0x9, 0x1, 0x0, 0x0, 0x0)
	/usr/local/go/src/io/io.go:298 +0xe6
io.ReadFull(0x7a5d58, 0xc82001a480, 0xc820013760, 0x1, 0x9, 0xc82009c2f0, 0x0, 0x0)
	/usr/local/go/src/io/io.go:316 +0x62
encoding/gob.decodeUintReader(0x7a5d58, 0xc82001a480, 0xc820013760, 0x9, 0x9, 0x0, 0x1, 0x0, 0x0)
	/usr/local/go/src/encoding/gob/decode.go:121 +0x92
encoding/gob.(*Decoder).recvMessage(0xc82009c280, 0xc822dc9c20)
	/usr/local/go/src/encoding/gob/decoder.go:76 +0x5e
encoding/gob.(*Decoder).decodeTypeSequence(0xc82009c280, 0x525e00, 0xc82009c280)
	/usr/local/go/src/encoding/gob/decoder.go:140 +0x47
encoding/gob.(*Decoder).DecodeValue(0xc82009c280, 0x3c4a60, 0xc82b7f1140, 0x16, 0x0, 0x0)
	/usr/local/go/src/encoding/gob/decoder.go:208 +0x15d
encoding/gob.(*Decoder).Decode(0xc82009c280, 0x3c4a60, 0xc82b7f1140, 0x0, 0x0)
	/usr/local/go/src/encoding/gob/decoder.go:185 +0x289
github.com/johntech-o/gorpc.(*ConnDriver).ReadResponseHeader(0xc820086630, 0xc82b7f1140, 0x0, 0x0)
	/Users/johntech/code/gocode/src/github.com/johntech-o/gorpc/driverConn.go:115 +0x51
github.com/johntech-o/gorpc.(*ConnPool).serveRead(0xc820014be0, 0xc820086630)
	/Users/johntech/code/gocode/src/github.com/johntech-o/gorpc/connPool.go:159 +0x782
created by github.com/johntech-o/gorpc.(*ConnPool).createConn
	/Users/johntech/code/gocode/src/github.com/johntech-o/gorpc/connPool.go:55 +0xc9

goroutine 23 [select]:
github.com/johntech-o/gorpc.(*ConnPool).serveWrite(0xc82011e0a0, 0xc820124090)
	/Users/johntech/code/gocode/src/github.com/johntech-o/gorpc/connPool.go:215 +0x6b6
created by github.com/johntech-o/gorpc.(*ConnPool).createConn
	/Users/johntech/code/gocode/src/github.com/johntech-o/gorpc/connPool.go:56 +0xf5

goroutine 12 [select]:
github.com/johntech-o/gorpc.(*ConnPool).serveWrite(0xc820014be0, 0xc820086630)
	/Users/johntech/code/gocode/src/github.com/johntech-o/gorpc/connPool.go:215 +0x6b6
created by github.com/johntech-o/gorpc.(*ConnPool).createConn
	/Users/johntech/code/gocode/src/github.com/johntech-o/gorpc/connPool.go:56 +0xf5

goroutine 35 [IO wait]:
net.runtime_pollWait(0x7a57b0, 0x72, 0xc820012190)
	/usr/local/go/src/runtime/netpoll.go:157 +0x60
net.(*pollDesc).Wait(0xc82014e060, 0x72, 0x0, 0x0)
	/usr/local/go/src/net/fd_poll_runtime.go:73 +0x3a
net.(*pollDesc).WaitRead(0xc82014e060, 0x0, 0x0)
	/usr/local/go/src/net/fd_poll_runtime.go:78 +0x36
net.(*netFD).Read(0xc82014e000, 0xc820172000, 0x1000, 0x1000, 0x0, 0x7a0050, 0xc820012190)
	/usr/local/go/src/net/fd_unix.go:232 +0x23a
net.(*conn).Read(0xc82015c000, 0xc820172000, 0x1000, 0x1000, 0x33cb40, 0x0, 0x0)
	/usr/local/go/src/net/net.go:172 +0xe4
github.com/johntech-o/gorpc.(*Connection).Read(0xc820013780, 0xc820172000, 0x1000, 0x1000, 0x21, 0x0, 0x0)
	/Users/johntech/code/gocode/src/github.com/johntech-o/gorpc/driverConn.go:57 +0x5b
bufio.(*Reader).fill(0xc82001a600)
	/usr/local/go/src/bufio/bufio.go:97 +0x1e9
bufio.(*Reader).Read(0xc82001a600, 0xc820013790, 0x1, 0x9, 0x525128, 0x0, 0x0)
	/usr/local/go/src/bufio/bufio.go:207 +0x260
io.ReadAtLeast(0x7a5d58, 0xc82001a600, 0xc820013790, 0x1, 0x9, 0x1, 0x0, 0x0, 0x0)
	/usr/local/go/src/io/io.go:298 +0xe6
io.ReadFull(0x7a5d58, 0xc82001a600, 0xc820013790, 0x1, 0x9, 0xc82009c370, 0x0, 0x0)
	/usr/local/go/src/io/io.go:316 +0x62
encoding/gob.decodeUintReader(0x7a5d58, 0xc82001a600, 0xc820013790, 0x9, 0x9, 0x0, 0x1, 0x0, 0x0)
	/usr/local/go/src/encoding/gob/decode.go:121 +0x92
encoding/gob.(*Decoder).recvMessage(0xc82009c300, 0xc82004fbe0)
	/usr/local/go/src/encoding/gob/decoder.go:76 +0x5e
encoding/gob.(*Decoder).decodeTypeSequence(0xc82009c300, 0x525e00, 0xc82009c300)
	/usr/local/go/src/encoding/gob/decoder.go:140 +0x47
encoding/gob.(*Decoder).DecodeValue(0xc82009c300, 0x3c49a0, 0xc82b7820c0, 0x16, 0x0, 0x0)
	/usr/local/go/src/encoding/gob/decoder.go:208 +0x15d
encoding/gob.(*Decoder).Decode(0xc82009c300, 0x3c49a0, 0xc82b7820c0, 0x0, 0x0)
	/usr/local/go/src/encoding/gob/decoder.go:185 +0x289
github.com/johntech-o/gorpc.(*ConnDriver).ReadRequestHeader(0xc820086750, 0xc82b7820c0, 0x0, 0x0)
	/Users/johntech/code/gocode/src/github.com/johntech-o/gorpc/driverConn.go:87 +0x51
github.com/johntech-o/gorpc.(*Server).ServeLoop(0xc820114040, 0xc820086750)
	/Users/johntech/code/gocode/src/github.com/johntech-o/gorpc/server.go:76 +0x289
github.com/johntech-o/gorpc.(*Server).serveConn(0xc820114040, 0xc82015c000)
	/Users/johntech/code/gocode/src/github.com/johntech-o/gorpc/server.go:63 +0x43
created by github.com/johntech-o/gorpc.(*Server).Serve
	/Users/johntech/code/gocode/src/github.com/johntech-o/gorpc/server.go:57 +0x98

goroutine 36 [IO wait]:
net.runtime_pollWait(0x7a56f0, 0x72, 0xc820012190)
	/usr/local/go/src/runtime/netpoll.go:157 +0x60
net.(*pollDesc).Wait(0xc82014e0d0, 0x72, 0x0, 0x0)
	/usr/local/go/src/net/fd_poll_runtime.go:73 +0x3a
net.(*pollDesc).WaitRead(0xc82014e0d0, 0x0, 0x0)
	/usr/local/go/src/net/fd_poll_runtime.go:78 +0x36
net.(*netFD).Read(0xc82014e070, 0xc82016b000, 0x1000, 0x1000, 0x0, 0x7a0050, 0xc820012190)
	/usr/local/go/src/net/fd_unix.go:232 +0x23a
net.(*conn).Read(0xc82015c008, 0xc82016b000, 0x1000, 0x1000, 0x18, 0x0, 0x0)
	/usr/local/go/src/net/net.go:172 +0xe4
github.com/johntech-o/gorpc.(*Connection).Read(0xc820134010, 0xc82016b000, 0x1000, 0x1000, 0x3, 0x0, 0x0)
	/Users/johntech/code/gocode/src/github.com/johntech-o/gorpc/driverConn.go:57 +0x5b
bufio.(*Reader).fill(0xc820140060)
	/usr/local/go/src/bufio/bufio.go:97 +0x1e9
bufio.(*Reader).Read(0xc820140060, 0xc820134020, 0x1, 0x9, 0xc823198230, 0x0, 0x0)
	/usr/local/go/src/bufio/bufio.go:207 +0x260
io.ReadAtLeast(0x7a5d58, 0xc820140060, 0xc820134020, 0x1, 0x9, 0x1, 0x0, 0x0, 0x0)
	/usr/local/go/src/io/io.go:298 +0xe6
io.ReadFull(0x7a5d58, 0xc820140060, 0xc820134020, 0x1, 0x9, 0xc820170070, 0x0, 0x0)
	/usr/local/go/src/io/io.go:316 +0x62
encoding/gob.decodeUintReader(0x7a5d58, 0xc820140060, 0xc820134020, 0x9, 0x9, 0x0, 0x1, 0x0, 0x0)
	/usr/local/go/src/encoding/gob/decode.go:121 +0x92
encoding/gob.(*Decoder).recvMessage(0xc820170000, 0xc829125bf0)
	/usr/local/go/src/encoding/gob/decoder.go:76 +0x5e
encoding/gob.(*Decoder).decodeTypeSequence(0xc820170000, 0x525e00, 0xc820170000)
	/usr/local/go/src/encoding/gob/decoder.go:140 +0x47
encoding/gob.(*Decoder).DecodeValue(0xc820170000, 0x3c49a0, 0xc823198240, 0x16, 0x0, 0x0)
	/usr/local/go/src/encoding/gob/decoder.go:208 +0x15d
encoding/gob.(*Decoder).Decode(0xc820170000, 0x3c49a0, 0xc823198240, 0x0, 0x0)
	/usr/local/go/src/encoding/gob/decoder.go:185 +0x289
github.com/johntech-o/gorpc.(*ConnDriver).ReadRequestHeader(0xc820180000, 0xc823198240, 0x0, 0x0)
	/Users/johntech/code/gocode/src/github.com/johntech-o/gorpc/driverConn.go:87 +0x51
github.com/johntech-o/gorpc.(*Server).ServeLoop(0xc820114040, 0xc820180000)
	/Users/johntech/code/gocode/src/github.com/johntech-o/gorpc/server.go:76 +0x289
github.com/johntech-o/gorpc.(*Server).serveConn(0xc820114040, 0xc82015c008)
	/Users/johntech/code/gocode/src/github.com/johntech-o/gorpc/server.go:63 +0x43
created by github.com/johntech-o/gorpc.(*Server).Serve
	/Users/johntech/code/gocode/src/github.com/johntech-o/gorpc/server.go:57 +0x98

goroutine 259 [IO wait]:
net.runtime_pollWait(0x7a5630, 0x72, 0xc820012190)
	/usr/local/go/src/runtime/netpoll.go:157 +0x60
net.(*pollDesc).Wait(0xc82014e1b0, 0x72, 0x0, 0x0)
	/usr/local/go/src/net/fd_poll_runtime.go:73 +0x3a
net.(*pollDesc).WaitRead(0xc82014e1b0, 0x0, 0x0)
	/usr/local/go/src/net/fd_poll_runtime.go:78 +0x36
net.(*netFD).Read(0xc82014e150, 0xc822e24000, 0x1000, 0x1000, 0x0, 0x7a0050, 0xc820012190)
	/usr/local/go/src/net/fd_unix.go:232 +0x23a
net.(*conn).Read(0xc82015c030, 0xc822e24000, 0x1000, 0x1000, 0x0, 0x0, 0x0)
	/usr/local/go/src/net/net.go:172 +0xe4
bufio.(*Reader).fill(0xc822dfa060)
	/usr/local/go/src/bufio/bufio.go:97 +0x1e9
bufio.(*Reader).Read(0xc822dfa060, 0xc822db2230, 0x1, 0x9, 0x525128, 0x0, 0x0)
	/usr/local/go/src/bufio/bufio.go:207 +0x260
io.ReadAtLeast(0x7a5d58, 0xc822dfa060, 0xc822db2230, 0x1, 0x9, 0x1, 0x0, 0x0, 0x0)
	/usr/local/go/src/io/io.go:298 +0xe6
io.ReadFull(0x7a5d58, 0xc822dfa060, 0xc822db2230, 0x1, 0x9, 0xc82009c470, 0x0, 0x0)
	/usr/local/go/src/io/io.go:316 +0x62
encoding/gob.decodeUintReader(0x7a5d58, 0xc822dfa060, 0xc822db2230, 0x9, 0x9, 0x0, 0x1, 0x0, 0x0)
	/usr/local/go/src/encoding/gob/decode.go:121 +0x92
encoding/gob.(*Decoder).recvMessage(0xc82009c400, 0xc824aa5c20)
	/usr/local/go/src/encoding/gob/decoder.go:76 +0x5e
encoding/gob.(*Decoder).decodeTypeSequence(0xc82009c400, 0x525e00, 0xc82009c400)
	/usr/local/go/src/encoding/gob/decoder.go:140 +0x47
encoding/gob.(*Decoder).DecodeValue(0xc82009c400, 0x3c4a60, 0xc824ad0a00, 0x16, 0x0, 0x0)
	/usr/local/go/src/encoding/gob/decoder.go:208 +0x15d
encoding/gob.(*Decoder).Decode(0xc82009c400, 0x3c4a60, 0xc824ad0a00, 0x0, 0x0)
	/usr/local/go/src/encoding/gob/decoder.go:185 +0x289
github.com/johntech-o/gorpc.(*ConnDriver).ReadResponseHeader(0xc820086870, 0xc824ad0a00, 0x0, 0x0)
	/Users/johntech/code/gocode/src/github.com/johntech-o/gorpc/driverConn.go:115 +0x51
github.com/johntech-o/gorpc.(*ConnPool).serveRead(0xc82011e0a0, 0xc820086870)
	/Users/johntech/code/gocode/src/github.com/johntech-o/gorpc/connPool.go:159 +0x782
created by github.com/johntech-o/gorpc.(*ConnPool).createConn
	/Users/johntech/code/gocode/src/github.com/johntech-o/gorpc/connPool.go:55 +0xc9

goroutine 260 [select]:
github.com/johntech-o/gorpc.(*ConnPool).serveWrite(0xc82011e0a0, 0xc820086870)
	/Users/johntech/code/gocode/src/github.com/johntech-o/gorpc/connPool.go:215 +0x6b6
created by github.com/johntech-o/gorpc.(*ConnPool).createConn
	/Users/johntech/code/gocode/src/github.com/johntech-o/gorpc/connPool.go:56 +0xf5

goroutine 261 [IO wait]:
net.runtime_pollWait(0x7a5330, 0x72, 0xc820012190)
	/usr/local/go/src/runtime/netpoll.go:157 +0x60
net.(*pollDesc).Wait(0xc820113870, 0x72, 0x0, 0x0)
	/usr/local/go/src/net/fd_poll_runtime.go:73 +0x3a
net.(*pollDesc).WaitRead(0xc820113870, 0x0, 0x0)
	/usr/local/go/src/net/fd_poll_runtime.go:78 +0x36
net.(*netFD).Read(0xc820113810, 0xc822e3c000, 0x1000, 0x1000, 0x0, 0x7a0050, 0xc820012190)
	/usr/local/go/src/net/fd_unix.go:232 +0x23a
net.(*conn).Read(0xc82015c038, 0xc822e3c000, 0x1000, 0x1000, 0x0, 0x0, 0x0)
	/usr/local/go/src/net/net.go:172 +0xe4
bufio.(*Reader).fill(0xc822dfa1e0)
	/usr/local/go/src/bufio/bufio.go:97 +0x1e9
bufio.(*Reader).Read(0xc822dfa1e0, 0xc822db2340, 0x1, 0x9, 0x525128, 0x0, 0x0)
	/usr/local/go/src/bufio/bufio.go:207 +0x260
io.ReadAtLeast(0x7a5d58, 0xc822dfa1e0, 0xc822db2340, 0x1, 0x9, 0x1, 0x0, 0x0, 0x0)
	/usr/local/go/src/io/io.go:298 +0xe6
io.ReadFull(0x7a5d58, 0xc822dfa1e0, 0xc822db2340, 0x1, 0x9, 0xc82009c570, 0x0, 0x0)
	/usr/local/go/src/io/io.go:316 +0x62
encoding/gob.decodeUintReader(0x7a5d58, 0xc822dfa1e0, 0xc822db2340, 0x9, 0x9, 0x0, 0x1, 0x0, 0x0)
	/usr/local/go/src/encoding/gob/decode.go:121 +0x92
encoding/gob.(*Decoder).recvMessage(0xc82009c500, 0xc82b33cc30)
	/usr/local/go/src/encoding/gob/decoder.go:76 +0x5e
encoding/gob.(*Decoder).decodeTypeSequence(0xc82009c500, 0x525e00, 0xc82009c500)
	/usr/local/go/src/encoding/gob/decoder.go:140 +0x47
encoding/gob.(*Decoder).DecodeValue(0xc82009c500, 0x3c4a60, 0xc82cac19c0, 0x16, 0x0, 0x0)
	/usr/local/go/src/encoding/gob/decoder.go:208 +0x15d
encoding/gob.(*Decoder).Decode(0xc82009c500, 0x3c4a60, 0xc82cac19c0, 0x0, 0x0)
	/usr/local/go/src/encoding/gob/decoder.go:185 +0x289
github.com/johntech-o/gorpc.(*ConnDriver).ReadResponseHeader(0xc820086990, 0xc82cac19c0, 0x0, 0x0)
	/Users/johntech/code/gocode/src/github.com/johntech-o/gorpc/driverConn.go:115 +0x51
github.com/johntech-o/gorpc.(*ConnPool).serveRead(0xc82011e0a0, 0xc820086990)
	/Users/johntech/code/gocode/src/github.com/johntech-o/gorpc/connPool.go:159 +0x782
created by github.com/johntech-o/gorpc.(*ConnPool).createConn
	/Users/johntech/code/gocode/src/github.com/johntech-o/gorpc/connPool.go:55 +0xc9

goroutine 262 [select]:
github.com/johntech-o/gorpc.(*ConnPool).serveWrite(0xc82011e0a0, 0xc820086990)
	/Users/johntech/code/gocode/src/github.com/johntech-o/gorpc/connPool.go:215 +0x6b6
created by github.com/johntech-o/gorpc.(*ConnPool).createConn
	/Users/johntech/code/gocode/src/github.com/johntech-o/gorpc/connPool.go:56 +0xf5

goroutine 37 [IO wait]:
net.runtime_pollWait(0x7a6a00, 0x72, 0xc820012190)
	/usr/local/go/src/runtime/netpoll.go:157 +0x60
net.(*pollDesc).Wait(0xc822e22220, 0x72, 0x0, 0x0)
	/usr/local/go/src/net/fd_poll_runtime.go:73 +0x3a
net.(*pollDesc).WaitRead(0xc822e22220, 0x0, 0x0)
	/usr/local/go/src/net/fd_poll_runtime.go:78 +0x36
net.(*netFD).Read(0xc822e221c0, 0xc82341b000, 0x1000, 0x1000, 0x0, 0x7a0050, 0xc820012190)
	/usr/local/go/src/net/fd_unix.go:232 +0x23a
net.(*conn).Read(0xc8200301d8, 0xc82341b000, 0x1000, 0x1000, 0x18, 0x0, 0x0)
	/usr/local/go/src/net/net.go:172 +0xe4
github.com/johntech-o/gorpc.(*Connection).Read(0xc822daa130, 0xc82341b000, 0x1000, 0x1000, 0x3, 0x0, 0x0)
	/Users/johntech/code/gocode/src/github.com/johntech-o/gorpc/driverConn.go:57 +0x5b
bufio.(*Reader).fill(0xc8232f33e0)
	/usr/local/go/src/bufio/bufio.go:97 +0x1e9
bufio.(*Reader).Read(0xc8232f33e0, 0xc8244e9a50, 0x1, 0x9, 0xc822de2860, 0x0, 0x0)
	/usr/local/go/src/bufio/bufio.go:207 +0x260
io.ReadAtLeast(0x7a5d58, 0xc8232f33e0, 0xc8244e9a50, 0x1, 0x9, 0x1, 0x0, 0x0, 0x0)
	/usr/local/go/src/io/io.go:298 +0xe6
io.ReadFull(0x7a5d58, 0xc8232f33e0, 0xc8244e9a50, 0x1, 0x9, 0xc82011a670, 0x0, 0x0)
	/usr/local/go/src/io/io.go:316 +0x62
encoding/gob.decodeUintReader(0x7a5d58, 0xc8232f33e0, 0xc8244e9a50, 0x9, 0x9, 0x0, 0x1, 0x0, 0x0)
	/usr/local/go/src/encoding/gob/decode.go:121 +0x92
encoding/gob.(*Decoder).recvMessage(0xc82011a600, 0xc825f42bf0)
	/usr/local/go/src/encoding/gob/decoder.go:76 +0x5e
encoding/gob.(*Decoder).decodeTypeSequence(0xc82011a600, 0x525e00, 0xc82011a600)
	/usr/local/go/src/encoding/gob/decoder.go:140 +0x47
encoding/gob.(*Decoder).DecodeValue(0xc82011a600, 0x3c49a0, 0xc822de28a0, 0x16, 0x0, 0x0)
	/usr/local/go/src/encoding/gob/decoder.go:208 +0x15d
encoding/gob.(*Decoder).Decode(0xc82011a600, 0x3c49a0, 0xc822de28a0, 0x0, 0x0)
	/usr/local/go/src/encoding/gob/decoder.go:185 +0x289
github.com/johntech-o/gorpc.(*ConnDriver).ReadRequestHeader(0xc824a6c7e0, 0xc822de28a0, 0x0, 0x0)
	/Users/johntech/code/gocode/src/github.com/johntech-o/gorpc/driverConn.go:87 +0x51
github.com/johntech-o/gorpc.(*Server).ServeLoop(0xc820114040, 0xc824a6c7e0)
	/Users/johntech/code/gocode/src/github.com/johntech-o/gorpc/server.go:76 +0x289
github.com/johntech-o/gorpc.(*Server).serveConn(0xc820114040, 0xc8200301d8)
	/Users/johntech/code/gocode/src/github.com/johntech-o/gorpc/server.go:63 +0x43
created by github.com/johntech-o/gorpc.(*Server).Serve
	/Users/johntech/code/gocode/src/github.com/johntech-o/gorpc/server.go:57 +0x98

goroutine 263 [IO wait]:
net.runtime_pollWait(0x7a53f0, 0x72, 0xc820012190)
	/usr/local/go/src/runtime/netpoll.go:157 +0x60
net.(*pollDesc).Wait(0xc820113800, 0x72, 0x0, 0x0)
	/usr/local/go/src/net/fd_poll_runtime.go:73 +0x3a
net.(*pollDesc).WaitRead(0xc820113800, 0x0, 0x0)
	/usr/local/go/src/net/fd_poll_runtime.go:78 +0x36
net.(*netFD).Read(0xc8201137a0, 0xc822e78000, 0x1000, 0x1000, 0x0, 0x7a0050, 0xc820012190)
	/usr/local/go/src/net/fd_unix.go:232 +0x23a
net.(*conn).Read(0xc82015c040, 0xc822e78000, 0x1000, 0x1000, 0x0, 0x0, 0x0)
	/usr/local/go/src/net/net.go:172 +0xe4
bufio.(*Reader).fill(0xc822dfa360)
	/usr/local/go/src/bufio/bufio.go:97 +0x1e9
bufio.(*Reader).Read(0xc822dfa360, 0xc822db2450, 0x1, 0x9, 0x525128, 0x0, 0x0)
	/usr/local/go/src/bufio/bufio.go:207 +0x260
io.ReadAtLeast(0x7a5d58, 0xc822dfa360, 0xc822db2450, 0x1, 0x9, 0x1, 0x0, 0x0, 0x0)
	/usr/local/go/src/io/io.go:298 +0xe6
io.ReadFull(0x7a5d58, 0xc822dfa360, 0xc822db2450, 0x1, 0x9, 0xc82009c670, 0x0, 0x0)
	/usr/local/go/src/io/io.go:316 +0x62
encoding/gob.decodeUintReader(0x7a5d58, 0xc822dfa360, 0xc822db2450, 0x9, 0x9, 0x0, 0x1, 0x0, 0x0)
	/usr/local/go/src/encoding/gob/decode.go:121 +0x92
encoding/gob.(*Decoder).recvMessage(0xc82009c600, 0xc829126c30)
	/usr/local/go/src/encoding/gob/decoder.go:76 +0x5e
encoding/gob.(*Decoder).decodeTypeSequence(0xc82009c600, 0x525e00, 0xc82009c600)
	/usr/local/go/src/encoding/gob/decoder.go:140 +0x47
encoding/gob.(*Decoder).DecodeValue(0xc82009c600, 0x3c4a60, 0xc823650f60, 0x16, 0x0, 0x0)
	/usr/local/go/src/encoding/gob/decoder.go:208 +0x15d
encoding/gob.(*Decoder).Decode(0xc82009c600, 0x3c4a60, 0xc823650f60, 0x0, 0x0)
	/usr/local/go/src/encoding/gob/decoder.go:185 +0x289
github.com/johntech-o/gorpc.(*ConnDriver).ReadResponseHeader(0xc820086ab0, 0xc823650f60, 0x0, 0x0)
	/Users/johntech/code/gocode/src/github.com/johntech-o/gorpc/driverConn.go:115 +0x51
github.com/johntech-o/gorpc.(*ConnPool).serveRead(0xc82011e0a0, 0xc820086ab0)
	/Users/johntech/code/gocode/src/github.com/johntech-o/gorpc/connPool.go:159 +0x782
created by github.com/johntech-o/gorpc.(*ConnPool).createConn
	/Users/johntech/code/gocode/src/github.com/johntech-o/gorpc/connPool.go:55 +0xc9

goroutine 264 [select]:
github.com/johntech-o/gorpc.(*ConnPool).serveWrite(0xc82011e0a0, 0xc820086ab0)
	/Users/johntech/code/gocode/src/github.com/johntech-o/gorpc/connPool.go:215 +0x6b6
created by github.com/johntech-o/gorpc.(*ConnPool).createConn
	/Users/johntech/code/gocode/src/github.com/johntech-o/gorpc/connPool.go:56 +0xf5

goroutine 38 [IO wait]:
net.runtime_pollWait(0x7a6940, 0x72, 0xc820012190)
	/usr/local/go/src/runtime/netpoll.go:157 +0x60
net.(*pollDesc).Wait(0xc822e22290, 0x72, 0x0, 0x0)
	/usr/local/go/src/net/fd_poll_runtime.go:73 +0x3a
net.(*pollDesc).WaitRead(0xc822e22290, 0x0, 0x0)
	/usr/local/go/src/net/fd_poll_runtime.go:78 +0x36
net.(*netFD).Read(0xc822e22230, 0xc822ede000, 0x1000, 0x1000, 0x0, 0x7a0050, 0xc820012190)
	/usr/local/go/src/net/fd_unix.go:232 +0x23a
net.(*conn).Read(0xc8200301e0, 0xc822ede000, 0x1000, 0x1000, 0x18, 0x0, 0x0)
	/usr/local/go/src/net/net.go:172 +0xe4
github.com/johntech-o/gorpc.(*Connection).Read(0xc822daa140, 0xc822ede000, 0x1000, 0x1000, 0x3, 0x0, 0x0)
	/Users/johntech/code/gocode/src/github.com/johntech-o/gorpc/driverConn.go:57 +0x5b
bufio.(*Reader).fill(0xc822e282a0)
	/usr/local/go/src/bufio/bufio.go:97 +0x1e9
bufio.(*Reader).Read(0xc822e282a0, 0xc82512d420, 0x1, 0x9, 0xc82317c2c0, 0x0, 0x0)
	/usr/local/go/src/bufio/bufio.go:207 +0x260
io.ReadAtLeast(0x7a5d58, 0xc822e282a0, 0xc82512d420, 0x1, 0x9, 0x1, 0x0, 0x0, 0x0)
	/usr/local/go/src/io/io.go:298 +0xe6
io.ReadFull(0x7a5d58, 0xc822e282a0, 0xc82512d420, 0x1, 0x9, 0xc822df62f0, 0x0, 0x0)
	/usr/local/go/src/io/io.go:316 +0x62
encoding/gob.decodeUintReader(0x7a5d58, 0xc822e282a0, 0xc82512d420, 0x9, 0x9, 0x0, 0x1, 0x0, 0x0)
	/usr/local/go/src/encoding/gob/decode.go:121 +0x92
encoding/gob.(*Decoder).recvMessage(0xc822df6280, 0xc82c181bf0)
	/usr/local/go/src/encoding/gob/decoder.go:76 +0x5e
encoding/gob.(*Decoder).decodeTypeSequence(0xc822df6280, 0x525e00, 0xc822df6280)
	/usr/local/go/src/encoding/gob/decoder.go:140 +0x47
encoding/gob.(*Decoder).DecodeValue(0xc822df6280, 0x3c49a0, 0xc82317c2d0, 0x16, 0x0, 0x0)
	/usr/local/go/src/encoding/gob/decoder.go:208 +0x15d
encoding/gob.(*Decoder).Decode(0xc822df6280, 0x3c49a0, 0xc82317c2d0, 0x0, 0x0)
	/usr/local/go/src/encoding/gob/decoder.go:185 +0x289
github.com/johntech-o/gorpc.(*ConnDriver).ReadRequestHeader(0xc820125830, 0xc82317c2d0, 0x0, 0x0)
	/Users/johntech/code/gocode/src/github.com/johntech-o/gorpc/driverConn.go:87 +0x51
github.com/johntech-o/gorpc.(*Server).ServeLoop(0xc820114040, 0xc820125830)
	/Users/johntech/code/gocode/src/github.com/johntech-o/gorpc/server.go:76 +0x289
github.com/johntech-o/gorpc.(*Server).serveConn(0xc820114040, 0xc8200301e0)
	/Users/johntech/code/gocode/src/github.com/johntech-o/gorpc/server.go:63 +0x43
created by github.com/johntech-o/gorpc.(*Server).Serve
	/Users/johntech/code/gocode/src/github.com/johntech-o/gorpc/server.go:57 +0x98

goroutine 39 [IO wait]:
net.runtime_pollWait(0x7a6640, 0x72, 0xc820012190)
	/usr/local/go/src/runtime/netpoll.go:157 +0x60
net.(*pollDesc).Wait(0xc822e22300, 0x72, 0x0, 0x0)
	/usr/local/go/src/net/fd_poll_runtime.go:73 +0x3a
net.(*pollDesc).WaitRead(0xc822e22300, 0x0, 0x0)
	/usr/local/go/src/net/fd_poll_runtime.go:78 +0x36
net.(*netFD).Read(0xc822e222a0, 0xc822ee2000, 0x1000, 0x1000, 0x0, 0x7a0050, 0xc820012190)
	/usr/local/go/src/net/fd_unix.go:232 +0x23a
net.(*conn).Read(0xc8200301e8, 0xc822ee2000, 0x1000, 0x1000, 0x18, 0x0, 0x0)
	/usr/local/go/src/net/net.go:172 +0xe4
github.com/johntech-o/gorpc.(*Connection).Read(0xc822daa150, 0xc822ee2000, 0x1000, 0x1000, 0x3, 0x0, 0x0)
	/Users/johntech/code/gocode/src/github.com/johntech-o/gorpc/driverConn.go:57 +0x5b
bufio.(*Reader).fill(0xc822e28300)
	/usr/local/go/src/bufio/bufio.go:97 +0x1e9
bufio.(*Reader).Read(0xc822e28300, 0xc825372d00, 0x1, 0x9, 0xc822ec2050, 0x0, 0x0)
	/usr/local/go/src/bufio/bufio.go:207 +0x260
io.ReadAtLeast(0x7a5d58, 0xc822e28300, 0xc825372d00, 0x1, 0x9, 0x1, 0x0, 0x0, 0x0)
	/usr/local/go/src/io/io.go:298 +0xe6
io.ReadFull(0x7a5d58, 0xc822e28300, 0xc825372d00, 0x1, 0x9, 0xc822df6370, 0x0, 0x0)
	/usr/local/go/src/io/io.go:316 +0x62
encoding/gob.decodeUintReader(0x7a5d58, 0xc822e28300, 0xc825372d00, 0x9, 0x9, 0x0, 0x1, 0x0, 0x0)
	/usr/local/go/src/encoding/gob/decode.go:121 +0x92
encoding/gob.(*Decoder).recvMessage(0xc822df6300, 0xc829127bf0)
	/usr/local/go/src/encoding/gob/decoder.go:76 +0x5e
encoding/gob.(*Decoder).decodeTypeSequence(0xc822df6300, 0x525e00, 0xc822df6300)
	/usr/local/go/src/encoding/gob/decoder.go:140 +0x47
encoding/gob.(*Decoder).DecodeValue(0xc822df6300, 0x3c49a0, 0xc822ec20f0, 0x16, 0x0, 0x0)
	/usr/local/go/src/encoding/gob/decoder.go:208 +0x15d
encoding/gob.(*Decoder).Decode(0xc822df6300, 0x3c49a0, 0xc822ec20f0, 0x0, 0x0)
	/usr/local/go/src/encoding/gob/decoder.go:185 +0x289
github.com/johntech-o/gorpc.(*ConnDriver).ReadRequestHeader(0xc824ac54d0, 0xc822ec20f0, 0x0, 0x0)
	/Users/johntech/code/gocode/src/github.com/johntech-o/gorpc/driverConn.go:87 +0x51
github.com/johntech-o/gorpc.(*Server).ServeLoop(0xc820114040, 0xc824ac54d0)
	/Users/johntech/code/gocode/src/github.com/johntech-o/gorpc/server.go:76 +0x289
github.com/johntech-o/gorpc.(*Server).serveConn(0xc820114040, 0xc8200301e8)
	/Users/johntech/code/gocode/src/github.com/johntech-o/gorpc/server.go:63 +0x43
created by github.com/johntech-o/gorpc.(*Server).Serve
	/Users/johntech/code/gocode/src/github.com/johntech-o/gorpc/server.go:57 +0x98

goroutine 40 [IO wait]:
net.runtime_pollWait(0x7a6580, 0x72, 0xc820012190)
	/usr/local/go/src/runtime/netpoll.go:157 +0x60
net.(*pollDesc).Wait(0xc822e22370, 0x72, 0x0, 0x0)
	/usr/local/go/src/net/fd_poll_runtime.go:73 +0x3a
net.(*pollDesc).WaitRead(0xc822e22370, 0x0, 0x0)
	/usr/local/go/src/net/fd_poll_runtime.go:78 +0x36
net.(*netFD).Read(0xc822e22310, 0xc822eec000, 0x1000, 0x1000, 0x0, 0x7a0050, 0xc820012190)
	/usr/local/go/src/net/fd_unix.go:232 +0x23a
net.(*conn).Read(0xc8200301f0, 0xc822eec000, 0x1000, 0x1000, 0x18, 0x0, 0x0)
	/usr/local/go/src/net/net.go:172 +0xe4
github.com/johntech-o/gorpc.(*Connection).Read(0xc822daa160, 0xc822eec000, 0x1000, 0x1000, 0x3, 0x0, 0x0)
	/Users/johntech/code/gocode/src/github.com/johntech-o/gorpc/driverConn.go:57 +0x5b
bufio.(*Reader).fill(0xc822e28360)
	/usr/local/go/src/bufio/bufio.go:97 +0x1e9
bufio.(*Reader).Read(0xc822e28360, 0xc8246cf1a0, 0x1, 0x9, 0xc823198590, 0x0, 0x0)
	/usr/local/go/src/bufio/bufio.go:207 +0x260
io.ReadAtLeast(0x7a5d58, 0xc822e28360, 0xc8246cf1a0, 0x1, 0x9, 0x1, 0x0, 0x0, 0x0)
	/usr/local/go/src/io/io.go:298 +0xe6
io.ReadFull(0x7a5d58, 0xc822e28360, 0xc8246cf1a0, 0x1, 0x9, 0xc822df63f0, 0x0, 0x0)
	/usr/local/go/src/io/io.go:316 +0x62
encoding/gob.decodeUintReader(0x7a5d58, 0xc822e28360, 0xc8246cf1a0, 0x9, 0x9, 0x0, 0x1, 0x0, 0x0)
	/usr/local/go/src/encoding/gob/decode.go:121 +0x92
encoding/gob.(*Decoder).recvMessage(0xc822df6380, 0xc828701be0)
	/usr/local/go/src/encoding/gob/decoder.go:76 +0x5e
encoding/gob.(*Decoder).decodeTypeSequence(0xc822df6380, 0x525e00, 0xc822df6380)
	/usr/local/go/src/encoding/gob/decoder.go:140 +0x47
encoding/gob.(*Decoder).DecodeValue(0xc822df6380, 0x3c49a0, 0xc8231985a0, 0x16, 0x0, 0x0)
	/usr/local/go/src/encoding/gob/decoder.go:208 +0x15d
encoding/gob.(*Decoder).Decode(0xc822df6380, 0x3c49a0, 0xc8231985a0, 0x0, 0x0)
	/usr/local/go/src/encoding/gob/decoder.go:185 +0x289
github.com/johntech-o/gorpc.(*ConnDriver).ReadRequestHeader(0xc824aae090, 0xc8231985a0, 0x0, 0x0)
	/Users/johntech/code/gocode/src/github.com/johntech-o/gorpc/driverConn.go:87 +0x51
github.com/johntech-o/gorpc.(*Server).ServeLoop(0xc820114040, 0xc824aae090)
	/Users/johntech/code/gocode/src/github.com/johntech-o/gorpc/server.go:76 +0x289
github.com/johntech-o/gorpc.(*Server).serveConn(0xc820114040, 0xc8200301f0)
	/Users/johntech/code/gocode/src/github.com/johntech-o/gorpc/server.go:63 +0x43
created by github.com/johntech-o/gorpc.(*Server).Serve
	/Users/johntech/code/gocode/src/github.com/johntech-o/gorpc/server.go:57 +0x98

goroutine 41 [IO wait]:
net.runtime_pollWait(0x7a64c0, 0x72, 0xc820012190)
	/usr/local/go/src/runtime/netpoll.go:157 +0x60
net.(*pollDesc).Wait(0xc822e223e0, 0x72, 0x0, 0x0)
	/usr/local/go/src/net/fd_poll_runtime.go:73 +0x3a
net.(*pollDesc).WaitRead(0xc822e223e0, 0x0, 0x0)
	/usr/local/go/src/net/fd_poll_runtime.go:78 +0x36
net.(*netFD).Read(0xc822e22380, 0xc822ea5000, 0x1000, 0x1000, 0x0, 0x7a0050, 0xc820012190)
	/usr/local/go/src/net/fd_unix.go:232 +0x23a
net.(*conn).Read(0xc8200301f8, 0xc822ea5000, 0x1000, 0x1000, 0x18, 0x0, 0x0)
	/usr/local/go/src/net/net.go:172 +0xe4
github.com/johntech-o/gorpc.(*Connection).Read(0xc822daa100, 0xc822ea5000, 0x1000, 0x1000, 0x3, 0x0, 0x0)
	/Users/johntech/code/gocode/src/github.com/johntech-o/gorpc/driverConn.go:57 +0x5b
bufio.(*Reader).fill(0xc822e28180)
	/usr/local/go/src/bufio/bufio.go:97 +0x1e9
bufio.(*Reader).Read(0xc822e28180, 0xc822daa110, 0x1, 0x9, 0xc824b9d730, 0x0, 0x0)
	/usr/local/go/src/bufio/bufio.go:207 +0x260
io.ReadAtLeast(0x7a5d58, 0xc822e28180, 0xc822daa110, 0x1, 0x9, 0x1, 0x0, 0x0, 0x0)
	/usr/local/go/src/io/io.go:298 +0xe6
io.ReadFull(0x7a5d58, 0xc822e28180, 0xc822daa110, 0x1, 0x9, 0xc822df6270, 0x0, 0x0)
	/usr/local/go/src/io/io.go:316 +0x62
encoding/gob.decodeUintReader(0x7a5d58, 0xc822e28180, 0xc822daa110, 0x9, 0x9, 0x0, 0x1, 0x0, 0x0)
	/usr/local/go/src/encoding/gob/decode.go:121 +0x92
encoding/gob.(*Decoder).recvMessage(0xc822df6200, 0xc8233d8bf0)
	/usr/local/go/src/encoding/gob/decoder.go:76 +0x5e
encoding/gob.(*Decoder).decodeTypeSequence(0xc822df6200, 0x525e00, 0xc822df6200)
	/usr/local/go/src/encoding/gob/decoder.go:140 +0x47
encoding/gob.(*Decoder).DecodeValue(0xc822df6200, 0x3c49a0, 0xc824b9d740, 0x16, 0x0, 0x0)
	/usr/local/go/src/encoding/gob/decoder.go:208 +0x15d
encoding/gob.(*Decoder).Decode(0xc822df6200, 0x3c49a0, 0xc824b9d740, 0x0, 0x0)
	/usr/local/go/src/encoding/gob/decoder.go:185 +0x289
github.com/johntech-o/gorpc.(*ConnDriver).ReadRequestHeader(0xc8230ee1b0, 0xc824b9d740, 0x0, 0x0)
	/Users/johntech/code/gocode/src/github.com/johntech-o/gorpc/driverConn.go:87 +0x51
github.com/johntech-o/gorpc.(*Server).ServeLoop(0xc820114040, 0xc8230ee1b0)
	/Users/johntech/code/gocode/src/github.com/johntech-o/gorpc/server.go:76 +0x289
github.com/johntech-o/gorpc.(*Server).serveConn(0xc820114040, 0xc8200301f8)
	/Users/johntech/code/gocode/src/github.com/johntech-o/gorpc/server.go:63 +0x43
created by github.com/johntech-o/gorpc.(*Server).Serve
	/Users/johntech/code/gocode/src/github.com/johntech-o/gorpc/server.go:57 +0x98

goroutine 51 [IO wait]:
net.runtime_pollWait(0x7a9c80, 0x72, 0xc820012190)
	/usr/local/go/src/runtime/netpoll.go:157 +0x60
net.(*pollDesc).Wait(0xc822ff79c0, 0x72, 0x0, 0x0)
	/usr/local/go/src/net/fd_poll_runtime.go:73 +0x3a
net.(*pollDesc).WaitRead(0xc822ff79c0, 0x0, 0x0)
	/usr/local/go/src/net/fd_poll_runtime.go:78 +0x36
net.(*netFD).Read(0xc822ff7960, 0xc823396000, 0x1000, 0x1000, 0x0, 0x7a0050, 0xc820012190)
	/usr/local/go/src/net/fd_unix.go:232 +0x23a
net.(*conn).Read(0xc820116440, 0xc823396000, 0x1000, 0x1000, 0x18, 0x0, 0x0)
	/usr/local/go/src/net/net.go:172 +0xe4
github.com/johntech-o/gorpc.(*Connection).Read(0xc8230c6920, 0xc823396000, 0x1000, 0x1000, 0x3, 0x0, 0x0)
	/Users/johntech/code/gocode/src/github.com/johntech-o/gorpc/driverConn.go:57 +0x5b
bufio.(*Reader).fill(0xc82325a420)
	/usr/local/go/src/bufio/bufio.go:97 +0x1e9
bufio.(*Reader).Read(0xc82325a420, 0xc824b88b40, 0x1, 0x9, 0xc823160ec0, 0x0, 0x0)
	/usr/local/go/src/bufio/bufio.go:207 +0x260
io.ReadAtLeast(0x7a5d58, 0xc82325a420, 0xc824b88b40, 0x1, 0x9, 0x1, 0x0, 0x0, 0x0)
	/usr/local/go/src/io/io.go:298 +0xe6
io.ReadFull(0x7a5d58, 0xc82325a420, 0xc824b88b40, 0x1, 0x9, 0xc822ded270, 0x0, 0x0)
	/usr/local/go/src/io/io.go:316 +0x62
encoding/gob.decodeUintReader(0x7a5d58, 0xc82325a420, 0xc824b88b40, 0x9, 0x9, 0x0, 0x1, 0x0, 0x0)
	/usr/local/go/src/encoding/gob/decode.go:121 +0x92
encoding/gob.(*Decoder).recvMessage(0xc822ded200, 0xc82b336bf0)
	/usr/local/go/src/encoding/gob/decoder.go:76 +0x5e
encoding/gob.(*Decoder).decodeTypeSequence(0xc822ded200, 0x525e00, 0xc822ded200)
	/usr/local/go/src/encoding/gob/decoder.go:140 +0x47
encoding/gob.(*Decoder).DecodeValue(0xc822ded200, 0x3c49a0, 0xc823160ed0, 0x16, 0x0, 0x0)
	/usr/local/go/src/encoding/gob/decoder.go:208 +0x15d
encoding/gob.(*Decoder).Decode(0xc822ded200, 0x3c49a0, 0xc823160ed0, 0x0, 0x0)
	/usr/local/go/src/encoding/gob/decoder.go:185 +0x289
github.com/johntech-o/gorpc.(*ConnDriver).ReadRequestHeader(0xc824a6c990, 0xc823160ed0, 0x0, 0x0)
	/Users/johntech/code/gocode/src/github.com/johntech-o/gorpc/driverConn.go:87 +0x51
github.com/johntech-o/gorpc.(*Server).ServeLoop(0xc820114040, 0xc824a6c990)
	/Users/johntech/code/gocode/src/github.com/johntech-o/gorpc/server.go:76 +0x289
github.com/johntech-o/gorpc.(*Server).serveConn(0xc820114040, 0xc820116440)
	/Users/johntech/code/gocode/src/github.com/johntech-o/gorpc/server.go:63 +0x43
created by github.com/johntech-o/gorpc.(*Server).Serve
	/Users/johntech/code/gocode/src/github.com/johntech-o/gorpc/server.go:57 +0x98

goroutine 52 [IO wait]:
net.runtime_pollWait(0x7a9bc0, 0x72, 0xc820012190)
	/usr/local/go/src/runtime/netpoll.go:157 +0x60
net.(*pollDesc).Wait(0xc822ff7a30, 0x72, 0x0, 0x0)
	/usr/local/go/src/net/fd_poll_runtime.go:73 +0x3a
net.(*pollDesc).WaitRead(0xc822ff7a30, 0x0, 0x0)
	/usr/local/go/src/net/fd_poll_runtime.go:78 +0x36
net.(*netFD).Read(0xc822ff79d0, 0xc82339a000, 0x1000, 0x1000, 0x0, 0x7a0050, 0xc820012190)
	/usr/local/go/src/net/fd_unix.go:232 +0x23a
net.(*conn).Read(0xc820116448, 0xc82339a000, 0x1000, 0x1000, 0x18, 0x0, 0x0)
	/usr/local/go/src/net/net.go:172 +0xe4
github.com/johntech-o/gorpc.(*Connection).Read(0xc8230c6930, 0xc82339a000, 0x1000, 0x1000, 0x3, 0x0, 0x0)
	/Users/johntech/code/gocode/src/github.com/johntech-o/gorpc/driverConn.go:57 +0x5b
bufio.(*Reader).fill(0xc82325a480)
	/usr/local/go/src/bufio/bufio.go:97 +0x1e9
bufio.(*Reader).Read(0xc82325a480, 0xc824a4c000, 0x1, 0x9, 0xc8231980e0, 0x0, 0x0)
	/usr/local/go/src/bufio/bufio.go:207 +0x260
io.ReadAtLeast(0x7a5d58, 0xc82325a480, 0xc824a4c000, 0x1, 0x9, 0x1, 0x0, 0x0, 0x0)
	/usr/local/go/src/io/io.go:298 +0xe6
io.ReadFull(0x7a5d58, 0xc82325a480, 0xc824a4c000, 0x1, 0x9, 0xc822ded2f0, 0x0, 0x0)
	/usr/local/go/src/io/io.go:316 +0x62
encoding/gob.decodeUintReader(0x7a5d58, 0xc82325a480, 0xc824a4c000, 0x9, 0x9, 0x0, 0x1, 0x0, 0x0)
	/usr/local/go/src/encoding/gob/decode.go:121 +0x92
encoding/gob.(*Decoder).recvMessage(0xc822ded280, 0xc82d335bf0)
	/usr/local/go/src/encoding/gob/decoder.go:76 +0x5e
encoding/gob.(*Decoder).decodeTypeSequence(0xc822ded280, 0x525e00, 0xc822ded280)
	/usr/local/go/src/encoding/gob/decoder.go:140 +0x47
encoding/gob.(*Decoder).DecodeValue(0xc822ded280, 0x3c49a0, 0xc8231980f0, 0x16, 0x0, 0x0)
	/usr/local/go/src/encoding/gob/decoder.go:208 +0x15d
encoding/gob.(*Decoder).Decode(0xc822ded280, 0x3c49a0, 0xc8231980f0, 0x0, 0x0)
	/usr/local/go/src/encoding/gob/decoder.go:185 +0x289
github.com/johntech-o/gorpc.(*ConnDriver).ReadRequestHeader(0xc824a6c000, 0xc8231980f0, 0x0, 0x0)
	/Users/johntech/code/gocode/src/github.com/johntech-o/gorpc/driverConn.go:87 +0x51
github.com/johntech-o/gorpc.(*Server).ServeLoop(0xc820114040, 0xc824a6c000)
	/Users/johntech/code/gocode/src/github.com/johntech-o/gorpc/server.go:76 +0x289
github.com/johntech-o/gorpc.(*Server).serveConn(0xc820114040, 0xc820116448)
	/Users/johntech/code/gocode/src/github.com/johntech-o/gorpc/server.go:63 +0x43
created by github.com/johntech-o/gorpc.(*Server).Serve
	/Users/johntech/code/gocode/src/github.com/johntech-o/gorpc/server.go:57 +0x98

goroutine 53 [IO wait]:
net.runtime_pollWait(0x7a9b00, 0x72, 0xc820012190)
	/usr/local/go/src/runtime/netpoll.go:157 +0x60
net.(*pollDesc).Wait(0xc822ff7aa0, 0x72, 0x0, 0x0)
	/usr/local/go/src/net/fd_poll_runtime.go:73 +0x3a
net.(*pollDesc).WaitRead(0xc822ff7aa0, 0x0, 0x0)
	/usr/local/go/src/net/fd_poll_runtime.go:78 +0x36
net.(*netFD).Read(0xc822ff7a40, 0xc82339e000, 0x1000, 0x1000, 0x0, 0x7a0050, 0xc820012190)
	/usr/local/go/src/net/fd_unix.go:232 +0x23a
net.(*conn).Read(0xc820116450, 0xc82339e000, 0x1000, 0x1000, 0x18, 0x0, 0x0)
	/usr/local/go/src/net/net.go:172 +0xe4
github.com/johntech-o/gorpc.(*Connection).Read(0xc8230c6940, 0xc82339e000, 0x1000, 0x1000, 0x3, 0x0, 0x0)
	/Users/johntech/code/gocode/src/github.com/johntech-o/gorpc/driverConn.go:57 +0x5b
bufio.(*Reader).fill(0xc82325a4e0)
	/usr/local/go/src/bufio/bufio.go:97 +0x1e9
bufio.(*Reader).Read(0xc82325a4e0, 0xc822db2410, 0x1, 0x9, 0xc8232743b0, 0x0, 0x0)
	/usr/local/go/src/bufio/bufio.go:207 +0x260
io.ReadAtLeast(0x7a5d58, 0xc82325a4e0, 0xc822db2410, 0x1, 0x9, 0x1, 0x0, 0x0, 0x0)
	/usr/local/go/src/io/io.go:298 +0xe6
io.ReadFull(0x7a5d58, 0xc82325a4e0, 0xc822db2410, 0x1, 0x9, 0xc822ded370, 0x0, 0x0)
	/usr/local/go/src/io/io.go:316 +0x62
encoding/gob.decodeUintReader(0x7a5d58, 0xc82325a4e0, 0xc822db2410, 0x9, 0x9, 0x0, 0x1, 0x0, 0x0)
	/usr/local/go/src/encoding/gob/decode.go:121 +0x92
encoding/gob.(*Decoder).recvMessage(0xc822ded300, 0xc82dbd8bf0)
	/usr/local/go/src/encoding/gob/decoder.go:76 +0x5e
encoding/gob.(*Decoder).decodeTypeSequence(0xc822ded300, 0x525e00, 0xc822ded300)
	/usr/local/go/src/encoding/gob/decoder.go:140 +0x47
encoding/gob.(*Decoder).DecodeValue(0xc822ded300, 0x3c49a0, 0xc8232743c0, 0x16, 0x0, 0x0)
	/usr/local/go/src/encoding/gob/decoder.go:208 +0x15d
encoding/gob.(*Decoder).Decode(0xc822ded300, 0x3c49a0, 0xc8232743c0, 0x0, 0x0)
	/usr/local/go/src/encoding/gob/decoder.go:185 +0x289
github.com/johntech-o/gorpc.(*ConnDriver).ReadRequestHeader(0xc824a6c480, 0xc8232743c0, 0x0, 0x0)
	/Users/johntech/code/gocode/src/github.com/johntech-o/gorpc/driverConn.go:87 +0x51
github.com/johntech-o/gorpc.(*Server).ServeLoop(0xc820114040, 0xc824a6c480)
	/Users/johntech/code/gocode/src/github.com/johntech-o/gorpc/server.go:76 +0x289
github.com/johntech-o/gorpc.(*Server).serveConn(0xc820114040, 0xc820116450)
	/Users/johntech/code/gocode/src/github.com/johntech-o/gorpc/server.go:63 +0x43
created by github.com/johntech-o/gorpc.(*Server).Serve
	/Users/johntech/code/gocode/src/github.com/johntech-o/gorpc/server.go:57 +0x98

goroutine 54 [IO wait]:
net.runtime_pollWait(0x7a9a40, 0x72, 0xc820012190)
	/usr/local/go/src/runtime/netpoll.go:157 +0x60
net.(*pollDesc).Wait(0xc822ff7b10, 0x72, 0x0, 0x0)
	/usr/local/go/src/net/fd_poll_runtime.go:73 +0x3a
net.(*pollDesc).WaitRead(0xc822ff7b10, 0x0, 0x0)
	/usr/local/go/src/net/fd_poll_runtime.go:78 +0x36
net.(*netFD).Read(0xc822ff7ab0, 0xc8233aa000, 0x1000, 0x1000, 0x0, 0x7a0050, 0xc820012190)
	/usr/local/go/src/net/fd_unix.go:232 +0x23a
net.(*conn).Read(0xc820116458, 0xc8233aa000, 0x1000, 0x1000, 0x18, 0x0, 0x0)
	/usr/local/go/src/net/net.go:172 +0xe4
github.com/johntech-o/gorpc.(*Connection).Read(0xc8230c6950, 0xc8233aa000, 0x1000, 0x1000, 0x3, 0x0, 0x0)
	/Users/johntech/code/gocode/src/github.com/johntech-o/gorpc/driverConn.go:57 +0x5b
bufio.(*Reader).fill(0xc82325a540)
	/usr/local/go/src/bufio/bufio.go:97 +0x1e9
bufio.(*Reader).Read(0xc82325a540, 0xc820012fe0, 0x1, 0x9, 0xc822ec25c0, 0x0, 0x0)
	/usr/local/go/src/bufio/bufio.go:207 +0x260
io.ReadAtLeast(0x7a5d58, 0xc82325a540, 0xc820012fe0, 0x1, 0x9, 0x1, 0x0, 0x0, 0x0)
	/usr/local/go/src/io/io.go:298 +0xe6
io.ReadFull(0x7a5d58, 0xc82325a540, 0xc820012fe0, 0x1, 0x9, 0xc822ded3f0, 0x0, 0x0)
	/usr/local/go/src/io/io.go:316 +0x62
encoding/gob.decodeUintReader(0x7a5d58, 0xc82325a540, 0xc820012fe0, 0x9, 0x9, 0x0, 0x1, 0x0, 0x0)
	/usr/local/go/src/encoding/gob/decode.go:121 +0x92
encoding/gob.(*Decoder).recvMessage(0xc822ded380, 0xc822e9dbe0)
	/usr/local/go/src/encoding/gob/decoder.go:76 +0x5e
encoding/gob.(*Decoder).decodeTypeSequence(0xc822ded380, 0x525e00, 0xc822ded380)
	/usr/local/go/src/encoding/gob/decoder.go:140 +0x47
encoding/gob.(*Decoder).DecodeValue(0xc822ded380, 0x3c49a0, 0xc822ec25d0, 0x16, 0x0, 0x0)
	/usr/local/go/src/encoding/gob/decoder.go:208 +0x15d
encoding/gob.(*Decoder).Decode(0xc822ded380, 0x3c49a0, 0xc822ec25d0, 0x0, 0x0)
	/usr/local/go/src/encoding/gob/decoder.go:185 +0x289
github.com/johntech-o/gorpc.(*ConnDriver).ReadRequestHeader(0xc824a5c6c0, 0xc822ec25d0, 0x0, 0x0)
	/Users/johntech/code/gocode/src/github.com/johntech-o/gorpc/driverConn.go:87 +0x51
github.com/johntech-o/gorpc.(*Server).ServeLoop(0xc820114040, 0xc824a5c6c0)
	/Users/johntech/code/gocode/src/github.com/johntech-o/gorpc/server.go:76 +0x289
github.com/johntech-o/gorpc.(*Server).serveConn(0xc820114040, 0xc820116458)
	/Users/johntech/code/gocode/src/github.com/johntech-o/gorpc/server.go:63 +0x43
created by github.com/johntech-o/gorpc.(*Server).Serve
	/Users/johntech/code/gocode/src/github.com/johntech-o/gorpc/server.go:57 +0x98

goroutine 55 [IO wait]:
net.runtime_pollWait(0x7a9980, 0x72, 0xc820012190)
	/usr/local/go/src/runtime/netpoll.go:157 +0x60
net.(*pollDesc).Wait(0xc822ff7b80, 0x72, 0x0, 0x0)
	/usr/local/go/src/net/fd_poll_runtime.go:73 +0x3a
net.(*pollDesc).WaitRead(0xc822ff7b80, 0x0, 0x0)
	/usr/local/go/src/net/fd_poll_runtime.go:78 +0x36
net.(*netFD).Read(0xc822ff7b20, 0xc8233ac000, 0x1000, 0x1000, 0x0, 0x7a0050, 0xc820012190)
	/usr/local/go/src/net/fd_unix.go:232 +0x23a
net.(*conn).Read(0xc820116460, 0xc8233ac000, 0x1000, 0x1000, 0x18, 0x0, 0x0)
	/usr/local/go/src/net/net.go:172 +0xe4
github.com/johntech-o/gorpc.(*Connection).Read(0xc8230c6960, 0xc8233ac000, 0x1000, 0x1000, 0x3, 0x0, 0x0)
	/Users/johntech/code/gocode/src/github.com/johntech-o/gorpc/driverConn.go:57 +0x5b
bufio.(*Reader).fill(0xc82325a5a0)
	/usr/local/go/src/bufio/bufio.go:97 +0x1e9
bufio.(*Reader).Read(0xc82325a5a0, 0xc82010f3a0, 0x1, 0x9, 0xc831317f10, 0x0, 0x0)
	/usr/local/go/src/bufio/bufio.go:207 +0x260
io.ReadAtLeast(0x7a5d58, 0xc82325a5a0, 0xc82010f3a0, 0x1, 0x9, 0x1, 0x0, 0x0, 0x0)
	/usr/local/go/src/io/io.go:298 +0xe6
io.ReadFull(0x7a5d58, 0xc82325a5a0, 0xc82010f3a0, 0x1, 0x9, 0xc822ded470, 0x0, 0x0)
	/usr/local/go/src/io/io.go:316 +0x62
encoding/gob.decodeUintReader(0x7a5d58, 0xc82325a5a0, 0xc82010f3a0, 0x9, 0x9, 0x0, 0x1, 0x0, 0x0)
	/usr/local/go/src/encoding/gob/decode.go:121 +0x92
encoding/gob.(*Decoder).recvMessage(0xc822ded400, 0xc822f0dbe0)
	/usr/local/go/src/encoding/gob/decoder.go:76 +0x5e
encoding/gob.(*Decoder).decodeTypeSequence(0xc822ded400, 0x525e00, 0xc822ded400)
	/usr/local/go/src/encoding/gob/decoder.go:140 +0x47
encoding/gob.(*Decoder).DecodeValue(0xc822ded400, 0x3c49a0, 0xc831317f20, 0x16, 0x0, 0x0)
	/usr/local/go/src/encoding/gob/decoder.go:208 +0x15d
encoding/gob.(*Decoder).Decode(0xc822ded400, 0x3c49a0, 0xc831317f20, 0x0, 0x0)
	/usr/local/go/src/encoding/gob/decoder.go:185 +0x289
github.com/johntech-o/gorpc.(*ConnDriver).ReadRequestHeader(0xc820124870, 0xc831317f20, 0x0, 0x0)
	/Users/johntech/code/gocode/src/github.com/johntech-o/gorpc/driverConn.go:87 +0x51
github.com/johntech-o/gorpc.(*Server).ServeLoop(0xc820114040, 0xc820124870)
	/Users/johntech/code/gocode/src/github.com/johntech-o/gorpc/server.go:76 +0x289
github.com/johntech-o/gorpc.(*Server).serveConn(0xc820114040, 0xc820116460)
	/Users/johntech/code/gocode/src/github.com/johntech-o/gorpc/server.go:63 +0x43
created by github.com/johntech-o/gorpc.(*Server).Serve
	/Users/johntech/code/gocode/src/github.com/johntech-o/gorpc/server.go:57 +0x98

goroutine 56 [IO wait]:
net.runtime_pollWait(0x7a98c0, 0x72, 0xc820012190)
	/usr/local/go/src/runtime/netpoll.go:157 +0x60
net.(*pollDesc).Wait(0xc822ff7bf0, 0x72, 0x0, 0x0)
	/usr/local/go/src/net/fd_poll_runtime.go:73 +0x3a
net.(*pollDesc).WaitRead(0xc822ff7bf0, 0x0, 0x0)
	/usr/local/go/src/net/fd_poll_runtime.go:78 +0x36
net.(*netFD).Read(0xc822ff7b90, 0xc8233b6000, 0x1000, 0x1000, 0x0, 0x7a0050, 0xc820012190)
	/usr/local/go/src/net/fd_unix.go:232 +0x23a
net.(*conn).Read(0xc820116468, 0xc8233b6000, 0x1000, 0x1000, 0x18, 0x0, 0x0)
	/usr/local/go/src/net/net.go:172 +0xe4
github.com/johntech-o/gorpc.(*Connection).Read(0xc8230c6970, 0xc8233b6000, 0x1000, 0x1000, 0x3, 0x0, 0x0)
	/Users/johntech/code/gocode/src/github.com/johntech-o/gorpc/driverConn.go:57 +0x5b
bufio.(*Reader).fill(0xc82325a600)
	/usr/local/go/src/bufio/bufio.go:97 +0x1e9
bufio.(*Reader).Read(0xc82325a600, 0xc824a4c020, 0x1, 0x9, 0xc8232748f0, 0x0, 0x0)
	/usr/local/go/src/bufio/bufio.go:207 +0x260
io.ReadAtLeast(0x7a5d58, 0xc82325a600, 0xc824a4c020, 0x1, 0x9, 0x1, 0x0, 0x0, 0x0)
	/usr/local/go/src/io/io.go:298 +0xe6
io.ReadFull(0x7a5d58, 0xc82325a600, 0xc824a4c020, 0x1, 0x9, 0xc822ded4f0, 0x0, 0x0)
	/usr/local/go/src/io/io.go:316 +0x62
encoding/gob.decodeUintReader(0x7a5d58, 0xc82325a600, 0xc824a4c020, 0x9, 0x9, 0x0, 0x1, 0x0, 0x0)
	/usr/local/go/src/encoding/gob/decode.go:121 +0x92
encoding/gob.(*Decoder).recvMessage(0xc822ded480, 0xc823425be0)
	/usr/local/go/src/encoding/gob/decoder.go:76 +0x5e
encoding/gob.(*Decoder).decodeTypeSequence(0xc822ded480, 0x525e00, 0xc822ded480)
	/usr/local/go/src/encoding/gob/decoder.go:140 +0x47
encoding/gob.(*Decoder).DecodeValue(0xc822ded480, 0x3c49a0, 0xc823274900, 0x16, 0x0, 0x0)
	/usr/local/go/src/encoding/gob/decoder.go:208 +0x15d
encoding/gob.(*Decoder).Decode(0xc822ded480, 0x3c49a0, 0xc823274900, 0x0, 0x0)
	/usr/local/go/src/encoding/gob/decoder.go:185 +0x289
github.com/johntech-o/gorpc.(*ConnDriver).ReadRequestHeader(0xc824a6c090, 0xc823274900, 0x0, 0x0)
	/Users/johntech/code/gocode/src/github.com/johntech-o/gorpc/driverConn.go:87 +0x51
github.com/johntech-o/gorpc.(*Server).ServeLoop(0xc820114040, 0xc824a6c090)
	/Users/johntech/code/gocode/src/github.com/johntech-o/gorpc/server.go:76 +0x289
github.com/johntech-o/gorpc.(*Server).serveConn(0xc820114040, 0xc820116468)
	/Users/johntech/code/gocode/src/github.com/johntech-o/gorpc/server.go:63 +0x43
created by github.com/johntech-o/gorpc.(*Server).Serve
	/Users/johntech/code/gocode/src/github.com/johntech-o/gorpc/server.go:57 +0x98

goroutine 57 [IO wait]:
net.runtime_pollWait(0x7a9800, 0x72, 0xc820012190)
	/usr/local/go/src/runtime/netpoll.go:157 +0x60
net.(*pollDesc).Wait(0xc822ff7c60, 0x72, 0x0, 0x0)
	/usr/local/go/src/net/fd_poll_runtime.go:73 +0x3a
net.(*pollDesc).WaitRead(0xc822ff7c60, 0x0, 0x0)
	/usr/local/go/src/net/fd_poll_runtime.go:78 +0x36
net.(*netFD).Read(0xc822ff7c00, 0xc8233c2000, 0x1000, 0x1000, 0x0, 0x7a0050, 0xc820012190)
	/usr/local/go/src/net/fd_unix.go:232 +0x23a
net.(*conn).Read(0xc820116470, 0xc8233c2000, 0x1000, 0x1000, 0x18, 0x0, 0x0)
	/usr/local/go/src/net/net.go:172 +0xe4
github.com/johntech-o/gorpc.(*Connection).Read(0xc8230c6980, 0xc8233c2000, 0x1000, 0x1000, 0x3, 0x0, 0x0)
	/Users/johntech/code/gocode/src/github.com/johntech-o/gorpc/driverConn.go:57 +0x5b
bufio.(*Reader).fill(0xc82325a660)
	/usr/local/go/src/bufio/bufio.go:97 +0x1e9
bufio.(*Reader).Read(0xc82325a660, 0xc824c93cf0, 0x1, 0x9, 0xc823172f20, 0x0, 0x0)
	/usr/local/go/src/bufio/bufio.go:207 +0x260
io.ReadAtLeast(0x7a5d58, 0xc82325a660, 0xc824c93cf0, 0x1, 0x9, 0x1, 0x0, 0x0, 0x0)
	/usr/local/go/src/io/io.go:298 +0xe6
io.ReadFull(0x7a5d58, 0xc82325a660, 0xc824c93cf0, 0x1, 0x9, 0xc822ded570, 0x0, 0x0)
	/usr/local/go/src/io/io.go:316 +0x62
encoding/gob.decodeUintReader(0x7a5d58, 0xc82325a660, 0xc824c93cf0, 0x9, 0x9, 0x0, 0x1, 0x0, 0x0)
	/usr/local/go/src/encoding/gob/decode.go:121 +0x92
encoding/gob.(*Decoder).recvMessage(0xc822ded500, 0xc825343bf0)
	/usr/local/go/src/encoding/gob/decoder.go:76 +0x5e
encoding/gob.(*Decoder).decodeTypeSequence(0xc822ded500, 0x525e00, 0xc822ded500)
	/usr/local/go/src/encoding/gob/decoder.go:140 +0x47
encoding/gob.(*Decoder).DecodeValue(0xc822ded500, 0x3c49a0, 0xc823172f30, 0x16, 0x0, 0x0)
	/usr/local/go/src/encoding/gob/decoder.go:208 +0x15d
encoding/gob.(*Decoder).Decode(0xc822ded500, 0x3c49a0, 0xc823172f30, 0x0, 0x0)
	/usr/local/go/src/encoding/gob/decoder.go:185 +0x289
github.com/johntech-o/gorpc.(*ConnDriver).ReadRequestHeader(0xc820124fc0, 0xc823172f30, 0x0, 0x0)
	/Users/johntech/code/gocode/src/github.com/johntech-o/gorpc/driverConn.go:87 +0x51
github.com/johntech-o/gorpc.(*Server).ServeLoop(0xc820114040, 0xc820124fc0)
	/Users/johntech/code/gocode/src/github.com/johntech-o/gorpc/server.go:76 +0x289
github.com/johntech-o/gorpc.(*Server).serveConn(0xc820114040, 0xc820116470)
	/Users/johntech/code/gocode/src/github.com/johntech-o/gorpc/server.go:63 +0x43
created by github.com/johntech-o/gorpc.(*Server).Serve
	/Users/johntech/code/gocode/src/github.com/johntech-o/gorpc/server.go:57 +0x98

goroutine 58 [IO wait]:
net.runtime_pollWait(0x7a9740, 0x72, 0xc820012190)
	/usr/local/go/src/runtime/netpoll.go:157 +0x60
net.(*pollDesc).Wait(0xc822ff7cd0, 0x72, 0x0, 0x0)
	/usr/local/go/src/net/fd_poll_runtime.go:73 +0x3a
net.(*pollDesc).WaitRead(0xc822ff7cd0, 0x0, 0x0)
	/usr/local/go/src/net/fd_poll_runtime.go:78 +0x36
net.(*netFD).Read(0xc822ff7c70, 0xc8233c8000, 0x1000, 0x1000, 0x0, 0x7a0050, 0xc820012190)
	/usr/local/go/src/net/fd_unix.go:232 +0x23a
net.(*conn).Read(0xc820116478, 0xc8233c8000, 0x1000, 0x1000, 0x18, 0x0, 0x0)
	/usr/local/go/src/net/net.go:172 +0xe4
github.com/johntech-o/gorpc.(*Connection).Read(0xc8230c6990, 0xc8233c8000, 0x1000, 0x1000, 0x3, 0x0, 0x0)
	/Users/johntech/code/gocode/src/github.com/johntech-o/gorpc/driverConn.go:57 +0x5b
bufio.(*Reader).fill(0xc82325a6c0)
	/usr/local/go/src/bufio/bufio.go:97 +0x1e9
bufio.(*Reader).Read(0xc82325a6c0, 0xc824ab47f0, 0x1, 0x9, 0xc823198ef0, 0x0, 0x0)
	/usr/local/go/src/bufio/bufio.go:207 +0x260
io.ReadAtLeast(0x7a5d58, 0xc82325a6c0, 0xc824ab47f0, 0x1, 0x9, 0x1, 0x0, 0x0, 0x0)
	/usr/local/go/src/io/io.go:298 +0xe6
io.ReadFull(0x7a5d58, 0xc82325a6c0, 0xc824ab47f0, 0x1, 0x9, 0xc822ded5f0, 0x0, 0x0)
	/usr/local/go/src/io/io.go:316 +0x62
encoding/gob.decodeUintReader(0x7a5d58, 0xc82325a6c0, 0xc824ab47f0, 0x9, 0x9, 0x0, 0x1, 0x0, 0x0)
	/usr/local/go/src/encoding/gob/decode.go:121 +0x92
encoding/gob.(*Decoder).recvMessage(0xc822ded580, 0xc82c344bf0)
	/usr/local/go/src/encoding/gob/decoder.go:76 +0x5e
encoding/gob.(*Decoder).decodeTypeSequence(0xc822ded580, 0x525e00, 0xc822ded580)
	/usr/local/go/src/encoding/gob/decoder.go:140 +0x47
encoding/gob.(*Decoder).DecodeValue(0xc822ded580, 0x3c49a0, 0xc823198f30, 0x16, 0x0, 0x0)
	/usr/local/go/src/encoding/gob/decoder.go:208 +0x15d
encoding/gob.(*Decoder).Decode(0xc822ded580, 0x3c49a0, 0xc823198f30, 0x0, 0x0)
	/usr/local/go/src/encoding/gob/decoder.go:185 +0x289
github.com/johntech-o/gorpc.(*ConnDriver).ReadRequestHeader(0xc820180bd0, 0xc823198f30, 0x0, 0x0)
	/Users/johntech/code/gocode/src/github.com/johntech-o/gorpc/driverConn.go:87 +0x51
github.com/johntech-o/gorpc.(*Server).ServeLoop(0xc820114040, 0xc820180bd0)
	/Users/johntech/code/gocode/src/github.com/johntech-o/gorpc/server.go:76 +0x289
github.com/johntech-o/gorpc.(*Server).serveConn(0xc820114040, 0xc820116478)
	/Users/johntech/code/gocode/src/github.com/johntech-o/gorpc/server.go:63 +0x43
created by github.com/johntech-o/gorpc.(*Server).Serve
	/Users/johntech/code/gocode/src/github.com/johntech-o/gorpc/server.go:57 +0x98

goroutine 10332 [IO wait]:
net.runtime_pollWait(0x18c0500, 0x72, 0xc820012190)
	/usr/local/go/src/runtime/netpoll.go:157 +0x60
net.(*pollDesc).Wait(0xc82005d2c0, 0x72, 0x0, 0x0)
	/usr/local/go/src/net/fd_poll_runtime.go:73 +0x3a
net.(*pollDesc).WaitRead(0xc82005d2c0, 0x0, 0x0)
	/usr/local/go/src/net/fd_poll_runtime.go:78 +0x36
net.(*netFD).Read(0xc82005d260, 0xc823260000, 0x1000, 0x1000, 0x0, 0x7a0050, 0xc820012190)
	/usr/local/go/src/net/fd_unix.go:232 +0x23a
net.(*conn).Read(0xc82015c080, 0xc823260000, 0x1000, 0x1000, 0x0, 0x0, 0x0)
	/usr/local/go/src/net/net.go:172 +0xe4
bufio.(*Reader).fill(0xc8231e67e0)
	/usr/local/go/src/bufio/bufio.go:97 +0x1e9
bufio.(*Reader).Read(0xc8231e67e0, 0xc82461f270, 0x1, 0x9, 0x525128, 0x0, 0x0)
	/usr/local/go/src/bufio/bufio.go:207 +0x260
io.ReadAtLeast(0x7a5d58, 0xc8231e67e0, 0xc82461f270, 0x1, 0x9, 0x1, 0x0, 0x0, 0x0)
	/usr/local/go/src/io/io.go:298 +0xe6
io.ReadFull(0x7a5d58, 0xc8231e67e0, 0xc82461f270, 0x1, 0x9, 0xc82009d170, 0x0, 0x0)
	/usr/local/go/src/io/io.go:316 +0x62
encoding/gob.decodeUintReader(0x7a5d58, 0xc8231e67e0, 0xc82461f270, 0x9, 0x9, 0x0, 0x1, 0x0, 0x0)
	/usr/local/go/src/encoding/gob/decode.go:121 +0x92
encoding/gob.(*Decoder).recvMessage(0xc82009d100, 0xc82c341c30)
	/usr/local/go/src/encoding/gob/decoder.go:76 +0x5e
encoding/gob.(*Decoder).decodeTypeSequence(0xc82009d100, 0x525e00, 0xc82009d100)
	/usr/local/go/src/encoding/gob/decoder.go:140 +0x47
encoding/gob.(*Decoder).DecodeValue(0xc82009d100, 0x3c4a60, 0xc830be9580, 0x16, 0x0, 0x0)
	/usr/local/go/src/encoding/gob/decoder.go:208 +0x15d
encoding/gob.(*Decoder).Decode(0xc82009d100, 0x3c4a60, 0xc830be9580, 0x0, 0x0)
	/usr/local/go/src/encoding/gob/decoder.go:185 +0x289
github.com/johntech-o/gorpc.(*ConnDriver).ReadResponseHeader(0xc824ac47e0, 0xc830be9580, 0x0, 0x0)
	/Users/johntech/code/gocode/src/github.com/johntech-o/gorpc/driverConn.go:115 +0x51
github.com/johntech-o/gorpc.(*ConnPool).serveRead(0xc82011e0a0, 0xc824ac47e0)
	/Users/johntech/code/gocode/src/github.com/johntech-o/gorpc/connPool.go:159 +0x782
created by github.com/johntech-o/gorpc.(*ConnPool).createConn
	/Users/johntech/code/gocode/src/github.com/johntech-o/gorpc/connPool.go:55 +0xc9

goroutine 59 [IO wait]:
net.runtime_pollWait(0x7a9680, 0x72, 0xc820012190)
	/usr/local/go/src/runtime/netpoll.go:157 +0x60
net.(*pollDesc).Wait(0xc822ff7d40, 0x72, 0x0, 0x0)
	/usr/local/go/src/net/fd_poll_runtime.go:73 +0x3a
net.(*pollDesc).WaitRead(0xc822ff7d40, 0x0, 0x0)
	/usr/local/go/src/net/fd_poll_runtime.go:78 +0x36
net.(*netFD).Read(0xc822ff7ce0, 0xc8233e4000, 0x1000, 0x1000, 0x0, 0x7a0050, 0xc820012190)
	/usr/local/go/src/net/fd_unix.go:232 +0x23a
net.(*conn).Read(0xc820116480, 0xc8233e4000, 0x1000, 0x1000, 0x18, 0x0, 0x0)
	/usr/local/go/src/net/net.go:172 +0xe4
github.com/johntech-o/gorpc.(*Connection).Read(0xc8230c69a0, 0xc8233e4000, 0x1000, 0x1000, 0x3, 0x0, 0x0)
	/Users/johntech/code/gocode/src/github.com/johntech-o/gorpc/driverConn.go:57 +0x5b
bufio.(*Reader).fill(0xc82325a720)
	/usr/local/go/src/bufio/bufio.go:97 +0x1e9
bufio.(*Reader).Read(0xc82325a720, 0xc824b88140, 0x1, 0x9, 0xc823275730, 0x0, 0x0)
	/usr/local/go/src/bufio/bufio.go:207 +0x260
io.ReadAtLeast(0x7a5d58, 0xc82325a720, 0xc824b88140, 0x1, 0x9, 0x1, 0x0, 0x0, 0x0)
	/usr/local/go/src/io/io.go:298 +0xe6
io.ReadFull(0x7a5d58, 0xc82325a720, 0xc824b88140, 0x1, 0x9, 0xc822ded670, 0x0, 0x0)
	/usr/local/go/src/io/io.go:316 +0x62
encoding/gob.decodeUintReader(0x7a5d58, 0xc82325a720, 0xc824b88140, 0x9, 0x9, 0x0, 0x1, 0x0, 0x0)
	/usr/local/go/src/encoding/gob/decode.go:121 +0x92
encoding/gob.(*Decoder).recvMessage(0xc822ded600, 0xc82b352bf0)
	/usr/local/go/src/encoding/gob/decoder.go:76 +0x5e
encoding/gob.(*Decoder).decodeTypeSequence(0xc822ded600, 0x525e00, 0xc822ded600)
	/usr/local/go/src/encoding/gob/decoder.go:140 +0x47
encoding/gob.(*Decoder).DecodeValue(0xc822ded600, 0x3c49a0, 0xc8232757d0, 0x16, 0x0, 0x0)
	/usr/local/go/src/encoding/gob/decoder.go:208 +0x15d
encoding/gob.(*Decoder).Decode(0xc822ded600, 0x3c49a0, 0xc8232757d0, 0x0, 0x0)
	/usr/local/go/src/encoding/gob/decoder.go:185 +0x289
github.com/johntech-o/gorpc.(*ConnDriver).ReadRequestHeader(0xc824aaf170, 0xc8232757d0, 0x0, 0x0)
	/Users/johntech/code/gocode/src/github.com/johntech-o/gorpc/driverConn.go:87 +0x51
github.com/johntech-o/gorpc.(*Server).ServeLoop(0xc820114040, 0xc824aaf170)
	/Users/johntech/code/gocode/src/github.com/johntech-o/gorpc/server.go:76 +0x289
github.com/johntech-o/gorpc.(*Server).serveConn(0xc820114040, 0xc820116480)
	/Users/johntech/code/gocode/src/github.com/johntech-o/gorpc/server.go:63 +0x43
created by github.com/johntech-o/gorpc.(*Server).Serve
	/Users/johntech/code/gocode/src/github.com/johntech-o/gorpc/server.go:57 +0x98

goroutine 10331 [select]:
github.com/johntech-o/gorpc.(*ConnPool).serveWrite(0xc82011e0a0, 0xc824ac46c0)
	/Users/johntech/code/gocode/src/github.com/johntech-o/gorpc/connPool.go:215 +0x6b6
created by github.com/johntech-o/gorpc.(*ConnPool).createConn
	/Users/johntech/code/gocode/src/github.com/johntech-o/gorpc/connPool.go:56 +0xf5

goroutine 10330 [IO wait]:
net.runtime_pollWait(0x7a8600, 0x72, 0xc820012190)
	/usr/local/go/src/runtime/netpoll.go:157 +0x60
net.(*pollDesc).Wait(0xc822ff6140, 0x72, 0x0, 0x0)
	/usr/local/go/src/net/fd_poll_runtime.go:73 +0x3a
net.(*pollDesc).WaitRead(0xc822ff6140, 0x0, 0x0)
	/usr/local/go/src/net/fd_poll_runtime.go:78 +0x36
net.(*netFD).Read(0xc822ff60e0, 0xc823d1b000, 0x1000, 0x1000, 0x0, 0x7a0050, 0xc820012190)
	/usr/local/go/src/net/fd_unix.go:232 +0x23a
net.(*conn).Read(0xc8232e8028, 0xc823d1b000, 0x1000, 0x1000, 0x0, 0x0, 0x0)
	/usr/local/go/src/net/net.go:172 +0xe4
bufio.(*Reader).fill(0xc82330e000)
	/usr/local/go/src/bufio/bufio.go:97 +0x1e9
bufio.(*Reader).Read(0xc82330e000, 0xc82461f160, 0x1, 0x9, 0x525128, 0x0, 0x0)
	/usr/local/go/src/bufio/bufio.go:207 +0x260
io.ReadAtLeast(0x7a5d58, 0xc82330e000, 0xc82461f160, 0x1, 0x9, 0x1, 0x0, 0x0, 0x0)
	/usr/local/go/src/io/io.go:298 +0xe6
io.ReadFull(0x7a5d58, 0xc82330e000, 0xc82461f160, 0x1, 0x9, 0xc820170cf0, 0x0, 0x0)
	/usr/local/go/src/io/io.go:316 +0x62
encoding/gob.decodeUintReader(0x7a5d58, 0xc82330e000, 0xc82461f160, 0x9, 0x9, 0x0, 0x1, 0x0, 0x0)
	/usr/local/go/src/encoding/gob/decode.go:121 +0x92
encoding/gob.(*Decoder).recvMessage(0xc820170c80, 0xc82b9a9c30)
	/usr/local/go/src/encoding/gob/decoder.go:76 +0x5e
encoding/gob.(*Decoder).decodeTypeSequence(0xc820170c80, 0x525e00, 0xc820170c80)
	/usr/local/go/src/encoding/gob/decoder.go:140 +0x47
encoding/gob.(*Decoder).DecodeValue(0xc820170c80, 0x3c4a60, 0xc823650e40, 0x16, 0x0, 0x0)
	/usr/local/go/src/encoding/gob/decoder.go:208 +0x15d
encoding/gob.(*Decoder).Decode(0xc820170c80, 0x3c4a60, 0xc823650e40, 0x0, 0x0)
	/usr/local/go/src/encoding/gob/decoder.go:185 +0x289
github.com/johntech-o/gorpc.(*ConnDriver).ReadResponseHeader(0xc824ac46c0, 0xc823650e40, 0x0, 0x0)
	/Users/johntech/code/gocode/src/github.com/johntech-o/gorpc/driverConn.go:115 +0x51
github.com/johntech-o/gorpc.(*ConnPool).serveRead(0xc82011e0a0, 0xc824ac46c0)
	/Users/johntech/code/gocode/src/github.com/johntech-o/gorpc/connPool.go:159 +0x782
created by github.com/johntech-o/gorpc.(*ConnPool).createConn
	/Users/johntech/code/gocode/src/github.com/johntech-o/gorpc/connPool.go:55 +0xc9

goroutine 60 [IO wait]:
net.runtime_pollWait(0x7a95c0, 0x72, 0xc820012190)
	/usr/local/go/src/runtime/netpoll.go:157 +0x60
net.(*pollDesc).Wait(0xc822ff7db0, 0x72, 0x0, 0x0)
	/usr/local/go/src/net/fd_poll_runtime.go:73 +0x3a
net.(*pollDesc).WaitRead(0xc822ff7db0, 0x0, 0x0)
	/usr/local/go/src/net/fd_poll_runtime.go:78 +0x36
net.(*netFD).Read(0xc822ff7d50, 0xc8233e8000, 0x1000, 0x1000, 0x0, 0x7a0050, 0xc820012190)
	/usr/local/go/src/net/fd_unix.go:232 +0x23a
net.(*conn).Read(0xc820116488, 0xc8233e8000, 0x1000, 0x1000, 0x18, 0x0, 0x0)
	/usr/local/go/src/net/net.go:172 +0xe4
github.com/johntech-o/gorpc.(*Connection).Read(0xc8230c69b0, 0xc8233e8000, 0x1000, 0x1000, 0x3, 0x0, 0x0)
	/Users/johntech/code/gocode/src/github.com/johntech-o/gorpc/driverConn.go:57 +0x5b
bufio.(*Reader).fill(0xc82325a780)
	/usr/local/go/src/bufio/bufio.go:97 +0x1e9
bufio.(*Reader).Read(0xc82325a780, 0xc8247113f0, 0x1, 0x9, 0xc831317fd0, 0x0, 0x0)
	/usr/local/go/src/bufio/bufio.go:207 +0x260
io.ReadAtLeast(0x7a5d58, 0xc82325a780, 0xc8247113f0, 0x1, 0x9, 0x1, 0x0, 0x0, 0x0)
	/usr/local/go/src/io/io.go:298 +0xe6
io.ReadFull(0x7a5d58, 0xc82325a780, 0xc8247113f0, 0x1, 0x9, 0xc822ded6f0, 0x0, 0x0)
	/usr/local/go/src/io/io.go:316 +0x62
encoding/gob.decodeUintReader(0x7a5d58, 0xc82325a780, 0xc8247113f0, 0x9, 0x9, 0x0, 0x1, 0x0, 0x0)
	/usr/local/go/src/encoding/gob/decode.go:121 +0x92
encoding/gob.(*Decoder).recvMessage(0xc822ded680, 0xc82b33abf0)
	/usr/local/go/src/encoding/gob/decoder.go:76 +0x5e
encoding/gob.(*Decoder).decodeTypeSequence(0xc822ded680, 0x525e00, 0xc822ded680)
	/usr/local/go/src/encoding/gob/decoder.go:140 +0x47
encoding/gob.(*Decoder).DecodeValue(0xc822ded680, 0x3c49a0, 0xc82317c000, 0x16, 0x0, 0x0)
	/usr/local/go/src/encoding/gob/decoder.go:208 +0x15d
encoding/gob.(*Decoder).Decode(0xc822ded680, 0x3c49a0, 0xc82317c000, 0x0, 0x0)
	/usr/local/go/src/encoding/gob/decoder.go:185 +0x289
github.com/johntech-o/gorpc.(*ConnDriver).ReadRequestHeader(0xc820087050, 0xc82317c000, 0x0, 0x0)
	/Users/johntech/code/gocode/src/github.com/johntech-o/gorpc/driverConn.go:87 +0x51
github.com/johntech-o/gorpc.(*Server).ServeLoop(0xc820114040, 0xc820087050)
	/Users/johntech/code/gocode/src/github.com/johntech-o/gorpc/server.go:76 +0x289
github.com/johntech-o/gorpc.(*Server).serveConn(0xc820114040, 0xc820116488)
	/Users/johntech/code/gocode/src/github.com/johntech-o/gorpc/server.go:63 +0x43
created by github.com/johntech-o/gorpc.(*Server).Serve
	/Users/johntech/code/gocode/src/github.com/johntech-o/gorpc/server.go:57 +0x98

goroutine 10329 [select]:
github.com/johntech-o/gorpc.(*ConnPool).serveWrite(0xc82011e0a0, 0xc824ac45a0)
	/Users/johntech/code/gocode/src/github.com/johntech-o/gorpc/connPool.go:215 +0x6b6
created by github.com/johntech-o/gorpc.(*ConnPool).createConn
	/Users/johntech/code/gocode/src/github.com/johntech-o/gorpc/connPool.go:56 +0xf5

goroutine 10328 [IO wait]:
net.runtime_pollWait(0x18c0b00, 0x72, 0xc820012190)
	/usr/local/go/src/runtime/netpoll.go:157 +0x60
net.(*pollDesc).Wait(0xc82014e680, 0x72, 0x0, 0x0)
	/usr/local/go/src/net/fd_poll_runtime.go:73 +0x3a
net.(*pollDesc).WaitRead(0xc82014e680, 0x0, 0x0)
	/usr/local/go/src/net/fd_poll_runtime.go:78 +0x36
net.(*netFD).Read(0xc82014e620, 0xc82323a000, 0x1000, 0x1000, 0x0, 0x7a0050, 0xc820012190)
	/usr/local/go/src/net/fd_unix.go:232 +0x23a
net.(*conn).Read(0xc823220010, 0xc82323a000, 0x1000, 0x1000, 0x0, 0x0, 0x0)
	/usr/local/go/src/net/net.go:172 +0xe4
bufio.(*Reader).fill(0xc8231272c0)
	/usr/local/go/src/bufio/bufio.go:97 +0x1e9
bufio.(*Reader).Read(0xc8231272c0, 0xc82461f050, 0x1, 0x9, 0x525128, 0x0, 0x0)
	/usr/local/go/src/bufio/bufio.go:207 +0x260
io.ReadAtLeast(0x7a5d58, 0xc8231272c0, 0xc82461f050, 0x1, 0x9, 0x1, 0x0, 0x0, 0x0)
	/usr/local/go/src/io/io.go:298 +0xe6
io.ReadFull(0x7a5d58, 0xc8231272c0, 0xc82461f050, 0x1, 0x9, 0xc82011b3f0, 0x0, 0x0)
	/usr/local/go/src/io/io.go:316 +0x62
encoding/gob.decodeUintReader(0x7a5d58, 0xc8231272c0, 0xc82461f050, 0x9, 0x9, 0x0, 0x1, 0x0, 0x0)
	/usr/local/go/src/encoding/gob/decode.go:121 +0x92
encoding/gob.(*Decoder).recvMessage(0xc82011b380, 0xc822f4bc20)
	/usr/local/go/src/encoding/gob/decoder.go:76 +0x5e
encoding/gob.(*Decoder).decodeTypeSequence(0xc82011b380, 0x525e00, 0xc82011b380)
	/usr/local/go/src/encoding/gob/decoder.go:140 +0x47
encoding/gob.(*Decoder).DecodeValue(0xc82011b380, 0x3c4a60, 0xc823612d80, 0x16, 0x0, 0x0)
	/usr/local/go/src/encoding/gob/decoder.go:208 +0x15d
encoding/gob.(*Decoder).Decode(0xc82011b380, 0x3c4a60, 0xc823612d80, 0x0, 0x0)
	/usr/local/go/src/encoding/gob/decoder.go:185 +0x289
github.com/johntech-o/gorpc.(*ConnDriver).ReadResponseHeader(0xc824ac45a0, 0xc823612d80, 0x0, 0x0)
	/Users/johntech/code/gocode/src/github.com/johntech-o/gorpc/driverConn.go:115 +0x51
github.com/johntech-o/gorpc.(*ConnPool).serveRead(0xc82011e0a0, 0xc824ac45a0)
	/Users/johntech/code/gocode/src/github.com/johntech-o/gorpc/connPool.go:159 +0x782
created by github.com/johntech-o/gorpc.(*ConnPool).createConn
	/Users/johntech/code/gocode/src/github.com/johntech-o/gorpc/connPool.go:55 +0xc9

goroutine 10327 [select]:
github.com/johntech-o/gorpc.(*ConnPool).serveWrite(0xc82011e0a0, 0xc824ac4480)
	/Users/johntech/code/gocode/src/github.com/johntech-o/gorpc/connPool.go:215 +0x6b6
created by github.com/johntech-o/gorpc.(*ConnPool).createConn
	/Users/johntech/code/gocode/src/github.com/johntech-o/gorpc/connPool.go:56 +0xf5

goroutine 61 [IO wait]:
net.runtime_pollWait(0x7a9500, 0x72, 0xc820012190)
	/usr/local/go/src/runtime/netpoll.go:157 +0x60
net.(*pollDesc).Wait(0xc822ff7e20, 0x72, 0x0, 0x0)
	/usr/local/go/src/net/fd_poll_runtime.go:73 +0x3a
net.(*pollDesc).WaitRead(0xc822ff7e20, 0x0, 0x0)
	/usr/local/go/src/net/fd_poll_runtime.go:78 +0x36
net.(*netFD).Read(0xc822ff7dc0, 0xc8233ee000, 0x1000, 0x1000, 0x0, 0x7a0050, 0xc820012190)
	/usr/local/go/src/net/fd_unix.go:232 +0x23a
net.(*conn).Read(0xc820116490, 0xc8233ee000, 0x1000, 0x1000, 0x18, 0x0, 0x0)
	/usr/local/go/src/net/net.go:172 +0xe4
github.com/johntech-o/gorpc.(*Connection).Read(0xc8230c69c0, 0xc8233ee000, 0x1000, 0x1000, 0x3, 0x0, 0x0)
	/Users/johntech/code/gocode/src/github.com/johntech-o/gorpc/driverConn.go:57 +0x5b
bufio.(*Reader).fill(0xc82325a7e0)
	/usr/local/go/src/bufio/bufio.go:97 +0x1e9
bufio.(*Reader).Read(0xc82325a7e0, 0xc822db2430, 0x1, 0x9, 0xc831317d90, 0x0, 0x0)
	/usr/local/go/src/bufio/bufio.go:207 +0x260
io.ReadAtLeast(0x7a5d58, 0xc82325a7e0, 0xc822db2430, 0x1, 0x9, 0x1, 0x0, 0x0, 0x0)
	/usr/local/go/src/io/io.go:298 +0xe6
io.ReadFull(0x7a5d58, 0xc82325a7e0, 0xc822db2430, 0x1, 0x9, 0xc822ded770, 0x0, 0x0)
	/usr/local/go/src/io/io.go:316 +0x62
encoding/gob.decodeUintReader(0x7a5d58, 0xc82325a7e0, 0xc822db2430, 0x9, 0x9, 0x0, 0x1, 0x0, 0x0)
	/usr/local/go/src/encoding/gob/decode.go:121 +0x92
encoding/gob.(*Decoder).recvMessage(0xc822ded700, 0xc82b33dbf0)
	/usr/local/go/src/encoding/gob/decoder.go:76 +0x5e
encoding/gob.(*Decoder).decodeTypeSequence(0xc822ded700, 0x525e00, 0xc822ded700)
	/usr/local/go/src/encoding/gob/decoder.go:140 +0x47
encoding/gob.(*Decoder).DecodeValue(0xc822ded700, 0x3c49a0, 0xc831317da0, 0x16, 0x0, 0x0)
	/usr/local/go/src/encoding/gob/decoder.go:208 +0x15d
encoding/gob.(*Decoder).Decode(0xc822ded700, 0x3c49a0, 0xc831317da0, 0x0, 0x0)
	/usr/local/go/src/encoding/gob/decoder.go:185 +0x289
github.com/johntech-o/gorpc.(*ConnDriver).ReadRequestHeader(0xc824a6c510, 0xc831317da0, 0x0, 0x0)
	/Users/johntech/code/gocode/src/github.com/johntech-o/gorpc/driverConn.go:87 +0x51
github.com/johntech-o/gorpc.(*Server).ServeLoop(0xc820114040, 0xc824a6c510)
	/Users/johntech/code/gocode/src/github.com/johntech-o/gorpc/server.go:76 +0x289
github.com/johntech-o/gorpc.(*Server).serveConn(0xc820114040, 0xc820116490)
	/Users/johntech/code/gocode/src/github.com/johntech-o/gorpc/server.go:63 +0x43
created by github.com/johntech-o/gorpc.(*Server).Serve
	/Users/johntech/code/gocode/src/github.com/johntech-o/gorpc/server.go:57 +0x98

goroutine 10326 [IO wait]:
net.runtime_pollWait(0x7a7000, 0x72, 0xc820012190)
	/usr/local/go/src/runtime/netpoll.go:157 +0x60
net.(*pollDesc).Wait(0xc8201139c0, 0x72, 0x0, 0x0)
	/usr/local/go/src/net/fd_poll_runtime.go:73 +0x3a
net.(*pollDesc).WaitRead(0xc8201139c0, 0x0, 0x0)
	/usr/local/go/src/net/fd_poll_runtime.go:78 +0x36
net.(*netFD).Read(0xc820113960, 0xc8232c0000, 0x1000, 0x1000, 0x0, 0x7a0050, 0xc820012190)
	/usr/local/go/src/net/fd_unix.go:232 +0x23a
net.(*conn).Read(0xc823220080, 0xc8232c0000, 0x1000, 0x1000, 0x0, 0x0, 0x0)
	/usr/local/go/src/net/net.go:172 +0xe4
bufio.(*Reader).fill(0xc823127800)
	/usr/local/go/src/bufio/bufio.go:97 +0x1e9
bufio.(*Reader).Read(0xc823127800, 0xc82461ef40, 0x1, 0x9, 0x525128, 0x0, 0x0)
	/usr/local/go/src/bufio/bufio.go:207 +0x260
io.ReadAtLeast(0x7a5d58, 0xc823127800, 0xc82461ef40, 0x1, 0x9, 0x1, 0x0, 0x0, 0x0)
	/usr/local/go/src/io/io.go:298 +0xe6
io.ReadFull(0x7a5d58, 0xc823127800, 0xc82461ef40, 0x1, 0x9, 0xc82011baf0, 0x0, 0x0)
	/usr/local/go/src/io/io.go:316 +0x62
encoding/gob.decodeUintReader(0x7a5d58, 0xc823127800, 0xc82461ef40, 0x9, 0x9, 0x0, 0x1, 0x0, 0x0)
	/usr/local/go/src/encoding/gob/decode.go:121 +0x92
encoding/gob.(*Decoder).recvMessage(0xc82011ba80, 0xc82f7b7c30)
	/usr/local/go/src/encoding/gob/decoder.go:76 +0x5e
encoding/gob.(*Decoder).decodeTypeSequence(0xc82011ba80, 0x525e00, 0xc82011ba80)
	/usr/local/go/src/encoding/gob/decoder.go:140 +0x47
encoding/gob.(*Decoder).DecodeValue(0xc82011ba80, 0x3c4a60, 0xc823612c60, 0x16, 0x0, 0x0)
	/usr/local/go/src/encoding/gob/decoder.go:208 +0x15d
encoding/gob.(*Decoder).Decode(0xc82011ba80, 0x3c4a60, 0xc823612c60, 0x0, 0x0)
	/usr/local/go/src/encoding/gob/decoder.go:185 +0x289
github.com/johntech-o/gorpc.(*ConnDriver).ReadResponseHeader(0xc824ac4480, 0xc823612c60, 0x0, 0x0)
	/Users/johntech/code/gocode/src/github.com/johntech-o/gorpc/driverConn.go:115 +0x51
github.com/johntech-o/gorpc.(*ConnPool).serveRead(0xc82011e0a0, 0xc824ac4480)
	/Users/johntech/code/gocode/src/github.com/johntech-o/gorpc/connPool.go:159 +0x782
created by github.com/johntech-o/gorpc.(*ConnPool).createConn
	/Users/johntech/code/gocode/src/github.com/johntech-o/gorpc/connPool.go:55 +0xc9

goroutine 62 [IO wait]:
net.runtime_pollWait(0x7a9440, 0x72, 0xc820012190)
	/usr/local/go/src/runtime/netpoll.go:157 +0x60
net.(*pollDesc).Wait(0xc822ff7e90, 0x72, 0x0, 0x0)
	/usr/local/go/src/net/fd_poll_runtime.go:73 +0x3a
net.(*pollDesc).WaitRead(0xc822ff7e90, 0x0, 0x0)
	/usr/local/go/src/net/fd_poll_runtime.go:78 +0x36
net.(*netFD).Read(0xc822ff7e30, 0xc8233f8000, 0x1000, 0x1000, 0x0, 0x7a0050, 0xc820012190)
	/usr/local/go/src/net/fd_unix.go:232 +0x23a
net.(*conn).Read(0xc820116498, 0xc8233f8000, 0x1000, 0x1000, 0x18, 0x0, 0x0)
	/usr/local/go/src/net/net.go:172 +0xe4
github.com/johntech-o/gorpc.(*Connection).Read(0xc8230c69d0, 0xc8233f8000, 0x1000, 0x1000, 0x3, 0x0, 0x0)
	/Users/johntech/code/gocode/src/github.com/johntech-o/gorpc/driverConn.go:57 +0x5b
bufio.(*Reader).fill(0xc82325a840)
	/usr/local/go/src/bufio/bufio.go:97 +0x1e9
bufio.(*Reader).Read(0xc82325a840, 0xc824ba49b0, 0x1, 0x9, 0xc823274710, 0x0, 0x0)
	/usr/local/go/src/bufio/bufio.go:207 +0x260
io.ReadAtLeast(0x7a5d58, 0xc82325a840, 0xc824ba49b0, 0x1, 0x9, 0x1, 0x0, 0x0, 0x0)
	/usr/local/go/src/io/io.go:298 +0xe6
io.ReadFull(0x7a5d58, 0xc82325a840, 0xc824ba49b0, 0x1, 0x9, 0xc822ded7f0, 0x0, 0x0)
	/usr/local/go/src/io/io.go:316 +0x62
encoding/gob.decodeUintReader(0x7a5d58, 0xc82325a840, 0xc824ba49b0, 0x9, 0x9, 0x0, 0x1, 0x0, 0x0)
	/usr/local/go/src/encoding/gob/decode.go:121 +0x92
encoding/gob.(*Decoder).recvMessage(0xc822ded780, 0xc824aa9be0)
	/usr/local/go/src/encoding/gob/decoder.go:76 +0x5e
encoding/gob.(*Decoder).decodeTypeSequence(0xc822ded780, 0x525e00, 0xc822ded780)
	/usr/local/go/src/encoding/gob/decoder.go:140 +0x47
encoding/gob.(*Decoder).DecodeValue(0xc822ded780, 0x3c49a0, 0xc823274720, 0x16, 0x0, 0x0)
	/usr/local/go/src/encoding/gob/decoder.go:208 +0x15d
encoding/gob.(*Decoder).Decode(0xc822ded780, 0x3c49a0, 0xc823274720, 0x0, 0x0)
	/usr/local/go/src/encoding/gob/decoder.go:185 +0x289
github.com/johntech-o/gorpc.(*ConnDriver).ReadRequestHeader(0xc824a5cab0, 0xc823274720, 0x0, 0x0)
	/Users/johntech/code/gocode/src/github.com/johntech-o/gorpc/driverConn.go:87 +0x51
github.com/johntech-o/gorpc.(*Server).ServeLoop(0xc820114040, 0xc824a5cab0)
	/Users/johntech/code/gocode/src/github.com/johntech-o/gorpc/server.go:76 +0x289
github.com/johntech-o/gorpc.(*Server).serveConn(0xc820114040, 0xc820116498)
	/Users/johntech/code/gocode/src/github.com/johntech-o/gorpc/server.go:63 +0x43
created by github.com/johntech-o/gorpc.(*Server).Serve
	/Users/johntech/code/gocode/src/github.com/johntech-o/gorpc/server.go:57 +0x98

goroutine 10325 [select]:
github.com/johntech-o/gorpc.(*ConnPool).serveWrite(0xc82011e0a0, 0xc824ac4360)
	/Users/johntech/code/gocode/src/github.com/johntech-o/gorpc/connPool.go:215 +0x6b6
created by github.com/johntech-o/gorpc.(*ConnPool).createConn
	/Users/johntech/code/gocode/src/github.com/johntech-o/gorpc/connPool.go:56 +0xf5

goroutine 63 [IO wait]:
net.runtime_pollWait(0x7a9380, 0x72, 0xc820012190)
	/usr/local/go/src/runtime/netpoll.go:157 +0x60
net.(*pollDesc).Wait(0xc822ff7f00, 0x72, 0x0, 0x0)
	/usr/local/go/src/net/fd_poll_runtime.go:73 +0x3a
net.(*pollDesc).WaitRead(0xc822ff7f00, 0x0, 0x0)
	/usr/local/go/src/net/fd_poll_runtime.go:78 +0x36
net.(*netFD).Read(0xc822ff7ea0, 0xc823400000, 0x1000, 0x1000, 0x0, 0x7a0050, 0xc820012190)
	/usr/local/go/src/net/fd_unix.go:232 +0x23a
net.(*conn).Read(0xc8201164a0, 0xc823400000, 0x1000, 0x1000, 0x18, 0x0, 0x0)
	/usr/local/go/src/net/net.go:172 +0xe4
github.com/johntech-o/gorpc.(*Connection).Read(0xc8230c69e0, 0xc823400000, 0x1000, 0x1000, 0x3, 0x0, 0x0)
	/Users/johntech/code/gocode/src/github.com/johntech-o/gorpc/driverConn.go:57 +0x5b
bufio.(*Reader).fill(0xc82325a8a0)
	/usr/local/go/src/bufio/bufio.go:97 +0x1e9
bufio.(*Reader).Read(0xc82325a8a0, 0xc824c93cd0, 0x1, 0x9, 0xc8231990d0, 0x0, 0x0)
	/usr/local/go/src/bufio/bufio.go:207 +0x260
io.ReadAtLeast(0x7a5d58, 0xc82325a8a0, 0xc824c93cd0, 0x1, 0x9, 0x1, 0x0, 0x0, 0x0)
	/usr/local/go/src/io/io.go:298 +0xe6
io.ReadFull(0x7a5d58, 0xc82325a8a0, 0xc824c93cd0, 0x1, 0x9, 0xc822ded870, 0x0, 0x0)
	/usr/local/go/src/io/io.go:316 +0x62
encoding/gob.decodeUintReader(0x7a5d58, 0xc82325a8a0, 0xc824c93cd0, 0x9, 0x9, 0x0, 0x1, 0x0, 0x0)
	/usr/local/go/src/encoding/gob/decode.go:121 +0x92
encoding/gob.(*Decoder).recvMessage(0xc822ded800, 0xc82f7b3bf0)
	/usr/local/go/src/encoding/gob/decoder.go:76 +0x5e
encoding/gob.(*Decoder).decodeTypeSequence(0xc822ded800, 0x525e00, 0xc822ded800)
	/usr/local/go/src/encoding/gob/decoder.go:140 +0x47
encoding/gob.(*Decoder).DecodeValue(0xc822ded800, 0x3c49a0, 0xc823199110, 0x16, 0x0, 0x0)
	/usr/local/go/src/encoding/gob/decoder.go:208 +0x15d
encoding/gob.(*Decoder).Decode(0xc822ded800, 0x3c49a0, 0xc823199110, 0x0, 0x0)
	/usr/local/go/src/encoding/gob/decoder.go:185 +0x289
github.com/johntech-o/gorpc.(*ConnDriver).ReadRequestHeader(0xc820124f30, 0xc823199110, 0x0, 0x0)
	/Users/johntech/code/gocode/src/github.com/johntech-o/gorpc/driverConn.go:87 +0x51
github.com/johntech-o/gorpc.(*Server).ServeLoop(0xc820114040, 0xc820124f30)
	/Users/johntech/code/gocode/src/github.com/johntech-o/gorpc/server.go:76 +0x289
github.com/johntech-o/gorpc.(*Server).serveConn(0xc820114040, 0xc8201164a0)
	/Users/johntech/code/gocode/src/github.com/johntech-o/gorpc/server.go:63 +0x43
created by github.com/johntech-o/gorpc.(*Server).Serve
	/Users/johntech/code/gocode/src/github.com/johntech-o/gorpc/server.go:57 +0x98

goroutine 10324 [IO wait]:
net.runtime_pollWait(0x7a8a80, 0x72, 0xc820012190)
	/usr/local/go/src/runtime/netpoll.go:157 +0x60
net.(*pollDesc).Wait(0xc822e22840, 0x72, 0x0, 0x0)
	/usr/local/go/src/net/fd_poll_runtime.go:73 +0x3a
net.(*pollDesc).WaitRead(0xc822e22840, 0x0, 0x0)
	/usr/local/go/src/net/fd_poll_runtime.go:78 +0x36
net.(*netFD).Read(0xc822e227e0, 0xc82330c000, 0x1000, 0x1000, 0x0, 0x7a0050, 0xc820012190)
	/usr/local/go/src/net/fd_unix.go:232 +0x23a
net.(*conn).Read(0xc82015c118, 0xc82330c000, 0x1000, 0x1000, 0x0, 0x0, 0x0)
	/usr/local/go/src/net/net.go:172 +0xe4
bufio.(*Reader).fill(0xc8231e6f00)
	/usr/local/go/src/bufio/bufio.go:97 +0x1e9
bufio.(*Reader).Read(0xc8231e6f00, 0xc82461ee30, 0x1, 0x9, 0x525128, 0x0, 0x0)
	/usr/local/go/src/bufio/bufio.go:207 +0x260
io.ReadAtLeast(0x7a5d58, 0xc8231e6f00, 0xc82461ee30, 0x1, 0x9, 0x1, 0x0, 0x0, 0x0)
	/usr/local/go/src/io/io.go:298 +0xe6
io.ReadFull(0x7a5d58, 0xc8231e6f00, 0xc82461ee30, 0x1, 0x9, 0xc82009daf0, 0x0, 0x0)
	/usr/local/go/src/io/io.go:316 +0x62
encoding/gob.decodeUintReader(0x7a5d58, 0xc8231e6f00, 0xc82461ee30, 0x9, 0x9, 0x0, 0x1, 0x0, 0x0)
	/usr/local/go/src/encoding/gob/decode.go:121 +0x92
encoding/gob.(*Decoder).recvMessage(0xc82009da80, 0xc82b9a8c30)
	/usr/local/go/src/encoding/gob/decoder.go:76 +0x5e
encoding/gob.(*Decoder).decodeTypeSequence(0xc82009da80, 0x525e00, 0xc82009da80)
	/usr/local/go/src/encoding/gob/decoder.go:140 +0x47
encoding/gob.(*Decoder).DecodeValue(0xc82009da80, 0x3c4a60, 0xc8236129c0, 0x16, 0x0, 0x0)
	/usr/local/go/src/encoding/gob/decoder.go:208 +0x15d
encoding/gob.(*Decoder).Decode(0xc82009da80, 0x3c4a60, 0xc8236129c0, 0x0, 0x0)
	/usr/local/go/src/encoding/gob/decoder.go:185 +0x289
github.com/johntech-o/gorpc.(*ConnDriver).ReadResponseHeader(0xc824ac4360, 0xc8236129c0, 0x0, 0x0)
	/Users/johntech/code/gocode/src/github.com/johntech-o/gorpc/driverConn.go:115 +0x51
github.com/johntech-o/gorpc.(*ConnPool).serveRead(0xc82011e0a0, 0xc824ac4360)
	/Users/johntech/code/gocode/src/github.com/johntech-o/gorpc/connPool.go:159 +0x782
created by github.com/johntech-o/gorpc.(*ConnPool).createConn
	/Users/johntech/code/gocode/src/github.com/johntech-o/gorpc/connPool.go:55 +0xc9

goroutine 10323 [select]:
github.com/johntech-o/gorpc.(*ConnPool).serveWrite(0xc82011e0a0, 0xc824ac4240)
	/Users/johntech/code/gocode/src/github.com/johntech-o/gorpc/connPool.go:215 +0x6b6
created by github.com/johntech-o/gorpc.(*ConnPool).createConn
	/Users/johntech/code/gocode/src/github.com/johntech-o/gorpc/connPool.go:56 +0xf5

goroutine 64 [IO wait]:
net.runtime_pollWait(0x7a92c0, 0x72, 0xc820012190)
	/usr/local/go/src/runtime/netpoll.go:157 +0x60
net.(*pollDesc).Wait(0xc822ff7f70, 0x72, 0x0, 0x0)
	/usr/local/go/src/net/fd_poll_runtime.go:73 +0x3a
net.(*pollDesc).WaitRead(0xc822ff7f70, 0x0, 0x0)
	/usr/local/go/src/net/fd_poll_runtime.go:78 +0x36
net.(*netFD).Read(0xc822ff7f10, 0xc82340c000, 0x1000, 0x1000, 0x0, 0x7a0050, 0xc820012190)
	/usr/local/go/src/net/fd_unix.go:232 +0x23a
net.(*conn).Read(0xc8201164a8, 0xc82340c000, 0x1000, 0x1000, 0x18, 0x0, 0x0)
	/usr/local/go/src/net/net.go:172 +0xe4
github.com/johntech-o/gorpc.(*Connection).Read(0xc8230c69f0, 0xc82340c000, 0x1000, 0x1000, 0x3, 0x0, 0x0)
	/Users/johntech/code/gocode/src/github.com/johntech-o/gorpc/driverConn.go:57 +0x5b
bufio.(*Reader).fill(0xc82325a900)
	/usr/local/go/src/bufio/bufio.go:97 +0x1e9
bufio.(*Reader).Read(0xc82325a900, 0xc82010f740, 0x1, 0x9, 0xc823199640, 0x0, 0x0)
	/usr/local/go/src/bufio/bufio.go:207 +0x260
io.ReadAtLeast(0x7a5d58, 0xc82325a900, 0xc82010f740, 0x1, 0x9, 0x1, 0x0, 0x0, 0x0)
	/usr/local/go/src/io/io.go:298 +0xe6
io.ReadFull(0x7a5d58, 0xc82325a900, 0xc82010f740, 0x1, 0x9, 0xc822ded8f0, 0x0, 0x0)
	/usr/local/go/src/io/io.go:316 +0x62
encoding/gob.decodeUintReader(0x7a5d58, 0xc82325a900, 0xc82010f740, 0x9, 0x9, 0x0, 0x1, 0x0, 0x0)
	/usr/local/go/src/encoding/gob/decode.go:121 +0x92
encoding/gob.(*Decoder).recvMessage(0xc822ded880, 0xc822dcfbe0)
	/usr/local/go/src/encoding/gob/decoder.go:76 +0x5e
encoding/gob.(*Decoder).decodeTypeSequence(0xc822ded880, 0x525e00, 0xc822ded880)
	/usr/local/go/src/encoding/gob/decoder.go:140 +0x47
encoding/gob.(*Decoder).DecodeValue(0xc822ded880, 0x3c49a0, 0xc8231996b0, 0x16, 0x0, 0x0)
	/usr/local/go/src/encoding/gob/decoder.go:208 +0x15d
encoding/gob.(*Decoder).Decode(0xc822ded880, 0x3c49a0, 0xc8231996b0, 0x0, 0x0)
	/usr/local/go/src/encoding/gob/decoder.go:185 +0x289
github.com/johntech-o/gorpc.(*ConnDriver).ReadRequestHeader(0xc820124c60, 0xc8231996b0, 0x0, 0x0)
	/Users/johntech/code/gocode/src/github.com/johntech-o/gorpc/driverConn.go:87 +0x51
github.com/johntech-o/gorpc.(*Server).ServeLoop(0xc820114040, 0xc820124c60)
	/Users/johntech/code/gocode/src/github.com/johntech-o/gorpc/server.go:76 +0x289
github.com/johntech-o/gorpc.(*Server).serveConn(0xc820114040, 0xc8201164a8)
	/Users/johntech/code/gocode/src/github.com/johntech-o/gorpc/server.go:63 +0x43
created by github.com/johntech-o/gorpc.(*Server).Serve
	/Users/johntech/code/gocode/src/github.com/johntech-o/gorpc/server.go:57 +0x98

goroutine 10322 [IO wait]:
net.runtime_pollWait(0x7a7a00, 0x72, 0xc820012190)
	/usr/local/go/src/runtime/netpoll.go:157 +0x60
net.(*pollDesc).Wait(0xc820113e90, 0x72, 0x0, 0x0)
	/usr/local/go/src/net/fd_poll_runtime.go:73 +0x3a
net.(*pollDesc).WaitRead(0xc820113e90, 0x0, 0x0)
	/usr/local/go/src/net/fd_poll_runtime.go:78 +0x36
net.(*netFD).Read(0xc820113e30, 0xc82340a000, 0x1000, 0x1000, 0x0, 0x7a0050, 0xc820012190)
	/usr/local/go/src/net/fd_unix.go:232 +0x23a
net.(*conn).Read(0xc8232e80b0, 0xc82340a000, 0x1000, 0x1000, 0x0, 0x0, 0x0)
	/usr/local/go/src/net/net.go:172 +0xe4
bufio.(*Reader).fill(0xc82330e600)
	/usr/local/go/src/bufio/bufio.go:97 +0x1e9
bufio.(*Reader).Read(0xc82330e600, 0xc82461ec40, 0x1, 0x9, 0x525128, 0x0, 0x0)
	/usr/local/go/src/bufio/bufio.go:207 +0x260
io.ReadAtLeast(0x7a5d58, 0xc82330e600, 0xc82461ec40, 0x1, 0x9, 0x1, 0x0, 0x0, 0x0)
	/usr/local/go/src/io/io.go:298 +0xe6
io.ReadFull(0x7a5d58, 0xc82330e600, 0xc82461ec40, 0x1, 0x9, 0xc8201714f0, 0x0, 0x0)
	/usr/local/go/src/io/io.go:316 +0x62
encoding/gob.decodeUintReader(0x7a5d58, 0xc82330e600, 0xc82461ec40, 0x9, 0x9, 0x0, 0x1, 0x0, 0x0)
	/usr/local/go/src/encoding/gob/decode.go:121 +0x92
encoding/gob.(*Decoder).recvMessage(0xc820171480, 0xc828687c20)
	/usr/local/go/src/encoding/gob/decoder.go:76 +0x5e
encoding/gob.(*Decoder).decodeTypeSequence(0xc820171480, 0x525e00, 0xc820171480)
	/usr/local/go/src/encoding/gob/decoder.go:140 +0x47
encoding/gob.(*Decoder).DecodeValue(0xc820171480, 0x3c4a60, 0xc823612960, 0x16, 0x0, 0x0)
	/usr/local/go/src/encoding/gob/decoder.go:208 +0x15d
encoding/gob.(*Decoder).Decode(0xc820171480, 0x3c4a60, 0xc823612960, 0x0, 0x0)
	/usr/local/go/src/encoding/gob/decoder.go:185 +0x289
github.com/johntech-o/gorpc.(*ConnDriver).ReadResponseHeader(0xc824ac4240, 0xc823612960, 0x0, 0x0)
	/Users/johntech/code/gocode/src/github.com/johntech-o/gorpc/driverConn.go:115 +0x51
github.com/johntech-o/gorpc.(*ConnPool).serveRead(0xc82011e0a0, 0xc824ac4240)
	/Users/johntech/code/gocode/src/github.com/johntech-o/gorpc/connPool.go:159 +0x782
created by github.com/johntech-o/gorpc.(*ConnPool).createConn
	/Users/johntech/code/gocode/src/github.com/johntech-o/gorpc/connPool.go:55 +0xc9

goroutine 65 [IO wait]:
net.runtime_pollWait(0x7a9200, 0x72, 0xc820012190)
	/usr/local/go/src/runtime/netpoll.go:157 +0x60
net.(*pollDesc).Wait(0xc822ff7fe0, 0x72, 0x0, 0x0)
	/usr/local/go/src/net/fd_poll_runtime.go:73 +0x3a
net.(*pollDesc).WaitRead(0xc822ff7fe0, 0x0, 0x0)
	/usr/local/go/src/net/fd_poll_runtime.go:78 +0x36
net.(*netFD).Read(0xc822ff7f80, 0xc823328000, 0x1000, 0x1000, 0x0, 0x7a0050, 0xc820012190)
	/usr/local/go/src/net/fd_unix.go:232 +0x23a
net.(*conn).Read(0xc8201164b0, 0xc823328000, 0x1000, 0x1000, 0x18, 0x0, 0x0)
	/usr/local/go/src/net/net.go:172 +0xe4
github.com/johntech-o/gorpc.(*Connection).Read(0xc8230c6910, 0xc823328000, 0x1000, 0x1000, 0x3, 0x0, 0x0)
	/Users/johntech/code/gocode/src/github.com/johntech-o/gorpc/driverConn.go:57 +0x5b
bufio.(*Reader).fill(0xc82325a2a0)
	/usr/local/go/src/bufio/bufio.go:97 +0x1e9
bufio.(*Reader).Read(0xc82325a2a0, 0xc824c32450, 0x1, 0x9, 0xc823044650, 0x0, 0x0)
	/usr/local/go/src/bufio/bufio.go:207 +0x260
io.ReadAtLeast(0x7a5d58, 0xc82325a2a0, 0xc824c32450, 0x1, 0x9, 0x1, 0x0, 0x0, 0x0)
	/usr/local/go/src/io/io.go:298 +0xe6
io.ReadFull(0x7a5d58, 0xc82325a2a0, 0xc824c32450, 0x1, 0x9, 0xc822ded070, 0x0, 0x0)
	/usr/local/go/src/io/io.go:316 +0x62
encoding/gob.decodeUintReader(0x7a5d58, 0xc82325a2a0, 0xc824c32450, 0x9, 0x9, 0x0, 0x1, 0x0, 0x0)
	/usr/local/go/src/encoding/gob/decode.go:121 +0x92
encoding/gob.(*Decoder).recvMessage(0xc822ded000, 0xc82305dbe0)
	/usr/local/go/src/encoding/gob/decoder.go:76 +0x5e
encoding/gob.(*Decoder).decodeTypeSequence(0xc822ded000, 0x525e00, 0xc822ded000)
	/usr/local/go/src/encoding/gob/decoder.go:140 +0x47
encoding/gob.(*Decoder).DecodeValue(0xc822ded000, 0x3c49a0, 0xc823044660, 0x16, 0x0, 0x0)
	/usr/local/go/src/encoding/gob/decoder.go:208 +0x15d
encoding/gob.(*Decoder).Decode(0xc822ded000, 0x3c49a0, 0xc823044660, 0x0, 0x0)
	/usr/local/go/src/encoding/gob/decoder.go:185 +0x289
github.com/johntech-o/gorpc.(*ConnDriver).ReadRequestHeader(0xc820180fc0, 0xc823044660, 0x0, 0x0)
	/Users/johntech/code/gocode/src/github.com/johntech-o/gorpc/driverConn.go:87 +0x51
github.com/johntech-o/gorpc.(*Server).ServeLoop(0xc820114040, 0xc820180fc0)
	/Users/johntech/code/gocode/src/github.com/johntech-o/gorpc/server.go:76 +0x289
github.com/johntech-o/gorpc.(*Server).serveConn(0xc820114040, 0xc8201164b0)
	/Users/johntech/code/gocode/src/github.com/johntech-o/gorpc/server.go:63 +0x43
created by github.com/johntech-o/gorpc.(*Server).Serve
	/Users/johntech/code/gocode/src/github.com/johntech-o/gorpc/server.go:57 +0x98

goroutine 1361 [select]:
github.com/johntech-o/gorpc.(*ConnPool).serveWrite(0xc82011e0a0, 0xc824a5c000)
	/Users/johntech/code/gocode/src/github.com/johntech-o/gorpc/connPool.go:215 +0x6b6
created by github.com/johntech-o/gorpc.(*ConnPool).createConn
	/Users/johntech/code/gocode/src/github.com/johntech-o/gorpc/connPool.go:56 +0xf5

goroutine 1360 [IO wait]:
net.runtime_pollWait(0x7a67c0, 0x72, 0xc820012190)
	/usr/local/go/src/runtime/netpoll.go:157 +0x60
net.(*pollDesc).Wait(0xc82014e450, 0x72, 0x0, 0x0)
	/usr/local/go/src/net/fd_poll_runtime.go:73 +0x3a
net.(*pollDesc).WaitRead(0xc82014e450, 0x0, 0x0)
	/usr/local/go/src/net/fd_poll_runtime.go:78 +0x36
net.(*netFD).Read(0xc82014e3f0, 0xc823280000, 0x1000, 0x1000, 0x0, 0x7a0050, 0xc820012190)
	/usr/local/go/src/net/fd_unix.go:232 +0x23a
net.(*conn).Read(0xc820116418, 0xc823280000, 0x1000, 0x1000, 0x0, 0x0, 0x0)
	/usr/local/go/src/net/net.go:172 +0xe4
bufio.(*Reader).fill(0xc82325a0c0)
	/usr/local/go/src/bufio/bufio.go:97 +0x1e9
bufio.(*Reader).Read(0xc82325a0c0, 0xc82461ec10, 0x1, 0x9, 0x525128, 0x0, 0x0)
	/usr/local/go/src/bufio/bufio.go:207 +0x260
io.ReadAtLeast(0x7a5d58, 0xc82325a0c0, 0xc82461ec10, 0x1, 0x9, 0x1, 0x0, 0x0, 0x0)
	/usr/local/go/src/io/io.go:298 +0xe6
io.ReadFull(0x7a5d58, 0xc82325a0c0, 0xc82461ec10, 0x1, 0x9, 0xc822decdf0, 0x0, 0x0)
	/usr/local/go/src/io/io.go:316 +0x62
encoding/gob.decodeUintReader(0x7a5d58, 0xc82325a0c0, 0xc82461ec10, 0x9, 0x9, 0x0, 0x1, 0x0, 0x0)
	/usr/local/go/src/encoding/gob/decode.go:121 +0x92
encoding/gob.(*Decoder).recvMessage(0xc822decd80, 0xc82438bc30)
	/usr/local/go/src/encoding/gob/decoder.go:76 +0x5e
encoding/gob.(*Decoder).decodeTypeSequence(0xc822decd80, 0x525e00, 0xc822decd80)
	/usr/local/go/src/encoding/gob/decoder.go:140 +0x47
encoding/gob.(*Decoder).DecodeValue(0xc822decd80, 0x3c4a60, 0xc823612c00, 0x16, 0x0, 0x0)
	/usr/local/go/src/encoding/gob/decoder.go:208 +0x15d
encoding/gob.(*Decoder).Decode(0xc822decd80, 0x3c4a60, 0xc823612c00, 0x0, 0x0)
	/usr/local/go/src/encoding/gob/decoder.go:185 +0x289
github.com/johntech-o/gorpc.(*ConnDriver).ReadResponseHeader(0xc824a5c000, 0xc823612c00, 0x0, 0x0)
	/Users/johntech/code/gocode/src/github.com/johntech-o/gorpc/driverConn.go:115 +0x51
github.com/johntech-o/gorpc.(*ConnPool).serveRead(0xc82011e0a0, 0xc824a5c000)
	/Users/johntech/code/gocode/src/github.com/johntech-o/gorpc/connPool.go:159 +0x782
created by github.com/johntech-o/gorpc.(*ConnPool).createConn
	/Users/johntech/code/gocode/src/github.com/johntech-o/gorpc/connPool.go:55 +0xc9

goroutine 265 [IO wait]:
net.runtime_pollWait(0x7a71c0, 0x72, 0xc820012190)
	/usr/local/go/src/runtime/netpoll.go:157 +0x60
net.(*pollDesc).Wait(0xc82005d560, 0x72, 0x0, 0x0)
	/usr/local/go/src/net/fd_poll_runtime.go:73 +0x3a
net.(*pollDesc).WaitRead(0xc82005d560, 0x0, 0x0)
	/usr/local/go/src/net/fd_poll_runtime.go:78 +0x36
net.(*netFD).Read(0xc82005d500, 0xc823358000, 0x1000, 0x1000, 0x0, 0x7a0050, 0xc820012190)
	/usr/local/go/src/net/fd_unix.go:232 +0x23a
net.(*conn).Read(0xc8232e8050, 0xc823358000, 0x1000, 0x1000, 0x0, 0x0, 0x0)
	/usr/local/go/src/net/net.go:172 +0xe4
bufio.(*Reader).fill(0xc82330e180)
	/usr/local/go/src/bufio/bufio.go:97 +0x1e9
bufio.(*Reader).Read(0xc82330e180, 0xc8246cf050, 0x1, 0x9, 0x525128, 0x0, 0x0)
	/usr/local/go/src/bufio/bufio.go:207 +0x260
io.ReadAtLeast(0x7a5d58, 0xc82330e180, 0xc8246cf050, 0x1, 0x9, 0x1, 0x0, 0x0, 0x0)
	/usr/local/go/src/io/io.go:298 +0xe6
io.ReadFull(0x7a5d58, 0xc82330e180, 0xc8246cf050, 0x1, 0x9, 0xc820170ef0, 0x0, 0x0)
	/usr/local/go/src/io/io.go:316 +0x62
encoding/gob.decodeUintReader(0x7a5d58, 0xc82330e180, 0xc8246cf050, 0x9, 0x9, 0x0, 0x1, 0x0, 0x0)
	/usr/local/go/src/encoding/gob/decode.go:121 +0x92
encoding/gob.(*Decoder).recvMessage(0xc820170e80, 0xc82438ec30)
	/usr/local/go/src/encoding/gob/decoder.go:76 +0x5e
encoding/gob.(*Decoder).decodeTypeSequence(0xc820170e80, 0x525e00, 0xc820170e80)
	/usr/local/go/src/encoding/gob/decoder.go:140 +0x47
encoding/gob.(*Decoder).DecodeValue(0xc820170e80, 0x3c4a60, 0xc822e278e0, 0x16, 0x0, 0x0)
	/usr/local/go/src/encoding/gob/decoder.go:208 +0x15d
encoding/gob.(*Decoder).Decode(0xc820170e80, 0x3c4a60, 0xc822e278e0, 0x0, 0x0)
	/usr/local/go/src/encoding/gob/decoder.go:185 +0x289
github.com/johntech-o/gorpc.(*ConnDriver).ReadResponseHeader(0xc820086c60, 0xc822e278e0, 0x0, 0x0)
	/Users/johntech/code/gocode/src/github.com/johntech-o/gorpc/driverConn.go:115 +0x51
github.com/johntech-o/gorpc.(*ConnPool).serveRead(0xc82011e0a0, 0xc820086c60)
	/Users/johntech/code/gocode/src/github.com/johntech-o/gorpc/connPool.go:159 +0x782
created by github.com/johntech-o/gorpc.(*ConnPool).createConn
	/Users/johntech/code/gocode/src/github.com/johntech-o/gorpc/connPool.go:55 +0xc9

goroutine 1115 [IO wait]:
net.runtime_pollWait(0x7a77c0, 0x72, 0xc820012190)
	/usr/local/go/src/runtime/netpoll.go:157 +0x60
net.(*pollDesc).Wait(0xc820113f00, 0x72, 0x0, 0x0)
	/usr/local/go/src/net/fd_poll_runtime.go:73 +0x3a
net.(*pollDesc).WaitRead(0xc820113f00, 0x0, 0x0)
	/usr/local/go/src/net/fd_poll_runtime.go:78 +0x36
net.(*netFD).Read(0xc820113ea0, 0xc8233e6000, 0x1000, 0x1000, 0x0, 0x7a0050, 0xc820012190)
	/usr/local/go/src/net/fd_unix.go:232 +0x23a
net.(*conn).Read(0xc8232e8098, 0xc8233e6000, 0x1000, 0x1000, 0x0, 0x0, 0x0)
	/usr/local/go/src/net/net.go:172 +0xe4
bufio.(*Reader).fill(0xc82330e4e0)
	/usr/local/go/src/bufio/bufio.go:97 +0x1e9
bufio.(*Reader).Read(0xc82330e4e0, 0xc8246cf060, 0x1, 0x9, 0x525128, 0x0, 0x0)
	/usr/local/go/src/bufio/bufio.go:207 +0x260
io.ReadAtLeast(0x7a5d58, 0xc82330e4e0, 0xc8246cf060, 0x1, 0x9, 0x1, 0x0, 0x0, 0x0)
	/usr/local/go/src/io/io.go:298 +0xe6
io.ReadFull(0x7a5d58, 0xc82330e4e0, 0xc8246cf060, 0x1, 0x9, 0xc820171370, 0x0, 0x0)
	/usr/local/go/src/io/io.go:316 +0x62
encoding/gob.decodeUintReader(0x7a5d58, 0xc82330e4e0, 0xc8246cf060, 0x9, 0x9, 0x0, 0x1, 0x0, 0x0)
	/usr/local/go/src/encoding/gob/decode.go:121 +0x92
encoding/gob.(*Decoder).recvMessage(0xc820171300, 0xc82b9b0c30)
	/usr/local/go/src/encoding/gob/decoder.go:76 +0x5e
encoding/gob.(*Decoder).decodeTypeSequence(0xc820171300, 0x525e00, 0xc820171300)
	/usr/local/go/src/encoding/gob/decoder.go:140 +0x47
encoding/gob.(*Decoder).DecodeValue(0xc820171300, 0x3c4a60, 0xc824ad0060, 0x16, 0x0, 0x0)
	/usr/local/go/src/encoding/gob/decoder.go:208 +0x15d
encoding/gob.(*Decoder).Decode(0xc820171300, 0x3c4a60, 0xc824ad0060, 0x0, 0x0)
	/usr/local/go/src/encoding/gob/decoder.go:185 +0x289
github.com/johntech-o/gorpc.(*ConnDriver).ReadResponseHeader(0xc820180120, 0xc824ad0060, 0x0, 0x0)
	/Users/johntech/code/gocode/src/github.com/johntech-o/gorpc/driverConn.go:115 +0x51
github.com/johntech-o/gorpc.(*ConnPool).serveRead(0xc82011e0a0, 0xc820180120)
	/Users/johntech/code/gocode/src/github.com/johntech-o/gorpc/connPool.go:159 +0x782
created by github.com/johntech-o/gorpc.(*ConnPool).createConn
	/Users/johntech/code/gocode/src/github.com/johntech-o/gorpc/connPool.go:55 +0xc9

goroutine 1116 [select]:
github.com/johntech-o/gorpc.(*ConnPool).serveWrite(0xc82011e0a0, 0xc820180120)
	/Users/johntech/code/gocode/src/github.com/johntech-o/gorpc/connPool.go:215 +0x6b6
created by github.com/johntech-o/gorpc.(*ConnPool).createConn
	/Users/johntech/code/gocode/src/github.com/johntech-o/gorpc/connPool.go:56 +0xf5

goroutine 10114 [IO wait]:
net.runtime_pollWait(0x7a6d00, 0x72, 0xc820012190)
	/usr/local/go/src/runtime/netpoll.go:157 +0x60
net.(*pollDesc).Wait(0xc820113a30, 0x72, 0x0, 0x0)
	/usr/local/go/src/net/fd_poll_runtime.go:73 +0x3a
net.(*pollDesc).WaitRead(0xc820113a30, 0x0, 0x0)
	/usr/local/go/src/net/fd_poll_runtime.go:78 +0x36
net.(*netFD).Read(0xc8201139d0, 0xc8232a6000, 0x1000, 0x1000, 0x0, 0x7a0050, 0xc820012190)
	/usr/local/go/src/net/fd_unix.go:232 +0x23a
net.(*conn).Read(0xc823220060, 0xc8232a6000, 0x1000, 0x1000, 0x0, 0x0, 0x0)
	/usr/local/go/src/net/net.go:172 +0xe4
bufio.(*Reader).fill(0xc823127680)
	/usr/local/go/src/bufio/bufio.go:97 +0x1e9
bufio.(*Reader).Read(0xc823127680, 0xc8245b5810, 0x1, 0x9, 0x525128, 0x0, 0x0)
	/usr/local/go/src/bufio/bufio.go:207 +0x260
io.ReadAtLeast(0x7a5d58, 0xc823127680, 0xc8245b5810, 0x1, 0x9, 0x1, 0x0, 0x0, 0x0)
	/usr/local/go/src/io/io.go:298 +0xe6
io.ReadFull(0x7a5d58, 0xc823127680, 0xc8245b5810, 0x1, 0x9, 0xc82011b8f0, 0x0, 0x0)
	/usr/local/go/src/io/io.go:316 +0x62
encoding/gob.decodeUintReader(0x7a5d58, 0xc823127680, 0xc8245b5810, 0x9, 0x9, 0x0, 0x1, 0x0, 0x0)
	/usr/local/go/src/encoding/gob/decode.go:121 +0x92
encoding/gob.(*Decoder).recvMessage(0xc82011b880, 0xc827a95c30)
	/usr/local/go/src/encoding/gob/decoder.go:76 +0x5e
encoding/gob.(*Decoder).decodeTypeSequence(0xc82011b880, 0x525e00, 0xc82011b880)
	/usr/local/go/src/encoding/gob/decoder.go:140 +0x47
encoding/gob.(*Decoder).DecodeValue(0xc82011b880, 0x3c4a60, 0xc824bf4900, 0x16, 0x0, 0x0)
	/usr/local/go/src/encoding/gob/decoder.go:208 +0x15d
encoding/gob.(*Decoder).Decode(0xc82011b880, 0x3c4a60, 0xc824bf4900, 0x0, 0x0)
	/usr/local/go/src/encoding/gob/decoder.go:185 +0x289
github.com/johntech-o/gorpc.(*ConnDriver).ReadResponseHeader(0xc8230ee090, 0xc824bf4900, 0x0, 0x0)
	/Users/johntech/code/gocode/src/github.com/johntech-o/gorpc/driverConn.go:115 +0x51
github.com/johntech-o/gorpc.(*ConnPool).serveRead(0xc82011e0a0, 0xc8230ee090)
	/Users/johntech/code/gocode/src/github.com/johntech-o/gorpc/connPool.go:159 +0x782
created by github.com/johntech-o/gorpc.(*ConnPool).createConn
	/Users/johntech/code/gocode/src/github.com/johntech-o/gorpc/connPool.go:55 +0xc9

goroutine 10115 [select]:
github.com/johntech-o/gorpc.(*ConnPool).serveWrite(0xc82011e0a0, 0xc8230ee090)
	/Users/johntech/code/gocode/src/github.com/johntech-o/gorpc/connPool.go:215 +0x6b6
created by github.com/johntech-o/gorpc.(*ConnPool).createConn
	/Users/johntech/code/gocode/src/github.com/johntech-o/gorpc/connPool.go:56 +0xf5

goroutine 266 [select]:
github.com/johntech-o/gorpc.(*ConnPool).serveWrite(0xc82011e0a0, 0xc820086c60)
	/Users/johntech/code/gocode/src/github.com/johntech-o/gorpc/connPool.go:215 +0x6b6
created by github.com/johntech-o/gorpc.(*ConnPool).createConn
	/Users/johntech/code/gocode/src/github.com/johntech-o/gorpc/connPool.go:56 +0xf5

goroutine 10130 [IO wait]:
net.runtime_pollWait(0x18c0440, 0x72, 0xc820012190)
	/usr/local/go/src/runtime/netpoll.go:157 +0x60
net.(*pollDesc).Wait(0xc820113d40, 0x72, 0x0, 0x0)
	/usr/local/go/src/net/fd_poll_runtime.go:73 +0x3a
net.(*pollDesc).WaitRead(0xc820113d40, 0x0, 0x0)
	/usr/local/go/src/net/fd_poll_runtime.go:78 +0x36
net.(*netFD).Read(0xc820113ce0, 0xc823256000, 0x1000, 0x1000, 0x0, 0x7a0050, 0xc820012190)
	/usr/local/go/src/net/fd_unix.go:232 +0x23a
net.(*conn).Read(0xc82015c078, 0xc823256000, 0x1000, 0x1000, 0x0, 0x0, 0x0)
	/usr/local/go/src/net/net.go:172 +0xe4
bufio.(*Reader).fill(0xc8231e6780)
	/usr/local/go/src/bufio/bufio.go:97 +0x1e9
bufio.(*Reader).Read(0xc8231e6780, 0xc8244e99a0, 0x1, 0x9, 0x525128, 0x0, 0x0)
	/usr/local/go/src/bufio/bufio.go:207 +0x260
io.ReadAtLeast(0x7a5d58, 0xc8231e6780, 0xc8244e99a0, 0x1, 0x9, 0x1, 0x0, 0x0, 0x0)
	/usr/local/go/src/io/io.go:298 +0xe6
io.ReadFull(0x7a5d58, 0xc8231e6780, 0xc8244e99a0, 0x1, 0x9, 0xc82009d0f0, 0x0, 0x0)
	/usr/local/go/src/io/io.go:316 +0x62
encoding/gob.decodeUintReader(0x7a5d58, 0xc8231e6780, 0xc8244e99a0, 0x9, 0x9, 0x0, 0x1, 0x0, 0x0)
	/usr/local/go/src/encoding/gob/decode.go:121 +0x92
encoding/gob.(*Decoder).recvMessage(0xc82009d080, 0xc82302ec30)
	/usr/local/go/src/encoding/gob/decoder.go:76 +0x5e
encoding/gob.(*Decoder).decodeTypeSequence(0xc82009d080, 0x525e00, 0xc82009d080)
	/usr/local/go/src/encoding/gob/decoder.go:140 +0x47
encoding/gob.(*Decoder).DecodeValue(0xc82009d080, 0x3c4a60, 0xc824ad0820, 0x16, 0x0, 0x0)
	/usr/local/go/src/encoding/gob/decoder.go:208 +0x15d
encoding/gob.(*Decoder).Decode(0xc82009d080, 0x3c4a60, 0xc824ad0820, 0x0, 0x0)
	/usr/local/go/src/encoding/gob/decoder.go:185 +0x289
github.com/johntech-o/gorpc.(*ConnDriver).ReadResponseHeader(0xc820124240, 0xc824ad0820, 0x0, 0x0)
	/Users/johntech/code/gocode/src/github.com/johntech-o/gorpc/driverConn.go:115 +0x51
github.com/johntech-o/gorpc.(*ConnPool).serveRead(0xc82011e0a0, 0xc820124240)
	/Users/johntech/code/gocode/src/github.com/johntech-o/gorpc/connPool.go:159 +0x782
created by github.com/johntech-o/gorpc.(*ConnPool).createConn
	/Users/johntech/code/gocode/src/github.com/johntech-o/gorpc/connPool.go:55 +0xc9

goroutine 10131 [select]:
github.com/johntech-o/gorpc.(*ConnPool).serveWrite(0xc82011e0a0, 0xc820124240)
	/Users/johntech/code/gocode/src/github.com/johntech-o/gorpc/connPool.go:215 +0x6b6
created by github.com/johntech-o/gorpc.(*ConnPool).createConn
	/Users/johntech/code/gocode/src/github.com/johntech-o/gorpc/connPool.go:56 +0xf5

goroutine 10147 [select]:
github.com/johntech-o/gorpc.(*ConnPool).serveWrite(0xc82011e0a0, 0xc824a6c120)
	/Users/johntech/code/gocode/src/github.com/johntech-o/gorpc/connPool.go:215 +0x6b6
created by github.com/johntech-o/gorpc.(*ConnPool).createConn
	/Users/johntech/code/gocode/src/github.com/johntech-o/gorpc/connPool.go:56 +0xf5

goroutine 1117 [IO wait]:
net.runtime_pollWait(0x7a8300, 0x72, 0xc820012190)
	/usr/local/go/src/runtime/netpoll.go:157 +0x60
net.(*pollDesc).Wait(0xc822df8a70, 0x72, 0x0, 0x0)
	/usr/local/go/src/net/fd_poll_runtime.go:73 +0x3a
net.(*pollDesc).WaitRead(0xc822df8a70, 0x0, 0x0)
	/usr/local/go/src/net/fd_poll_runtime.go:78 +0x36
net.(*netFD).Read(0xc822df8a10, 0xc8232f4000, 0x1000, 0x1000, 0x0, 0x7a0050, 0xc820012190)
	/usr/local/go/src/net/fd_unix.go:232 +0x23a
net.(*conn).Read(0xc8232e8010, 0xc8232f4000, 0x1000, 0x1000, 0x0, 0x0, 0x0)
	/usr/local/go/src/net/net.go:172 +0xe4
bufio.(*Reader).fill(0xc823163ec0)
	/usr/local/go/src/bufio/bufio.go:97 +0x1e9
bufio.(*Reader).Read(0xc823163ec0, 0xc8246cf170, 0x1, 0x9, 0x525128, 0x0, 0x0)
	/usr/local/go/src/bufio/bufio.go:207 +0x260
io.ReadAtLeast(0x7a5d58, 0xc823163ec0, 0xc8246cf170, 0x1, 0x9, 0x1, 0x0, 0x0, 0x0)
	/usr/local/go/src/io/io.go:298 +0xe6
io.ReadFull(0x7a5d58, 0xc823163ec0, 0xc8246cf170, 0x1, 0x9, 0xc820170b70, 0x0, 0x0)
	/usr/local/go/src/io/io.go:316 +0x62
encoding/gob.decodeUintReader(0x7a5d58, 0xc823163ec0, 0xc8246cf170, 0x9, 0x9, 0x0, 0x1, 0x0, 0x0)
	/usr/local/go/src/encoding/gob/decode.go:121 +0x92
encoding/gob.(*Decoder).recvMessage(0xc820170b00, 0xc824391c30)
	/usr/local/go/src/encoding/gob/decoder.go:76 +0x5e
encoding/gob.(*Decoder).decodeTypeSequence(0xc820170b00, 0x525e00, 0xc820170b00)
	/usr/local/go/src/encoding/gob/decoder.go:140 +0x47
encoding/gob.(*Decoder).DecodeValue(0xc820170b00, 0x3c4a60, 0xc824ad0200, 0x16, 0x0, 0x0)
	/usr/local/go/src/encoding/gob/decoder.go:208 +0x15d
encoding/gob.(*Decoder).Decode(0xc820170b00, 0x3c4a60, 0xc824ad0200, 0x0, 0x0)
	/usr/local/go/src/encoding/gob/decoder.go:185 +0x289
github.com/johntech-o/gorpc.(*ConnDriver).ReadResponseHeader(0xc820180240, 0xc824ad0200, 0x0, 0x0)
	/Users/johntech/code/gocode/src/github.com/johntech-o/gorpc/driverConn.go:115 +0x51
github.com/johntech-o/gorpc.(*ConnPool).serveRead(0xc82011e0a0, 0xc820180240)
	/Users/johntech/code/gocode/src/github.com/johntech-o/gorpc/connPool.go:159 +0x782
created by github.com/johntech-o/gorpc.(*ConnPool).createConn
	/Users/johntech/code/gocode/src/github.com/johntech-o/gorpc/connPool.go:55 +0xc9

goroutine 1118 [select]:
github.com/johntech-o/gorpc.(*ConnPool).serveWrite(0xc82011e0a0, 0xc820180240)
	/Users/johntech/code/gocode/src/github.com/johntech-o/gorpc/connPool.go:215 +0x6b6
created by github.com/johntech-o/gorpc.(*ConnPool).createConn
	/Users/johntech/code/gocode/src/github.com/johntech-o/gorpc/connPool.go:56 +0xf5

goroutine 10113 [IO wait]:
net.runtime_pollWait(0x18c02c0, 0x72, 0xc820012190)
	/usr/local/go/src/runtime/netpoll.go:157 +0x60
net.(*pollDesc).Wait(0xc822df8610, 0x72, 0x0, 0x0)
	/usr/local/go/src/net/fd_poll_runtime.go:73 +0x3a
net.(*pollDesc).WaitRead(0xc822df8610, 0x0, 0x0)
	/usr/local/go/src/net/fd_poll_runtime.go:78 +0x36
net.(*netFD).Read(0xc822df85b0, 0xc82323e000, 0x1000, 0x1000, 0x0, 0x7a0050, 0xc820012190)
	/usr/local/go/src/net/fd_unix.go:232 +0x23a
net.(*conn).Read(0xc82015c068, 0xc82323e000, 0x1000, 0x1000, 0x0, 0x0, 0x0)
	/usr/local/go/src/net/net.go:172 +0xe4
bufio.(*Reader).fill(0xc8231e66c0)
	/usr/local/go/src/bufio/bufio.go:97 +0x1e9
bufio.(*Reader).Read(0xc8231e66c0, 0xc822daae90, 0x1, 0x9, 0x525128, 0x0, 0x0)
	/usr/local/go/src/bufio/bufio.go:207 +0x260
io.ReadAtLeast(0x7a5d58, 0xc8231e66c0, 0xc822daae90, 0x1, 0x9, 0x1, 0x0, 0x0, 0x0)
	/usr/local/go/src/io/io.go:298 +0xe6
io.ReadFull(0x7a5d58, 0xc8231e66c0, 0xc822daae90, 0x1, 0x9, 0xc82009cff0, 0x0, 0x0)
	/usr/local/go/src/io/io.go:316 +0x62
encoding/gob.decodeUintReader(0x7a5d58, 0xc8231e66c0, 0xc822daae90, 0x9, 0x9, 0x0, 0x1, 0x0, 0x0)
	/usr/local/go/src/encoding/gob/decode.go:121 +0x92
encoding/gob.(*Decoder).recvMessage(0xc82009cf80, 0xc827611c30)
	/usr/local/go/src/encoding/gob/decoder.go:76 +0x5e
encoding/gob.(*Decoder).decodeTypeSequence(0xc82009cf80, 0x525e00, 0xc82009cf80)
	/usr/local/go/src/encoding/gob/decoder.go:140 +0x47
encoding/gob.(*Decoder).DecodeValue(0xc82009cf80, 0x3c4a60, 0xc824c8e5c0, 0x16, 0x0, 0x0)
	/usr/local/go/src/encoding/gob/decoder.go:208 +0x15d
encoding/gob.(*Decoder).Decode(0xc82009cf80, 0x3c4a60, 0xc824c8e5c0, 0x0, 0x0)
	/usr/local/go/src/encoding/gob/decoder.go:185 +0x289
github.com/johntech-o/gorpc.(*ConnDriver).ReadResponseHeader(0xc824aae000, 0xc824c8e5c0, 0x0, 0x0)
	/Users/johntech/code/gocode/src/github.com/johntech-o/gorpc/driverConn.go:115 +0x51
github.com/johntech-o/gorpc.(*ConnPool).serveRead(0xc82011e0a0, 0xc824aae000)
	/Users/johntech/code/gocode/src/github.com/johntech-o/gorpc/connPool.go:159 +0x782
created by github.com/johntech-o/gorpc.(*ConnPool).createConn
	/Users/johntech/code/gocode/src/github.com/johntech-o/gorpc/connPool.go:55 +0xc9

goroutine 10162 [select]:
github.com/johntech-o/gorpc.(*ConnPool).serveWrite(0xc82011e0a0, 0xc824aae000)
	/Users/johntech/code/gocode/src/github.com/johntech-o/gorpc/connPool.go:215 +0x6b6
created by github.com/johntech-o/gorpc.(*ConnPool).createConn
	/Users/johntech/code/gocode/src/github.com/johntech-o/gorpc/connPool.go:56 +0xf5

goroutine 67 [IO wait]:
net.runtime_pollWait(0x7a8540, 0x72, 0xc820012190)
	/usr/local/go/src/runtime/netpoll.go:157 +0x60
net.(*pollDesc).Wait(0xc822e22920, 0x72, 0x0, 0x0)
	/usr/local/go/src/net/fd_poll_runtime.go:73 +0x3a
net.(*pollDesc).WaitRead(0xc822e22920, 0x0, 0x0)
	/usr/local/go/src/net/fd_poll_runtime.go:78 +0x36
net.(*netFD).Read(0xc822e228c0, 0xc824096000, 0x1000, 0x1000, 0x0, 0x7a0050, 0xc820012190)
	/usr/local/go/src/net/fd_unix.go:232 +0x23a
net.(*conn).Read(0xc8201164e8, 0xc824096000, 0x1000, 0x1000, 0x0, 0x0, 0x0)
	/usr/local/go/src/net/net.go:172 +0xe4
bufio.(*Reader).fill(0xc82325aae0)
	/usr/local/go/src/bufio/bufio.go:97 +0x1e9
bufio.(*Reader).Read(0xc82325aae0, 0xc824ab4000, 0x1, 0x9, 0x525128, 0x0, 0x0)
	/usr/local/go/src/bufio/bufio.go:207 +0x260
io.ReadAtLeast(0x7a5d58, 0xc82325aae0, 0xc824ab4000, 0x1, 0x9, 0x1, 0x0, 0x0, 0x0)
	/usr/local/go/src/io/io.go:298 +0xe6
io.ReadFull(0x7a5d58, 0xc82325aae0, 0xc824ab4000, 0x1, 0x9, 0xc822ded9f0, 0x0, 0x0)
	/usr/local/go/src/io/io.go:316 +0x62
encoding/gob.decodeUintReader(0x7a5d58, 0xc82325aae0, 0xc824ab4000, 0x9, 0x9, 0x0, 0x1, 0x0, 0x0)
	/usr/local/go/src/encoding/gob/decode.go:121 +0x92
encoding/gob.(*Decoder).recvMessage(0xc822ded980, 0xc826d2ec30)
	/usr/local/go/src/encoding/gob/decoder.go:76 +0x5e
encoding/gob.(*Decoder).decodeTypeSequence(0xc822ded980, 0x525e00, 0xc822ded980)
	/usr/local/go/src/encoding/gob/decoder.go:140 +0x47
encoding/gob.(*Decoder).DecodeValue(0xc822ded980, 0x3c4a60, 0xc830bf7e60, 0x16, 0x0, 0x0)
	/usr/local/go/src/encoding/gob/decoder.go:208 +0x15d
encoding/gob.(*Decoder).Decode(0xc822ded980, 0x3c4a60, 0xc830bf7e60, 0x0, 0x0)
	/usr/local/go/src/encoding/gob/decoder.go:185 +0x289
github.com/johntech-o/gorpc.(*ConnDriver).ReadResponseHeader(0xc824ac4000, 0xc830bf7e60, 0x0, 0x0)
	/Users/johntech/code/gocode/src/github.com/johntech-o/gorpc/driverConn.go:115 +0x51
github.com/johntech-o/gorpc.(*ConnPool).serveRead(0xc82011e0a0, 0xc824ac4000)
	/Users/johntech/code/gocode/src/github.com/johntech-o/gorpc/connPool.go:159 +0x782
created by github.com/johntech-o/gorpc.(*ConnPool).createConn
	/Users/johntech/code/gocode/src/github.com/johntech-o/gorpc/connPool.go:55 +0xc9

goroutine 68 [select]:
github.com/johntech-o/gorpc.(*ConnPool).serveWrite(0xc82011e0a0, 0xc824ac4000)
	/Users/johntech/code/gocode/src/github.com/johntech-o/gorpc/connPool.go:215 +0x6b6
created by github.com/johntech-o/gorpc.(*ConnPool).createConn
	/Users/johntech/code/gocode/src/github.com/johntech-o/gorpc/connPool.go:56 +0xf5

goroutine 1119 [IO wait]:
net.runtime_pollWait(0x7a89c0, 0x72, 0xc820012190)
	/usr/local/go/src/runtime/netpoll.go:157 +0x60
net.(*pollDesc).Wait(0xc822df8990, 0x72, 0x0, 0x0)
	/usr/local/go/src/net/fd_poll_runtime.go:73 +0x3a
net.(*pollDesc).WaitRead(0xc822df8990, 0x0, 0x0)
	/usr/local/go/src/net/fd_poll_runtime.go:78 +0x36
net.(*netFD).Read(0xc822df8930, 0xc823306000, 0x1000, 0x1000, 0x0, 0x7a0050, 0xc820012190)
	/usr/local/go/src/net/fd_unix.go:232 +0x23a
net.(*conn).Read(0xc82015c110, 0xc823306000, 0x1000, 0x1000, 0x0, 0x0, 0x0)
	/usr/local/go/src/net/net.go:172 +0xe4
bufio.(*Reader).fill(0xc8231e6ea0)
	/usr/local/go/src/bufio/bufio.go:97 +0x1e9
bufio.(*Reader).Read(0xc8231e6ea0, 0xc820012270, 0x1, 0x9, 0x525128, 0x0, 0x0)
	/usr/local/go/src/bufio/bufio.go:207 +0x260
io.ReadAtLeast(0x7a5d58, 0xc8231e6ea0, 0xc820012270, 0x1, 0x9, 0x1, 0x0, 0x0, 0x0)
	/usr/local/go/src/io/io.go:298 +0xe6
io.ReadFull(0x7a5d58, 0xc8231e6ea0, 0xc820012270, 0x1, 0x9, 0xc82009da70, 0x0, 0x0)
	/usr/local/go/src/io/io.go:316 +0x62
encoding/gob.decodeUintReader(0x7a5d58, 0xc8231e6ea0, 0xc820012270, 0x9, 0x9, 0x0, 0x1, 0x0, 0x0)
	/usr/local/go/src/encoding/gob/decode.go:121 +0x92
encoding/gob.(*Decoder).recvMessage(0xc82009da00, 0xc827e3ac30)
	/usr/local/go/src/encoding/gob/decoder.go:76 +0x5e
encoding/gob.(*Decoder).decodeTypeSequence(0xc82009da00, 0x525e00, 0xc82009da00)
	/usr/local/go/src/encoding/gob/decoder.go:140 +0x47
encoding/gob.(*Decoder).DecodeValue(0xc82009da00, 0x3c4a60, 0xc823aaae20, 0x16, 0x0, 0x0)
	/usr/local/go/src/encoding/gob/decoder.go:208 +0x15d
encoding/gob.(*Decoder).Decode(0xc82009da00, 0x3c4a60, 0xc823aaae20, 0x0, 0x0)
	/usr/local/go/src/encoding/gob/decoder.go:185 +0x289
github.com/johntech-o/gorpc.(*ConnDriver).ReadResponseHeader(0xc824a5c120, 0xc823aaae20, 0x0, 0x0)
	/Users/johntech/code/gocode/src/github.com/johntech-o/gorpc/driverConn.go:115 +0x51
github.com/johntech-o/gorpc.(*ConnPool).serveRead(0xc82011e0a0, 0xc824a5c120)
	/Users/johntech/code/gocode/src/github.com/johntech-o/gorpc/connPool.go:159 +0x782
created by github.com/johntech-o/gorpc.(*ConnPool).createConn
	/Users/johntech/code/gocode/src/github.com/johntech-o/gorpc/connPool.go:55 +0xc9

goroutine 1120 [select]:
github.com/johntech-o/gorpc.(*ConnPool).serveWrite(0xc82011e0a0, 0xc824a5c120)
	/Users/johntech/code/gocode/src/github.com/johntech-o/gorpc/connPool.go:215 +0x6b6
created by github.com/johntech-o/gorpc.(*ConnPool).createConn
	/Users/johntech/code/gocode/src/github.com/johntech-o/gorpc/connPool.go:56 +0xf5

goroutine 267 [IO wait]:
net.runtime_pollWait(0x18c0980, 0x72, 0xc820012190)
	/usr/local/go/src/runtime/netpoll.go:157 +0x60
net.(*pollDesc).Wait(0xc82005d250, 0x72, 0x0, 0x0)
	/usr/local/go/src/net/fd_poll_runtime.go:73 +0x3a
net.(*pollDesc).WaitRead(0xc82005d250, 0x0, 0x0)
	/usr/local/go/src/net/fd_poll_runtime.go:78 +0x36
net.(*netFD).Read(0xc82005d1f0, 0xc8232ae000, 0x1000, 0x1000, 0x0, 0x7a0050, 0xc820012190)
	/usr/local/go/src/net/fd_unix.go:232 +0x23a
net.(*conn).Read(0xc82015c0b0, 0xc8232ae000, 0x1000, 0x1000, 0x0, 0x0, 0x0)
	/usr/local/go/src/net/net.go:172 +0xe4
bufio.(*Reader).fill(0xc8231e6a20)
	/usr/local/go/src/bufio/bufio.go:97 +0x1e9
bufio.(*Reader).Read(0xc8231e6a20, 0xc822db2020, 0x1, 0x9, 0x525128, 0x0, 0x0)
	/usr/local/go/src/bufio/bufio.go:207 +0x260
io.ReadAtLeast(0x7a5d58, 0xc8231e6a20, 0xc822db2020, 0x1, 0x9, 0x1, 0x0, 0x0, 0x0)
	/usr/local/go/src/io/io.go:298 +0xe6
io.ReadFull(0x7a5d58, 0xc8231e6a20, 0xc822db2020, 0x1, 0x9, 0xc82009d470, 0x0, 0x0)
	/usr/local/go/src/io/io.go:316 +0x62
encoding/gob.decodeUintReader(0x7a5d58, 0xc8231e6a20, 0xc822db2020, 0x9, 0x9, 0x0, 0x1, 0x0, 0x0)
	/usr/local/go/src/encoding/gob/decode.go:121 +0x92
encoding/gob.(*Decoder).recvMessage(0xc82009d400, 0xc82c342c30)
	/usr/local/go/src/encoding/gob/decoder.go:76 +0x5e
encoding/gob.(*Decoder).decodeTypeSequence(0xc82009d400, 0x525e00, 0xc82009d400)
	/usr/local/go/src/encoding/gob/decoder.go:140 +0x47
encoding/gob.(*Decoder).DecodeValue(0xc82009d400, 0x3c4a60, 0xc823aab3a0, 0x16, 0x0, 0x0)
	/usr/local/go/src/encoding/gob/decoder.go:208 +0x15d
encoding/gob.(*Decoder).Decode(0xc82009d400, 0x3c4a60, 0xc823aab3a0, 0x0, 0x0)
	/usr/local/go/src/encoding/gob/decoder.go:185 +0x289
github.com/johntech-o/gorpc.(*ConnDriver).ReadResponseHeader(0xc824a6c240, 0xc823aab3a0, 0x0, 0x0)
	/Users/johntech/code/gocode/src/github.com/johntech-o/gorpc/driverConn.go:115 +0x51
github.com/johntech-o/gorpc.(*ConnPool).serveRead(0xc82011e0a0, 0xc824a6c240)
	/Users/johntech/code/gocode/src/github.com/johntech-o/gorpc/connPool.go:159 +0x782
created by github.com/johntech-o/gorpc.(*ConnPool).createConn
	/Users/johntech/code/gocode/src/github.com/johntech-o/gorpc/connPool.go:55 +0xc9

goroutine 268 [select]:
github.com/johntech-o/gorpc.(*ConnPool).serveWrite(0xc82011e0a0, 0xc824a6c240)
	/Users/johntech/code/gocode/src/github.com/johntech-o/gorpc/connPool.go:215 +0x6b6
created by github.com/johntech-o/gorpc.(*ConnPool).createConn
	/Users/johntech/code/gocode/src/github.com/johntech-o/gorpc/connPool.go:56 +0xf5

goroutine 1121 [IO wait]:
net.runtime_pollWait(0x7a8fc0, 0x72, 0xc820012190)
	/usr/local/go/src/runtime/netpoll.go:157 +0x60
net.(*pollDesc).Wait(0xc822e22760, 0x72, 0x0, 0x0)
	/usr/local/go/src/net/fd_poll_runtime.go:73 +0x3a
net.(*pollDesc).WaitRead(0xc822e22760, 0x0, 0x0)
	/usr/local/go/src/net/fd_poll_runtime.go:78 +0x36
net.(*netFD).Read(0xc822e22700, 0xc823348000, 0x1000, 0x1000, 0x0, 0x7a0050, 0xc820012190)
	/usr/local/go/src/net/fd_unix.go:232 +0x23a
net.(*conn).Read(0xc8232e8048, 0xc823348000, 0x1000, 0x1000, 0x0, 0x0, 0x0)
	/usr/local/go/src/net/net.go:172 +0xe4
bufio.(*Reader).fill(0xc82330e120)
	/usr/local/go/src/bufio/bufio.go:97 +0x1e9
bufio.(*Reader).Read(0xc82330e120, 0xc820012570, 0x1, 0x9, 0x525128, 0x0, 0x0)
	/usr/local/go/src/bufio/bufio.go:207 +0x260
io.ReadAtLeast(0x7a5d58, 0xc82330e120, 0xc820012570, 0x1, 0x9, 0x1, 0x0, 0x0, 0x0)
	/usr/local/go/src/io/io.go:298 +0xe6
io.ReadFull(0x7a5d58, 0xc82330e120, 0xc820012570, 0x1, 0x9, 0xc820170e70, 0x0, 0x0)
	/usr/local/go/src/io/io.go:316 +0x62
encoding/gob.decodeUintReader(0x7a5d58, 0xc82330e120, 0xc820012570, 0x9, 0x9, 0x0, 0x1, 0x0, 0x0)
	/usr/local/go/src/encoding/gob/decode.go:121 +0x92
encoding/gob.(*Decoder).recvMessage(0xc820170e00, 0xc827e38c30)
	/usr/local/go/src/encoding/gob/decoder.go:76 +0x5e
encoding/gob.(*Decoder).decodeTypeSequence(0xc820170e00, 0x525e00, 0xc820170e00)
	/usr/local/go/src/encoding/gob/decoder.go:140 +0x47
encoding/gob.(*Decoder).DecodeValue(0xc820170e00, 0x3c4a60, 0xc823650480, 0x16, 0x0, 0x0)
	/usr/local/go/src/encoding/gob/decoder.go:208 +0x15d
encoding/gob.(*Decoder).Decode(0xc820170e00, 0x3c4a60, 0xc823650480, 0x0, 0x0)
	/usr/local/go/src/encoding/gob/decoder.go:185 +0x289
github.com/johntech-o/gorpc.(*ConnDriver).ReadResponseHeader(0xc824a5c240, 0xc823650480, 0x0, 0x0)
	/Users/johntech/code/gocode/src/github.com/johntech-o/gorpc/driverConn.go:115 +0x51
github.com/johntech-o/gorpc.(*ConnPool).serveRead(0xc82011e0a0, 0xc824a5c240)
	/Users/johntech/code/gocode/src/github.com/johntech-o/gorpc/connPool.go:159 +0x782
created by github.com/johntech-o/gorpc.(*ConnPool).createConn
	/Users/johntech/code/gocode/src/github.com/johntech-o/gorpc/connPool.go:55 +0xc9

goroutine 10178 [select]:
github.com/johntech-o/gorpc.(*ConnPool).serveWrite(0xc82011e0a0, 0xc824a5c240)
	/Users/johntech/code/gocode/src/github.com/johntech-o/gorpc/connPool.go:215 +0x6b6
created by github.com/johntech-o/gorpc.(*ConnPool).createConn
	/Users/johntech/code/gocode/src/github.com/johntech-o/gorpc/connPool.go:56 +0xf5

goroutine 269 [IO wait]:
net.runtime_pollWait(0x7a9d40, 0x72, 0xc820012190)
	/usr/local/go/src/runtime/netpoll.go:157 +0x60
net.(*pollDesc).Wait(0xc82005d6b0, 0x72, 0x0, 0x0)
	/usr/local/go/src/net/fd_poll_runtime.go:73 +0x3a
net.(*pollDesc).WaitRead(0xc82005d6b0, 0x0, 0x0)
	/usr/local/go/src/net/fd_poll_runtime.go:78 +0x36
net.(*netFD).Read(0xc82005d650, 0xc823226000, 0x1000, 0x1000, 0x0, 0x7a0050, 0xc820012190)
	/usr/local/go/src/net/fd_unix.go:232 +0x23a
net.(*conn).Read(0xc82015c050, 0xc823226000, 0x1000, 0x1000, 0x0, 0x0, 0x0)
	/usr/local/go/src/net/net.go:172 +0xe4
bufio.(*Reader).fill(0xc8231e65a0)
	/usr/local/go/src/bufio/bufio.go:97 +0x1e9
bufio.(*Reader).Read(0xc8231e65a0, 0xc822db22d0, 0x1, 0x9, 0x525128, 0x0, 0x0)
	/usr/local/go/src/bufio/bufio.go:207 +0x260
io.ReadAtLeast(0x7a5d58, 0xc8231e65a0, 0xc822db22d0, 0x1, 0x9, 0x1, 0x0, 0x0, 0x0)
	/usr/local/go/src/io/io.go:298 +0xe6
io.ReadFull(0x7a5d58, 0xc8231e65a0, 0xc822db22d0, 0x1, 0x9, 0xc82009ce70, 0x0, 0x0)
	/usr/local/go/src/io/io.go:316 +0x62
encoding/gob.decodeUintReader(0x7a5d58, 0xc8231e65a0, 0xc822db22d0, 0x9, 0x9, 0x0, 0x1, 0x0, 0x0)
	/usr/local/go/src/encoding/gob/decode.go:121 +0x92
encoding/gob.(*Decoder).recvMessage(0xc82009ce00, 0xc82b338c30)
	/usr/local/go/src/encoding/gob/decoder.go:76 +0x5e
encoding/gob.(*Decoder).decodeTypeSequence(0xc82009ce00, 0x525e00, 0xc82009ce00)
	/usr/local/go/src/encoding/gob/decoder.go:140 +0x47
encoding/gob.(*Decoder).DecodeValue(0xc82009ce00, 0x3c4a60, 0xc824bf4ae0, 0x16, 0x0, 0x0)
	/usr/local/go/src/encoding/gob/decoder.go:208 +0x15d
encoding/gob.(*Decoder).Decode(0xc82009ce00, 0x3c4a60, 0xc824bf4ae0, 0x0, 0x0)
	/usr/local/go/src/encoding/gob/decoder.go:185 +0x289
github.com/johntech-o/gorpc.(*ConnDriver).ReadResponseHeader(0xc824a6c360, 0xc824bf4ae0, 0x0, 0x0)
	/Users/johntech/code/gocode/src/github.com/johntech-o/gorpc/driverConn.go:115 +0x51
github.com/johntech-o/gorpc.(*ConnPool).serveRead(0xc82011e0a0, 0xc824a6c360)
	/Users/johntech/code/gocode/src/github.com/johntech-o/gorpc/connPool.go:159 +0x782
created by github.com/johntech-o/gorpc.(*ConnPool).createConn
	/Users/johntech/code/gocode/src/github.com/johntech-o/gorpc/connPool.go:55 +0xc9

goroutine 270 [select]:
github.com/johntech-o/gorpc.(*ConnPool).serveWrite(0xc82011e0a0, 0xc824a6c360)
	/Users/johntech/code/gocode/src/github.com/johntech-o/gorpc/connPool.go:215 +0x6b6
created by github.com/johntech-o/gorpc.(*ConnPool).createConn
	/Users/johntech/code/gocode/src/github.com/johntech-o/gorpc/connPool.go:56 +0xf5

goroutine 10148 [IO wait]:
net.runtime_pollWait(0x18c08c0, 0x72, 0xc820012190)
	/usr/local/go/src/runtime/netpoll.go:157 +0x60
net.(*pollDesc).Wait(0xc822df8530, 0x72, 0x0, 0x0)
	/usr/local/go/src/net/fd_poll_runtime.go:73 +0x3a
net.(*pollDesc).WaitRead(0xc822df8530, 0x0, 0x0)
	/usr/local/go/src/net/fd_poll_runtime.go:78 +0x36
net.(*netFD).Read(0xc822df84d0, 0xc8232a8000, 0x1000, 0x1000, 0x0, 0x7a0050, 0xc820012190)
	/usr/local/go/src/net/fd_unix.go:232 +0x23a
net.(*conn).Read(0xc82015c0a8, 0xc8232a8000, 0x1000, 0x1000, 0x0, 0x0, 0x0)
	/usr/local/go/src/net/net.go:172 +0xe4
bufio.(*Reader).fill(0xc8231e69c0)
	/usr/local/go/src/bufio/bufio.go:97 +0x1e9
bufio.(*Reader).Read(0xc8231e69c0, 0xc822e2a440, 0x1, 0x9, 0x525128, 0x0, 0x0)
	/usr/local/go/src/bufio/bufio.go:207 +0x260
io.ReadAtLeast(0x7a5d58, 0xc8231e69c0, 0xc822e2a440, 0x1, 0x9, 0x1, 0x0, 0x0, 0x0)
	/usr/local/go/src/io/io.go:298 +0xe6
io.ReadFull(0x7a5d58, 0xc8231e69c0, 0xc822e2a440, 0x1, 0x9, 0xc82009d3f0, 0x0, 0x0)
	/usr/local/go/src/io/io.go:316 +0x62
encoding/gob.decodeUintReader(0x7a5d58, 0xc8231e69c0, 0xc822e2a440, 0x9, 0x9, 0x0, 0x1, 0x0, 0x0)
	/usr/local/go/src/encoding/gob/decode.go:121 +0x92
encoding/gob.(*Decoder).recvMessage(0xc82009d380, 0xc82d328c30)
	/usr/local/go/src/encoding/gob/decoder.go:76 +0x5e
encoding/gob.(*Decoder).decodeTypeSequence(0xc82009d380, 0x525e00, 0xc82009d380)
	/usr/local/go/src/encoding/gob/decoder.go:140 +0x47
encoding/gob.(*Decoder).DecodeValue(0xc82009d380, 0x3c4a60, 0xc82cac0f40, 0x16, 0x0, 0x0)
	/usr/local/go/src/encoding/gob/decoder.go:208 +0x15d
encoding/gob.(*Decoder).Decode(0xc82009d380, 0x3c4a60, 0xc82cac0f40, 0x0, 0x0)
	/usr/local/go/src/encoding/gob/decoder.go:185 +0x289
github.com/johntech-o/gorpc.(*ConnDriver).ReadResponseHeader(0xc8201803f0, 0xc82cac0f40, 0x0, 0x0)
	/Users/johntech/code/gocode/src/github.com/johntech-o/gorpc/driverConn.go:115 +0x51
github.com/johntech-o/gorpc.(*ConnPool).serveRead(0xc82011e0a0, 0xc8201803f0)
	/Users/johntech/code/gocode/src/github.com/johntech-o/gorpc/connPool.go:159 +0x782
created by github.com/johntech-o/gorpc.(*ConnPool).createConn
	/Users/johntech/code/gocode/src/github.com/johntech-o/gorpc/connPool.go:55 +0xc9

goroutine 10149 [select]:
github.com/johntech-o/gorpc.(*ConnPool).serveWrite(0xc82011e0a0, 0xc8201803f0)
	/Users/johntech/code/gocode/src/github.com/johntech-o/gorpc/connPool.go:215 +0x6b6
created by github.com/johntech-o/gorpc.(*ConnPool).createConn
	/Users/johntech/code/gocode/src/github.com/johntech-o/gorpc/connPool.go:56 +0xf5

goroutine 10150 [IO wait]:
net.runtime_pollWait(0x18c0740, 0x72, 0xc820012190)
	/usr/local/go/src/runtime/netpoll.go:157 +0x60
net.(*pollDesc).Wait(0xc820113cd0, 0x72, 0x0, 0x0)
	/usr/local/go/src/net/fd_poll_runtime.go:73 +0x3a
net.(*pollDesc).WaitRead(0xc820113cd0, 0x0, 0x0)
	/usr/local/go/src/net/fd_poll_runtime.go:78 +0x36
net.(*netFD).Read(0xc820113c70, 0xc823294000, 0x1000, 0x1000, 0x0, 0x7a0050, 0xc820012190)
	/usr/local/go/src/net/fd_unix.go:232 +0x23a
net.(*conn).Read(0xc82015c098, 0xc823294000, 0x1000, 0x1000, 0x0, 0x0, 0x0)
	/usr/local/go/src/net/net.go:172 +0xe4
bufio.(*Reader).fill(0xc8231e6900)
	/usr/local/go/src/bufio/bufio.go:97 +0x1e9
bufio.(*Reader).Read(0xc8231e6900, 0xc822e2afb0, 0x1, 0x9, 0x525128, 0x0, 0x0)
	/usr/local/go/src/bufio/bufio.go:207 +0x260
io.ReadAtLeast(0x7a5d58, 0xc8231e6900, 0xc822e2afb0, 0x1, 0x9, 0x1, 0x0, 0x0, 0x0)
	/usr/local/go/src/io/io.go:298 +0xe6
io.ReadFull(0x7a5d58, 0xc8231e6900, 0xc822e2afb0, 0x1, 0x9, 0xc82009d2f0, 0x0, 0x0)
	/usr/local/go/src/io/io.go:316 +0x62
encoding/gob.decodeUintReader(0x7a5d58, 0xc8231e6900, 0xc822e2afb0, 0x9, 0x9, 0x0, 0x1, 0x0, 0x0)
	/usr/local/go/src/encoding/gob/decode.go:121 +0x92
encoding/gob.(*Decoder).recvMessage(0xc82009d280, 0xc82d34cc30)
	/usr/local/go/src/encoding/gob/decoder.go:76 +0x5e
encoding/gob.(*Decoder).decodeTypeSequence(0xc82009d280, 0x525e00, 0xc82009d280)
	/usr/local/go/src/encoding/gob/decoder.go:140 +0x47
encoding/gob.(*Decoder).DecodeValue(0xc82009d280, 0x3c4a60, 0xc823613820, 0x16, 0x0, 0x0)
	/usr/local/go/src/encoding/gob/decoder.go:208 +0x15d
encoding/gob.(*Decoder).Decode(0xc82009d280, 0x3c4a60, 0xc823613820, 0x0, 0x0)
	/usr/local/go/src/encoding/gob/decoder.go:185 +0x289
github.com/johntech-o/gorpc.(*ConnDriver).ReadResponseHeader(0xc820180510, 0xc823613820, 0x0, 0x0)
	/Users/johntech/code/gocode/src/github.com/johntech-o/gorpc/driverConn.go:115 +0x51
github.com/johntech-o/gorpc.(*ConnPool).serveRead(0xc82011e0a0, 0xc820180510)
	/Users/johntech/code/gocode/src/github.com/johntech-o/gorpc/connPool.go:159 +0x782
created by github.com/johntech-o/gorpc.(*ConnPool).createConn
	/Users/johntech/code/gocode/src/github.com/johntech-o/gorpc/connPool.go:55 +0xc9

goroutine 10151 [select]:
github.com/johntech-o/gorpc.(*ConnPool).serveWrite(0xc82011e0a0, 0xc820180510)
	/Users/johntech/code/gocode/src/github.com/johntech-o/gorpc/connPool.go:215 +0x6b6
created by github.com/johntech-o/gorpc.(*ConnPool).createConn
	/Users/johntech/code/gocode/src/github.com/johntech-o/gorpc/connPool.go:56 +0xf5

goroutine 10179 [IO wait]:
net.runtime_pollWait(0x7a6400, 0x72, 0xc820012190)
	/usr/local/go/src/runtime/netpoll.go:157 +0x60
net.(*pollDesc).Wait(0xc820113b10, 0x72, 0x0, 0x0)
	/usr/local/go/src/net/fd_poll_runtime.go:73 +0x3a
net.(*pollDesc).WaitRead(0xc820113b10, 0x0, 0x0)
	/usr/local/go/src/net/fd_poll_runtime.go:78 +0x36
net.(*netFD).Read(0xc820113ab0, 0xc822e6f000, 0x1000, 0x1000, 0x0, 0x7a0050, 0xc820012190)
	/usr/local/go/src/net/fd_unix.go:232 +0x23a
net.(*conn).Read(0xc820116408, 0xc822e6f000, 0x1000, 0x1000, 0x0, 0x0, 0x0)
	/usr/local/go/src/net/net.go:172 +0xe4
bufio.(*Reader).fill(0xc82001a840)
	/usr/local/go/src/bufio/bufio.go:97 +0x1e9
bufio.(*Reader).Read(0xc82001a840, 0xc820012840, 0x1, 0x9, 0x525128, 0x0, 0x0)
	/usr/local/go/src/bufio/bufio.go:207 +0x260
io.ReadAtLeast(0x7a5d58, 0xc82001a840, 0xc820012840, 0x1, 0x9, 0x1, 0x0, 0x0, 0x0)
	/usr/local/go/src/io/io.go:298 +0xe6
io.ReadFull(0x7a5d58, 0xc82001a840, 0xc820012840, 0x1, 0x9, 0xc82009c270, 0x0, 0x0)
	/usr/local/go/src/io/io.go:316 +0x62
encoding/gob.decodeUintReader(0x7a5d58, 0xc82001a840, 0xc820012840, 0x9, 0x9, 0x0, 0x1, 0x0, 0x0)
	/usr/local/go/src/encoding/gob/decode.go:121 +0x92
encoding/gob.(*Decoder).recvMessage(0xc82009c200, 0xc827e2dc30)
	/usr/local/go/src/encoding/gob/decoder.go:76 +0x5e
encoding/gob.(*Decoder).decodeTypeSequence(0xc82009c200, 0x525e00, 0xc82009c200)
	/usr/local/go/src/encoding/gob/decoder.go:140 +0x47
encoding/gob.(*Decoder).DecodeValue(0xc82009c200, 0x3c4a60, 0xc8236127c0, 0x16, 0x0, 0x0)
	/usr/local/go/src/encoding/gob/decoder.go:208 +0x15d
encoding/gob.(*Decoder).Decode(0xc82009c200, 0x3c4a60, 0xc8236127c0, 0x0, 0x0)
	/usr/local/go/src/encoding/gob/decoder.go:185 +0x289
github.com/johntech-o/gorpc.(*ConnDriver).ReadResponseHeader(0xc824a5c360, 0xc8236127c0, 0x0, 0x0)
	/Users/johntech/code/gocode/src/github.com/johntech-o/gorpc/driverConn.go:115 +0x51
github.com/johntech-o/gorpc.(*ConnPool).serveRead(0xc82011e0a0, 0xc824a5c360)
	/Users/johntech/code/gocode/src/github.com/johntech-o/gorpc/connPool.go:159 +0x782
created by github.com/johntech-o/gorpc.(*ConnPool).createConn
	/Users/johntech/code/gocode/src/github.com/johntech-o/gorpc/connPool.go:55 +0xc9

goroutine 10180 [select]:
github.com/johntech-o/gorpc.(*ConnPool).serveWrite(0xc82011e0a0, 0xc824a5c360)
	/Users/johntech/code/gocode/src/github.com/johntech-o/gorpc/connPool.go:215 +0x6b6
created by github.com/johntech-o/gorpc.(*ConnPool).createConn
	/Users/johntech/code/gocode/src/github.com/johntech-o/gorpc/connPool.go:56 +0xf5

goroutine 10132 [IO wait]:
net.runtime_pollWait(0x7a8900, 0x72, 0xc820012190)
	/usr/local/go/src/runtime/netpoll.go:157 +0x60
net.(*pollDesc).Wait(0xc822ff60d0, 0x72, 0x0, 0x0)
	/usr/local/go/src/net/fd_poll_runtime.go:73 +0x3a
net.(*pollDesc).WaitRead(0xc822ff60d0, 0x0, 0x0)
	/usr/local/go/src/net/fd_poll_runtime.go:78 +0x36
net.(*netFD).Read(0xc822ff6070, 0xc823302000, 0x1000, 0x1000, 0x0, 0x7a0050, 0xc820012190)
	/usr/local/go/src/net/fd_unix.go:232 +0x23a
net.(*conn).Read(0xc82015c108, 0xc823302000, 0x1000, 0x1000, 0x0, 0x0, 0x0)
	/usr/local/go/src/net/net.go:172 +0xe4
bufio.(*Reader).fill(0xc8231e6e40)
	/usr/local/go/src/bufio/bufio.go:97 +0x1e9
bufio.(*Reader).Read(0xc8231e6e40, 0xc824710ff0, 0x1, 0x9, 0x525128, 0x0, 0x0)
	/usr/local/go/src/bufio/bufio.go:207 +0x260
io.ReadAtLeast(0x7a5d58, 0xc8231e6e40, 0xc824710ff0, 0x1, 0x9, 0x1, 0x0, 0x0, 0x0)
	/usr/local/go/src/io/io.go:298 +0xe6
io.ReadFull(0x7a5d58, 0xc8231e6e40, 0xc824710ff0, 0x1, 0x9, 0xc82009d9f0, 0x0, 0x0)
	/usr/local/go/src/io/io.go:316 +0x62
encoding/gob.decodeUintReader(0x7a5d58, 0xc8231e6e40, 0xc824710ff0, 0x9, 0x9, 0x0, 0x1, 0x0, 0x0)
	/usr/local/go/src/encoding/gob/decode.go:121 +0x92
encoding/gob.(*Decoder).recvMessage(0xc82009d980, 0xc827e2fc30)
	/usr/local/go/src/encoding/gob/decoder.go:76 +0x5e
encoding/gob.(*Decoder).decodeTypeSequence(0xc82009d980, 0x525e00, 0xc82009d980)
	/usr/local/go/src/encoding/gob/decoder.go:140 +0x47
encoding/gob.(*Decoder).DecodeValue(0xc82009d980, 0x3c4a60, 0xc8236510c0, 0x16, 0x0, 0x0)
	/usr/local/go/src/encoding/gob/decoder.go:208 +0x15d
encoding/gob.(*Decoder).Decode(0xc82009d980, 0x3c4a60, 0xc8236510c0, 0x0, 0x0)
	/usr/local/go/src/encoding/gob/decoder.go:185 +0x289
github.com/johntech-o/gorpc.(*ConnDriver).ReadResponseHeader(0xc820086240, 0xc8236510c0, 0x0, 0x0)
	/Users/johntech/code/gocode/src/github.com/johntech-o/gorpc/driverConn.go:115 +0x51
github.com/johntech-o/gorpc.(*ConnPool).serveRead(0xc82011e0a0, 0xc820086240)
	/Users/johntech/code/gocode/src/github.com/johntech-o/gorpc/connPool.go:159 +0x782
created by github.com/johntech-o/gorpc.(*ConnPool).createConn
	/Users/johntech/code/gocode/src/github.com/johntech-o/gorpc/connPool.go:55 +0xc9

goroutine 10133 [select]:
github.com/johntech-o/gorpc.(*ConnPool).serveWrite(0xc82011e0a0, 0xc820086240)
	/Users/johntech/code/gocode/src/github.com/johntech-o/gorpc/connPool.go:215 +0x6b6
created by github.com/johntech-o/gorpc.(*ConnPool).createConn
	/Users/johntech/code/gocode/src/github.com/johntech-o/gorpc/connPool.go:56 +0xf5

goroutine 10368 [select]:
github.com/johntech-o/gorpc.(*ConnPool).serveWrite(0xc82011e0a0, 0xc820181050)
	/Users/johntech/code/gocode/src/github.com/johntech-o/gorpc/connPool.go:215 +0x6b6
created by github.com/johntech-o/gorpc.(*ConnPool).createConn
	/Users/johntech/code/gocode/src/github.com/johntech-o/gorpc/connPool.go:56 +0xf5

goroutine 10369 [IO wait]:
net.runtime_pollWait(0x7a9f80, 0x72, 0xc820012190)
	/usr/local/go/src/runtime/netpoll.go:157 +0x60
net.(*pollDesc).Wait(0xc822df8ae0, 0x72, 0x0, 0x0)
	/usr/local/go/src/net/fd_poll_runtime.go:73 +0x3a
net.(*pollDesc).WaitRead(0xc822df8ae0, 0x0, 0x0)
	/usr/local/go/src/net/fd_poll_runtime.go:78 +0x36
net.(*netFD).Read(0xc822df8a80, 0xc824d6a000, 0x1000, 0x1000, 0x0, 0x7a0050, 0xc820012190)
	/usr/local/go/src/net/fd_unix.go:232 +0x23a
net.(*conn).Read(0xc8201164d0, 0xc824d6a000, 0x1000, 0x1000, 0x0, 0x0, 0x0)
	/usr/local/go/src/net/net.go:172 +0xe4
bufio.(*Reader).fill(0xc82325be60)
	/usr/local/go/src/bufio/bufio.go:97 +0x1e9
bufio.(*Reader).Read(0xc82325be60, 0xc824c32db0, 0x1, 0x9, 0x525128, 0x0, 0x0)
	/usr/local/go/src/bufio/bufio.go:207 +0x260
io.ReadAtLeast(0x7a5d58, 0xc82325be60, 0xc824c32db0, 0x1, 0x9, 0x1, 0x0, 0x0, 0x0)
	/usr/local/go/src/io/io.go:298 +0xe6
io.ReadFull(0x7a5d58, 0xc82325be60, 0xc824c32db0, 0x1, 0x9, 0xc820170870, 0x0, 0x0)
	/usr/local/go/src/io/io.go:316 +0x62
encoding/gob.decodeUintReader(0x7a5d58, 0xc82325be60, 0xc824c32db0, 0x9, 0x9, 0x0, 0x1, 0x0, 0x0)
	/usr/local/go/src/encoding/gob/decode.go:121 +0x92
encoding/gob.(*Decoder).recvMessage(0xc820170800, 0xc827e31c30)
	/usr/local/go/src/encoding/gob/decoder.go:76 +0x5e
encoding/gob.(*Decoder).decodeTypeSequence(0xc820170800, 0x525e00, 0xc820170800)
	/usr/local/go/src/encoding/gob/decoder.go:140 +0x47
encoding/gob.(*Decoder).DecodeValue(0xc820170800, 0x3c4a60, 0xc830bf7d60, 0x16, 0x0, 0x0)
	/usr/local/go/src/encoding/gob/decoder.go:208 +0x15d
encoding/gob.(*Decoder).Decode(0xc820170800, 0x3c4a60, 0xc830bf7d60, 0x0, 0x0)
	/usr/local/go/src/encoding/gob/decoder.go:185 +0x289
github.com/johntech-o/gorpc.(*ConnDriver).ReadResponseHeader(0xc820181170, 0xc830bf7d60, 0x0, 0x0)
	/Users/johntech/code/gocode/src/github.com/johntech-o/gorpc/driverConn.go:115 +0x51
github.com/johntech-o/gorpc.(*ConnPool).serveRead(0xc82011e0a0, 0xc820181170)
	/Users/johntech/code/gocode/src/github.com/johntech-o/gorpc/connPool.go:159 +0x782
created by github.com/johntech-o/gorpc.(*ConnPool).createConn
	/Users/johntech/code/gocode/src/github.com/johntech-o/gorpc/connPool.go:55 +0xc9

goroutine 10658 [select]:
github.com/johntech-o/gorpc.(*ConnPool).serveWrite(0xc82011e0a0, 0xc820181170)
	/Users/johntech/code/gocode/src/github.com/johntech-o/gorpc/connPool.go:215 +0x6b6
created by github.com/johntech-o/gorpc.(*ConnPool).createConn
	/Users/johntech/code/gocode/src/github.com/johntech-o/gorpc/connPool.go:56 +0xf5

goroutine 10662 [select]:
github.com/johntech-o/gorpc.(*ConnPool).serveWrite(0xc82011e0a0, 0xc8256a22d0)
	/Users/johntech/code/gocode/src/github.com/johntech-o/gorpc/connPool.go:215 +0x6b6
created by github.com/johntech-o/gorpc.(*ConnPool).createConn
	/Users/johntech/code/gocode/src/github.com/johntech-o/gorpc/connPool.go:56 +0xf5

goroutine 10163 [IO wait]:
net.runtime_pollWait(0x7a83c0, 0x72, 0xc820012190)
	/usr/local/go/src/runtime/netpoll.go:157 +0x60
net.(*pollDesc).Wait(0xc82005d640, 0x72, 0x0, 0x0)
	/usr/local/go/src/net/fd_poll_runtime.go:73 +0x3a
net.(*pollDesc).WaitRead(0xc82005d640, 0x0, 0x0)
	/usr/local/go/src/net/fd_poll_runtime.go:78 +0x36
net.(*netFD).Read(0xc82005d5e0, 0xc823300000, 0x1000, 0x1000, 0x0, 0x7a0050, 0xc820012190)
	/usr/local/go/src/net/fd_unix.go:232 +0x23a
net.(*conn).Read(0xc8232e8018, 0xc823300000, 0x1000, 0x1000, 0x0, 0x0, 0x0)
	/usr/local/go/src/net/net.go:172 +0xe4
bufio.(*Reader).fill(0xc823163f20)
	/usr/local/go/src/bufio/bufio.go:97 +0x1e9
bufio.(*Reader).Read(0xc823163f20, 0xc82010e000, 0x1, 0x9, 0x525128, 0x0, 0x0)
	/usr/local/go/src/bufio/bufio.go:207 +0x260
io.ReadAtLeast(0x7a5d58, 0xc823163f20, 0xc82010e000, 0x1, 0x9, 0x1, 0x0, 0x0, 0x0)
	/usr/local/go/src/io/io.go:298 +0xe6
io.ReadFull(0x7a5d58, 0xc823163f20, 0xc82010e000, 0x1, 0x9, 0xc820170bf0, 0x0, 0x0)
	/usr/local/go/src/io/io.go:316 +0x62
encoding/gob.decodeUintReader(0x7a5d58, 0xc823163f20, 0xc82010e000, 0x9, 0x9, 0x0, 0x1, 0x0, 0x0)
	/usr/local/go/src/encoding/gob/decode.go:121 +0x92
encoding/gob.(*Decoder).recvMessage(0xc820170b80, 0xc82019ec30)
	/usr/local/go/src/encoding/gob/decoder.go:76 +0x5e
encoding/gob.(*Decoder).decodeTypeSequence(0xc820170b80, 0x525e00, 0xc820170b80)
	/usr/local/go/src/encoding/gob/decoder.go:140 +0x47
encoding/gob.(*Decoder).DecodeValue(0xc820170b80, 0x3c4a60, 0xc830bf6b20, 0x16, 0x0, 0x0)
	/usr/local/go/src/encoding/gob/decoder.go:208 +0x15d
encoding/gob.(*Decoder).Decode(0xc820170b80, 0x3c4a60, 0xc830bf6b20, 0x0, 0x0)
	/usr/local/go/src/encoding/gob/decoder.go:185 +0x289
github.com/johntech-o/gorpc.(*ConnDriver).ReadResponseHeader(0xc820124000, 0xc830bf6b20, 0x0, 0x0)
	/Users/johntech/code/gocode/src/github.com/johntech-o/gorpc/driverConn.go:115 +0x51
github.com/johntech-o/gorpc.(*ConnPool).serveRead(0xc82011e0a0, 0xc820124000)
	/Users/johntech/code/gocode/src/github.com/johntech-o/gorpc/connPool.go:159 +0x782
created by github.com/johntech-o/gorpc.(*ConnPool).createConn
	/Users/johntech/code/gocode/src/github.com/johntech-o/gorpc/connPool.go:55 +0xc9

goroutine 10164 [select]:
github.com/johntech-o/gorpc.(*ConnPool).serveWrite(0xc82011e0a0, 0xc820124000)
	/Users/johntech/code/gocode/src/github.com/johntech-o/gorpc/connPool.go:215 +0x6b6
created by github.com/johntech-o/gorpc.(*ConnPool).createConn
	/Users/johntech/code/gocode/src/github.com/johntech-o/gorpc/connPool.go:56 +0xf5

goroutine 10181 [IO wait]:
net.runtime_pollWait(0x7a7b80, 0x72, 0xc820012190)
	/usr/local/go/src/runtime/netpoll.go:157 +0x60
net.(*pollDesc).Wait(0xc82014e7d0, 0x72, 0x0, 0x0)
	/usr/local/go/src/net/fd_poll_runtime.go:73 +0x3a
net.(*pollDesc).WaitRead(0xc82014e7d0, 0x0, 0x0)
	/usr/local/go/src/net/fd_poll_runtime.go:78 +0x36
net.(*netFD).Read(0xc82014e770, 0xc823426000, 0x1000, 0x1000, 0x0, 0x7a0050, 0xc820012190)
	/usr/local/go/src/net/fd_unix.go:232 +0x23a
net.(*conn).Read(0xc8201164e0, 0xc823426000, 0x1000, 0x1000, 0x0, 0x0, 0x0)
	/usr/local/go/src/net/net.go:172 +0xe4
bufio.(*Reader).fill(0xc82325a960)
	/usr/local/go/src/bufio/bufio.go:97 +0x1e9
bufio.(*Reader).Read(0xc82325a960, 0xc820012b20, 0x1, 0x9, 0x525128, 0x0, 0x0)
	/usr/local/go/src/bufio/bufio.go:207 +0x260
io.ReadAtLeast(0x7a5d58, 0xc82325a960, 0xc820012b20, 0x1, 0x9, 0x1, 0x0, 0x0, 0x0)
	/usr/local/go/src/io/io.go:298 +0xe6
io.ReadFull(0x7a5d58, 0xc82325a960, 0xc820012b20, 0x1, 0x9, 0xc822ded970, 0x0, 0x0)
	/usr/local/go/src/io/io.go:316 +0x62
encoding/gob.decodeUintReader(0x7a5d58, 0xc82325a960, 0xc820012b20, 0x9, 0x9, 0x0, 0x1, 0x0, 0x0)
	/usr/local/go/src/encoding/gob/decode.go:121 +0x92
encoding/gob.(*Decoder).recvMessage(0xc822ded900, 0xc825f2cc30)
	/usr/local/go/src/encoding/gob/decoder.go:76 +0x5e
encoding/gob.(*Decoder).decodeTypeSequence(0xc822ded900, 0x525e00, 0xc822ded900)
	/usr/local/go/src/encoding/gob/decoder.go:140 +0x47
encoding/gob.(*Decoder).DecodeValue(0xc822ded900, 0x3c4a60, 0xc823612ee0, 0x16, 0x0, 0x0)
	/usr/local/go/src/encoding/gob/decoder.go:208 +0x15d
encoding/gob.(*Decoder).Decode(0xc822ded900, 0x3c4a60, 0xc823612ee0, 0x0, 0x0)
	/usr/local/go/src/encoding/gob/decoder.go:185 +0x289
github.com/johntech-o/gorpc.(*ConnDriver).ReadResponseHeader(0xc824a5c480, 0xc823612ee0, 0x0, 0x0)
	/Users/johntech/code/gocode/src/github.com/johntech-o/gorpc/driverConn.go:115 +0x51
github.com/johntech-o/gorpc.(*ConnPool).serveRead(0xc82011e0a0, 0xc824a5c480)
	/Users/johntech/code/gocode/src/github.com/johntech-o/gorpc/connPool.go:159 +0x782
created by github.com/johntech-o/gorpc.(*ConnPool).createConn
	/Users/johntech/code/gocode/src/github.com/johntech-o/gorpc/connPool.go:55 +0xc9

goroutine 10182 [select]:
github.com/johntech-o/gorpc.(*ConnPool).serveWrite(0xc82011e0a0, 0xc824a5c480)
	/Users/johntech/code/gocode/src/github.com/johntech-o/gorpc/connPool.go:215 +0x6b6
created by github.com/johntech-o/gorpc.(*ConnPool).createConn
	/Users/johntech/code/gocode/src/github.com/johntech-o/gorpc/connPool.go:56 +0xf5

goroutine 10663 [IO wait]:
net.runtime_pollWait(0x7a5270, 0x72, 0xc820012190)
	/usr/local/go/src/runtime/netpoll.go:157 +0x60
net.(*pollDesc).Wait(0xc82014e220, 0x72, 0x0, 0x0)
	/usr/local/go/src/net/fd_poll_runtime.go:73 +0x3a
net.(*pollDesc).WaitRead(0xc82014e220, 0x0, 0x0)
	/usr/local/go/src/net/fd_poll_runtime.go:78 +0x36
net.(*netFD).Read(0xc82014e1c0, 0xc82334c000, 0x1000, 0x1000, 0x0, 0x7a0050, 0xc820012190)
	/usr/local/go/src/net/fd_unix.go:232 +0x23a
net.(*conn).Read(0xc8201164b8, 0xc82334c000, 0x1000, 0x1000, 0x0, 0x0, 0x0)
	/usr/local/go/src/net/net.go:172 +0xe4
bufio.(*Reader).fill(0xc82325a300)
	/usr/local/go/src/bufio/bufio.go:97 +0x1e9
bufio.(*Reader).Read(0xc82325a300, 0xc8257aa0d0, 0x1, 0x9, 0x525128, 0x0, 0x0)
	/usr/local/go/src/bufio/bufio.go:207 +0x260
io.ReadAtLeast(0x7a5d58, 0xc82325a300, 0xc8257aa0d0, 0x1, 0x9, 0x1, 0x0, 0x0, 0x0)
	/usr/local/go/src/io/io.go:298 +0xe6
io.ReadFull(0x7a5d58, 0xc82325a300, 0xc8257aa0d0, 0x1, 0x9, 0xc822ded0f0, 0x0, 0x0)
	/usr/local/go/src/io/io.go:316 +0x62
encoding/gob.decodeUintReader(0x7a5d58, 0xc82325a300, 0xc8257aa0d0, 0x9, 0x9, 0x0, 0x1, 0x0, 0x0)
	/usr/local/go/src/encoding/gob/decode.go:121 +0x92
encoding/gob.(*Decoder).recvMessage(0xc822ded080, 0xc826977c30)
	/usr/local/go/src/encoding/gob/decoder.go:76 +0x5e
encoding/gob.(*Decoder).decodeTypeSequence(0xc822ded080, 0x525e00, 0xc822ded080)
	/usr/local/go/src/encoding/gob/decoder.go:140 +0x47
encoding/gob.(*Decoder).DecodeValue(0xc822ded080, 0x3c4a60, 0xc823612a20, 0x16, 0x0, 0x0)
	/usr/local/go/src/encoding/gob/decoder.go:208 +0x15d
encoding/gob.(*Decoder).Decode(0xc822ded080, 0x3c4a60, 0xc823612a20, 0x0, 0x0)
	/usr/local/go/src/encoding/gob/decoder.go:185 +0x289
github.com/johntech-o/gorpc.(*ConnDriver).ReadResponseHeader(0xc8256a2360, 0xc823612a20, 0x0, 0x0)
	/Users/johntech/code/gocode/src/github.com/johntech-o/gorpc/driverConn.go:115 +0x51
github.com/johntech-o/gorpc.(*ConnPool).serveRead(0xc82011e0a0, 0xc8256a2360)
	/Users/johntech/code/gocode/src/github.com/johntech-o/gorpc/connPool.go:159 +0x782
created by github.com/johntech-o/gorpc.(*ConnPool).createConn
	/Users/johntech/code/gocode/src/github.com/johntech-o/gorpc/connPool.go:55 +0xc9

goroutine 10367 [IO wait]:
net.runtime_pollWait(0x7a6700, 0x72, 0xc820012190)
	/usr/local/go/src/runtime/netpoll.go:157 +0x60
net.(*pollDesc).Wait(0xc822df8300, 0x72, 0x0, 0x0)
	/usr/local/go/src/net/fd_poll_runtime.go:73 +0x3a
net.(*pollDesc).WaitRead(0xc822df8300, 0x0, 0x0)
	/usr/local/go/src/net/fd_poll_runtime.go:78 +0x36
net.(*netFD).Read(0xc822df82a0, 0xc82326e000, 0x1000, 0x1000, 0x0, 0x7a0050, 0xc820012190)
	/usr/local/go/src/net/fd_unix.go:232 +0x23a
net.(*conn).Read(0xc820116410, 0xc82326e000, 0x1000, 0x1000, 0x0, 0x0, 0x0)
	/usr/local/go/src/net/net.go:172 +0xe4
bufio.(*Reader).fill(0xc82325a060)
	/usr/local/go/src/bufio/bufio.go:97 +0x1e9
bufio.(*Reader).Read(0xc82325a060, 0xc824c32ca0, 0x1, 0x9, 0x525128, 0x0, 0x0)
	/usr/local/go/src/bufio/bufio.go:207 +0x260
io.ReadAtLeast(0x7a5d58, 0xc82325a060, 0xc824c32ca0, 0x1, 0x9, 0x1, 0x0, 0x0, 0x0)
	/usr/local/go/src/io/io.go:298 +0xe6
io.ReadFull(0x7a5d58, 0xc82325a060, 0xc824c32ca0, 0x1, 0x9, 0xc822decd70, 0x0, 0x0)
	/usr/local/go/src/io/io.go:316 +0x62
encoding/gob.decodeUintReader(0x7a5d58, 0xc82325a060, 0xc824c32ca0, 0x9, 0x9, 0x0, 0x1, 0x0, 0x0)
	/usr/local/go/src/encoding/gob/decode.go:121 +0x92
encoding/gob.(*Decoder).recvMessage(0xc822decd00, 0xc827e2ec30)
	/usr/local/go/src/encoding/gob/decoder.go:76 +0x5e
encoding/gob.(*Decoder).decodeTypeSequence(0xc822decd00, 0x525e00, 0xc822decd00)
	/usr/local/go/src/encoding/gob/decoder.go:140 +0x47
encoding/gob.(*Decoder).DecodeValue(0xc822decd00, 0x3c4a60, 0xc830bf7e00, 0x16, 0x0, 0x0)
	/usr/local/go/src/encoding/gob/decoder.go:208 +0x15d
encoding/gob.(*Decoder).Decode(0xc822decd00, 0x3c4a60, 0xc830bf7e00, 0x0, 0x0)
	/usr/local/go/src/encoding/gob/decoder.go:185 +0x289
github.com/johntech-o/gorpc.(*ConnDriver).ReadResponseHeader(0xc820181050, 0xc830bf7e00, 0x0, 0x0)
	/Users/johntech/code/gocode/src/github.com/johntech-o/gorpc/driverConn.go:115 +0x51
github.com/johntech-o/gorpc.(*ConnPool).serveRead(0xc82011e0a0, 0xc820181050)
	/Users/johntech/code/gocode/src/github.com/johntech-o/gorpc/connPool.go:159 +0x782
created by github.com/johntech-o/gorpc.(*ConnPool).createConn
	/Users/johntech/code/gocode/src/github.com/johntech-o/gorpc/connPool.go:55 +0xc9

goroutine 10659 [IO wait]:
net.runtime_pollWait(0x18c0800, 0x72, 0xc820012190)
	/usr/local/go/src/runtime/netpoll.go:157 +0x60
net.(*pollDesc).Wait(0xc82014e6f0, 0x72, 0x0, 0x0)
	/usr/local/go/src/net/fd_poll_runtime.go:73 +0x3a
net.(*pollDesc).WaitRead(0xc82014e6f0, 0x0, 0x0)
	/usr/local/go/src/net/fd_poll_runtime.go:78 +0x36
net.(*netFD).Read(0xc82014e690, 0xc82329a000, 0x1000, 0x1000, 0x0, 0x7a0050, 0xc820012190)
	/usr/local/go/src/net/fd_unix.go:232 +0x23a
net.(*conn).Read(0xc82015c0a0, 0xc82329a000, 0x1000, 0x1000, 0x0, 0x0, 0x0)
	/usr/local/go/src/net/net.go:172 +0xe4
bufio.(*Reader).fill(0xc8231e6960)
	/usr/local/go/src/bufio/bufio.go:97 +0x1e9
bufio.(*Reader).Read(0xc8231e6960, 0xc824c32ec0, 0x1, 0x9, 0x525128, 0x0, 0x0)
	/usr/local/go/src/bufio/bufio.go:207 +0x260
io.ReadAtLeast(0x7a5d58, 0xc8231e6960, 0xc824c32ec0, 0x1, 0x9, 0x1, 0x0, 0x0, 0x0)
	/usr/local/go/src/io/io.go:298 +0xe6
io.ReadFull(0x7a5d58, 0xc8231e6960, 0xc824c32ec0, 0x1, 0x9, 0xc82009d370, 0x0, 0x0)
	/usr/local/go/src/io/io.go:316 +0x62
encoding/gob.decodeUintReader(0x7a5d58, 0xc8231e6960, 0xc824c32ec0, 0x9, 0x9, 0x0, 0x1, 0x0, 0x0)
	/usr/local/go/src/encoding/gob/decode.go:121 +0x92
encoding/gob.(*Decoder).recvMessage(0xc82009d300, 0xc82b355c30)
	/usr/local/go/src/encoding/gob/decoder.go:76 +0x5e
encoding/gob.(*Decoder).decodeTypeSequence(0xc82009d300, 0x525e00, 0xc82009d300)
	/usr/local/go/src/encoding/gob/decoder.go:140 +0x47
encoding/gob.(*Decoder).DecodeValue(0xc82009d300, 0x3c4a60, 0xc824bf4ee0, 0x16, 0x0, 0x0)
	/usr/local/go/src/encoding/gob/decoder.go:208 +0x15d
encoding/gob.(*Decoder).Decode(0xc82009d300, 0x3c4a60, 0xc824bf4ee0, 0x0, 0x0)
	/usr/local/go/src/encoding/gob/decoder.go:185 +0x289
github.com/johntech-o/gorpc.(*ConnDriver).ReadResponseHeader(0xc820181290, 0xc824bf4ee0, 0x0, 0x0)
	/Users/johntech/code/gocode/src/github.com/johntech-o/gorpc/driverConn.go:115 +0x51
github.com/johntech-o/gorpc.(*ConnPool).serveRead(0xc82011e0a0, 0xc820181290)
	/Users/johntech/code/gocode/src/github.com/johntech-o/gorpc/connPool.go:159 +0x782
created by github.com/johntech-o/gorpc.(*ConnPool).createConn
	/Users/johntech/code/gocode/src/github.com/johntech-o/gorpc/connPool.go:55 +0xc9

goroutine 10152 [IO wait]:
net.runtime_pollWait(0x7a8840, 0x72, 0xc820012190)
	/usr/local/go/src/runtime/netpoll.go:157 +0x60
net.(*pollDesc).Wait(0xc822e228b0, 0x72, 0x0, 0x0)
	/usr/local/go/src/net/fd_poll_runtime.go:73 +0x3a
net.(*pollDesc).WaitRead(0xc822e228b0, 0x0, 0x0)
	/usr/local/go/src/net/fd_poll_runtime.go:78 +0x36
net.(*netFD).Read(0xc822e22850, 0xc8232f6000, 0x1000, 0x1000, 0x0, 0x7a0050, 0xc820012190)
	/usr/local/go/src/net/fd_unix.go:232 +0x23a
net.(*conn).Read(0xc82015c100, 0xc8232f6000, 0x1000, 0x1000, 0x0, 0x0, 0x0)
	/usr/local/go/src/net/net.go:172 +0xe4
bufio.(*Reader).fill(0xc8231e6de0)
	/usr/local/go/src/bufio/bufio.go:97 +0x1e9
bufio.(*Reader).Read(0xc8231e6de0, 0xc822e2b200, 0x1, 0x9, 0x525128, 0x0, 0x0)
	/usr/local/go/src/bufio/bufio.go:207 +0x260
io.ReadAtLeast(0x7a5d58, 0xc8231e6de0, 0xc822e2b200, 0x1, 0x9, 0x1, 0x0, 0x0, 0x0)
	/usr/local/go/src/io/io.go:298 +0xe6
io.ReadFull(0x7a5d58, 0xc8231e6de0, 0xc822e2b200, 0x1, 0x9, 0xc82009d970, 0x0, 0x0)
	/usr/local/go/src/io/io.go:316 +0x62
encoding/gob.decodeUintReader(0x7a5d58, 0xc8231e6de0, 0xc822e2b200, 0x9, 0x9, 0x0, 0x1, 0x0, 0x0)
	/usr/local/go/src/encoding/gob/decode.go:121 +0x92
encoding/gob.(*Decoder).recvMessage(0xc82009d900, 0xc827610c30)
	/usr/local/go/src/encoding/gob/decoder.go:76 +0x5e
encoding/gob.(*Decoder).decodeTypeSequence(0xc82009d900, 0x525e00, 0xc82009d900)
	/usr/local/go/src/encoding/gob/decoder.go:140 +0x47
encoding/gob.(*Decoder).DecodeValue(0xc82009d900, 0x3c4a60, 0xc830bf7c40, 0x16, 0x0, 0x0)
	/usr/local/go/src/encoding/gob/decoder.go:208 +0x15d
encoding/gob.(*Decoder).Decode(0xc82009d900, 0x3c4a60, 0xc830bf7c40, 0x0, 0x0)
	/usr/local/go/src/encoding/gob/decoder.go:185 +0x289
github.com/johntech-o/gorpc.(*ConnDriver).ReadResponseHeader(0xc820180630, 0xc830bf7c40, 0x0, 0x0)
	/Users/johntech/code/gocode/src/github.com/johntech-o/gorpc/driverConn.go:115 +0x51
github.com/johntech-o/gorpc.(*ConnPool).serveRead(0xc82011e0a0, 0xc820180630)
	/Users/johntech/code/gocode/src/github.com/johntech-o/gorpc/connPool.go:159 +0x782
created by github.com/johntech-o/gorpc.(*ConnPool).createConn
	/Users/johntech/code/gocode/src/github.com/johntech-o/gorpc/connPool.go:55 +0xc9

goroutine 10153 [select]:
github.com/johntech-o/gorpc.(*ConnPool).serveWrite(0xc82011e0a0, 0xc820180630)
	/Users/johntech/code/gocode/src/github.com/johntech-o/gorpc/connPool.go:215 +0x6b6
created by github.com/johntech-o/gorpc.(*ConnPool).createConn
	/Users/johntech/code/gocode/src/github.com/johntech-o/gorpc/connPool.go:56 +0xf5

goroutine 10226 [IO wait]:
net.runtime_pollWait(0x7a7340, 0x72, 0xc820012190)
	/usr/local/go/src/runtime/netpoll.go:157 +0x60
net.(*pollDesc).Wait(0xc82005d4f0, 0x72, 0x0, 0x0)
	/usr/local/go/src/net/fd_poll_runtime.go:73 +0x3a
net.(*pollDesc).WaitRead(0xc82005d4f0, 0x0, 0x0)
	/usr/local/go/src/net/fd_poll_runtime.go:78 +0x36
net.(*netFD).Read(0xc82005d490, 0xc823380000, 0x1000, 0x1000, 0x0, 0x7a0050, 0xc820012190)
	/usr/local/go/src/net/fd_unix.go:232 +0x23a
net.(*conn).Read(0xc8232e8068, 0xc823380000, 0x1000, 0x1000, 0x0, 0x0, 0x0)
	/usr/local/go/src/net/net.go:172 +0xe4
bufio.(*Reader).fill(0xc82330e2a0)
	/usr/local/go/src/bufio/bufio.go:97 +0x1e9
bufio.(*Reader).Read(0xc82330e2a0, 0xc824a4c820, 0x1, 0x9, 0x525128, 0x0, 0x0)
	/usr/local/go/src/bufio/bufio.go:207 +0x260
io.ReadAtLeast(0x7a5d58, 0xc82330e2a0, 0xc824a4c820, 0x1, 0x9, 0x1, 0x0, 0x0, 0x0)
	/usr/local/go/src/io/io.go:298 +0xe6
io.ReadFull(0x7a5d58, 0xc82330e2a0, 0xc824a4c820, 0x1, 0x9, 0xc820171070, 0x0, 0x0)
	/usr/local/go/src/io/io.go:316 +0x62
encoding/gob.decodeUintReader(0x7a5d58, 0xc82330e2a0, 0xc824a4c820, 0x9, 0x9, 0x0, 0x1, 0x0, 0x0)
	/usr/local/go/src/encoding/gob/decode.go:121 +0x92
encoding/gob.(*Decoder).recvMessage(0xc820171000, 0xc827e30c30)
	/usr/local/go/src/encoding/gob/decoder.go:76 +0x5e
encoding/gob.(*Decoder).decodeTypeSequence(0xc820171000, 0x525e00, 0xc820171000)
	/usr/local/go/src/encoding/gob/decoder.go:140 +0x47
encoding/gob.(*Decoder).DecodeValue(0xc820171000, 0x3c4a60, 0xc8236134a0, 0x16, 0x0, 0x0)
	/usr/local/go/src/encoding/gob/decoder.go:208 +0x15d
encoding/gob.(*Decoder).Decode(0xc820171000, 0x3c4a60, 0xc8236134a0, 0x0, 0x0)
	/usr/local/go/src/encoding/gob/decoder.go:185 +0x289
github.com/johntech-o/gorpc.(*ConnDriver).ReadResponseHeader(0xc8230ee3f0, 0xc8236134a0, 0x0, 0x0)
	/Users/johntech/code/gocode/src/github.com/johntech-o/gorpc/driverConn.go:115 +0x51
github.com/johntech-o/gorpc.(*ConnPool).serveRead(0xc82011e0a0, 0xc8230ee3f0)
	/Users/johntech/code/gocode/src/github.com/johntech-o/gorpc/connPool.go:159 +0x782
created by github.com/johntech-o/gorpc.(*ConnPool).createConn
	/Users/johntech/code/gocode/src/github.com/johntech-o/gorpc/connPool.go:55 +0xc9

goroutine 10183 [IO wait]:
net.runtime_pollWait(0x7a54b0, 0x72, 0xc820012190)
	/usr/local/go/src/runtime/netpoll.go:157 +0x60
net.(*pollDesc).Wait(0xc822df8060, 0x72, 0x0, 0x0)
	/usr/local/go/src/net/fd_poll_runtime.go:73 +0x3a
net.(*pollDesc).WaitRead(0xc822df8060, 0x0, 0x0)
	/usr/local/go/src/net/fd_poll_runtime.go:78 +0x36
net.(*netFD).Read(0xc822df8000, 0xc822e99000, 0x1000, 0x1000, 0x0, 0x7a0050, 0xc820012190)
	/usr/local/go/src/net/fd_unix.go:232 +0x23a
net.(*conn).Read(0xc8201163e8, 0xc822e99000, 0x1000, 0x1000, 0x0, 0x0, 0x0)
	/usr/local/go/src/net/net.go:172 +0xe4
bufio.(*Reader).fill(0xc8201231a0)
	/usr/local/go/src/bufio/bufio.go:97 +0x1e9
bufio.(*Reader).Read(0xc8201231a0, 0xc82010fb60, 0x1, 0x9, 0x525128, 0x0, 0x0)
	/usr/local/go/src/bufio/bufio.go:207 +0x260
io.ReadAtLeast(0x7a5d58, 0xc8201231a0, 0xc82010fb60, 0x1, 0x9, 0x1, 0x0, 0x0, 0x0)
	/usr/local/go/src/io/io.go:298 +0xe6
io.ReadFull(0x7a5d58, 0xc8201231a0, 0xc82010fb60, 0x1, 0x9, 0xc822dec470, 0x0, 0x0)
	/usr/local/go/src/io/io.go:316 +0x62
encoding/gob.decodeUintReader(0x7a5d58, 0xc8201231a0, 0xc82010fb60, 0x9, 0x9, 0x0, 0x1, 0x0, 0x0)
	/usr/local/go/src/encoding/gob/decode.go:121 +0x92
encoding/gob.(*Decoder).recvMessage(0xc822dec400, 0xc824ccfc30)
	/usr/local/go/src/encoding/gob/decoder.go:76 +0x5e
encoding/gob.(*Decoder).decodeTypeSequence(0xc822dec400, 0x525e00, 0xc822dec400)
	/usr/local/go/src/encoding/gob/decoder.go:140 +0x47
encoding/gob.(*Decoder).DecodeValue(0xc822dec400, 0x3c4a60, 0xc830bf7ca0, 0x16, 0x0, 0x0)
	/usr/local/go/src/encoding/gob/decoder.go:208 +0x15d
encoding/gob.(*Decoder).Decode(0xc822dec400, 0x3c4a60, 0xc830bf7ca0, 0x0, 0x0)
	/usr/local/go/src/encoding/gob/decoder.go:185 +0x289
github.com/johntech-o/gorpc.(*ConnDriver).ReadResponseHeader(0xc824a5c5a0, 0xc830bf7ca0, 0x0, 0x0)
	/Users/johntech/code/gocode/src/github.com/johntech-o/gorpc/driverConn.go:115 +0x51
github.com/johntech-o/gorpc.(*ConnPool).serveRead(0xc82011e0a0, 0xc824a5c5a0)
	/Users/johntech/code/gocode/src/github.com/johntech-o/gorpc/connPool.go:159 +0x782
created by github.com/johntech-o/gorpc.(*ConnPool).createConn
	/Users/johntech/code/gocode/src/github.com/johntech-o/gorpc/connPool.go:55 +0xc9

goroutine 10184 [select]:
github.com/johntech-o/gorpc.(*ConnPool).serveWrite(0xc82011e0a0, 0xc824a5c5a0)
	/Users/johntech/code/gocode/src/github.com/johntech-o/gorpc/connPool.go:215 +0x6b6
created by github.com/johntech-o/gorpc.(*ConnPool).createConn
	/Users/johntech/code/gocode/src/github.com/johntech-o/gorpc/connPool.go:56 +0xf5

goroutine 10134 [IO wait]:
net.runtime_pollWait(0x7a7700, 0x72, 0xc820012190)
	/usr/local/go/src/runtime/netpoll.go:157 +0x60
net.(*pollDesc).Wait(0xc82005d480, 0x72, 0x0, 0x0)
	/usr/local/go/src/net/fd_poll_runtime.go:73 +0x3a
net.(*pollDesc).WaitRead(0xc82005d480, 0x0, 0x0)
	/usr/local/go/src/net/fd_poll_runtime.go:78 +0x36
net.(*netFD).Read(0xc82005d420, 0xc8233e2000, 0x1000, 0x1000, 0x0, 0x7a0050, 0xc820012190)
	/usr/local/go/src/net/fd_unix.go:232 +0x23a
net.(*conn).Read(0xc8232e8090, 0xc8233e2000, 0x1000, 0x1000, 0x0, 0x0, 0x0)
	/usr/local/go/src/net/net.go:172 +0xe4
bufio.(*Reader).fill(0xc82330e480)
	/usr/local/go/src/bufio/bufio.go:97 +0x1e9
bufio.(*Reader).Read(0xc82330e480, 0xc8247111d0, 0x1, 0x9, 0x525128, 0x0, 0x0)
	/usr/local/go/src/bufio/bufio.go:207 +0x260
io.ReadAtLeast(0x7a5d58, 0xc82330e480, 0xc8247111d0, 0x1, 0x9, 0x1, 0x0, 0x0, 0x0)
	/usr/local/go/src/io/io.go:298 +0xe6
io.ReadFull(0x7a5d58, 0xc82330e480, 0xc8247111d0, 0x1, 0x9, 0xc8201712f0, 0x0, 0x0)
	/usr/local/go/src/io/io.go:316 +0x62
encoding/gob.decodeUintReader(0x7a5d58, 0xc82330e480, 0xc8247111d0, 0x9, 0x9, 0x0, 0x1, 0x0, 0x0)
	/usr/local/go/src/encoding/gob/decode.go:121 +0x92
encoding/gob.(*Decoder).recvMessage(0xc820171280, 0xc824cc5c30)
	/usr/local/go/src/encoding/gob/decoder.go:76 +0x5e
encoding/gob.(*Decoder).decodeTypeSequence(0xc820171280, 0x525e00, 0xc820171280)
	/usr/local/go/src/encoding/gob/decoder.go:140 +0x47
encoding/gob.(*Decoder).DecodeValue(0xc820171280, 0x3c4a60, 0xc82cac0c80, 0x16, 0x0, 0x0)
	/usr/local/go/src/encoding/gob/decoder.go:208 +0x15d
encoding/gob.(*Decoder).Decode(0xc820171280, 0x3c4a60, 0xc82cac0c80, 0x0, 0x0)
	/usr/local/go/src/encoding/gob/decoder.go:185 +0x289
github.com/johntech-o/gorpc.(*ConnDriver).ReadResponseHeader(0xc820086360, 0xc82cac0c80, 0x0, 0x0)
	/Users/johntech/code/gocode/src/github.com/johntech-o/gorpc/driverConn.go:115 +0x51
github.com/johntech-o/gorpc.(*ConnPool).serveRead(0xc82011e0a0, 0xc820086360)
	/Users/johntech/code/gocode/src/github.com/johntech-o/gorpc/connPool.go:159 +0x782
created by github.com/johntech-o/gorpc.(*ConnPool).createConn
	/Users/johntech/code/gocode/src/github.com/johntech-o/gorpc/connPool.go:55 +0xc9

goroutine 10135 [select]:
github.com/johntech-o/gorpc.(*ConnPool).serveWrite(0xc82011e0a0, 0xc820086360)
	/Users/johntech/code/gocode/src/github.com/johntech-o/gorpc/connPool.go:215 +0x6b6
created by github.com/johntech-o/gorpc.(*ConnPool).createConn
	/Users/johntech/code/gocode/src/github.com/johntech-o/gorpc/connPool.go:56 +0xf5

goroutine 10154 [IO wait]:
net.runtime_pollWait(0x7a4c70, 0x72, 0xc820012190)
	/usr/local/go/src/runtime/netpoll.go:157 +0x60
net.(*pollDesc).Wait(0xc822df81b0, 0x72, 0x0, 0x0)
	/usr/local/go/src/net/fd_poll_runtime.go:73 +0x3a
net.(*pollDesc).WaitRead(0xc822df81b0, 0x0, 0x0)
	/usr/local/go/src/net/fd_poll_runtime.go:78 +0x36
net.(*netFD).Read(0xc822df8150, 0xc8232b8000, 0x1000, 0x1000, 0x0, 0x7a0050, 0xc820012190)
	/usr/local/go/src/net/fd_unix.go:232 +0x23a
net.(*conn).Read(0xc82015c0b8, 0xc8232b8000, 0x1000, 0x1000, 0x0, 0x0, 0x0)
	/usr/local/go/src/net/net.go:172 +0xe4
bufio.(*Reader).fill(0xc8231e6a80)
	/usr/local/go/src/bufio/bufio.go:97 +0x1e9
bufio.(*Reader).Read(0xc8231e6a80, 0xc822e2b460, 0x1, 0x9, 0x525128, 0x0, 0x0)
	/usr/local/go/src/bufio/bufio.go:207 +0x260
io.ReadAtLeast(0x7a5d58, 0xc8231e6a80, 0xc822e2b460, 0x1, 0x9, 0x1, 0x0, 0x0, 0x0)
	/usr/local/go/src/io/io.go:298 +0xe6
io.ReadFull(0x7a5d58, 0xc8231e6a80, 0xc822e2b460, 0x1, 0x9, 0xc82009d4f0, 0x0, 0x0)
	/usr/local/go/src/io/io.go:316 +0x62
encoding/gob.decodeUintReader(0x7a5d58, 0xc8231e6a80, 0xc822e2b460, 0x9, 0x9, 0x0, 0x1, 0x0, 0x0)
	/usr/local/go/src/encoding/gob/decode.go:121 +0x92
encoding/gob.(*Decoder).recvMessage(0xc82009d480, 0xc82d339c30)
	/usr/local/go/src/encoding/gob/decoder.go:76 +0x5e
encoding/gob.(*Decoder).decodeTypeSequence(0xc82009d480, 0x525e00, 0xc82009d480)
	/usr/local/go/src/encoding/gob/decoder.go:140 +0x47
encoding/gob.(*Decoder).DecodeValue(0xc82009d480, 0x3c4a60, 0xc82cac0d00, 0x16, 0x0, 0x0)
	/usr/local/go/src/encoding/gob/decoder.go:208 +0x15d
encoding/gob.(*Decoder).Decode(0xc82009d480, 0x3c4a60, 0xc82cac0d00, 0x0, 0x0)
	/usr/local/go/src/encoding/gob/decoder.go:185 +0x289
github.com/johntech-o/gorpc.(*ConnDriver).ReadResponseHeader(0xc820180750, 0xc82cac0d00, 0x0, 0x0)
	/Users/johntech/code/gocode/src/github.com/johntech-o/gorpc/driverConn.go:115 +0x51
github.com/johntech-o/gorpc.(*ConnPool).serveRead(0xc82011e0a0, 0xc820180750)
	/Users/johntech/code/gocode/src/github.com/johntech-o/gorpc/connPool.go:159 +0x782
created by github.com/johntech-o/gorpc.(*ConnPool).createConn
	/Users/johntech/code/gocode/src/github.com/johntech-o/gorpc/connPool.go:55 +0xc9

goroutine 10155 [select]:
github.com/johntech-o/gorpc.(*ConnPool).serveWrite(0xc82011e0a0, 0xc820180750)
	/Users/johntech/code/gocode/src/github.com/johntech-o/gorpc/connPool.go:215 +0x6b6
created by github.com/johntech-o/gorpc.(*ConnPool).createConn
	/Users/johntech/code/gocode/src/github.com/johntech-o/gorpc/connPool.go:56 +0xf5

goroutine 10185 [IO wait]:
net.runtime_pollWait(0x7a86c0, 0x72, 0xc820012190)
	/usr/local/go/src/runtime/netpoll.go:157 +0x60
net.(*pollDesc).Wait(0xc82005d5d0, 0x72, 0x0, 0x0)
	/usr/local/go/src/net/fd_poll_runtime.go:73 +0x3a
net.(*pollDesc).WaitRead(0xc82005d5d0, 0x0, 0x0)
	/usr/local/go/src/net/fd_poll_runtime.go:78 +0x36
net.(*netFD).Read(0xc82005d570, 0xc8232ec000, 0x1000, 0x1000, 0x0, 0x7a0050, 0xc820012190)
	/usr/local/go/src/net/fd_unix.go:232 +0x23a
net.(*conn).Read(0xc82015c0f0, 0xc8232ec000, 0x1000, 0x1000, 0x0, 0x0, 0x0)
	/usr/local/go/src/net/net.go:172 +0xe4
bufio.(*Reader).fill(0xc8231e6d20)
	/usr/local/go/src/bufio/bufio.go:97 +0x1e9
bufio.(*Reader).Read(0xc8231e6d20, 0xc820013560, 0x1, 0x9, 0x525128, 0x0, 0x0)
	/usr/local/go/src/bufio/bufio.go:207 +0x260
io.ReadAtLeast(0x7a5d58, 0xc8231e6d20, 0xc820013560, 0x1, 0x9, 0x1, 0x0, 0x0, 0x0)
	/usr/local/go/src/io/io.go:298 +0xe6
io.ReadFull(0x7a5d58, 0xc8231e6d20, 0xc820013560, 0x1, 0x9, 0xc82009d870, 0x0, 0x0)
	/usr/local/go/src/io/io.go:316 +0x62
encoding/gob.decodeUintReader(0x7a5d58, 0xc8231e6d20, 0xc820013560, 0x9, 0x9, 0x0, 0x1, 0x0, 0x0)
	/usr/local/go/src/encoding/gob/decode.go:121 +0x92
encoding/gob.(*Decoder).recvMessage(0xc82009d800, 0xc82b357c30)
	/usr/local/go/src/encoding/gob/decoder.go:76 +0x5e
encoding/gob.(*Decoder).decodeTypeSequence(0xc82009d800, 0x525e00, 0xc82009d800)
	/usr/local/go/src/encoding/gob/decoder.go:140 +0x47
encoding/gob.(*Decoder).DecodeValue(0xc82009d800, 0x3c4a60, 0xc82cac0e60, 0x16, 0x0, 0x0)
	/usr/local/go/src/encoding/gob/decoder.go:208 +0x15d
encoding/gob.(*Decoder).Decode(0xc82009d800, 0x3c4a60, 0xc82cac0e60, 0x0, 0x0)
	/usr/local/go/src/encoding/gob/decoder.go:185 +0x289
github.com/johntech-o/gorpc.(*ConnDriver).ReadResponseHeader(0xc824a5c750, 0xc82cac0e60, 0x0, 0x0)
	/Users/johntech/code/gocode/src/github.com/johntech-o/gorpc/driverConn.go:115 +0x51
github.com/johntech-o/gorpc.(*ConnPool).serveRead(0xc82011e0a0, 0xc824a5c750)
	/Users/johntech/code/gocode/src/github.com/johntech-o/gorpc/connPool.go:159 +0x782
created by github.com/johntech-o/gorpc.(*ConnPool).createConn
	/Users/johntech/code/gocode/src/github.com/johntech-o/gorpc/connPool.go:55 +0xc9

goroutine 10165 [IO wait]:
net.runtime_pollWait(0x7a8f00, 0x72, 0xc820012190)
	/usr/local/go/src/runtime/netpoll.go:157 +0x60
net.(*pollDesc).Wait(0xc822df88b0, 0x72, 0x0, 0x0)
	/usr/local/go/src/net/fd_poll_runtime.go:73 +0x3a
net.(*pollDesc).WaitRead(0xc822df88b0, 0x0, 0x0)
	/usr/local/go/src/net/fd_poll_runtime.go:78 +0x36
net.(*netFD).Read(0xc822df8850, 0xc82333c000, 0x1000, 0x1000, 0x0, 0x7a0050, 0xc820012190)
	/usr/local/go/src/net/fd_unix.go:232 +0x23a
net.(*conn).Read(0xc8232e8040, 0xc82333c000, 0x1000, 0x1000, 0x0, 0x0, 0x0)
	/usr/local/go/src/net/net.go:172 +0xe4
bufio.(*Reader).fill(0xc82330e0c0)
	/usr/local/go/src/bufio/bufio.go:97 +0x1e9
bufio.(*Reader).Read(0xc82330e0c0, 0xc82010e160, 0x1, 0x9, 0x525128, 0x0, 0x0)
	/usr/local/go/src/bufio/bufio.go:207 +0x260
io.ReadAtLeast(0x7a5d58, 0xc82330e0c0, 0xc82010e160, 0x1, 0x9, 0x1, 0x0, 0x0, 0x0)
	/usr/local/go/src/io/io.go:298 +0xe6
io.ReadFull(0x7a5d58, 0xc82330e0c0, 0xc82010e160, 0x1, 0x9, 0xc820170df0, 0x0, 0x0)
	/usr/local/go/src/io/io.go:316 +0x62
encoding/gob.decodeUintReader(0x7a5d58, 0xc82330e0c0, 0xc82010e160, 0x9, 0x9, 0x0, 0x1, 0x0, 0x0)
	/usr/local/go/src/encoding/gob/decode.go:121 +0x92
encoding/gob.(*Decoder).recvMessage(0xc820170d80, 0xc82438ac30)
	/usr/local/go/src/encoding/gob/decoder.go:76 +0x5e
encoding/gob.(*Decoder).decodeTypeSequence(0xc820170d80, 0x525e00, 0xc820170d80)
	/usr/local/go/src/encoding/gob/decoder.go:140 +0x47
encoding/gob.(*Decoder).DecodeValue(0xc820170d80, 0x3c4a60, 0xc8236138e0, 0x16, 0x0, 0x0)
	/usr/local/go/src/encoding/gob/decoder.go:208 +0x15d
encoding/gob.(*Decoder).Decode(0xc820170d80, 0x3c4a60, 0xc8236138e0, 0x0, 0x0)
	/usr/local/go/src/encoding/gob/decoder.go:185 +0x289
github.com/johntech-o/gorpc.(*ConnDriver).ReadResponseHeader(0xc8201243f0, 0xc8236138e0, 0x0, 0x0)
	/Users/johntech/code/gocode/src/github.com/johntech-o/gorpc/driverConn.go:115 +0x51
github.com/johntech-o/gorpc.(*ConnPool).serveRead(0xc82011e0a0, 0xc8201243f0)
	/Users/johntech/code/gocode/src/github.com/johntech-o/gorpc/connPool.go:159 +0x782
created by github.com/johntech-o/gorpc.(*ConnPool).createConn
	/Users/johntech/code/gocode/src/github.com/johntech-o/gorpc/connPool.go:55 +0xc9

goroutine 10186 [select]:
github.com/johntech-o/gorpc.(*ConnPool).serveWrite(0xc82011e0a0, 0xc824a5c750)
	/Users/johntech/code/gocode/src/github.com/johntech-o/gorpc/connPool.go:215 +0x6b6
created by github.com/johntech-o/gorpc.(*ConnPool).createConn
	/Users/johntech/code/gocode/src/github.com/johntech-o/gorpc/connPool.go:56 +0xf5

goroutine 10300 [select]:
github.com/johntech-o/gorpc.(*ConnPool).serveWrite(0xc82011e0a0, 0xc824a5cd80)
	/Users/johntech/code/gocode/src/github.com/johntech-o/gorpc/connPool.go:215 +0x6b6
created by github.com/johntech-o/gorpc.(*ConnPool).createConn
	/Users/johntech/code/gocode/src/github.com/johntech-o/gorpc/connPool.go:56 +0xf5

goroutine 10166 [select]:
github.com/johntech-o/gorpc.(*ConnPool).serveWrite(0xc82011e0a0, 0xc8201243f0)
	/Users/johntech/code/gocode/src/github.com/johntech-o/gorpc/connPool.go:215 +0x6b6
created by github.com/johntech-o/gorpc.(*ConnPool).createConn
	/Users/johntech/code/gocode/src/github.com/johntech-o/gorpc/connPool.go:56 +0xf5

goroutine 10299 [IO wait]:
net.runtime_pollWait(0x7a7880, 0x72, 0xc820012190)
	/usr/local/go/src/runtime/netpoll.go:157 +0x60
net.(*pollDesc).Wait(0xc82014e840, 0x72, 0x0, 0x0)
	/usr/local/go/src/net/fd_poll_runtime.go:73 +0x3a
net.(*pollDesc).WaitRead(0xc82014e840, 0x0, 0x0)
	/usr/local/go/src/net/fd_poll_runtime.go:78 +0x36
net.(*netFD).Read(0xc82014e7e0, 0xc8233ec000, 0x1000, 0x1000, 0x0, 0x7a0050, 0xc820012190)
	/usr/local/go/src/net/fd_unix.go:232 +0x23a
net.(*conn).Read(0xc8232e80a0, 0xc8233ec000, 0x1000, 0x1000, 0x0, 0x0, 0x0)
	/usr/local/go/src/net/net.go:172 +0xe4
bufio.(*Reader).fill(0xc82330e540)
	/usr/local/go/src/bufio/bufio.go:97 +0x1e9
bufio.(*Reader).Read(0xc82330e540, 0xc824ba4bf0, 0x1, 0x9, 0x525128, 0x0, 0x0)
	/usr/local/go/src/bufio/bufio.go:207 +0x260
io.ReadAtLeast(0x7a5d58, 0xc82330e540, 0xc824ba4bf0, 0x1, 0x9, 0x1, 0x0, 0x0, 0x0)
	/usr/local/go/src/io/io.go:298 +0xe6
io.ReadFull(0x7a5d58, 0xc82330e540, 0xc824ba4bf0, 0x1, 0x9, 0xc8201713f0, 0x0, 0x0)
	/usr/local/go/src/io/io.go:316 +0x62
encoding/gob.decodeUintReader(0x7a5d58, 0xc82330e540, 0xc824ba4bf0, 0x9, 0x9, 0x0, 0x1, 0x0, 0x0)
	/usr/local/go/src/encoding/gob/decode.go:121 +0x92
encoding/gob.(*Decoder).recvMessage(0xc820171380, 0xc82b351c30)
	/usr/local/go/src/encoding/gob/decoder.go:76 +0x5e
encoding/gob.(*Decoder).decodeTypeSequence(0xc820171380, 0x525e00, 0xc820171380)
	/usr/local/go/src/encoding/gob/decoder.go:140 +0x47
encoding/gob.(*Decoder).DecodeValue(0xc820171380, 0x3c4a60, 0xc8238baa20, 0x16, 0x0, 0x0)
	/usr/local/go/src/encoding/gob/decoder.go:208 +0x15d
encoding/gob.(*Decoder).Decode(0xc820171380, 0x3c4a60, 0xc8238baa20, 0x0, 0x0)
	/usr/local/go/src/encoding/gob/decoder.go:185 +0x289
github.com/johntech-o/gorpc.(*ConnDriver).ReadResponseHeader(0xc824a5cd80, 0xc8238baa20, 0x0, 0x0)
	/Users/johntech/code/gocode/src/github.com/johntech-o/gorpc/driverConn.go:115 +0x51
github.com/johntech-o/gorpc.(*ConnPool).serveRead(0xc82011e0a0, 0xc824a5cd80)
	/Users/johntech/code/gocode/src/github.com/johntech-o/gorpc/connPool.go:159 +0x782
created by github.com/johntech-o/gorpc.(*ConnPool).createConn
	/Users/johntech/code/gocode/src/github.com/johntech-o/gorpc/connPool.go:55 +0xc9

goroutine 10158 [IO wait]:
net.runtime_pollWait(0x18c0e00, 0x72, 0xc820012190)
	/usr/local/go/src/runtime/netpoll.go:157 +0x60
net.(*pollDesc).Wait(0xc822e224c0, 0x72, 0x0, 0x0)
	/usr/local/go/src/net/fd_poll_runtime.go:73 +0x3a
net.(*pollDesc).WaitRead(0xc822e224c0, 0x0, 0x0)
	/usr/local/go/src/net/fd_poll_runtime.go:78 +0x36
net.(*netFD).Read(0xc822e22460, 0xc82325e000, 0x1000, 0x1000, 0x0, 0x7a0050, 0xc820012190)
	/usr/local/go/src/net/fd_unix.go:232 +0x23a
net.(*conn).Read(0xc823220030, 0xc82325e000, 0x1000, 0x1000, 0x0, 0x0, 0x0)
	/usr/local/go/src/net/net.go:172 +0xe4
bufio.(*Reader).fill(0xc823127440)
	/usr/local/go/src/bufio/bufio.go:97 +0x1e9
bufio.(*Reader).Read(0xc823127440, 0xc824ab45d0, 0x1, 0x9, 0x525128, 0x0, 0x0)
	/usr/local/go/src/bufio/bufio.go:207 +0x260
io.ReadAtLeast(0x7a5d58, 0xc823127440, 0xc824ab45d0, 0x1, 0x9, 0x1, 0x0, 0x0, 0x0)
	/usr/local/go/src/io/io.go:298 +0xe6
io.ReadFull(0x7a5d58, 0xc823127440, 0xc824ab45d0, 0x1, 0x9, 0xc82011b5f0, 0x0, 0x0)
	/usr/local/go/src/io/io.go:316 +0x62
encoding/gob.decodeUintReader(0x7a5d58, 0xc823127440, 0xc824ab45d0, 0x9, 0x9, 0x0, 0x1, 0x0, 0x0)
	/usr/local/go/src/encoding/gob/decode.go:121 +0x92
encoding/gob.(*Decoder).recvMessage(0xc82011b580, 0xc82b354c30)
	/usr/local/go/src/encoding/gob/decoder.go:76 +0x5e
encoding/gob.(*Decoder).decodeTypeSequence(0xc82011b580, 0x525e00, 0xc82011b580)
	/usr/local/go/src/encoding/gob/decoder.go:140 +0x47
encoding/gob.(*Decoder).DecodeValue(0xc82011b580, 0x3c4a60, 0xc823612600, 0x16, 0x0, 0x0)
	/usr/local/go/src/encoding/gob/decoder.go:208 +0x15d
encoding/gob.(*Decoder).Decode(0xc82011b580, 0x3c4a60, 0xc823612600, 0x0, 0x0)
	/usr/local/go/src/encoding/gob/decoder.go:185 +0x289
github.com/johntech-o/gorpc.(*ConnDriver).ReadResponseHeader(0xc820180990, 0xc823612600, 0x0, 0x0)
	/Users/johntech/code/gocode/src/github.com/johntech-o/gorpc/driverConn.go:115 +0x51
github.com/johntech-o/gorpc.(*ConnPool).serveRead(0xc82011e0a0, 0xc820180990)
	/Users/johntech/code/gocode/src/github.com/johntech-o/gorpc/connPool.go:159 +0x782
created by github.com/johntech-o/gorpc.(*ConnPool).createConn
	/Users/johntech/code/gocode/src/github.com/johntech-o/gorpc/connPool.go:55 +0xc9

goroutine 10289 [IO wait]:
net.runtime_pollWait(0x7a8b40, 0x72, 0xc820012190)
	/usr/local/go/src/runtime/netpoll.go:157 +0x60
net.(*pollDesc).Wait(0xc82014e990, 0x72, 0x0, 0x0)
	/usr/local/go/src/net/fd_poll_runtime.go:73 +0x3a
net.(*pollDesc).WaitRead(0xc82014e990, 0x0, 0x0)
	/usr/local/go/src/net/fd_poll_runtime.go:78 +0x36
net.(*netFD).Read(0xc82014e930, 0xc823318000, 0x1000, 0x1000, 0x0, 0x7a0050, 0xc820012190)
	/usr/local/go/src/net/fd_unix.go:232 +0x23a
net.(*conn).Read(0xc82015c120, 0xc823318000, 0x1000, 0x1000, 0x0, 0x0, 0x0)
	/usr/local/go/src/net/net.go:172 +0xe4
bufio.(*Reader).fill(0xc8231e6f60)
	/usr/local/go/src/bufio/bufio.go:97 +0x1e9
bufio.(*Reader).Read(0xc8231e6f60, 0xc824bfcea0, 0x1, 0x9, 0x525128, 0x0, 0x0)
	/usr/local/go/src/bufio/bufio.go:207 +0x260
io.ReadAtLeast(0x7a5d58, 0xc8231e6f60, 0xc824bfcea0, 0x1, 0x9, 0x1, 0x0, 0x0, 0x0)
	/usr/local/go/src/io/io.go:298 +0xe6
io.ReadFull(0x7a5d58, 0xc8231e6f60, 0xc824bfcea0, 0x1, 0x9, 0xc82009db70, 0x0, 0x0)
	/usr/local/go/src/io/io.go:316 +0x62
encoding/gob.decodeUintReader(0x7a5d58, 0xc8231e6f60, 0xc824bfcea0, 0x9, 0x9, 0x0, 0x1, 0x0, 0x0)
	/usr/local/go/src/encoding/gob/decode.go:121 +0x92
encoding/gob.(*Decoder).recvMessage(0xc82009db00, 0xc827e32c30)
	/usr/local/go/src/encoding/gob/decoder.go:76 +0x5e
encoding/gob.(*Decoder).decodeTypeSequence(0xc82009db00, 0x525e00, 0xc82009db00)
	/usr/local/go/src/encoding/gob/decoder.go:140 +0x47
encoding/gob.(*Decoder).DecodeValue(0xc82009db00, 0x3c4a60, 0xc82cac1600, 0x16, 0x0, 0x0)
	/usr/local/go/src/encoding/gob/decoder.go:208 +0x15d
encoding/gob.(*Decoder).Decode(0xc82009db00, 0x3c4a60, 0xc82cac1600, 0x0, 0x0)
	/usr/local/go/src/encoding/gob/decoder.go:185 +0x289
github.com/johntech-o/gorpc.(*ConnDriver).ReadResponseHeader(0xc820124e10, 0xc82cac1600, 0x0, 0x0)
	/Users/johntech/code/gocode/src/github.com/johntech-o/gorpc/driverConn.go:115 +0x51
github.com/johntech-o/gorpc.(*ConnPool).serveRead(0xc82011e0a0, 0xc820124e10)
	/Users/johntech/code/gocode/src/github.com/johntech-o/gorpc/connPool.go:159 +0x782
created by github.com/johntech-o/gorpc.(*ConnPool).createConn
	/Users/johntech/code/gocode/src/github.com/johntech-o/gorpc/connPool.go:55 +0xc9

goroutine 10278 [select]:
github.com/johntech-o/gorpc.(*ConnPool).serveWrite(0xc82011e0a0, 0xc820124b40)
	/Users/johntech/code/gocode/src/github.com/johntech-o/gorpc/connPool.go:215 +0x6b6
created by github.com/johntech-o/gorpc.(*ConnPool).createConn
	/Users/johntech/code/gocode/src/github.com/johntech-o/gorpc/connPool.go:56 +0xf5

goroutine 10156 [IO wait]:
net.runtime_pollWait(0x7a7e80, 0x72, 0xc820012190)
	/usr/local/go/src/runtime/netpoll.go:157 +0x60
net.(*pollDesc).Wait(0xc822df8680, 0x72, 0x0, 0x0)
	/usr/local/go/src/net/fd_poll_runtime.go:73 +0x3a
net.(*pollDesc).WaitRead(0xc822df8680, 0x0, 0x0)
	/usr/local/go/src/net/fd_poll_runtime.go:78 +0x36
net.(*netFD).Read(0xc822df8620, 0xc82333a000, 0x1000, 0x1000, 0x0, 0x7a0050, 0xc820012190)
	/usr/local/go/src/net/fd_unix.go:232 +0x23a
net.(*conn).Read(0xc82015c140, 0xc82333a000, 0x1000, 0x1000, 0x0, 0x0, 0x0)
	/usr/local/go/src/net/net.go:172 +0xe4
bufio.(*Reader).fill(0xc8231e70e0)
	/usr/local/go/src/bufio/bufio.go:97 +0x1e9
bufio.(*Reader).Read(0xc8231e70e0, 0xc822e2b6b0, 0x1, 0x9, 0x525128, 0x0, 0x0)
	/usr/local/go/src/bufio/bufio.go:207 +0x260
io.ReadAtLeast(0x7a5d58, 0xc8231e70e0, 0xc822e2b6b0, 0x1, 0x9, 0x1, 0x0, 0x0, 0x0)
	/usr/local/go/src/io/io.go:298 +0xe6
io.ReadFull(0x7a5d58, 0xc8231e70e0, 0xc822e2b6b0, 0x1, 0x9, 0xc82009dd70, 0x0, 0x0)
	/usr/local/go/src/io/io.go:316 +0x62
encoding/gob.decodeUintReader(0x7a5d58, 0xc8231e70e0, 0xc822e2b6b0, 0x9, 0x9, 0x0, 0x1, 0x0, 0x0)
	/usr/local/go/src/encoding/gob/decode.go:121 +0x92
encoding/gob.(*Decoder).recvMessage(0xc82009dd00, 0xc827e2cc30)
	/usr/local/go/src/encoding/gob/decoder.go:76 +0x5e
encoding/gob.(*Decoder).decodeTypeSequence(0xc82009dd00, 0x525e00, 0xc82009dd00)
	/usr/local/go/src/encoding/gob/decoder.go:140 +0x47
encoding/gob.(*Decoder).DecodeValue(0xc82009dd00, 0x3c4a60, 0xc82cac1500, 0x16, 0x0, 0x0)
	/usr/local/go/src/encoding/gob/decoder.go:208 +0x15d
encoding/gob.(*Decoder).Decode(0xc82009dd00, 0x3c4a60, 0xc82cac1500, 0x0, 0x0)
	/usr/local/go/src/encoding/gob/decoder.go:185 +0x289
github.com/johntech-o/gorpc.(*ConnDriver).ReadResponseHeader(0xc820180870, 0xc82cac1500, 0x0, 0x0)
	/Users/johntech/code/gocode/src/github.com/johntech-o/gorpc/driverConn.go:115 +0x51
github.com/johntech-o/gorpc.(*ConnPool).serveRead(0xc82011e0a0, 0xc820180870)
	/Users/johntech/code/gocode/src/github.com/johntech-o/gorpc/connPool.go:159 +0x782
created by github.com/johntech-o/gorpc.(*ConnPool).createConn
	/Users/johntech/code/gocode/src/github.com/johntech-o/gorpc/connPool.go:55 +0xc9

goroutine 10157 [select]:
github.com/johntech-o/gorpc.(*ConnPool).serveWrite(0xc82011e0a0, 0xc820180870)
	/Users/johntech/code/gocode/src/github.com/johntech-o/gorpc/connPool.go:215 +0x6b6
created by github.com/johntech-o/gorpc.(*ConnPool).createConn
	/Users/johntech/code/gocode/src/github.com/johntech-o/gorpc/connPool.go:56 +0xf5

goroutine 10277 [IO wait]:
net.runtime_pollWait(0x18c0200, 0x72, 0xc820012190)
	/usr/local/go/src/runtime/netpoll.go:157 +0x60
net.(*pollDesc).Wait(0xc822e22680, 0x72, 0x0, 0x0)
	/usr/local/go/src/net/fd_poll_runtime.go:73 +0x3a
net.(*pollDesc).WaitRead(0xc822e22680, 0x0, 0x0)
	/usr/local/go/src/net/fd_poll_runtime.go:78 +0x36
net.(*netFD).Read(0xc822e22620, 0xc823238000, 0x1000, 0x1000, 0x0, 0x7a0050, 0xc820012190)
	/usr/local/go/src/net/fd_unix.go:232 +0x23a
net.(*conn).Read(0xc82015c060, 0xc823238000, 0x1000, 0x1000, 0x0, 0x0, 0x0)
	/usr/local/go/src/net/net.go:172 +0xe4
bufio.(*Reader).fill(0xc8231e6660)
	/usr/local/go/src/bufio/bufio.go:97 +0x1e9
bufio.(*Reader).Read(0xc8231e6660, 0xc82010f630, 0x1, 0x9, 0x525128, 0x0, 0x0)
	/usr/local/go/src/bufio/bufio.go:207 +0x260
io.ReadAtLeast(0x7a5d58, 0xc8231e6660, 0xc82010f630, 0x1, 0x9, 0x1, 0x0, 0x0, 0x0)
	/usr/local/go/src/io/io.go:298 +0xe6
io.ReadFull(0x7a5d58, 0xc8231e6660, 0xc82010f630, 0x1, 0x9, 0xc82009cf70, 0x0, 0x0)
	/usr/local/go/src/io/io.go:316 +0x62
encoding/gob.decodeUintReader(0x7a5d58, 0xc8231e6660, 0xc82010f630, 0x9, 0x9, 0x0, 0x1, 0x0, 0x0)
	/usr/local/go/src/encoding/gob/decode.go:121 +0x92
encoding/gob.(*Decoder).recvMessage(0xc82009cf00, 0xc827e39c30)
	/usr/local/go/src/encoding/gob/decoder.go:76 +0x5e
encoding/gob.(*Decoder).decodeTypeSequence(0xc82009cf00, 0x525e00, 0xc82009cf00)
	/usr/local/go/src/encoding/gob/decoder.go:140 +0x47
encoding/gob.(*Decoder).DecodeValue(0xc82009cf00, 0x3c4a60, 0xc823612d20, 0x16, 0x0, 0x0)
	/usr/local/go/src/encoding/gob/decoder.go:208 +0x15d
encoding/gob.(*Decoder).Decode(0xc82009cf00, 0x3c4a60, 0xc823612d20, 0x0, 0x0)
	/usr/local/go/src/encoding/gob/decoder.go:185 +0x289
github.com/johntech-o/gorpc.(*ConnDriver).ReadResponseHeader(0xc820124b40, 0xc823612d20, 0x0, 0x0)
	/Users/johntech/code/gocode/src/github.com/johntech-o/gorpc/driverConn.go:115 +0x51
github.com/johntech-o/gorpc.(*ConnPool).serveRead(0xc82011e0a0, 0xc820124b40)
	/Users/johntech/code/gocode/src/github.com/johntech-o/gorpc/connPool.go:159 +0x782
created by github.com/johntech-o/gorpc.(*ConnPool).createConn
	/Users/johntech/code/gocode/src/github.com/johntech-o/gorpc/connPool.go:55 +0xc9

goroutine 10276 [select]:
github.com/johntech-o/gorpc.(*ConnPool).serveWrite(0xc82011e0a0, 0xc820124a20)
	/Users/johntech/code/gocode/src/github.com/johntech-o/gorpc/connPool.go:215 +0x6b6
created by github.com/johntech-o/gorpc.(*ConnPool).createConn
	/Users/johntech/code/gocode/src/github.com/johntech-o/gorpc/connPool.go:56 +0xf5

goroutine 10275 [IO wait]:
net.runtime_pollWait(0x7a6880, 0x72, 0xc820012190)
	/usr/local/go/src/runtime/netpoll.go:157 +0x60
net.(*pollDesc).Wait(0xc820113aa0, 0x72, 0x0, 0x0)
	/usr/local/go/src/net/fd_poll_runtime.go:73 +0x3a
net.(*pollDesc).WaitRead(0xc820113aa0, 0x0, 0x0)
	/usr/local/go/src/net/fd_poll_runtime.go:78 +0x36
net.(*netFD).Read(0xc820113a40, 0xc82328e000, 0x1000, 0x1000, 0x0, 0x7a0050, 0xc820012190)
	/usr/local/go/src/net/fd_unix.go:232 +0x23a
net.(*conn).Read(0xc820116420, 0xc82328e000, 0x1000, 0x1000, 0x0, 0x0, 0x0)
	/usr/local/go/src/net/net.go:172 +0xe4
bufio.(*Reader).fill(0xc82325a120)
	/usr/local/go/src/bufio/bufio.go:97 +0x1e9
bufio.(*Reader).Read(0xc82325a120, 0xc82010f510, 0x1, 0x9, 0x525128, 0x0, 0x0)
	/usr/local/go/src/bufio/bufio.go:207 +0x260
io.ReadAtLeast(0x7a5d58, 0xc82325a120, 0xc82010f510, 0x1, 0x9, 0x1, 0x0, 0x0, 0x0)
	/usr/local/go/src/io/io.go:298 +0xe6
io.ReadFull(0x7a5d58, 0xc82325a120, 0xc82010f510, 0x1, 0x9, 0xc822dece70, 0x0, 0x0)
	/usr/local/go/src/io/io.go:316 +0x62
encoding/gob.decodeUintReader(0x7a5d58, 0xc82325a120, 0xc82010f510, 0x9, 0x9, 0x0, 0x1, 0x0, 0x0)
	/usr/local/go/src/encoding/gob/decode.go:121 +0x92
encoding/gob.(*Decoder).recvMessage(0xc822dece00, 0xc8286c7c20)
	/usr/local/go/src/encoding/gob/decoder.go:76 +0x5e
encoding/gob.(*Decoder).decodeTypeSequence(0xc822dece00, 0x525e00, 0xc822dece00)
	/usr/local/go/src/encoding/gob/decoder.go:140 +0x47
encoding/gob.(*Decoder).DecodeValue(0xc822dece00, 0x3c4a60, 0xc8312c9ce0, 0x16, 0x0, 0x0)
	/usr/local/go/src/encoding/gob/decoder.go:208 +0x15d
encoding/gob.(*Decoder).Decode(0xc822dece00, 0x3c4a60, 0xc8312c9ce0, 0x0, 0x0)
	/usr/local/go/src/encoding/gob/decoder.go:185 +0x289
github.com/johntech-o/gorpc.(*ConnDriver).ReadResponseHeader(0xc820124a20, 0xc8312c9ce0, 0x0, 0x0)
	/Users/johntech/code/gocode/src/github.com/johntech-o/gorpc/driverConn.go:115 +0x51
github.com/johntech-o/gorpc.(*ConnPool).serveRead(0xc82011e0a0, 0xc820124a20)
	/Users/johntech/code/gocode/src/github.com/johntech-o/gorpc/connPool.go:159 +0x782
created by github.com/johntech-o/gorpc.(*ConnPool).createConn
	/Users/johntech/code/gocode/src/github.com/johntech-o/gorpc/connPool.go:55 +0xc9

goroutine 10274 [select]:
github.com/johntech-o/gorpc.(*ConnPool).serveWrite(0xc82011e0a0, 0xc820124900)
	/Users/johntech/code/gocode/src/github.com/johntech-o/gorpc/connPool.go:215 +0x6b6
created by github.com/johntech-o/gorpc.(*ConnPool).createConn
	/Users/johntech/code/gocode/src/github.com/johntech-o/gorpc/connPool.go:56 +0xf5

goroutine 10194 [IO wait]:
net.runtime_pollWait(0x7a6ac0, 0x72, 0xc820012190)
	/usr/local/go/src/runtime/netpoll.go:157 +0x60
net.(*pollDesc).Wait(0xc822e221b0, 0x72, 0x0, 0x0)
	/usr/local/go/src/net/fd_poll_runtime.go:73 +0x3a
net.(*pollDesc).WaitRead(0xc822e221b0, 0x0, 0x0)
	/usr/local/go/src/net/fd_poll_runtime.go:78 +0x36
net.(*netFD).Read(0xc822e22150, 0xc823292000, 0x1000, 0x1000, 0x0, 0x7a0050, 0xc820012190)
	/usr/local/go/src/net/fd_unix.go:232 +0x23a
net.(*conn).Read(0xc820116428, 0xc823292000, 0x1000, 0x1000, 0x0, 0x0, 0x0)
	/usr/local/go/src/net/net.go:172 +0xe4
bufio.(*Reader).fill(0xc82325a180)
	/usr/local/go/src/bufio/bufio.go:97 +0x1e9
bufio.(*Reader).Read(0xc82325a180, 0xc822daa3f0, 0x1, 0x9, 0x525128, 0x0, 0x0)
	/usr/local/go/src/bufio/bufio.go:207 +0x260
io.ReadAtLeast(0x7a5d58, 0xc82325a180, 0xc822daa3f0, 0x1, 0x9, 0x1, 0x0, 0x0, 0x0)
	/usr/local/go/src/io/io.go:298 +0xe6
io.ReadFull(0x7a5d58, 0xc82325a180, 0xc822daa3f0, 0x1, 0x9, 0xc822decef0, 0x0, 0x0)
	/usr/local/go/src/io/io.go:316 +0x62
encoding/gob.decodeUintReader(0x7a5d58, 0xc82325a180, 0xc822daa3f0, 0x9, 0x9, 0x0, 0x1, 0x0, 0x0)
	/usr/local/go/src/encoding/gob/decode.go:121 +0x92
encoding/gob.(*Decoder).recvMessage(0xc822dece80, 0xc82789bc30)
	/usr/local/go/src/encoding/gob/decoder.go:76 +0x5e
encoding/gob.(*Decoder).decodeTypeSequence(0xc822dece80, 0x525e00, 0xc822dece80)
	/usr/local/go/src/encoding/gob/decoder.go:140 +0x47
encoding/gob.(*Decoder).DecodeValue(0xc822dece80, 0x3c4a60, 0xc824bf4a00, 0x16, 0x0, 0x0)
	/usr/local/go/src/encoding/gob/decoder.go:208 +0x15d
encoding/gob.(*Decoder).Decode(0xc822dece80, 0x3c4a60, 0xc824bf4a00, 0x0, 0x0)
	/usr/local/go/src/encoding/gob/decoder.go:185 +0x289
github.com/johntech-o/gorpc.(*ConnDriver).ReadResponseHeader(0xc824aae120, 0xc824bf4a00, 0x0, 0x0)
	/Users/johntech/code/gocode/src/github.com/johntech-o/gorpc/driverConn.go:115 +0x51
github.com/johntech-o/gorpc.(*ConnPool).serveRead(0xc82011e0a0, 0xc824aae120)
	/Users/johntech/code/gocode/src/github.com/johntech-o/gorpc/connPool.go:159 +0x782
created by github.com/johntech-o/gorpc.(*ConnPool).createConn
	/Users/johntech/code/gocode/src/github.com/johntech-o/gorpc/connPool.go:55 +0xc9

goroutine 10187 [IO wait]:
net.runtime_pollWait(0x7a7dc0, 0x72, 0xc820012190)
	/usr/local/go/src/runtime/netpoll.go:157 +0x60
net.(*pollDesc).Wait(0xc82014e760, 0x72, 0x0, 0x0)
	/usr/local/go/src/net/fd_poll_runtime.go:73 +0x3a
net.(*pollDesc).WaitRead(0xc82014e760, 0x0, 0x0)
	/usr/local/go/src/net/fd_poll_runtime.go:78 +0x36
net.(*netFD).Read(0xc82014e700, 0xc823d1a000, 0x1000, 0x1000, 0x0, 0x7a0050, 0xc820012190)
	/usr/local/go/src/net/fd_unix.go:232 +0x23a
net.(*conn).Read(0xc823220000, 0xc823d1a000, 0x1000, 0x1000, 0x0, 0x0, 0x0)
	/usr/local/go/src/net/net.go:172 +0xe4
bufio.(*Reader).fill(0xc823127920)
	/usr/local/go/src/bufio/bufio.go:97 +0x1e9
bufio.(*Reader).Read(0xc823127920, 0xc820013b20, 0x1, 0x9, 0x525128, 0x0, 0x0)
	/usr/local/go/src/bufio/bufio.go:207 +0x260
io.ReadAtLeast(0x7a5d58, 0xc823127920, 0xc820013b20, 0x1, 0x9, 0x1, 0x0, 0x0, 0x0)
	/usr/local/go/src/io/io.go:298 +0xe6
io.ReadFull(0x7a5d58, 0xc823127920, 0xc820013b20, 0x1, 0x9, 0xc82011bc70, 0x0, 0x0)
	/usr/local/go/src/io/io.go:316 +0x62
encoding/gob.decodeUintReader(0x7a5d58, 0xc823127920, 0xc820013b20, 0x9, 0x9, 0x0, 0x1, 0x0, 0x0)
	/usr/local/go/src/encoding/gob/decode.go:121 +0x92
encoding/gob.(*Decoder).recvMessage(0xc82011bc00, 0xc82438dc30)
	/usr/local/go/src/encoding/gob/decoder.go:76 +0x5e
encoding/gob.(*Decoder).decodeTypeSequence(0xc82011bc00, 0x525e00, 0xc82011bc00)
	/usr/local/go/src/encoding/gob/decoder.go:140 +0x47
encoding/gob.(*Decoder).DecodeValue(0xc82011bc00, 0x3c4a60, 0xc82cac1560, 0x16, 0x0, 0x0)
	/usr/local/go/src/encoding/gob/decoder.go:208 +0x15d
encoding/gob.(*Decoder).Decode(0xc82011bc00, 0x3c4a60, 0xc82cac1560, 0x0, 0x0)
	/usr/local/go/src/encoding/gob/decoder.go:185 +0x289
github.com/johntech-o/gorpc.(*ConnDriver).ReadResponseHeader(0xc824a5c870, 0xc82cac1560, 0x0, 0x0)
	/Users/johntech/code/gocode/src/github.com/johntech-o/gorpc/driverConn.go:115 +0x51
github.com/johntech-o/gorpc.(*ConnPool).serveRead(0xc82011e0a0, 0xc824a5c870)
	/Users/johntech/code/gocode/src/github.com/johntech-o/gorpc/connPool.go:159 +0x782
created by github.com/johntech-o/gorpc.(*ConnPool).createConn
	/Users/johntech/code/gocode/src/github.com/johntech-o/gorpc/connPool.go:55 +0xc9

goroutine 10188 [select]:
github.com/johntech-o/gorpc.(*ConnPool).serveWrite(0xc82011e0a0, 0xc824a5c870)
	/Users/johntech/code/gocode/src/github.com/johntech-o/gorpc/connPool.go:215 +0x6b6
created by github.com/johntech-o/gorpc.(*ConnPool).createConn
	/Users/johntech/code/gocode/src/github.com/johntech-o/gorpc/connPool.go:56 +0xf5

goroutine 271 [IO wait]:
net.runtime_pollWait(0x7a8480, 0x72, 0xc820012190)
	/usr/local/go/src/runtime/netpoll.go:157 +0x60
net.(*pollDesc).Wait(0xc822ff61b0, 0x72, 0x0, 0x0)
	/usr/local/go/src/net/fd_poll_runtime.go:73 +0x3a
net.(*pollDesc).WaitRead(0xc822ff61b0, 0x0, 0x0)
	/usr/local/go/src/net/fd_poll_runtime.go:78 +0x36
net.(*netFD).Read(0xc822ff6150, 0xc823304000, 0x1000, 0x1000, 0x0, 0x7a0050, 0xc820012190)
	/usr/local/go/src/net/fd_unix.go:232 +0x23a
net.(*conn).Read(0xc8232e8020, 0xc823304000, 0x1000, 0x1000, 0x0, 0x0, 0x0)
	/usr/local/go/src/net/net.go:172 +0xe4
bufio.(*Reader).fill(0xc823163f80)
	/usr/local/go/src/bufio/bufio.go:97 +0x1e9
bufio.(*Reader).Read(0xc823163f80, 0xc822db2480, 0x1, 0x9, 0x525128, 0x0, 0x0)
	/usr/local/go/src/bufio/bufio.go:207 +0x260
io.ReadAtLeast(0x7a5d58, 0xc823163f80, 0xc822db2480, 0x1, 0x9, 0x1, 0x0, 0x0, 0x0)
	/usr/local/go/src/io/io.go:298 +0xe6
io.ReadFull(0x7a5d58, 0xc823163f80, 0xc822db2480, 0x1, 0x9, 0xc820170c70, 0x0, 0x0)
	/usr/local/go/src/io/io.go:316 +0x62
encoding/gob.decodeUintReader(0x7a5d58, 0xc823163f80, 0xc822db2480, 0x9, 0x9, 0x0, 0x1, 0x0, 0x0)
	/usr/local/go/src/encoding/gob/decode.go:121 +0x92
encoding/gob.(*Decoder).recvMessage(0xc820170c00, 0xc8233d7c30)
	/usr/local/go/src/encoding/gob/decoder.go:76 +0x5e
encoding/gob.(*Decoder).decodeTypeSequence(0xc820170c00, 0x525e00, 0xc820170c00)
	/usr/local/go/src/encoding/gob/decoder.go:140 +0x47
encoding/gob.(*Decoder).DecodeValue(0xc820170c00, 0x3c4a60, 0xc824bf41e0, 0x16, 0x0, 0x0)
	/usr/local/go/src/encoding/gob/decoder.go:208 +0x15d
encoding/gob.(*Decoder).Decode(0xc820170c00, 0x3c4a60, 0xc824bf41e0, 0x0, 0x0)
	/usr/local/go/src/encoding/gob/decoder.go:185 +0x289
github.com/johntech-o/gorpc.(*ConnDriver).ReadResponseHeader(0xc824a6c5a0, 0xc824bf41e0, 0x0, 0x0)
	/Users/johntech/code/gocode/src/github.com/johntech-o/gorpc/driverConn.go:115 +0x51
github.com/johntech-o/gorpc.(*ConnPool).serveRead(0xc82011e0a0, 0xc824a6c5a0)
	/Users/johntech/code/gocode/src/github.com/johntech-o/gorpc/connPool.go:159 +0x782
created by github.com/johntech-o/gorpc.(*ConnPool).createConn
	/Users/johntech/code/gocode/src/github.com/johntech-o/gorpc/connPool.go:55 +0xc9

goroutine 272 [select]:
github.com/johntech-o/gorpc.(*ConnPool).serveWrite(0xc82011e0a0, 0xc824a6c5a0)
	/Users/johntech/code/gocode/src/github.com/johntech-o/gorpc/connPool.go:215 +0x6b6
created by github.com/johntech-o/gorpc.(*ConnPool).createConn
	/Users/johntech/code/gocode/src/github.com/johntech-o/gorpc/connPool.go:56 +0xf5

goroutine 10167 [IO wait]:
net.runtime_pollWait(0x7a7640, 0x72, 0xc820012190)
	/usr/local/go/src/runtime/netpoll.go:157 +0x60
net.(*pollDesc).Wait(0xc822df8760, 0x72, 0x0, 0x0)
	/usr/local/go/src/net/fd_poll_runtime.go:73 +0x3a
net.(*pollDesc).WaitRead(0xc822df8760, 0x0, 0x0)
	/usr/local/go/src/net/fd_poll_runtime.go:78 +0x36
net.(*netFD).Read(0xc822df8700, 0xc8233e0000, 0x1000, 0x1000, 0x0, 0x7a0050, 0xc820012190)
	/usr/local/go/src/net/fd_unix.go:232 +0x23a
net.(*conn).Read(0xc8232e8088, 0xc8233e0000, 0x1000, 0x1000, 0x0, 0x0, 0x0)
	/usr/local/go/src/net/net.go:172 +0xe4
bufio.(*Reader).fill(0xc82330e420)
	/usr/local/go/src/bufio/bufio.go:97 +0x1e9
bufio.(*Reader).Read(0xc82330e420, 0xc82010e4c0, 0x1, 0x9, 0x525128, 0x0, 0x0)
	/usr/local/go/src/bufio/bufio.go:207 +0x260
io.ReadAtLeast(0x7a5d58, 0xc82330e420, 0xc82010e4c0, 0x1, 0x9, 0x1, 0x0, 0x0, 0x0)
	/usr/local/go/src/io/io.go:298 +0xe6
io.ReadFull(0x7a5d58, 0xc82330e420, 0xc82010e4c0, 0x1, 0x9, 0xc820171270, 0x0, 0x0)
	/usr/local/go/src/io/io.go:316 +0x62
encoding/gob.decodeUintReader(0x7a5d58, 0xc82330e420, 0xc82010e4c0, 0x9, 0x9, 0x0, 0x1, 0x0, 0x0)
	/usr/local/go/src/encoding/gob/decode.go:121 +0x92
encoding/gob.(*Decoder).recvMessage(0xc820171200, 0xc8286c3c20)
	/usr/local/go/src/encoding/gob/decoder.go:76 +0x5e
encoding/gob.(*Decoder).decodeTypeSequence(0xc820171200, 0x525e00, 0xc820171200)
	/usr/local/go/src/encoding/gob/decoder.go:140 +0x47
encoding/gob.(*Decoder).DecodeValue(0xc820171200, 0x3c4a60, 0xc823aaa440, 0x16, 0x0, 0x0)
	/usr/local/go/src/encoding/gob/decoder.go:208 +0x15d
encoding/gob.(*Decoder).Decode(0xc820171200, 0x3c4a60, 0xc823aaa440, 0x0, 0x0)
	/usr/local/go/src/encoding/gob/decoder.go:185 +0x289
github.com/johntech-o/gorpc.(*ConnDriver).ReadResponseHeader(0xc820124510, 0xc823aaa440, 0x0, 0x0)
	/Users/johntech/code/gocode/src/github.com/johntech-o/gorpc/driverConn.go:115 +0x51
github.com/johntech-o/gorpc.(*ConnPool).serveRead(0xc82011e0a0, 0xc820124510)
	/Users/johntech/code/gocode/src/github.com/johntech-o/gorpc/connPool.go:159 +0x782
created by github.com/johntech-o/gorpc.(*ConnPool).createConn
	/Users/johntech/code/gocode/src/github.com/johntech-o/gorpc/connPool.go:55 +0xc9

goroutine 10168 [select]:
github.com/johntech-o/gorpc.(*ConnPool).serveWrite(0xc82011e0a0, 0xc820124510)
	/Users/johntech/code/gocode/src/github.com/johntech-o/gorpc/connPool.go:215 +0x6b6
created by github.com/johntech-o/gorpc.(*ConnPool).createConn
	/Users/johntech/code/gocode/src/github.com/johntech-o/gorpc/connPool.go:56 +0xf5

goroutine 10169 [IO wait]:
net.runtime_pollWait(0x18c1100, 0x72, 0xc820012190)
	/usr/local/go/src/runtime/netpoll.go:157 +0x60
net.(*pollDesc).Wait(0xc82014e5a0, 0x72, 0x0, 0x0)
	/usr/local/go/src/net/fd_poll_runtime.go:73 +0x3a
net.(*pollDesc).WaitRead(0xc82014e5a0, 0x0, 0x0)
	/usr/local/go/src/net/fd_poll_runtime.go:78 +0x36
net.(*netFD).Read(0xc82014e540, 0xc823290000, 0x1000, 0x1000, 0x0, 0x7a0050, 0xc820012190)
	/usr/local/go/src/net/fd_unix.go:232 +0x23a
net.(*conn).Read(0xc823220050, 0xc823290000, 0x1000, 0x1000, 0x0, 0x0, 0x0)
	/usr/local/go/src/net/net.go:172 +0xe4
bufio.(*Reader).fill(0xc8231275c0)
	/usr/local/go/src/bufio/bufio.go:97 +0x1e9
bufio.(*Reader).Read(0xc8231275c0, 0xc82010e9a0, 0x1, 0x9, 0x525128, 0x0, 0x0)
	/usr/local/go/src/bufio/bufio.go:207 +0x260
io.ReadAtLeast(0x7a5d58, 0xc8231275c0, 0xc82010e9a0, 0x1, 0x9, 0x1, 0x0, 0x0, 0x0)
	/usr/local/go/src/io/io.go:298 +0xe6
io.ReadFull(0x7a5d58, 0xc8231275c0, 0xc82010e9a0, 0x1, 0x9, 0xc82011b7f0, 0x0, 0x0)
	/usr/local/go/src/io/io.go:316 +0x62
encoding/gob.decodeUintReader(0x7a5d58, 0xc8231275c0, 0xc82010e9a0, 0x9, 0x9, 0x0, 0x1, 0x0, 0x0)
	/usr/local/go/src/encoding/gob/decode.go:121 +0x92
encoding/gob.(*Decoder).recvMessage(0xc82011b780, 0xc824f78c30)
	/usr/local/go/src/encoding/gob/decoder.go:76 +0x5e
encoding/gob.(*Decoder).decodeTypeSequence(0xc82011b780, 0x525e00, 0xc82011b780)
	/usr/local/go/src/encoding/gob/decoder.go:140 +0x47
encoding/gob.(*Decoder).DecodeValue(0xc82011b780, 0x3c4a60, 0xc824ad00c0, 0x16, 0x0, 0x0)
	/usr/local/go/src/encoding/gob/decoder.go:208 +0x15d
encoding/gob.(*Decoder).Decode(0xc82011b780, 0x3c4a60, 0xc824ad00c0, 0x0, 0x0)
	/usr/local/go/src/encoding/gob/decoder.go:185 +0x289
github.com/johntech-o/gorpc.(*ConnDriver).ReadResponseHeader(0xc820124630, 0xc824ad00c0, 0x0, 0x0)
	/Users/johntech/code/gocode/src/github.com/johntech-o/gorpc/driverConn.go:115 +0x51
github.com/johntech-o/gorpc.(*ConnPool).serveRead(0xc82011e0a0, 0xc820124630)
	/Users/johntech/code/gocode/src/github.com/johntech-o/gorpc/connPool.go:159 +0x782
created by github.com/johntech-o/gorpc.(*ConnPool).createConn
	/Users/johntech/code/gocode/src/github.com/johntech-o/gorpc/connPool.go:55 +0xc9

goroutine 10170 [select]:
github.com/johntech-o/gorpc.(*ConnPool).serveWrite(0xc82011e0a0, 0xc820124630)
	/Users/johntech/code/gocode/src/github.com/johntech-o/gorpc/connPool.go:215 +0x6b6
created by github.com/johntech-o/gorpc.(*ConnPool).createConn
	/Users/johntech/code/gocode/src/github.com/johntech-o/gorpc/connPool.go:56 +0xf5

goroutine 10195 [select]:
github.com/johntech-o/gorpc.(*ConnPool).serveWrite(0xc82011e0a0, 0xc824aae120)
	/Users/johntech/code/gocode/src/github.com/johntech-o/gorpc/connPool.go:215 +0x6b6
created by github.com/johntech-o/gorpc.(*ConnPool).createConn
	/Users/johntech/code/gocode/src/github.com/johntech-o/gorpc/connPool.go:56 +0xf5

goroutine 273 [IO wait]:
net.runtime_pollWait(0x18c1040, 0x72, 0xc820012190)
	/usr/local/go/src/runtime/netpoll.go:157 +0x60
net.(*pollDesc).Wait(0xc82005d170, 0x72, 0x0, 0x0)
	/usr/local/go/src/net/fd_poll_runtime.go:73 +0x3a
net.(*pollDesc).WaitRead(0xc82005d170, 0x0, 0x0)
	/usr/local/go/src/net/fd_poll_runtime.go:78 +0x36
net.(*netFD).Read(0xc82005d110, 0xc823284000, 0x1000, 0x1000, 0x0, 0x7a0050, 0xc820012190)
	/usr/local/go/src/net/fd_unix.go:232 +0x23a
net.(*conn).Read(0xc823220048, 0xc823284000, 0x1000, 0x1000, 0x0, 0x0, 0x0)
	/usr/local/go/src/net/net.go:172 +0xe4
bufio.(*Reader).fill(0xc823127560)
	/usr/local/go/src/bufio/bufio.go:97 +0x1e9
bufio.(*Reader).Read(0xc823127560, 0xc822db2670, 0x1, 0x9, 0x525128, 0x0, 0x0)
	/usr/local/go/src/bufio/bufio.go:207 +0x260
io.ReadAtLeast(0x7a5d58, 0xc823127560, 0xc822db2670, 0x1, 0x9, 0x1, 0x0, 0x0, 0x0)
	/usr/local/go/src/io/io.go:298 +0xe6
io.ReadFull(0x7a5d58, 0xc823127560, 0xc822db2670, 0x1, 0x9, 0xc82011b770, 0x0, 0x0)
	/usr/local/go/src/io/io.go:316 +0x62
encoding/gob.decodeUintReader(0x7a5d58, 0xc823127560, 0xc822db2670, 0x9, 0x9, 0x0, 0x1, 0x0, 0x0)
	/usr/local/go/src/encoding/gob/decode.go:121 +0x92
encoding/gob.(*Decoder).recvMessage(0xc82011b700, 0xc82dbdbc30)
	/usr/local/go/src/encoding/gob/decoder.go:76 +0x5e
encoding/gob.(*Decoder).decodeTypeSequence(0xc82011b700, 0x525e00, 0xc82011b700)
	/usr/local/go/src/encoding/gob/decoder.go:140 +0x47
encoding/gob.(*Decoder).DecodeValue(0xc82011b700, 0x3c4a60, 0xc824ad0880, 0x16, 0x0, 0x0)
	/usr/local/go/src/encoding/gob/decoder.go:208 +0x15d
encoding/gob.(*Decoder).Decode(0xc82011b700, 0x3c4a60, 0xc824ad0880, 0x0, 0x0)
	/usr/local/go/src/encoding/gob/decoder.go:185 +0x289
github.com/johntech-o/gorpc.(*ConnDriver).ReadResponseHeader(0xc824a6c6c0, 0xc824ad0880, 0x0, 0x0)
	/Users/johntech/code/gocode/src/github.com/johntech-o/gorpc/driverConn.go:115 +0x51
github.com/johntech-o/gorpc.(*ConnPool).serveRead(0xc82011e0a0, 0xc824a6c6c0)
	/Users/johntech/code/gocode/src/github.com/johntech-o/gorpc/connPool.go:159 +0x782
created by github.com/johntech-o/gorpc.(*ConnPool).createConn
	/Users/johntech/code/gocode/src/github.com/johntech-o/gorpc/connPool.go:55 +0xc9

goroutine 10210 [select]:
github.com/johntech-o/gorpc.(*ConnPool).serveWrite(0xc82011e0a0, 0xc824a6c6c0)
	/Users/johntech/code/gocode/src/github.com/johntech-o/gorpc/connPool.go:215 +0x6b6
created by github.com/johntech-o/gorpc.(*ConnPool).createConn
	/Users/johntech/code/gocode/src/github.com/johntech-o/gorpc/connPool.go:56 +0xf5

goroutine 10136 [IO wait]:
net.runtime_pollWait(0x18c0f80, 0x72, 0xc820012190)
	/usr/local/go/src/runtime/netpoll.go:157 +0x60
net.(*pollDesc).Wait(0xc82014e610, 0x72, 0x0, 0x0)
	/usr/local/go/src/net/fd_poll_runtime.go:73 +0x3a
net.(*pollDesc).WaitRead(0xc82014e610, 0x0, 0x0)
	/usr/local/go/src/net/fd_poll_runtime.go:78 +0x36
net.(*netFD).Read(0xc82014e5b0, 0xc82327e000, 0x1000, 0x1000, 0x0, 0x7a0050, 0xc820012190)
	/usr/local/go/src/net/fd_unix.go:232 +0x23a
net.(*conn).Read(0xc823220040, 0xc82327e000, 0x1000, 0x1000, 0x0, 0x0, 0x0)
	/usr/local/go/src/net/net.go:172 +0xe4
bufio.(*Reader).fill(0xc823127500)
	/usr/local/go/src/bufio/bufio.go:97 +0x1e9
bufio.(*Reader).Read(0xc823127500, 0xc8247112e0, 0x1, 0x9, 0x525128, 0x0, 0x0)
	/usr/local/go/src/bufio/bufio.go:207 +0x260
io.ReadAtLeast(0x7a5d58, 0xc823127500, 0xc8247112e0, 0x1, 0x9, 0x1, 0x0, 0x0, 0x0)
	/usr/local/go/src/io/io.go:298 +0xe6
io.ReadFull(0x7a5d58, 0xc823127500, 0xc8247112e0, 0x1, 0x9, 0xc82011b6f0, 0x0, 0x0)
	/usr/local/go/src/io/io.go:316 +0x62
encoding/gob.decodeUintReader(0x7a5d58, 0xc823127500, 0xc8247112e0, 0x9, 0x9, 0x0, 0x1, 0x0, 0x0)
	/usr/local/go/src/encoding/gob/decode.go:121 +0x92
encoding/gob.(*Decoder).recvMessage(0xc82011b680, 0xc823204c30)
	/usr/local/go/src/encoding/gob/decoder.go:76 +0x5e
encoding/gob.(*Decoder).decodeTypeSequence(0xc82011b680, 0x525e00, 0xc82011b680)
	/usr/local/go/src/encoding/gob/decoder.go:140 +0x47
encoding/gob.(*Decoder).DecodeValue(0xc82011b680, 0x3c4a60, 0xc824ad0900, 0x16, 0x0, 0x0)
	/usr/local/go/src/encoding/gob/decoder.go:208 +0x15d
encoding/gob.(*Decoder).Decode(0xc82011b680, 0x3c4a60, 0xc824ad0900, 0x0, 0x0)
	/usr/local/go/src/encoding/gob/decoder.go:185 +0x289
github.com/johntech-o/gorpc.(*ConnDriver).ReadResponseHeader(0xc820086f30, 0xc824ad0900, 0x0, 0x0)
	/Users/johntech/code/gocode/src/github.com/johntech-o/gorpc/driverConn.go:115 +0x51
github.com/johntech-o/gorpc.(*ConnPool).serveRead(0xc82011e0a0, 0xc820086f30)
	/Users/johntech/code/gocode/src/github.com/johntech-o/gorpc/connPool.go:159 +0x782
created by github.com/johntech-o/gorpc.(*ConnPool).createConn
	/Users/johntech/code/gocode/src/github.com/johntech-o/gorpc/connPool.go:55 +0xc9

goroutine 10137 [select]:
github.com/johntech-o/gorpc.(*ConnPool).serveWrite(0xc82011e0a0, 0xc820086f30)
	/Users/johntech/code/gocode/src/github.com/johntech-o/gorpc/connPool.go:215 +0x6b6
created by github.com/johntech-o/gorpc.(*ConnPool).createConn
	/Users/johntech/code/gocode/src/github.com/johntech-o/gorpc/connPool.go:56 +0xf5

goroutine 10227 [select]:
github.com/johntech-o/gorpc.(*ConnPool).serveWrite(0xc82011e0a0, 0xc8230ee3f0)
	/Users/johntech/code/gocode/src/github.com/johntech-o/gorpc/connPool.go:215 +0x6b6
created by github.com/johntech-o/gorpc.(*ConnPool).createConn
	/Users/johntech/code/gocode/src/github.com/johntech-o/gorpc/connPool.go:56 +0xf5

goroutine 10228 [IO wait]:
net.runtime_pollWait(0x7a8c00, 0x72, 0xc820012190)
	/usr/local/go/src/runtime/netpoll.go:157 +0x60
net.(*pollDesc).Wait(0xc822ff6060, 0x72, 0x0, 0x0)
	/usr/local/go/src/net/fd_poll_runtime.go:73 +0x3a
net.(*pollDesc).WaitRead(0xc822ff6060, 0x0, 0x0)
	/usr/local/go/src/net/fd_poll_runtime.go:78 +0x36
net.(*netFD).Read(0xc822ff6000, 0xc823324000, 0x1000, 0x1000, 0x0, 0x7a0050, 0xc820012190)
	/usr/local/go/src/net/fd_unix.go:232 +0x23a
net.(*conn).Read(0xc82015c128, 0xc823324000, 0x1000, 0x1000, 0x0, 0x0, 0x0)
	/usr/local/go/src/net/net.go:172 +0xe4
bufio.(*Reader).fill(0xc8231e6fc0)
	/usr/local/go/src/bufio/bufio.go:97 +0x1e9
bufio.(*Reader).Read(0xc8231e6fc0, 0xc824a4c930, 0x1, 0x9, 0x525128, 0x0, 0x0)
	/usr/local/go/src/bufio/bufio.go:207 +0x260
io.ReadAtLeast(0x7a5d58, 0xc8231e6fc0, 0xc824a4c930, 0x1, 0x9, 0x1, 0x0, 0x0, 0x0)
	/usr/local/go/src/io/io.go:298 +0xe6
io.ReadFull(0x7a5d58, 0xc8231e6fc0, 0xc824a4c930, 0x1, 0x9, 0xc82009dbf0, 0x0, 0x0)
	/usr/local/go/src/io/io.go:316 +0x62
encoding/gob.decodeUintReader(0x7a5d58, 0xc8231e6fc0, 0xc824a4c930, 0x9, 0x9, 0x0, 0x1, 0x0, 0x0)
	/usr/local/go/src/encoding/gob/decode.go:121 +0x92
encoding/gob.(*Decoder).recvMessage(0xc82009db80, 0xc82b9a6c30)
	/usr/local/go/src/encoding/gob/decoder.go:76 +0x5e
encoding/gob.(*Decoder).decodeTypeSequence(0xc82009db80, 0x525e00, 0xc82009db80)
	/usr/local/go/src/encoding/gob/decoder.go:140 +0x47
encoding/gob.(*Decoder).DecodeValue(0xc82009db80, 0x3c4a60, 0xc824c8e720, 0x16, 0x0, 0x0)
	/usr/local/go/src/encoding/gob/decoder.go:208 +0x15d
encoding/gob.(*Decoder).Decode(0xc82009db80, 0x3c4a60, 0xc824c8e720, 0x0, 0x0)
	/usr/local/go/src/encoding/gob/decoder.go:185 +0x289
github.com/johntech-o/gorpc.(*ConnDriver).ReadResponseHeader(0xc8230ee510, 0xc824c8e720, 0x0, 0x0)
	/Users/johntech/code/gocode/src/github.com/johntech-o/gorpc/driverConn.go:115 +0x51
github.com/johntech-o/gorpc.(*ConnPool).serveRead(0xc82011e0a0, 0xc8230ee510)
	/Users/johntech/code/gocode/src/github.com/johntech-o/gorpc/connPool.go:159 +0x782
created by github.com/johntech-o/gorpc.(*ConnPool).createConn
	/Users/johntech/code/gocode/src/github.com/johntech-o/gorpc/connPool.go:55 +0xc9

goroutine 10229 [select]:
github.com/johntech-o/gorpc.(*ConnPool).serveWrite(0xc82011e0a0, 0xc8230ee510)
	/Users/johntech/code/gocode/src/github.com/johntech-o/gorpc/connPool.go:215 +0x6b6
created by github.com/johntech-o/gorpc.(*ConnPool).createConn
	/Users/johntech/code/gocode/src/github.com/johntech-o/gorpc/connPool.go:56 +0xf5

goroutine 10196 [IO wait]:
net.runtime_pollWait(0x18c05c0, 0x72, 0xc820012190)
	/usr/local/go/src/runtime/netpoll.go:157 +0x60
net.(*pollDesc).Wait(0xc822df85a0, 0x72, 0x0, 0x0)
	/usr/local/go/src/net/fd_poll_runtime.go:73 +0x3a
net.(*pollDesc).WaitRead(0xc822df85a0, 0x0, 0x0)
	/usr/local/go/src/net/fd_poll_runtime.go:78 +0x36
net.(*netFD).Read(0xc822df8540, 0xc823270000, 0x1000, 0x1000, 0x0, 0x7a0050, 0xc820012190)
	/usr/local/go/src/net/fd_unix.go:232 +0x23a
net.(*conn).Read(0xc82015c088, 0xc823270000, 0x1000, 0x1000, 0x0, 0x0, 0x0)
	/usr/local/go/src/net/net.go:172 +0xe4
bufio.(*Reader).fill(0xc8231e6840)
	/usr/local/go/src/bufio/bufio.go:97 +0x1e9
bufio.(*Reader).Read(0xc8231e6840, 0xc822daa470, 0x1, 0x9, 0x525128, 0x0, 0x0)
	/usr/local/go/src/bufio/bufio.go:207 +0x260
io.ReadAtLeast(0x7a5d58, 0xc8231e6840, 0xc822daa470, 0x1, 0x9, 0x1, 0x0, 0x0, 0x0)
	/usr/local/go/src/io/io.go:298 +0xe6
io.ReadFull(0x7a5d58, 0xc8231e6840, 0xc822daa470, 0x1, 0x9, 0xc82009d1f0, 0x0, 0x0)
	/usr/local/go/src/io/io.go:316 +0x62
encoding/gob.decodeUintReader(0x7a5d58, 0xc8231e6840, 0xc822daa470, 0x9, 0x9, 0x0, 0x1, 0x0, 0x0)
	/usr/local/go/src/encoding/gob/decode.go:121 +0x92
encoding/gob.(*Decoder).recvMessage(0xc82009d180, 0xc82438cc30)
	/usr/local/go/src/encoding/gob/decoder.go:76 +0x5e
encoding/gob.(*Decoder).decodeTypeSequence(0xc82009d180, 0x525e00, 0xc82009d180)
	/usr/local/go/src/encoding/gob/decoder.go:140 +0x47
encoding/gob.(*Decoder).DecodeValue(0xc82009d180, 0x3c4a60, 0xc824c8e780, 0x16, 0x0, 0x0)
	/usr/local/go/src/encoding/gob/decoder.go:208 +0x15d
encoding/gob.(*Decoder).Decode(0xc82009d180, 0x3c4a60, 0xc824c8e780, 0x0, 0x0)
	/usr/local/go/src/encoding/gob/decoder.go:185 +0x289
github.com/johntech-o/gorpc.(*ConnDriver).ReadResponseHeader(0xc824aae240, 0xc824c8e780, 0x0, 0x0)
	/Users/johntech/code/gocode/src/github.com/johntech-o/gorpc/driverConn.go:115 +0x51
github.com/johntech-o/gorpc.(*ConnPool).serveRead(0xc82011e0a0, 0xc824aae240)
	/Users/johntech/code/gocode/src/github.com/johntech-o/gorpc/connPool.go:159 +0x782
created by github.com/johntech-o/gorpc.(*ConnPool).createConn
	/Users/johntech/code/gocode/src/github.com/johntech-o/gorpc/connPool.go:55 +0xc9

goroutine 10197 [select]:
github.com/johntech-o/gorpc.(*ConnPool).serveWrite(0xc82011e0a0, 0xc824aae240)
	/Users/johntech/code/gocode/src/github.com/johntech-o/gorpc/connPool.go:215 +0x6b6
created by github.com/johntech-o/gorpc.(*ConnPool).createConn
	/Users/johntech/code/gocode/src/github.com/johntech-o/gorpc/connPool.go:56 +0xf5

goroutine 10177 [IO wait]:
net.runtime_pollWait(0x7a6100, 0x72, 0xc820012190)
	/usr/local/go/src/runtime/netpoll.go:157 +0x60
net.(*pollDesc).Wait(0xc822df8450, 0x72, 0x0, 0x0)
	/usr/local/go/src/net/fd_poll_runtime.go:73 +0x3a
net.(*pollDesc).WaitRead(0xc822df8450, 0x0, 0x0)
	/usr/local/go/src/net/fd_poll_runtime.go:78 +0x36
net.(*netFD).Read(0xc822df83f0, 0xc823298000, 0x1000, 0x1000, 0x0, 0x7a0050, 0xc820012190)
	/usr/local/go/src/net/fd_unix.go:232 +0x23a
net.(*conn).Read(0xc823220058, 0xc823298000, 0x1000, 0x1000, 0x0, 0x0, 0x0)
	/usr/local/go/src/net/net.go:172 +0xe4
bufio.(*Reader).fill(0xc823127620)
	/usr/local/go/src/bufio/bufio.go:97 +0x1e9
bufio.(*Reader).Read(0xc823127620, 0xc82010f3c0, 0x1, 0x9, 0x525128, 0x0, 0x0)
	/usr/local/go/src/bufio/bufio.go:207 +0x260
io.ReadAtLeast(0x7a5d58, 0xc823127620, 0xc82010f3c0, 0x1, 0x9, 0x1, 0x0, 0x0, 0x0)
	/usr/local/go/src/io/io.go:298 +0xe6
io.ReadFull(0x7a5d58, 0xc823127620, 0xc82010f3c0, 0x1, 0x9, 0xc82011b870, 0x0, 0x0)
	/usr/local/go/src/io/io.go:316 +0x62
encoding/gob.decodeUintReader(0x7a5d58, 0xc823127620, 0xc82010f3c0, 0x9, 0x9, 0x0, 0x1, 0x0, 0x0)
	/usr/local/go/src/encoding/gob/decode.go:121 +0x92
encoding/gob.(*Decoder).recvMessage(0xc82011b800, 0xc82d333c30)
	/usr/local/go/src/encoding/gob/decoder.go:76 +0x5e
encoding/gob.(*Decoder).decodeTypeSequence(0xc82011b800, 0x525e00, 0xc82011b800)
	/usr/local/go/src/encoding/gob/decoder.go:140 +0x47
encoding/gob.(*Decoder).DecodeValue(0xc82011b800, 0x3c4a60, 0xc82cac0a40, 0x16, 0x0, 0x0)
	/usr/local/go/src/encoding/gob/decoder.go:208 +0x15d
encoding/gob.(*Decoder).Decode(0xc82011b800, 0x3c4a60, 0xc82cac0a40, 0x0, 0x0)
	/usr/local/go/src/encoding/gob/decoder.go:185 +0x289
github.com/johntech-o/gorpc.(*ConnDriver).ReadResponseHeader(0xc820124900, 0xc82cac0a40, 0x0, 0x0)
	/Users/johntech/code/gocode/src/github.com/johntech-o/gorpc/driverConn.go:115 +0x51
github.com/johntech-o/gorpc.(*ConnPool).serveRead(0xc82011e0a0, 0xc820124900)
	/Users/johntech/code/gocode/src/github.com/johntech-o/gorpc/connPool.go:159 +0x782
created by github.com/johntech-o/gorpc.(*ConnPool).createConn
	/Users/johntech/code/gocode/src/github.com/johntech-o/gorpc/connPool.go:55 +0xc9

goroutine 10176 [select]:
github.com/johntech-o/gorpc.(*ConnPool).serveWrite(0xc82011e0a0, 0xc820124750)
	/Users/johntech/code/gocode/src/github.com/johntech-o/gorpc/connPool.go:215 +0x6b6
created by github.com/johntech-o/gorpc.(*ConnPool).createConn
	/Users/johntech/code/gocode/src/github.com/johntech-o/gorpc/connPool.go:56 +0xf5

goroutine 10175 [IO wait]:
net.runtime_pollWait(0x7a9ec0, 0x72, 0xc820012190)
	/usr/local/go/src/runtime/netpoll.go:157 +0x60
net.(*pollDesc).Wait(0xc822e22a00, 0x72, 0x0, 0x0)
	/usr/local/go/src/net/fd_poll_runtime.go:73 +0x3a
net.(*pollDesc).WaitRead(0xc822e22a00, 0x0, 0x0)
	/usr/local/go/src/net/fd_poll_runtime.go:78 +0x36
net.(*netFD).Read(0xc822e229a0, 0xc823351000, 0x1000, 0x1000, 0x0, 0x7a0050, 0xc820012190)
	/usr/local/go/src/net/fd_unix.go:232 +0x23a
net.(*conn).Read(0xc8201164c8, 0xc823351000, 0x1000, 0x1000, 0x0, 0x0, 0x0)
	/usr/local/go/src/net/net.go:172 +0xe4
bufio.(*Reader).fill(0xc820122660)
	/usr/local/go/src/bufio/bufio.go:97 +0x1e9
bufio.(*Reader).Read(0xc820122660, 0xc82010f290, 0x1, 0x9, 0x525128, 0x0, 0x0)
	/usr/local/go/src/bufio/bufio.go:207 +0x260
io.ReadAtLeast(0x7a5d58, 0xc820122660, 0xc82010f290, 0x1, 0x9, 0x1, 0x0, 0x0, 0x0)
	/usr/local/go/src/io/io.go:298 +0xe6
io.ReadFull(0x7a5d58, 0xc820122660, 0xc82010f290, 0x1, 0x9, 0xc822df6470, 0x0, 0x0)
	/usr/local/go/src/io/io.go:316 +0x62
encoding/gob.decodeUintReader(0x7a5d58, 0xc820122660, 0xc82010f290, 0x9, 0x9, 0x0, 0x1, 0x0, 0x0)
	/usr/local/go/src/encoding/gob/decode.go:121 +0x92
encoding/gob.(*Decoder).recvMessage(0xc822df6400, 0xc82dbd6c30)
	/usr/local/go/src/encoding/gob/decoder.go:76 +0x5e
encoding/gob.(*Decoder).decodeTypeSequence(0xc822df6400, 0x525e00, 0xc822df6400)
	/usr/local/go/src/encoding/gob/decoder.go:140 +0x47
encoding/gob.(*Decoder).DecodeValue(0xc822df6400, 0x3c4a60, 0xc823650520, 0x16, 0x0, 0x0)
	/usr/local/go/src/encoding/gob/decoder.go:208 +0x15d
encoding/gob.(*Decoder).Decode(0xc822df6400, 0x3c4a60, 0xc823650520, 0x0, 0x0)
	/usr/local/go/src/encoding/gob/decoder.go:185 +0x289
github.com/johntech-o/gorpc.(*ConnDriver).ReadResponseHeader(0xc820124750, 0xc823650520, 0x0, 0x0)
	/Users/johntech/code/gocode/src/github.com/johntech-o/gorpc/driverConn.go:115 +0x51
github.com/johntech-o/gorpc.(*ConnPool).serveRead(0xc82011e0a0, 0xc820124750)
	/Users/johntech/code/gocode/src/github.com/johntech-o/gorpc/connPool.go:159 +0x782
created by github.com/johntech-o/gorpc.(*ConnPool).createConn
	/Users/johntech/code/gocode/src/github.com/johntech-o/gorpc/connPool.go:55 +0xc9

goroutine 10159 [select]:
github.com/johntech-o/gorpc.(*ConnPool).serveWrite(0xc82011e0a0, 0xc820180990)
	/Users/johntech/code/gocode/src/github.com/johntech-o/gorpc/connPool.go:215 +0x6b6
created by github.com/johntech-o/gorpc.(*ConnPool).createConn
	/Users/johntech/code/gocode/src/github.com/johntech-o/gorpc/connPool.go:56 +0xf5

goroutine 10160 [IO wait]:
net.runtime_pollWait(0x7a80c0, 0x72, 0xc820012190)
	/usr/local/go/src/runtime/netpoll.go:157 +0x60
net.(*pollDesc).Wait(0xc820113db0, 0x72, 0x0, 0x0)
	/usr/local/go/src/net/fd_poll_runtime.go:73 +0x3a
net.(*pollDesc).WaitRead(0xc820113db0, 0x0, 0x0)
	/usr/local/go/src/net/fd_poll_runtime.go:78 +0x36
net.(*netFD).Read(0xc820113d50, 0xc823232000, 0x1000, 0x1000, 0x0, 0x7a0050, 0xc820012190)
	/usr/local/go/src/net/fd_unix.go:232 +0x23a
net.(*conn).Read(0xc82015c058, 0xc823232000, 0x1000, 0x1000, 0x0, 0x0, 0x0)
	/usr/local/go/src/net/net.go:172 +0xe4
bufio.(*Reader).fill(0xc8231e6600)
	/usr/local/go/src/bufio/bufio.go:97 +0x1e9
bufio.(*Reader).Read(0xc8231e6600, 0xc824ab46e0, 0x1, 0x9, 0x525128, 0x0, 0x0)
	/usr/local/go/src/bufio/bufio.go:207 +0x260
io.ReadAtLeast(0x7a5d58, 0xc8231e6600, 0xc824ab46e0, 0x1, 0x9, 0x1, 0x0, 0x0, 0x0)
	/usr/local/go/src/io/io.go:298 +0xe6
io.ReadFull(0x7a5d58, 0xc8231e6600, 0xc824ab46e0, 0x1, 0x9, 0xc82009cef0, 0x0, 0x0)
	/usr/local/go/src/io/io.go:316 +0x62
encoding/gob.decodeUintReader(0x7a5d58, 0xc8231e6600, 0xc824ab46e0, 0x9, 0x9, 0x0, 0x1, 0x0, 0x0)
	/usr/local/go/src/encoding/gob/decode.go:121 +0x92
encoding/gob.(*Decoder).recvMessage(0xc82009ce80, 0xc82438fc30)
	/usr/local/go/src/encoding/gob/decoder.go:76 +0x5e
encoding/gob.(*Decoder).decodeTypeSequence(0xc82009ce80, 0x525e00, 0xc82009ce80)
	/usr/local/go/src/encoding/gob/decoder.go:140 +0x47
encoding/gob.(*Decoder).DecodeValue(0xc82009ce80, 0x3c4a60, 0xc824ad09a0, 0x16, 0x0, 0x0)
	/usr/local/go/src/encoding/gob/decoder.go:208 +0x15d
encoding/gob.(*Decoder).Decode(0xc82009ce80, 0x3c4a60, 0xc824ad09a0, 0x0, 0x0)
	/usr/local/go/src/encoding/gob/decoder.go:185 +0x289
github.com/johntech-o/gorpc.(*ConnDriver).ReadResponseHeader(0xc820180ab0, 0xc824ad09a0, 0x0, 0x0)
	/Users/johntech/code/gocode/src/github.com/johntech-o/gorpc/driverConn.go:115 +0x51
github.com/johntech-o/gorpc.(*ConnPool).serveRead(0xc82011e0a0, 0xc820180ab0)
	/Users/johntech/code/gocode/src/github.com/johntech-o/gorpc/connPool.go:159 +0x782
created by github.com/johntech-o/gorpc.(*ConnPool).createConn
	/Users/johntech/code/gocode/src/github.com/johntech-o/gorpc/connPool.go:55 +0xc9

goroutine 10161 [select]:
github.com/johntech-o/gorpc.(*ConnPool).serveWrite(0xc82011e0a0, 0xc820180ab0)
	/Users/johntech/code/gocode/src/github.com/johntech-o/gorpc/connPool.go:215 +0x6b6
created by github.com/johntech-o/gorpc.(*ConnPool).createConn
	/Users/johntech/code/gocode/src/github.com/johntech-o/gorpc/connPool.go:56 +0xf5

goroutine 10243 [IO wait]:
net.runtime_pollWait(0x7a51b0, 0x72, 0xc820012190)
	/usr/local/go/src/runtime/netpoll.go:157 +0x60
net.(*pollDesc).Wait(0xc822df80d0, 0x72, 0x0, 0x0)
	/usr/local/go/src/net/fd_poll_runtime.go:73 +0x3a
net.(*pollDesc).WaitRead(0xc822df80d0, 0x0, 0x0)
	/usr/local/go/src/net/fd_poll_runtime.go:78 +0x36
net.(*netFD).Read(0xc822df8070, 0xc8232ea000, 0x1000, 0x1000, 0x0, 0x7a0050, 0xc820012190)
	/usr/local/go/src/net/fd_unix.go:232 +0x23a
net.(*conn).Read(0xc82015c0e8, 0xc8232ea000, 0x1000, 0x1000, 0x0, 0x0, 0x0)
	/usr/local/go/src/net/net.go:172 +0xe4
bufio.(*Reader).fill(0xc8231e6cc0)
	/usr/local/go/src/bufio/bufio.go:97 +0x1e9
bufio.(*Reader).Read(0xc8231e6cc0, 0xc824ab4ee0, 0x1, 0x9, 0x525128, 0x0, 0x0)
	/usr/local/go/src/bufio/bufio.go:207 +0x260
io.ReadAtLeast(0x7a5d58, 0xc8231e6cc0, 0xc824ab4ee0, 0x1, 0x9, 0x1, 0x0, 0x0, 0x0)
	/usr/local/go/src/io/io.go:298 +0xe6
io.ReadFull(0x7a5d58, 0xc8231e6cc0, 0xc824ab4ee0, 0x1, 0x9, 0xc82009d7f0, 0x0, 0x0)
	/usr/local/go/src/io/io.go:316 +0x62
encoding/gob.decodeUintReader(0x7a5d58, 0xc8231e6cc0, 0xc824ab4ee0, 0x9, 0x9, 0x0, 0x1, 0x0, 0x0)
	/usr/local/go/src/encoding/gob/decode.go:121 +0x92
encoding/gob.(*Decoder).recvMessage(0xc82009d780, 0xc82b9b3c30)
	/usr/local/go/src/encoding/gob/decoder.go:76 +0x5e
encoding/gob.(*Decoder).decodeTypeSequence(0xc82009d780, 0x525e00, 0xc82009d780)
	/usr/local/go/src/encoding/gob/decoder.go:140 +0x47
encoding/gob.(*Decoder).DecodeValue(0xc82009d780, 0x3c4a60, 0xc823612660, 0x16, 0x0, 0x0)
	/usr/local/go/src/encoding/gob/decoder.go:208 +0x15d
encoding/gob.(*Decoder).Decode(0xc82009d780, 0x3c4a60, 0xc823612660, 0x0, 0x0)
	/usr/local/go/src/encoding/gob/decoder.go:185 +0x289
github.com/johntech-o/gorpc.(*ConnDriver).ReadResponseHeader(0xc820180c60, 0xc823612660, 0x0, 0x0)
	/Users/johntech/code/gocode/src/github.com/johntech-o/gorpc/driverConn.go:115 +0x51
github.com/johntech-o/gorpc.(*ConnPool).serveRead(0xc82011e0a0, 0xc820180c60)
	/Users/johntech/code/gocode/src/github.com/johntech-o/gorpc/connPool.go:159 +0x782
created by github.com/johntech-o/gorpc.(*ConnPool).createConn
	/Users/johntech/code/gocode/src/github.com/johntech-o/gorpc/connPool.go:55 +0xc9

goroutine 11601 [select]:
github.com/johntech-o/gorpc.(*ConnPool).serveWrite(0xc82011e0a0, 0xc824ac4120)
	/Users/johntech/code/gocode/src/github.com/johntech-o/gorpc/connPool.go:215 +0x6b6
created by github.com/johntech-o/gorpc.(*ConnPool).createConn
	/Users/johntech/code/gocode/src/github.com/johntech-o/gorpc/connPool.go:56 +0xf5

goroutine 10362 [IO wait]:
net.runtime_pollWait(0x7a8240, 0x72, 0xc820012190)
	/usr/local/go/src/runtime/netpoll.go:157 +0x60
net.(*pollDesc).Wait(0xc822e22990, 0x72, 0x0, 0x0)
	/usr/local/go/src/net/fd_poll_runtime.go:73 +0x3a
net.(*pollDesc).WaitRead(0xc822e22990, 0x0, 0x0)
	/usr/local/go/src/net/fd_poll_runtime.go:78 +0x36
net.(*netFD).Read(0xc822e22930, 0xc824cad000, 0x1000, 0x1000, 0x0, 0x7a0050, 0xc820012190)
	/usr/local/go/src/net/fd_unix.go:232 +0x23a
net.(*conn).Read(0xc8232e8008, 0xc824cad000, 0x1000, 0x1000, 0x0, 0x0, 0x0)
	/usr/local/go/src/net/net.go:172 +0xe4
bufio.(*Reader).fill(0xc82325b8c0)
	/usr/local/go/src/bufio/bufio.go:97 +0x1e9
bufio.(*Reader).Read(0xc82325b8c0, 0xc824c32430, 0x1, 0x9, 0x525128, 0x0, 0x0)
	/usr/local/go/src/bufio/bufio.go:207 +0x260
io.ReadAtLeast(0x7a5d58, 0xc82325b8c0, 0xc824c32430, 0x1, 0x9, 0x1, 0x0, 0x0, 0x0)
	/usr/local/go/src/io/io.go:298 +0xe6
io.ReadFull(0x7a5d58, 0xc82325b8c0, 0xc824c32430, 0x1, 0x9, 0xc8201706f0, 0x0, 0x0)
	/usr/local/go/src/io/io.go:316 +0x62
encoding/gob.decodeUintReader(0x7a5d58, 0xc82325b8c0, 0xc824c32430, 0x9, 0x9, 0x0, 0x1, 0x0, 0x0)
	/usr/local/go/src/encoding/gob/decode.go:121 +0x92
encoding/gob.(*Decoder).recvMessage(0xc820170680, 0xc825883c30)
	/usr/local/go/src/encoding/gob/decoder.go:76 +0x5e
encoding/gob.(*Decoder).decodeTypeSequence(0xc820170680, 0x525e00, 0xc820170680)
	/usr/local/go/src/encoding/gob/decoder.go:140 +0x47
encoding/gob.(*Decoder).DecodeValue(0xc820170680, 0x3c4a60, 0xc823aab240, 0x16, 0x0, 0x0)
	/usr/local/go/src/encoding/gob/decoder.go:208 +0x15d
encoding/gob.(*Decoder).Decode(0xc820170680, 0x3c4a60, 0xc823aab240, 0x0, 0x0)
	/usr/local/go/src/encoding/gob/decoder.go:185 +0x289
github.com/johntech-o/gorpc.(*ConnDriver).ReadResponseHeader(0xc820180ea0, 0xc823aab240, 0x0, 0x0)
	/Users/johntech/code/gocode/src/github.com/johntech-o/gorpc/driverConn.go:115 +0x51
github.com/johntech-o/gorpc.(*ConnPool).serveRead(0xc82011e0a0, 0xc820180ea0)
	/Users/johntech/code/gocode/src/github.com/johntech-o/gorpc/connPool.go:159 +0x782
created by github.com/johntech-o/gorpc.(*ConnPool).createConn
	/Users/johntech/code/gocode/src/github.com/johntech-o/gorpc/connPool.go:55 +0xc9

goroutine 10244 [select]:
github.com/johntech-o/gorpc.(*ConnPool).serveWrite(0xc82011e0a0, 0xc820180c60)
	/Users/johntech/code/gocode/src/github.com/johntech-o/gorpc/connPool.go:215 +0x6b6
created by github.com/johntech-o/gorpc.(*ConnPool).createConn
	/Users/johntech/code/gocode/src/github.com/johntech-o/gorpc/connPool.go:56 +0xf5

goroutine 10361 [select]:
github.com/johntech-o/gorpc.(*ConnPool).serveWrite(0xc82011e0a0, 0xc820180d80)
	/Users/johntech/code/gocode/src/github.com/johntech-o/gorpc/connPool.go:215 +0x6b6
created by github.com/johntech-o/gorpc.(*ConnPool).createConn
	/Users/johntech/code/gocode/src/github.com/johntech-o/gorpc/connPool.go:56 +0xf5

goroutine 10301 [IO wait]:
net.runtime_pollWait(0x7a61c0, 0x72, 0xc820012190)
	/usr/local/go/src/runtime/netpoll.go:157 +0x60
net.(*pollDesc).Wait(0xc822df83e0, 0x72, 0x0, 0x0)
	/usr/local/go/src/net/fd_poll_runtime.go:73 +0x3a
net.(*pollDesc).WaitRead(0xc822df83e0, 0x0, 0x0)
	/usr/local/go/src/net/fd_poll_runtime.go:78 +0x36
net.(*netFD).Read(0xc822df8380, 0xc824c5c000, 0x1000, 0x1000, 0x0, 0x7a0050, 0xc820012190)
	/usr/local/go/src/net/fd_unix.go:232 +0x23a
net.(*conn).Read(0xc8201163f0, 0xc824c5c000, 0x1000, 0x1000, 0x0, 0x0, 0x0)
	/usr/local/go/src/net/net.go:172 +0xe4
bufio.(*Reader).fill(0xc82318d740)
	/usr/local/go/src/bufio/bufio.go:97 +0x1e9
bufio.(*Reader).Read(0xc82318d740, 0xc824ba4d00, 0x1, 0x9, 0x525128, 0x0, 0x0)
	/usr/local/go/src/bufio/bufio.go:207 +0x260
io.ReadAtLeast(0x7a5d58, 0xc82318d740, 0xc824ba4d00, 0x1, 0x9, 0x1, 0x0, 0x0, 0x0)
	/usr/local/go/src/io/io.go:298 +0xe6
io.ReadFull(0x7a5d58, 0xc82318d740, 0xc824ba4d00, 0x1, 0x9, 0xc82009ccf0, 0x0, 0x0)
	/usr/local/go/src/io/io.go:316 +0x62
encoding/gob.decodeUintReader(0x7a5d58, 0xc82318d740, 0xc824ba4d00, 0x9, 0x9, 0x0, 0x1, 0x0, 0x0)
	/usr/local/go/src/encoding/gob/decode.go:121 +0x92
encoding/gob.(*Decoder).recvMessage(0xc82009cc80, 0xc822e2fc20)
	/usr/local/go/src/encoding/gob/decoder.go:76 +0x5e
encoding/gob.(*Decoder).decodeTypeSequence(0xc82009cc80, 0x525e00, 0xc82009cc80)
	/usr/local/go/src/encoding/gob/decoder.go:140 +0x47
encoding/gob.(*Decoder).DecodeValue(0xc82009cc80, 0x3c4a60, 0xc823613ca0, 0x16, 0x0, 0x0)
	/usr/local/go/src/encoding/gob/decoder.go:208 +0x15d
encoding/gob.(*Decoder).Decode(0xc82009cc80, 0x3c4a60, 0xc823613ca0, 0x0, 0x0)
	/usr/local/go/src/encoding/gob/decoder.go:185 +0x289
github.com/johntech-o/gorpc.(*ConnDriver).ReadResponseHeader(0xc824a5cea0, 0xc823613ca0, 0x0, 0x0)
	/Users/johntech/code/gocode/src/github.com/johntech-o/gorpc/driverConn.go:115 +0x51
github.com/johntech-o/gorpc.(*ConnPool).serveRead(0xc82011e0a0, 0xc824a5cea0)
	/Users/johntech/code/gocode/src/github.com/johntech-o/gorpc/connPool.go:159 +0x782
created by github.com/johntech-o/gorpc.(*ConnPool).createConn
	/Users/johntech/code/gocode/src/github.com/johntech-o/gorpc/connPool.go:55 +0xc9

goroutine 10450 [select]:
github.com/johntech-o/gorpc.(*ConnPool).serveWrite(0xc82011e0a0, 0xc820124e10)
	/Users/johntech/code/gocode/src/github.com/johntech-o/gorpc/connPool.go:215 +0x6b6
created by github.com/johntech-o/gorpc.(*ConnPool).createConn
	/Users/johntech/code/gocode/src/github.com/johntech-o/gorpc/connPool.go:56 +0xf5

goroutine 10298 [select]:
github.com/johntech-o/gorpc.(*ConnPool).serveWrite(0xc82011e0a0, 0xc824a5cc60)
	/Users/johntech/code/gocode/src/github.com/johntech-o/gorpc/connPool.go:215 +0x6b6
created by github.com/johntech-o/gorpc.(*ConnPool).createConn
	/Users/johntech/code/gocode/src/github.com/johntech-o/gorpc/connPool.go:56 +0xf5

goroutine 10297 [IO wait]:
net.runtime_pollWait(0x7a7940, 0x72, 0xc820012190)
	/usr/local/go/src/runtime/netpoll.go:157 +0x60
net.(*pollDesc).Wait(0xc82005d410, 0x72, 0x0, 0x0)
	/usr/local/go/src/net/fd_poll_runtime.go:73 +0x3a
net.(*pollDesc).WaitRead(0xc82005d410, 0x0, 0x0)
	/usr/local/go/src/net/fd_poll_runtime.go:78 +0x36
net.(*netFD).Read(0xc82005d3b0, 0xc8233fc000, 0x1000, 0x1000, 0x0, 0x7a0050, 0xc820012190)
	/usr/local/go/src/net/fd_unix.go:232 +0x23a
net.(*conn).Read(0xc8232e80a8, 0xc8233fc000, 0x1000, 0x1000, 0x0, 0x0, 0x0)
	/usr/local/go/src/net/net.go:172 +0xe4
bufio.(*Reader).fill(0xc82330e5a0)
	/usr/local/go/src/bufio/bufio.go:97 +0x1e9
bufio.(*Reader).Read(0xc82330e5a0, 0xc824ba4ae0, 0x1, 0x9, 0x525128, 0x0, 0x0)
	/usr/local/go/src/bufio/bufio.go:207 +0x260
io.ReadAtLeast(0x7a5d58, 0xc82330e5a0, 0xc824ba4ae0, 0x1, 0x9, 0x1, 0x0, 0x0, 0x0)
	/usr/local/go/src/io/io.go:298 +0xe6
io.ReadFull(0x7a5d58, 0xc82330e5a0, 0xc824ba4ae0, 0x1, 0x9, 0xc820171470, 0x0, 0x0)
	/usr/local/go/src/io/io.go:316 +0x62
encoding/gob.decodeUintReader(0x7a5d58, 0xc82330e5a0, 0xc824ba4ae0, 0x9, 0x9, 0x0, 0x1, 0x0, 0x0)
	/usr/local/go/src/encoding/gob/decode.go:121 +0x92
encoding/gob.(*Decoder).recvMessage(0xc820171400, 0xc82f7b4c30)
	/usr/local/go/src/encoding/gob/decoder.go:76 +0x5e
encoding/gob.(*Decoder).decodeTypeSequence(0xc820171400, 0x525e00, 0xc820171400)
	/usr/local/go/src/encoding/gob/decoder.go:140 +0x47
encoding/gob.(*Decoder).DecodeValue(0xc820171400, 0x3c4a60, 0xc8238baa80, 0x16, 0x0, 0x0)
	/usr/local/go/src/encoding/gob/decoder.go:208 +0x15d
encoding/gob.(*Decoder).Decode(0xc820171400, 0x3c4a60, 0xc8238baa80, 0x0, 0x0)
	/usr/local/go/src/encoding/gob/decoder.go:185 +0x289
github.com/johntech-o/gorpc.(*ConnDriver).ReadResponseHeader(0xc824a5cc60, 0xc8238baa80, 0x0, 0x0)
	/Users/johntech/code/gocode/src/github.com/johntech-o/gorpc/driverConn.go:115 +0x51
github.com/johntech-o/gorpc.(*ConnPool).serveRead(0xc82011e0a0, 0xc824a5cc60)
	/Users/johntech/code/gocode/src/github.com/johntech-o/gorpc/connPool.go:159 +0x782
created by github.com/johntech-o/gorpc.(*ConnPool).createConn
	/Users/johntech/code/gocode/src/github.com/johntech-o/gorpc/connPool.go:55 +0xc9

goroutine 10360 [IO wait]:
net.runtime_pollWait(0x7a6340, 0x72, 0xc820012190)
	/usr/local/go/src/runtime/netpoll.go:157 +0x60
net.(*pollDesc).Wait(0xc822df8370, 0x72, 0x0, 0x0)
	/usr/local/go/src/net/fd_poll_runtime.go:73 +0x3a
net.(*pollDesc).WaitRead(0xc822df8370, 0x0, 0x0)
	/usr/local/go/src/net/fd_poll_runtime.go:78 +0x36
net.(*netFD).Read(0xc822df8310, 0xc824cac000, 0x1000, 0x1000, 0x0, 0x7a0050, 0xc820012190)
	/usr/local/go/src/net/fd_unix.go:232 +0x23a
net.(*conn).Read(0xc820116400, 0xc824cac000, 0x1000, 0x1000, 0x0, 0x0, 0x0)
	/usr/local/go/src/net/net.go:172 +0xe4
bufio.(*Reader).fill(0xc82325a000)
	/usr/local/go/src/bufio/bufio.go:97 +0x1e9
bufio.(*Reader).Read(0xc82325a000, 0xc824c32320, 0x1, 0x9, 0x525128, 0x0, 0x0)
	/usr/local/go/src/bufio/bufio.go:207 +0x260
io.ReadAtLeast(0x7a5d58, 0xc82325a000, 0xc824c32320, 0x1, 0x9, 0x1, 0x0, 0x0, 0x0)
	/usr/local/go/src/io/io.go:298 +0xe6
io.ReadFull(0x7a5d58, 0xc82325a000, 0xc824c32320, 0x1, 0x9, 0xc822deccf0, 0x0, 0x0)
	/usr/local/go/src/io/io.go:316 +0x62
encoding/gob.decodeUintReader(0x7a5d58, 0xc82325a000, 0xc824c32320, 0x9, 0x9, 0x0, 0x1, 0x0, 0x0)
	/usr/local/go/src/encoding/gob/decode.go:121 +0x92
encoding/gob.(*Decoder).recvMessage(0xc822decc80, 0xc8286bdc20)
	/usr/local/go/src/encoding/gob/decoder.go:76 +0x5e
encoding/gob.(*Decoder).decodeTypeSequence(0xc822decc80, 0x525e00, 0xc822decc80)
	/usr/local/go/src/encoding/gob/decoder.go:140 +0x47
encoding/gob.(*Decoder).DecodeValue(0xc822decc80, 0x3c4a60, 0xc82cac1ae0, 0x16, 0x0, 0x0)
	/usr/local/go/src/encoding/gob/decoder.go:208 +0x15d
encoding/gob.(*Decoder).Decode(0xc822decc80, 0x3c4a60, 0xc82cac1ae0, 0x0, 0x0)
	/usr/local/go/src/encoding/gob/decoder.go:185 +0x289
github.com/johntech-o/gorpc.(*ConnDriver).ReadResponseHeader(0xc820180d80, 0xc82cac1ae0, 0x0, 0x0)
	/Users/johntech/code/gocode/src/github.com/johntech-o/gorpc/driverConn.go:115 +0x51
github.com/johntech-o/gorpc.(*ConnPool).serveRead(0xc82011e0a0, 0xc820180d80)
	/Users/johntech/code/gocode/src/github.com/johntech-o/gorpc/connPool.go:159 +0x782
created by github.com/johntech-o/gorpc.(*ConnPool).createConn
	/Users/johntech/code/gocode/src/github.com/johntech-o/gorpc/connPool.go:55 +0xc9

goroutine 10296 [select]:
github.com/johntech-o/gorpc.(*ConnPool).serveWrite(0xc82011e0a0, 0xc824a5cb40)
	/Users/johntech/code/gocode/src/github.com/johntech-o/gorpc/connPool.go:215 +0x6b6
created by github.com/johntech-o/gorpc.(*ConnPool).createConn
	/Users/johntech/code/gocode/src/github.com/johntech-o/gorpc/connPool.go:56 +0xf5

goroutine 10295 [IO wait]:
net.runtime_pollWait(0x7a8d80, 0x72, 0xc820012190)
	/usr/local/go/src/runtime/netpoll.go:157 +0x60
net.(*pollDesc).Wait(0xc82014e920, 0x72, 0x0, 0x0)
	/usr/local/go/src/net/fd_poll_runtime.go:73 +0x3a
net.(*pollDesc).WaitRead(0xc82014e920, 0x0, 0x0)
	/usr/local/go/src/net/fd_poll_runtime.go:78 +0x36
net.(*netFD).Read(0xc82014e8c0, 0xc822eed000, 0x1000, 0x1000, 0x0, 0x7a0050, 0xc820012190)
	/usr/local/go/src/net/fd_unix.go:232 +0x23a
net.(*conn).Read(0xc8232e8030, 0xc822eed000, 0x1000, 0x1000, 0x0, 0x0, 0x0)
	/usr/local/go/src/net/net.go:172 +0xe4
bufio.(*Reader).fill(0xc82318d380)
	/usr/local/go/src/bufio/bufio.go:97 +0x1e9
bufio.(*Reader).Read(0xc82318d380, 0xc824ba49d0, 0x1, 0x9, 0x525128, 0x0, 0x0)
	/usr/local/go/src/bufio/bufio.go:207 +0x260
io.ReadAtLeast(0x7a5d58, 0xc82318d380, 0xc824ba49d0, 0x1, 0x9, 0x1, 0x0, 0x0, 0x0)
	/usr/local/go/src/io/io.go:298 +0xe6
io.ReadFull(0x7a5d58, 0xc82318d380, 0xc824ba49d0, 0x1, 0x9, 0xc82009caf0, 0x0, 0x0)
	/usr/local/go/src/io/io.go:316 +0x62
encoding/gob.decodeUintReader(0x7a5d58, 0xc82318d380, 0xc824ba49d0, 0x9, 0x9, 0x0, 0x1, 0x0, 0x0)
	/usr/local/go/src/encoding/gob/decode.go:121 +0x92
encoding/gob.(*Decoder).recvMessage(0xc82009ca80, 0xc82f7b2c30)
	/usr/local/go/src/encoding/gob/decoder.go:76 +0x5e
encoding/gob.(*Decoder).decodeTypeSequence(0xc82009ca80, 0x525e00, 0xc82009ca80)
	/usr/local/go/src/encoding/gob/decoder.go:140 +0x47
encoding/gob.(*Decoder).DecodeValue(0xc82009ca80, 0x3c4a60, 0xc8236505c0, 0x16, 0x0, 0x0)
	/usr/local/go/src/encoding/gob/decoder.go:208 +0x15d
encoding/gob.(*Decoder).Decode(0xc82009ca80, 0x3c4a60, 0xc8236505c0, 0x0, 0x0)
	/usr/local/go/src/encoding/gob/decoder.go:185 +0x289
github.com/johntech-o/gorpc.(*ConnDriver).ReadResponseHeader(0xc824a5cb40, 0xc8236505c0, 0x0, 0x0)
	/Users/johntech/code/gocode/src/github.com/johntech-o/gorpc/driverConn.go:115 +0x51
github.com/johntech-o/gorpc.(*ConnPool).serveRead(0xc82011e0a0, 0xc824a5cb40)
	/Users/johntech/code/gocode/src/github.com/johntech-o/gorpc/connPool.go:159 +0x782
created by github.com/johntech-o/gorpc.(*ConnPool).createConn
	/Users/johntech/code/gocode/src/github.com/johntech-o/gorpc/connPool.go:55 +0xc9

goroutine 10294 [select]:
github.com/johntech-o/gorpc.(*ConnPool).serveWrite(0xc82011e0a0, 0xc824a5c990)
	/Users/johntech/code/gocode/src/github.com/johntech-o/gorpc/connPool.go:215 +0x6b6
created by github.com/johntech-o/gorpc.(*ConnPool).createConn
	/Users/johntech/code/gocode/src/github.com/johntech-o/gorpc/connPool.go:56 +0xf5

goroutine 10293 [IO wait]:
net.runtime_pollWait(0x7a4eb0, 0x72, 0xc820012190)
	/usr/local/go/src/runtime/netpoll.go:157 +0x60
net.(*pollDesc).Wait(0xc822e22060, 0x72, 0x0, 0x0)
	/usr/local/go/src/net/fd_poll_runtime.go:73 +0x3a
net.(*pollDesc).WaitRead(0xc822e22060, 0x0, 0x0)
	/usr/local/go/src/net/fd_poll_runtime.go:78 +0x36
net.(*netFD).Read(0xc822e22000, 0xc8232c2000, 0x1000, 0x1000, 0x0, 0x7a0050, 0xc820012190)
	/usr/local/go/src/net/fd_unix.go:232 +0x23a
net.(*conn).Read(0xc82015c0c8, 0xc8232c2000, 0x1000, 0x1000, 0x0, 0x0, 0x0)
	/usr/local/go/src/net/net.go:172 +0xe4
bufio.(*Reader).fill(0xc8231e6b40)
	/usr/local/go/src/bufio/bufio.go:97 +0x1e9
bufio.(*Reader).Read(0xc8231e6b40, 0xc824ba48a0, 0x1, 0x9, 0x525128, 0x0, 0x0)
	/usr/local/go/src/bufio/bufio.go:207 +0x260
io.ReadAtLeast(0x7a5d58, 0xc8231e6b40, 0xc824ba48a0, 0x1, 0x9, 0x1, 0x0, 0x0, 0x0)
	/usr/local/go/src/io/io.go:298 +0xe6
io.ReadFull(0x7a5d58, 0xc8231e6b40, 0xc824ba48a0, 0x1, 0x9, 0xc82009d5f0, 0x0, 0x0)
	/usr/local/go/src/io/io.go:316 +0x62
encoding/gob.decodeUintReader(0x7a5d58, 0xc8231e6b40, 0xc824ba48a0, 0x9, 0x9, 0x0, 0x1, 0x0, 0x0)
	/usr/local/go/src/encoding/gob/decode.go:121 +0x92
encoding/gob.(*Decoder).recvMessage(0xc82009d580, 0xc825573c30)
	/usr/local/go/src/encoding/gob/decoder.go:76 +0x5e
encoding/gob.(*Decoder).decodeTypeSequence(0xc82009d580, 0x525e00, 0xc82009d580)
	/usr/local/go/src/encoding/gob/decoder.go:140 +0x47
encoding/gob.(*Decoder).DecodeValue(0xc82009d580, 0x3c4a60, 0xc823650ea0, 0x16, 0x0, 0x0)
	/usr/local/go/src/encoding/gob/decoder.go:208 +0x15d
encoding/gob.(*Decoder).Decode(0xc82009d580, 0x3c4a60, 0xc823650ea0, 0x0, 0x0)
	/usr/local/go/src/encoding/gob/decoder.go:185 +0x289
github.com/johntech-o/gorpc.(*ConnDriver).ReadResponseHeader(0xc824a5c990, 0xc823650ea0, 0x0, 0x0)
	/Users/johntech/code/gocode/src/github.com/johntech-o/gorpc/driverConn.go:115 +0x51
github.com/johntech-o/gorpc.(*ConnPool).serveRead(0xc82011e0a0, 0xc824a5c990)
	/Users/johntech/code/gocode/src/github.com/johntech-o/gorpc/connPool.go:159 +0x782
created by github.com/johntech-o/gorpc.(*ConnPool).createConn
	/Users/johntech/code/gocode/src/github.com/johntech-o/gorpc/connPool.go:55 +0xc9

goroutine 10660 [select]:
github.com/johntech-o/gorpc.(*ConnPool).serveWrite(0xc82011e0a0, 0xc820181290)
	/Users/johntech/code/gocode/src/github.com/johntech-o/gorpc/connPool.go:215 +0x6b6
created by github.com/johntech-o/gorpc.(*ConnPool).createConn
	/Users/johntech/code/gocode/src/github.com/johntech-o/gorpc/connPool.go:56 +0xf5

goroutine 10302 [select]:
github.com/johntech-o/gorpc.(*ConnPool).serveWrite(0xc82011e0a0, 0xc824a5cea0)
	/Users/johntech/code/gocode/src/github.com/johntech-o/gorpc/connPool.go:215 +0x6b6
created by github.com/johntech-o/gorpc.(*ConnPool).createConn
	/Users/johntech/code/gocode/src/github.com/johntech-o/gorpc/connPool.go:56 +0xf5

goroutine 12858 [IO wait]:
net.runtime_pollWait(0x7a4df0, 0x72, 0xc820012190)
	/usr/local/go/src/runtime/netpoll.go:157 +0x60
net.(*pollDesc).Wait(0xc820113950, 0x72, 0x0, 0x0)
	/usr/local/go/src/net/fd_poll_runtime.go:73 +0x3a
net.(*pollDesc).WaitRead(0xc820113950, 0x0, 0x0)
	/usr/local/go/src/net/fd_poll_runtime.go:78 +0x36
net.(*netFD).Read(0xc8201138f0, 0xc8232be000, 0x1000, 0x1000, 0x0, 0x7a0050, 0xc820012190)
	/usr/local/go/src/net/fd_unix.go:232 +0x23a
net.(*conn).Read(0xc82015c0c0, 0xc8232be000, 0x1000, 0x1000, 0x0, 0x0, 0x0)
	/usr/local/go/src/net/net.go:172 +0xe4
bufio.(*Reader).fill(0xc8231e6ae0)
	/usr/local/go/src/bufio/bufio.go:97 +0x1e9
bufio.(*Reader).Read(0xc8231e6ae0, 0xc823d48240, 0x1, 0x9, 0x525128, 0x0, 0x0)
	/usr/local/go/src/bufio/bufio.go:207 +0x260
io.ReadAtLeast(0x7a5d58, 0xc8231e6ae0, 0xc823d48240, 0x1, 0x9, 0x1, 0x0, 0x0, 0x0)
	/usr/local/go/src/io/io.go:298 +0xe6
io.ReadFull(0x7a5d58, 0xc8231e6ae0, 0xc823d48240, 0x1, 0x9, 0xc82009d570, 0x0, 0x0)
	/usr/local/go/src/io/io.go:316 +0x62
encoding/gob.decodeUintReader(0x7a5d58, 0xc8231e6ae0, 0xc823d48240, 0x9, 0x9, 0x0, 0x1, 0x0, 0x0)
	/usr/local/go/src/encoding/gob/decode.go:121 +0x92
encoding/gob.(*Decoder).recvMessage(0xc82009d500, 0xc82d349c30)
	/usr/local/go/src/encoding/gob/decoder.go:76 +0x5e
encoding/gob.(*Decoder).decodeTypeSequence(0xc82009d500, 0x525e00, 0xc82009d500)
	/usr/local/go/src/encoding/gob/decoder.go:140 +0x47
encoding/gob.(*Decoder).DecodeValue(0xc82009d500, 0x3c4a60, 0xc824c8e3e0, 0x16, 0x0, 0x0)
	/usr/local/go/src/encoding/gob/decoder.go:208 +0x15d
encoding/gob.(*Decoder).Decode(0xc82009d500, 0x3c4a60, 0xc824c8e3e0, 0x0, 0x0)
	/usr/local/go/src/encoding/gob/decoder.go:185 +0x289
github.com/johntech-o/gorpc.(*ConnDriver).ReadResponseHeader(0xc820086090, 0xc824c8e3e0, 0x0, 0x0)
	/Users/johntech/code/gocode/src/github.com/johntech-o/gorpc/driverConn.go:115 +0x51
github.com/johntech-o/gorpc.(*ConnPool).serveRead(0xc82011e0a0, 0xc820086090)
	/Users/johntech/code/gocode/src/github.com/johntech-o/gorpc/connPool.go:159 +0x782
created by github.com/johntech-o/gorpc.(*ConnPool).createConn
	/Users/johntech/code/gocode/src/github.com/johntech-o/gorpc/connPool.go:55 +0xc9

goroutine 10661 [IO wait]:
net.runtime_pollWait(0x7a4f70, 0x72, 0xc820012190)
	/usr/local/go/src/runtime/netpoll.go:157 +0x60
net.(*pollDesc).Wait(0xc82014e290, 0x72, 0x0, 0x0)
	/usr/local/go/src/net/fd_poll_runtime.go:73 +0x3a
net.(*pollDesc).WaitRead(0xc82014e290, 0x0, 0x0)
	/usr/local/go/src/net/fd_poll_runtime.go:78 +0x36
net.(*netFD).Read(0xc82014e230, 0xc8232d0000, 0x1000, 0x1000, 0x0, 0x7a0050, 0xc820012190)
	/usr/local/go/src/net/fd_unix.go:232 +0x23a
net.(*conn).Read(0xc82015c0d0, 0xc8232d0000, 0x1000, 0x1000, 0x0, 0x0, 0x0)
	/usr/local/go/src/net/net.go:172 +0xe4
bufio.(*Reader).fill(0xc8231e6ba0)
	/usr/local/go/src/bufio/bufio.go:97 +0x1e9
bufio.(*Reader).Read(0xc8231e6ba0, 0xc8257aa080, 0x1, 0x9, 0x525128, 0x0, 0x0)
	/usr/local/go/src/bufio/bufio.go:207 +0x260
io.ReadAtLeast(0x7a5d58, 0xc8231e6ba0, 0xc8257aa080, 0x1, 0x9, 0x1, 0x0, 0x0, 0x0)
	/usr/local/go/src/io/io.go:298 +0xe6
io.ReadFull(0x7a5d58, 0xc8231e6ba0, 0xc8257aa080, 0x1, 0x9, 0xc82009d670, 0x0, 0x0)
	/usr/local/go/src/io/io.go:316 +0x62
encoding/gob.decodeUintReader(0x7a5d58, 0xc8231e6ba0, 0xc8257aa080, 0x9, 0x9, 0x0, 0x1, 0x0, 0x0)
	/usr/local/go/src/encoding/gob/decode.go:121 +0x92
encoding/gob.(*Decoder).recvMessage(0xc82009d600, 0xc823369c30)
	/usr/local/go/src/encoding/gob/decoder.go:76 +0x5e
encoding/gob.(*Decoder).decodeTypeSequence(0xc82009d600, 0x525e00, 0xc82009d600)
	/usr/local/go/src/encoding/gob/decoder.go:140 +0x47
encoding/gob.(*Decoder).DecodeValue(0xc82009d600, 0x3c4a60, 0xc82cac0dc0, 0x16, 0x0, 0x0)
	/usr/local/go/src/encoding/gob/decoder.go:208 +0x15d
encoding/gob.(*Decoder).Decode(0xc82009d600, 0x3c4a60, 0xc82cac0dc0, 0x0, 0x0)
	/usr/local/go/src/encoding/gob/decoder.go:185 +0x289
github.com/johntech-o/gorpc.(*ConnDriver).ReadResponseHeader(0xc8256a22d0, 0xc82cac0dc0, 0x0, 0x0)
	/Users/johntech/code/gocode/src/github.com/johntech-o/gorpc/driverConn.go:115 +0x51
github.com/johntech-o/gorpc.(*ConnPool).serveRead(0xc82011e0a0, 0xc8256a22d0)
	/Users/johntech/code/gocode/src/github.com/johntech-o/gorpc/connPool.go:159 +0x782
created by github.com/johntech-o/gorpc.(*ConnPool).createConn
	/Users/johntech/code/gocode/src/github.com/johntech-o/gorpc/connPool.go:55 +0xc9

goroutine 10225 [IO wait]:
net.runtime_pollWait(0x18c0c80, 0x72, 0xc820012190)
	/usr/local/go/src/runtime/netpoll.go:157 +0x60
net.(*pollDesc).Wait(0xc82005d1e0, 0x72, 0x0, 0x0)
	/usr/local/go/src/net/fd_poll_runtime.go:73 +0x3a
net.(*pollDesc).WaitRead(0xc82005d1e0, 0x0, 0x0)
	/usr/local/go/src/net/fd_poll_runtime.go:78 +0x36
net.(*netFD).Read(0xc82005d180, 0xc823250000, 0x1000, 0x1000, 0x0, 0x7a0050, 0xc820012190)
	/usr/local/go/src/net/fd_unix.go:232 +0x23a
net.(*conn).Read(0xc823220020, 0xc823250000, 0x1000, 0x1000, 0x0, 0x0, 0x0)
	/usr/local/go/src/net/net.go:172 +0xe4
bufio.(*Reader).fill(0xc823127380)
	/usr/local/go/src/bufio/bufio.go:97 +0x1e9
bufio.(*Reader).Read(0xc823127380, 0xc824b88a30, 0x1, 0x9, 0x525128, 0x0, 0x0)
	/usr/local/go/src/bufio/bufio.go:207 +0x260
io.ReadAtLeast(0x7a5d58, 0xc823127380, 0xc824b88a30, 0x1, 0x9, 0x1, 0x0, 0x0, 0x0)
	/usr/local/go/src/io/io.go:298 +0xe6
io.ReadFull(0x7a5d58, 0xc823127380, 0xc824b88a30, 0x1, 0x9, 0xc82011b4f0, 0x0, 0x0)
	/usr/local/go/src/io/io.go:316 +0x62
encoding/gob.decodeUintReader(0x7a5d58, 0xc823127380, 0xc824b88a30, 0x9, 0x9, 0x0, 0x1, 0x0, 0x0)
	/usr/local/go/src/encoding/gob/decode.go:121 +0x92
encoding/gob.(*Decoder).recvMessage(0xc82011b480, 0xc823025c20)
	/usr/local/go/src/encoding/gob/decoder.go:76 +0x5e
encoding/gob.(*Decoder).decodeTypeSequence(0xc82011b480, 0x525e00, 0xc82011b480)
	/usr/local/go/src/encoding/gob/decoder.go:140 +0x47
encoding/gob.(*Decoder).DecodeValue(0xc82011b480, 0x3c4a60, 0xc82cac0aa0, 0x16, 0x0, 0x0)
	/usr/local/go/src/encoding/gob/decoder.go:208 +0x15d
encoding/gob.(*Decoder).Decode(0xc82011b480, 0x3c4a60, 0xc82cac0aa0, 0x0, 0x0)
	/usr/local/go/src/encoding/gob/decoder.go:185 +0x289
github.com/johntech-o/gorpc.(*ConnDriver).ReadResponseHeader(0xc824a6c870, 0xc82cac0aa0, 0x0, 0x0)
	/Users/johntech/code/gocode/src/github.com/johntech-o/gorpc/driverConn.go:115 +0x51
github.com/johntech-o/gorpc.(*ConnPool).serveRead(0xc82011e0a0, 0xc824a6c870)
	/Users/johntech/code/gocode/src/github.com/johntech-o/gorpc/connPool.go:159 +0x782
created by github.com/johntech-o/gorpc.(*ConnPool).createConn
	/Users/johntech/code/gocode/src/github.com/johntech-o/gorpc/connPool.go:55 +0xc9

goroutine 12859 [select]:
github.com/johntech-o/gorpc.(*ConnPool).serveWrite(0xc82011e0a0, 0xc820086090)
	/Users/johntech/code/gocode/src/github.com/johntech-o/gorpc/connPool.go:215 +0x6b6
created by github.com/johntech-o/gorpc.(*ConnPool).createConn
	/Users/johntech/code/gocode/src/github.com/johntech-o/gorpc/connPool.go:56 +0xf5

goroutine 10281 [select]:
github.com/johntech-o/gorpc.(*ConnPool).serveWrite(0xc82011e0a0, 0xc820124cf0)
	/Users/johntech/code/gocode/src/github.com/johntech-o/gorpc/connPool.go:215 +0x6b6
created by github.com/johntech-o/gorpc.(*ConnPool).createConn
	/Users/johntech/code/gocode/src/github.com/johntech-o/gorpc/connPool.go:56 +0xf5

goroutine 10338 [select]:
github.com/johntech-o/gorpc.(*ConnPool).serveWrite(0xc82011e0a0, 0xc824a6c870)
	/Users/johntech/code/gocode/src/github.com/johntech-o/gorpc/connPool.go:215 +0x6b6
created by github.com/johntech-o/gorpc.(*ConnPool).createConn
	/Users/johntech/code/gocode/src/github.com/johntech-o/gorpc/connPool.go:56 +0xf5

goroutine 10664 [select]:
github.com/johntech-o/gorpc.(*ConnPool).serveWrite(0xc82011e0a0, 0xc8256a2360)
	/Users/johntech/code/gocode/src/github.com/johntech-o/gorpc/connPool.go:215 +0x6b6
created by github.com/johntech-o/gorpc.(*ConnPool).createConn
	/Users/johntech/code/gocode/src/github.com/johntech-o/gorpc/connPool.go:56 +0xf5

goroutine 10333 [select]:
github.com/johntech-o/gorpc.(*ConnPool).serveWrite(0xc82011e0a0, 0xc824ac47e0)
	/Users/johntech/code/gocode/src/github.com/johntech-o/gorpc/connPool.go:215 +0x6b6
created by github.com/johntech-o/gorpc.(*ConnPool).createConn
	/Users/johntech/code/gocode/src/github.com/johntech-o/gorpc/connPool.go:56 +0xf5

goroutine 11709 [select]:
github.com/johntech-o/gorpc.(*ConnPool).serveWrite(0xc82011e0a0, 0xc8201813b0)
	/Users/johntech/code/gocode/src/github.com/johntech-o/gorpc/connPool.go:215 +0x6b6
created by github.com/johntech-o/gorpc.(*ConnPool).createConn
	/Users/johntech/code/gocode/src/github.com/johntech-o/gorpc/connPool.go:56 +0xf5

goroutine 11707 [select]:
github.com/johntech-o/gorpc.(*ConnPool).serveWrite(0xc82011e0a0, 0xc820181320)
	/Users/johntech/code/gocode/src/github.com/johntech-o/gorpc/connPool.go:215 +0x6b6
created by github.com/johntech-o/gorpc.(*ConnPool).createConn
	/Users/johntech/code/gocode/src/github.com/johntech-o/gorpc/connPool.go:56 +0xf5

goroutine 10438 [select]:
github.com/johntech-o/gorpc.(*ConnPool).serveWrite(0xc82011e0a0, 0xc824aae360)
	/Users/johntech/code/gocode/src/github.com/johntech-o/gorpc/connPool.go:215 +0x6b6
created by github.com/johntech-o/gorpc.(*ConnPool).createConn
	/Users/johntech/code/gocode/src/github.com/johntech-o/gorpc/connPool.go:56 +0xf5

goroutine 10437 [IO wait]:
net.runtime_pollWait(0x7a4bb0, 0x72, 0xc820012190)
	/usr/local/go/src/runtime/netpoll.go:157 +0x60
net.(*pollDesc).Wait(0xc822e220d0, 0x72, 0x0, 0x0)
	/usr/local/go/src/net/fd_poll_runtime.go:73 +0x3a
net.(*pollDesc).WaitRead(0xc822e220d0, 0x0, 0x0)
	/usr/local/go/src/net/fd_poll_runtime.go:78 +0x36
net.(*netFD).Read(0xc822e22070, 0xc82334a000, 0x1000, 0x1000, 0x0, 0x7a0050, 0xc820012190)
	/usr/local/go/src/net/fd_unix.go:232 +0x23a
net.(*conn).Read(0xc823220088, 0xc82334a000, 0x1000, 0x1000, 0x0, 0x0, 0x0)
	/usr/local/go/src/net/net.go:172 +0xe4
bufio.(*Reader).fill(0xc823127860)
	/usr/local/go/src/bufio/bufio.go:97 +0x1e9
bufio.(*Reader).Read(0xc823127860, 0xc824c863d0, 0x1, 0x9, 0x525128, 0x0, 0x0)
	/usr/local/go/src/bufio/bufio.go:207 +0x260
io.ReadAtLeast(0x7a5d58, 0xc823127860, 0xc824c863d0, 0x1, 0x9, 0x1, 0x0, 0x0, 0x0)
	/usr/local/go/src/io/io.go:298 +0xe6
io.ReadFull(0x7a5d58, 0xc823127860, 0xc824c863d0, 0x1, 0x9, 0xc82011bb70, 0x0, 0x0)
	/usr/local/go/src/io/io.go:316 +0x62
encoding/gob.decodeUintReader(0x7a5d58, 0xc823127860, 0xc824c863d0, 0x9, 0x9, 0x0, 0x1, 0x0, 0x0)
	/usr/local/go/src/encoding/gob/decode.go:121 +0x92
encoding/gob.(*Decoder).recvMessage(0xc82011bb00, 0xc825907c30)
	/usr/local/go/src/encoding/gob/decoder.go:76 +0x5e
encoding/gob.(*Decoder).decodeTypeSequence(0xc82011bb00, 0x525e00, 0xc82011bb00)
	/usr/local/go/src/encoding/gob/decoder.go:140 +0x47
encoding/gob.(*Decoder).DecodeValue(0xc82011bb00, 0x3c4a60, 0xc830be9640, 0x16, 0x0, 0x0)
	/usr/local/go/src/encoding/gob/decoder.go:208 +0x15d
encoding/gob.(*Decoder).Decode(0xc82011bb00, 0x3c4a60, 0xc830be9640, 0x0, 0x0)
	/usr/local/go/src/encoding/gob/decoder.go:185 +0x289
github.com/johntech-o/gorpc.(*ConnDriver).ReadResponseHeader(0xc824aae360, 0xc830be9640, 0x0, 0x0)
	/Users/johntech/code/gocode/src/github.com/johntech-o/gorpc/driverConn.go:115 +0x51
github.com/johntech-o/gorpc.(*ConnPool).serveRead(0xc82011e0a0, 0xc824aae360)
	/Users/johntech/code/gocode/src/github.com/johntech-o/gorpc/connPool.go:159 +0x782
created by github.com/johntech-o/gorpc.(*ConnPool).createConn
	/Users/johntech/code/gocode/src/github.com/johntech-o/gorpc/connPool.go:55 +0xc9

goroutine 10280 [IO wait]:
net.runtime_pollWait(0x7a8180, 0x72, 0xc820012190)
	/usr/local/go/src/runtime/netpoll.go:157 +0x60
net.(*pollDesc).Wait(0xc82014ea00, 0x72, 0x0, 0x0)
	/usr/local/go/src/net/fd_poll_runtime.go:73 +0x3a
net.(*pollDesc).WaitRead(0xc82014ea00, 0x0, 0x0)
	/usr/local/go/src/net/fd_poll_runtime.go:78 +0x36
net.(*netFD).Read(0xc82014e9a0, 0xc824c4c000, 0x1000, 0x1000, 0x0, 0x7a0050, 0xc820012190)
	/usr/local/go/src/net/fd_unix.go:232 +0x23a
net.(*conn).Read(0xc8232e8000, 0xc824c4c000, 0x1000, 0x1000, 0x0, 0x0, 0x0)
	/usr/local/go/src/net/net.go:172 +0xe4
bufio.(*Reader).fill(0xc824bfa2a0)
	/usr/local/go/src/bufio/bufio.go:97 +0x1e9
bufio.(*Reader).Read(0xc824bfa2a0, 0xc824bfc8c0, 0x1, 0x9, 0x525128, 0x0, 0x0)
	/usr/local/go/src/bufio/bufio.go:207 +0x260
io.ReadAtLeast(0x7a5d58, 0xc824bfa2a0, 0xc824bfc8c0, 0x1, 0x9, 0x1, 0x0, 0x0, 0x0)
	/usr/local/go/src/io/io.go:298 +0xe6
io.ReadFull(0x7a5d58, 0xc824bfa2a0, 0xc824bfc8c0, 0x1, 0x9, 0xc822df6770, 0x0, 0x0)
	/usr/local/go/src/io/io.go:316 +0x62
encoding/gob.decodeUintReader(0x7a5d58, 0xc824bfa2a0, 0xc824bfc8c0, 0x9, 0x9, 0x0, 0x1, 0x0, 0x0)
	/usr/local/go/src/encoding/gob/decode.go:121 +0x92
encoding/gob.(*Decoder).recvMessage(0xc822df6700, 0xc82b9cdc30)
	/usr/local/go/src/encoding/gob/decoder.go:76 +0x5e
encoding/gob.(*Decoder).decodeTypeSequence(0xc822df6700, 0x525e00, 0xc822df6700)
	/usr/local/go/src/encoding/gob/decoder.go:140 +0x47
encoding/gob.(*Decoder).DecodeValue(0xc822df6700, 0x3c4a60, 0xc82cac1900, 0x16, 0x0, 0x0)
	/usr/local/go/src/encoding/gob/decoder.go:208 +0x15d
encoding/gob.(*Decoder).Decode(0xc822df6700, 0x3c4a60, 0xc82cac1900, 0x0, 0x0)
	/usr/local/go/src/encoding/gob/decoder.go:185 +0x289
github.com/johntech-o/gorpc.(*ConnDriver).ReadResponseHeader(0xc820124cf0, 0xc82cac1900, 0x0, 0x0)
	/Users/johntech/code/gocode/src/github.com/johntech-o/gorpc/driverConn.go:115 +0x51
github.com/johntech-o/gorpc.(*ConnPool).serveRead(0xc82011e0a0, 0xc820124cf0)
	/Users/johntech/code/gocode/src/github.com/johntech-o/gorpc/connPool.go:159 +0x782
created by github.com/johntech-o/gorpc.(*ConnPool).createConn
	/Users/johntech/code/gocode/src/github.com/johntech-o/gorpc/connPool.go:55 +0xc9

goroutine 10303 [IO wait]:
net.runtime_pollWait(0x7a9e00, 0x72, 0xc820012190)
	/usr/local/go/src/runtime/netpoll.go:157 +0x60
net.(*pollDesc).Wait(0xc82014ea70, 0x72, 0x0, 0x0)
	/usr/local/go/src/net/fd_poll_runtime.go:73 +0x3a
net.(*pollDesc).WaitRead(0xc82014ea70, 0x0, 0x0)
	/usr/local/go/src/net/fd_poll_runtime.go:78 +0x36
net.(*netFD).Read(0xc82014ea10, 0xc823354000, 0x1000, 0x1000, 0x0, 0x7a0050, 0xc820012190)
	/usr/local/go/src/net/fd_unix.go:232 +0x23a
net.(*conn).Read(0xc8201164c0, 0xc823354000, 0x1000, 0x1000, 0x0, 0x0, 0x0)
	/usr/local/go/src/net/net.go:172 +0xe4
bufio.(*Reader).fill(0xc82325a360)
	/usr/local/go/src/bufio/bufio.go:97 +0x1e9
bufio.(*Reader).Read(0xc82325a360, 0xc824ba4e10, 0x1, 0x9, 0x525128, 0x0, 0x0)
	/usr/local/go/src/bufio/bufio.go:207 +0x260
io.ReadAtLeast(0x7a5d58, 0xc82325a360, 0xc824ba4e10, 0x1, 0x9, 0x1, 0x0, 0x0, 0x0)
	/usr/local/go/src/io/io.go:298 +0xe6
io.ReadFull(0x7a5d58, 0xc82325a360, 0xc824ba4e10, 0x1, 0x9, 0xc822ded170, 0x0, 0x0)
	/usr/local/go/src/io/io.go:316 +0x62
encoding/gob.decodeUintReader(0x7a5d58, 0xc82325a360, 0xc824ba4e10, 0x9, 0x9, 0x0, 0x1, 0x0, 0x0)
	/usr/local/go/src/encoding/gob/decode.go:121 +0x92
encoding/gob.(*Decoder).recvMessage(0xc822ded100, 0xc825905c30)
	/usr/local/go/src/encoding/gob/decoder.go:76 +0x5e
encoding/gob.(*Decoder).decodeTypeSequence(0xc822ded100, 0x525e00, 0xc822ded100)
	/usr/local/go/src/encoding/gob/decoder.go:140 +0x47
encoding/gob.(*Decoder).DecodeValue(0xc822ded100, 0x3c4a60, 0xc830be9700, 0x16, 0x0, 0x0)
	/usr/local/go/src/encoding/gob/decoder.go:208 +0x15d
encoding/gob.(*Decoder).Decode(0xc822ded100, 0x3c4a60, 0xc830be9700, 0x0, 0x0)
	/usr/local/go/src/encoding/gob/decoder.go:185 +0x289
github.com/johntech-o/gorpc.(*ConnDriver).ReadResponseHeader(0xc824a5cfc0, 0xc830be9700, 0x0, 0x0)
	/Users/johntech/code/gocode/src/github.com/johntech-o/gorpc/driverConn.go:115 +0x51
github.com/johntech-o/gorpc.(*ConnPool).serveRead(0xc82011e0a0, 0xc824a5cfc0)
	/Users/johntech/code/gocode/src/github.com/johntech-o/gorpc/connPool.go:159 +0x782
created by github.com/johntech-o/gorpc.(*ConnPool).createConn
	/Users/johntech/code/gocode/src/github.com/johntech-o/gorpc/connPool.go:55 +0xc9

goroutine 10304 [select]:
github.com/johntech-o/gorpc.(*ConnPool).serveWrite(0xc82011e0a0, 0xc824a5cfc0)
	/Users/johntech/code/gocode/src/github.com/johntech-o/gorpc/connPool.go:215 +0x6b6
created by github.com/johntech-o/gorpc.(*ConnPool).createConn
	/Users/johntech/code/gocode/src/github.com/johntech-o/gorpc/connPool.go:56 +0xf5

goroutine 10363 [select]:
github.com/johntech-o/gorpc.(*ConnPool).serveWrite(0xc82011e0a0, 0xc820180ea0)
	/Users/johntech/code/gocode/src/github.com/johntech-o/gorpc/connPool.go:215 +0x6b6
created by github.com/johntech-o/gorpc.(*ConnPool).createConn
	/Users/johntech/code/gocode/src/github.com/johntech-o/gorpc/connPool.go:56 +0xf5

goroutine 10305 [IO wait]:
net.runtime_pollWait(0x7aa040, 0x72, 0xc820012190)
	/usr/local/go/src/runtime/netpoll.go:157 +0x60
net.(*pollDesc).Wait(0xc822ff6220, 0x72, 0x0, 0x0)
	/usr/local/go/src/net/fd_poll_runtime.go:73 +0x3a
net.(*pollDesc).WaitRead(0xc822ff6220, 0x0, 0x0)
	/usr/local/go/src/net/fd_poll_runtime.go:78 +0x36
net.(*netFD).Read(0xc822ff61c0, 0xc82338a000, 0x1000, 0x1000, 0x0, 0x7a0050, 0xc820012190)
	/usr/local/go/src/net/fd_unix.go:232 +0x23a
net.(*conn).Read(0xc8201164d8, 0xc82338a000, 0x1000, 0x1000, 0x0, 0x0, 0x0)
	/usr/local/go/src/net/net.go:172 +0xe4
bufio.(*Reader).fill(0xc82325a3c0)
	/usr/local/go/src/bufio/bufio.go:97 +0x1e9
bufio.(*Reader).Read(0xc82325a3c0, 0xc824ba4ec0, 0x1, 0x9, 0x525128, 0x0, 0x0)
	/usr/local/go/src/bufio/bufio.go:207 +0x260
io.ReadAtLeast(0x7a5d58, 0xc82325a3c0, 0xc824ba4ec0, 0x1, 0x9, 0x1, 0x0, 0x0, 0x0)
	/usr/local/go/src/io/io.go:298 +0xe6
io.ReadFull(0x7a5d58, 0xc82325a3c0, 0xc824ba4ec0, 0x1, 0x9, 0xc822ded1f0, 0x0, 0x0)
	/usr/local/go/src/io/io.go:316 +0x62
encoding/gob.decodeUintReader(0x7a5d58, 0xc82325a3c0, 0xc824ba4ec0, 0x9, 0x9, 0x0, 0x1, 0x0, 0x0)
	/usr/local/go/src/encoding/gob/decode.go:121 +0x92
encoding/gob.(*Decoder).recvMessage(0xc822ded180, 0xc825904c30)
	/usr/local/go/src/encoding/gob/decoder.go:76 +0x5e
encoding/gob.(*Decoder).decodeTypeSequence(0xc822ded180, 0x525e00, 0xc822ded180)
	/usr/local/go/src/encoding/gob/decoder.go:140 +0x47
encoding/gob.(*Decoder).DecodeValue(0xc822ded180, 0x3c4a60, 0xc823aab260, 0x16, 0x0, 0x0)
	/usr/local/go/src/encoding/gob/decoder.go:208 +0x15d
encoding/gob.(*Decoder).Decode(0xc822ded180, 0x3c4a60, 0xc823aab260, 0x0, 0x0)
	/usr/local/go/src/encoding/gob/decoder.go:185 +0x289
github.com/johntech-o/gorpc.(*ConnDriver).ReadResponseHeader(0xc824a5d0e0, 0xc823aab260, 0x0, 0x0)
	/Users/johntech/code/gocode/src/github.com/johntech-o/gorpc/driverConn.go:115 +0x51
github.com/johntech-o/gorpc.(*ConnPool).serveRead(0xc82011e0a0, 0xc824a5d0e0)
	/Users/johntech/code/gocode/src/github.com/johntech-o/gorpc/connPool.go:159 +0x782
created by github.com/johntech-o/gorpc.(*ConnPool).createConn
	/Users/johntech/code/gocode/src/github.com/johntech-o/gorpc/connPool.go:55 +0xc9

goroutine 10418 [select]:
github.com/johntech-o/gorpc.(*ConnPool).serveWrite(0xc82011e0a0, 0xc824a5d0e0)
	/Users/johntech/code/gocode/src/github.com/johntech-o/gorpc/connPool.go:215 +0x6b6
created by github.com/johntech-o/gorpc.(*ConnPool).createConn
	/Users/johntech/code/gocode/src/github.com/johntech-o/gorpc/connPool.go:56 +0xf5

goroutine 11600 [IO wait]:
net.runtime_pollWait(0x18c0ec0, 0x72, 0xc820012190)
	/usr/local/go/src/runtime/netpoll.go:157 +0x60
net.(*pollDesc).Wait(0xc820113bf0, 0x72, 0x0, 0x0)
	/usr/local/go/src/net/fd_poll_runtime.go:73 +0x3a
net.(*pollDesc).WaitRead(0xc820113bf0, 0x0, 0x0)
	/usr/local/go/src/net/fd_poll_runtime.go:78 +0x36
net.(*netFD).Read(0xc820113b90, 0xc82326c000, 0x1000, 0x1000, 0x0, 0x7a0050, 0xc820012190)
	/usr/local/go/src/net/fd_unix.go:232 +0x23a
net.(*conn).Read(0xc823220038, 0xc82326c000, 0x1000, 0x1000, 0x0, 0x0, 0x0)
	/usr/local/go/src/net/net.go:172 +0xe4
bufio.(*Reader).fill(0xc8231274a0)
	/usr/local/go/src/bufio/bufio.go:97 +0x1e9
bufio.(*Reader).Read(0xc8231274a0, 0xc825890010, 0x1, 0x9, 0x525128, 0x0, 0x0)
	/usr/local/go/src/bufio/bufio.go:207 +0x260
io.ReadAtLeast(0x7a5d58, 0xc8231274a0, 0xc825890010, 0x1, 0x9, 0x1, 0x0, 0x0, 0x0)
	/usr/local/go/src/io/io.go:298 +0xe6
io.ReadFull(0x7a5d58, 0xc8231274a0, 0xc825890010, 0x1, 0x9, 0xc82011b670, 0x0, 0x0)
	/usr/local/go/src/io/io.go:316 +0x62
encoding/gob.decodeUintReader(0x7a5d58, 0xc8231274a0, 0xc825890010, 0x9, 0x9, 0x0, 0x1, 0x0, 0x0)
	/usr/local/go/src/encoding/gob/decode.go:121 +0x92
encoding/gob.(*Decoder).recvMessage(0xc82011b600, 0xc825906c30)
	/usr/local/go/src/encoding/gob/decoder.go:76 +0x5e
encoding/gob.(*Decoder).decodeTypeSequence(0xc82011b600, 0x525e00, 0xc82011b600)
	/usr/local/go/src/encoding/gob/decoder.go:140 +0x47
encoding/gob.(*Decoder).DecodeValue(0xc82011b600, 0x3c4a60, 0xc824c8e1c0, 0x16, 0x0, 0x0)
	/usr/local/go/src/encoding/gob/decoder.go:208 +0x15d
encoding/gob.(*Decoder).Decode(0xc82011b600, 0x3c4a60, 0xc824c8e1c0, 0x0, 0x0)
	/usr/local/go/src/encoding/gob/decoder.go:185 +0x289
github.com/johntech-o/gorpc.(*ConnDriver).ReadResponseHeader(0xc824ac4120, 0xc824c8e1c0, 0x0, 0x0)
	/Users/johntech/code/gocode/src/github.com/johntech-o/gorpc/driverConn.go:115 +0x51
github.com/johntech-o/gorpc.(*ConnPool).serveRead(0xc82011e0a0, 0xc824ac4120)
	/Users/johntech/code/gocode/src/github.com/johntech-o/gorpc/connPool.go:159 +0x782
created by github.com/johntech-o/gorpc.(*ConnPool).createConn
	/Users/johntech/code/gocode/src/github.com/johntech-o/gorpc/connPool.go:55 +0xc9

goroutine 12145 [select]:
github.com/johntech-o/gorpc.(*ConnPool).serveWrite(0xc82011e0a0, 0xc8230ee2d0)
	/Users/johntech/code/gocode/src/github.com/johntech-o/gorpc/connPool.go:215 +0x6b6
created by github.com/johntech-o/gorpc.(*ConnPool).createConn
	/Users/johntech/code/gocode/src/github.com/johntech-o/gorpc/connPool.go:56 +0xf5

goroutine 12144 [IO wait]:
net.runtime_pollWait(0x7a5570, 0x72, 0xc820012190)
	/usr/local/go/src/runtime/netpoll.go:157 +0x60
net.(*pollDesc).Wait(0xc82005cd80, 0x72, 0x0, 0x0)
	/usr/local/go/src/net/fd_poll_runtime.go:73 +0x3a
net.(*pollDesc).WaitRead(0xc82005cd80, 0x0, 0x0)
	/usr/local/go/src/net/fd_poll_runtime.go:78 +0x36
net.(*netFD).Read(0xc82005cd20, 0xc822e9a000, 0x1000, 0x1000, 0x0, 0x7a0050, 0xc820012190)
	/usr/local/go/src/net/fd_unix.go:232 +0x23a
net.(*conn).Read(0xc82015c048, 0xc822e9a000, 0x1000, 0x1000, 0x0, 0x0, 0x0)
	/usr/local/go/src/net/net.go:172 +0xe4
bufio.(*Reader).fill(0xc822dfa4e0)
	/usr/local/go/src/bufio/bufio.go:97 +0x1e9
bufio.(*Reader).Read(0xc822dfa4e0, 0xc822db2560, 0x1, 0x9, 0x525128, 0x0, 0x0)
	/usr/local/go/src/bufio/bufio.go:207 +0x260
io.ReadAtLeast(0x7a5d58, 0xc822dfa4e0, 0xc822db2560, 0x1, 0x9, 0x1, 0x0, 0x0, 0x0)
	/usr/local/go/src/io/io.go:298 +0xe6
io.ReadFull(0x7a5d58, 0xc822dfa4e0, 0xc822db2560, 0x1, 0x9, 0xc82009c770, 0x0, 0x0)
	/usr/local/go/src/io/io.go:316 +0x62
encoding/gob.decodeUintReader(0x7a5d58, 0xc822dfa4e0, 0xc822db2560, 0x9, 0x9, 0x0, 0x1, 0x0, 0x0)
	/usr/local/go/src/encoding/gob/decode.go:121 +0x92
encoding/gob.(*Decoder).recvMessage(0xc82009c700, 0xc825908c30)
	/usr/local/go/src/encoding/gob/decoder.go:76 +0x5e
encoding/gob.(*Decoder).decodeTypeSequence(0xc82009c700, 0x525e00, 0xc82009c700)
	/usr/local/go/src/encoding/gob/decoder.go:140 +0x47
encoding/gob.(*Decoder).DecodeValue(0xc82009c700, 0x3c4a60, 0xc830be9f80, 0x16, 0x0, 0x0)
	/usr/local/go/src/encoding/gob/decoder.go:208 +0x15d
encoding/gob.(*Decoder).Decode(0xc82009c700, 0x3c4a60, 0xc830be9f80, 0x0, 0x0)
	/usr/local/go/src/encoding/gob/decoder.go:185 +0x289
github.com/johntech-o/gorpc.(*ConnDriver).ReadResponseHeader(0xc8230ee2d0, 0xc830be9f80, 0x0, 0x0)
	/Users/johntech/code/gocode/src/github.com/johntech-o/gorpc/driverConn.go:115 +0x51
github.com/johntech-o/gorpc.(*ConnPool).serveRead(0xc82011e0a0, 0xc8230ee2d0)
	/Users/johntech/code/gocode/src/github.com/johntech-o/gorpc/connPool.go:159 +0x782
created by github.com/johntech-o/gorpc.(*ConnPool).createConn
	/Users/johntech/code/gocode/src/github.com/johntech-o/gorpc/connPool.go:55 +0xc9

goroutine 10419 [IO wait]:
net.runtime_pollWait(0x7a9140, 0x72, 0xc820012190)
	/usr/local/go/src/runtime/netpoll.go:157 +0x60
net.(*pollDesc).Wait(0xc823326060, 0x72, 0x0, 0x0)
	/usr/local/go/src/net/fd_poll_runtime.go:73 +0x3a
net.(*pollDesc).WaitRead(0xc823326060, 0x0, 0x0)
	/usr/local/go/src/net/fd_poll_runtime.go:78 +0x36
net.(*netFD).Read(0xc823326000, 0xc824dac000, 0x1000, 0x1000, 0x0, 0x7a0050, 0xc820012190)
	/usr/local/go/src/net/fd_unix.go:232 +0x23a
net.(*conn).Read(0xc8232201d0, 0xc824dac000, 0x1000, 0x1000, 0x18, 0x0, 0x0)
	/usr/local/go/src/net/net.go:172 +0xe4
github.com/johntech-o/gorpc.(*Connection).Read(0xc824ba5d70, 0xc824dac000, 0x1000, 0x1000, 0x3, 0x0, 0x0)
	/Users/johntech/code/gocode/src/github.com/johntech-o/gorpc/driverConn.go:57 +0x5b
bufio.(*Reader).fill(0xc824da0060)
	/usr/local/go/src/bufio/bufio.go:97 +0x1e9
bufio.(*Reader).Read(0xc824da0060, 0xc82522fe70, 0x1, 0x9, 0xc824b9d940, 0x0, 0x0)
	/usr/local/go/src/bufio/bufio.go:207 +0x260
io.ReadAtLeast(0x7a5d58, 0xc824da0060, 0xc82522fe70, 0x1, 0x9, 0x1, 0x0, 0x0, 0x0)
	/usr/local/go/src/io/io.go:298 +0xe6
io.ReadFull(0x7a5d58, 0xc824da0060, 0xc82522fe70, 0x1, 0x9, 0xc824d2a1f0, 0x0, 0x0)
	/usr/local/go/src/io/io.go:316 +0x62
encoding/gob.decodeUintReader(0x7a5d58, 0xc824da0060, 0xc82522fe70, 0x9, 0x9, 0x0, 0x1, 0x0, 0x0)
	/usr/local/go/src/encoding/gob/decode.go:121 +0x92
encoding/gob.(*Decoder).recvMessage(0xc824d2a180, 0xc825909bf0)
	/usr/local/go/src/encoding/gob/decoder.go:76 +0x5e
encoding/gob.(*Decoder).decodeTypeSequence(0xc824d2a180, 0x525e00, 0xc824d2a180)
	/usr/local/go/src/encoding/gob/decoder.go:140 +0x47
encoding/gob.(*Decoder).DecodeValue(0xc824d2a180, 0x3c49a0, 0xc824b9d950, 0x16, 0x0, 0x0)
	/usr/local/go/src/encoding/gob/decoder.go:208 +0x15d
encoding/gob.(*Decoder).Decode(0xc824d2a180, 0x3c49a0, 0xc824b9d950, 0x0, 0x0)
	/usr/local/go/src/encoding/gob/decoder.go:185 +0x289
github.com/johntech-o/gorpc.(*ConnDriver).ReadRequestHeader(0xc8230eea20, 0xc824b9d950, 0x0, 0x0)
	/Users/johntech/code/gocode/src/github.com/johntech-o/gorpc/driverConn.go:87 +0x51
github.com/johntech-o/gorpc.(*Server).ServeLoop(0xc820114040, 0xc8230eea20)
	/Users/johntech/code/gocode/src/github.com/johntech-o/gorpc/server.go:76 +0x289
github.com/johntech-o/gorpc.(*Server).serveConn(0xc820114040, 0xc8232201d0)
	/Users/johntech/code/gocode/src/github.com/johntech-o/gorpc/server.go:63 +0x43
created by github.com/johntech-o/gorpc.(*Server).Serve
	/Users/johntech/code/gocode/src/github.com/johntech-o/gorpc/server.go:57 +0x98

goroutine 10420 [IO wait]:
net.runtime_pollWait(0x1877e00, 0x72, 0xc820012190)
	/usr/local/go/src/runtime/netpoll.go:157 +0x60
net.(*pollDesc).Wait(0xc824b0eed0, 0x72, 0x0, 0x0)
	/usr/local/go/src/net/fd_poll_runtime.go:73 +0x3a
net.(*pollDesc).WaitRead(0xc824b0eed0, 0x0, 0x0)
	/usr/local/go/src/net/fd_poll_runtime.go:78 +0x36
net.(*netFD).Read(0xc824b0ee70, 0xc8253ad000, 0x1000, 0x1000, 0x0, 0x7a0050, 0xc820012190)
	/usr/local/go/src/net/fd_unix.go:232 +0x23a
net.(*conn).Read(0xc8232201d8, 0xc8253ad000, 0x1000, 0x1000, 0x18, 0x0, 0x0)
	/usr/local/go/src/net/net.go:172 +0xe4
github.com/johntech-o/gorpc.(*Connection).Read(0xc824ba5d80, 0xc8253ad000, 0x1000, 0x1000, 0x3, 0x0, 0x0)
	/Users/johntech/code/gocode/src/github.com/johntech-o/gorpc/driverConn.go:57 +0x5b
bufio.(*Reader).fill(0xc8257a60c0)
	/usr/local/go/src/bufio/bufio.go:97 +0x1e9
bufio.(*Reader).Read(0xc8257a60c0, 0xc8257aa5c0, 0x1, 0x9, 0xc824b9d430, 0x0, 0x0)
	/usr/local/go/src/bufio/bufio.go:207 +0x260
io.ReadAtLeast(0x7a5d58, 0xc8257a60c0, 0xc8257aa5c0, 0x1, 0x9, 0x1, 0x0, 0x0, 0x0)
	/usr/local/go/src/io/io.go:298 +0xe6
io.ReadFull(0x7a5d58, 0xc8257a60c0, 0xc8257aa5c0, 0x1, 0x9, 0xc824bf6570, 0x0, 0x0)
	/usr/local/go/src/io/io.go:316 +0x62
encoding/gob.decodeUintReader(0x7a5d58, 0xc8257a60c0, 0xc8257aa5c0, 0x9, 0x9, 0x0, 0x1, 0x0, 0x0)
	/usr/local/go/src/encoding/gob/decode.go:121 +0x92
encoding/gob.(*Decoder).recvMessage(0xc824bf6500, 0xc82c17ebf0)
	/usr/local/go/src/encoding/gob/decoder.go:76 +0x5e
encoding/gob.(*Decoder).decodeTypeSequence(0xc824bf6500, 0x525e00, 0xc824bf6500)
	/usr/local/go/src/encoding/gob/decoder.go:140 +0x47
encoding/gob.(*Decoder).DecodeValue(0xc824bf6500, 0x3c49a0, 0xc824b9d440, 0x16, 0x0, 0x0)
	/usr/local/go/src/encoding/gob/decoder.go:208 +0x15d
encoding/gob.(*Decoder).Decode(0xc824bf6500, 0x3c49a0, 0xc824b9d440, 0x0, 0x0)
	/usr/local/go/src/encoding/gob/decoder.go:185 +0x289
github.com/johntech-o/gorpc.(*ConnDriver).ReadRequestHeader(0xc824ac5200, 0xc824b9d440, 0x0, 0x0)
	/Users/johntech/code/gocode/src/github.com/johntech-o/gorpc/driverConn.go:87 +0x51
github.com/johntech-o/gorpc.(*Server).ServeLoop(0xc820114040, 0xc824ac5200)
	/Users/johntech/code/gocode/src/github.com/johntech-o/gorpc/server.go:76 +0x289
github.com/johntech-o/gorpc.(*Server).serveConn(0xc820114040, 0xc8232201d8)
	/Users/johntech/code/gocode/src/github.com/johntech-o/gorpc/server.go:63 +0x43
created by github.com/johntech-o/gorpc.(*Server).Serve
	/Users/johntech/code/gocode/src/github.com/johntech-o/gorpc/server.go:57 +0x98

goroutine 10421 [IO wait]:
net.runtime_pollWait(0x1877d40, 0x72, 0xc820012190)
	/usr/local/go/src/runtime/netpoll.go:157 +0x60
net.(*pollDesc).Wait(0xc824b0ef40, 0x72, 0x0, 0x0)
	/usr/local/go/src/net/fd_poll_runtime.go:73 +0x3a
net.(*pollDesc).WaitRead(0xc824b0ef40, 0x0, 0x0)
	/usr/local/go/src/net/fd_poll_runtime.go:78 +0x36
net.(*netFD).Read(0xc824b0eee0, 0xc82587a000, 0x1000, 0x1000, 0x0, 0x7a0050, 0xc820012190)
	/usr/local/go/src/net/fd_unix.go:232 +0x23a
net.(*conn).Read(0xc8232201e0, 0xc82587a000, 0x1000, 0x1000, 0x18, 0x0, 0x0)
	/usr/local/go/src/net/net.go:172 +0xe4
github.com/johntech-o/gorpc.(*Connection).Read(0xc824ba5d90, 0xc82587a000, 0x1000, 0x1000, 0x3, 0x0, 0x0)
	/Users/johntech/code/gocode/src/github.com/johntech-o/gorpc/driverConn.go:57 +0x5b
bufio.(*Reader).fill(0xc8257a62a0)
	/usr/local/go/src/bufio/bufio.go:97 +0x1e9
bufio.(*Reader).Read(0xc8257a62a0, 0xc8251d9a20, 0x1, 0x9, 0xc823275f70, 0x0, 0x0)
	/usr/local/go/src/bufio/bufio.go:207 +0x260
io.ReadAtLeast(0x7a5d58, 0xc8257a62a0, 0xc8251d9a20, 0x1, 0x9, 0x1, 0x0, 0x0, 0x0)
	/usr/local/go/src/io/io.go:298 +0xe6
io.ReadFull(0x7a5d58, 0xc8257a62a0, 0xc8251d9a20, 0x1, 0x9, 0xc824bf65f0, 0x0, 0x0)
	/usr/local/go/src/io/io.go:316 +0x62
encoding/gob.decodeUintReader(0x7a5d58, 0xc8257a62a0, 0xc8251d9a20, 0x9, 0x9, 0x0, 0x1, 0x0, 0x0)
	/usr/local/go/src/encoding/gob/decode.go:121 +0x92
encoding/gob.(*Decoder).recvMessage(0xc824bf6580, 0xc824cc9bf0)
	/usr/local/go/src/encoding/gob/decoder.go:76 +0x5e
encoding/gob.(*Decoder).decodeTypeSequence(0xc824bf6580, 0x525e00, 0xc824bf6580)
	/usr/local/go/src/encoding/gob/decoder.go:140 +0x47
encoding/gob.(*Decoder).DecodeValue(0xc824bf6580, 0x3c49a0, 0xc823275f80, 0x16, 0x0, 0x0)
	/usr/local/go/src/encoding/gob/decoder.go:208 +0x15d
encoding/gob.(*Decoder).Decode(0xc824bf6580, 0x3c49a0, 0xc823275f80, 0x0, 0x0)
	/usr/local/go/src/encoding/gob/decoder.go:185 +0x289
github.com/johntech-o/gorpc.(*ConnDriver).ReadRequestHeader(0xc824ac5560, 0xc823275f80, 0x0, 0x0)
	/Users/johntech/code/gocode/src/github.com/johntech-o/gorpc/driverConn.go:87 +0x51
github.com/johntech-o/gorpc.(*Server).ServeLoop(0xc820114040, 0xc824ac5560)
	/Users/johntech/code/gocode/src/github.com/johntech-o/gorpc/server.go:76 +0x289
github.com/johntech-o/gorpc.(*Server).serveConn(0xc820114040, 0xc8232201e0)
	/Users/johntech/code/gocode/src/github.com/johntech-o/gorpc/server.go:63 +0x43
created by github.com/johntech-o/gorpc.(*Server).Serve
	/Users/johntech/code/gocode/src/github.com/johntech-o/gorpc/server.go:57 +0x98

goroutine 10422 [IO wait]:
net.runtime_pollWait(0x1877c80, 0x72, 0xc820012190)
	/usr/local/go/src/runtime/netpoll.go:157 +0x60
net.(*pollDesc).Wait(0xc824b0efb0, 0x72, 0x0, 0x0)
	/usr/local/go/src/net/fd_poll_runtime.go:73 +0x3a
net.(*pollDesc).WaitRead(0xc824b0efb0, 0x0, 0x0)
	/usr/local/go/src/net/fd_poll_runtime.go:78 +0x36
net.(*netFD).Read(0xc824b0ef50, 0xc824dba000, 0x1000, 0x1000, 0x0, 0x7a0050, 0xc820012190)
	/usr/local/go/src/net/fd_unix.go:232 +0x23a
net.(*conn).Read(0xc8232201e8, 0xc824dba000, 0x1000, 0x1000, 0x18, 0x0, 0x0)
	/usr/local/go/src/net/net.go:172 +0xe4
github.com/johntech-o/gorpc.(*Connection).Read(0xc824ba5da0, 0xc824dba000, 0x1000, 0x1000, 0x3, 0x0, 0x0)
	/Users/johntech/code/gocode/src/github.com/johntech-o/gorpc/driverConn.go:57 +0x5b
bufio.(*Reader).fill(0xc824da00c0)
	/usr/local/go/src/bufio/bufio.go:97 +0x1e9
bufio.(*Reader).Read(0xc824da00c0, 0xc825183de0, 0x1, 0x9, 0xc823274650, 0x0, 0x0)
	/usr/local/go/src/bufio/bufio.go:207 +0x260
io.ReadAtLeast(0x7a5d58, 0xc824da00c0, 0xc825183de0, 0x1, 0x9, 0x1, 0x0, 0x0, 0x0)
	/usr/local/go/src/io/io.go:298 +0xe6
io.ReadFull(0x7a5d58, 0xc824da00c0, 0xc825183de0, 0x1, 0x9, 0xc824d2a270, 0x0, 0x0)
	/usr/local/go/src/io/io.go:316 +0x62
encoding/gob.decodeUintReader(0x7a5d58, 0xc824da00c0, 0xc825183de0, 0x9, 0x9, 0x0, 0x1, 0x0, 0x0)
	/usr/local/go/src/encoding/gob/decode.go:121 +0x92
encoding/gob.(*Decoder).recvMessage(0xc824d2a200, 0xc82c17abf0)
	/usr/local/go/src/encoding/gob/decoder.go:76 +0x5e
encoding/gob.(*Decoder).decodeTypeSequence(0xc824d2a200, 0x525e00, 0xc824d2a200)
	/usr/local/go/src/encoding/gob/decoder.go:140 +0x47
encoding/gob.(*Decoder).DecodeValue(0xc824d2a200, 0x3c49a0, 0xc823274660, 0x16, 0x0, 0x0)
	/usr/local/go/src/encoding/gob/decoder.go:208 +0x15d
encoding/gob.(*Decoder).Decode(0xc824d2a200, 0x3c49a0, 0xc823274660, 0x0, 0x0)
	/usr/local/go/src/encoding/gob/decoder.go:185 +0x289
github.com/johntech-o/gorpc.(*ConnDriver).ReadRequestHeader(0xc820086000, 0xc823274660, 0x0, 0x0)
	/Users/johntech/code/gocode/src/github.com/johntech-o/gorpc/driverConn.go:87 +0x51
github.com/johntech-o/gorpc.(*Server).ServeLoop(0xc820114040, 0xc820086000)
	/Users/johntech/code/gocode/src/github.com/johntech-o/gorpc/server.go:76 +0x289
github.com/johntech-o/gorpc.(*Server).serveConn(0xc820114040, 0xc8232201e8)
	/Users/johntech/code/gocode/src/github.com/johntech-o/gorpc/server.go:63 +0x43
created by github.com/johntech-o/gorpc.(*Server).Serve
	/Users/johntech/code/gocode/src/github.com/johntech-o/gorpc/server.go:57 +0x98

goroutine 10423 [IO wait]:
net.runtime_pollWait(0x1877bc0, 0x72, 0xc820012190)
	/usr/local/go/src/runtime/netpoll.go:157 +0x60
net.(*pollDesc).Wait(0xc824b0f020, 0x72, 0x0, 0x0)
	/usr/local/go/src/net/fd_poll_runtime.go:73 +0x3a
net.(*pollDesc).WaitRead(0xc824b0f020, 0x0, 0x0)
	/usr/local/go/src/net/fd_poll_runtime.go:78 +0x36
net.(*netFD).Read(0xc824b0efc0, 0xc824dc4000, 0x1000, 0x1000, 0x0, 0x7a0050, 0xc820012190)
	/usr/local/go/src/net/fd_unix.go:232 +0x23a
net.(*conn).Read(0xc8232201f0, 0xc824dc4000, 0x1000, 0x1000, 0x18, 0x0, 0x0)
	/usr/local/go/src/net/net.go:172 +0xe4
github.com/johntech-o/gorpc.(*Connection).Read(0xc824ba5db0, 0xc824dc4000, 0x1000, 0x1000, 0x3, 0x0, 0x0)
	/Users/johntech/code/gocode/src/github.com/johntech-o/gorpc/driverConn.go:57 +0x5b
bufio.(*Reader).fill(0xc824da0120)
	/usr/local/go/src/bufio/bufio.go:97 +0x1e9
bufio.(*Reader).Read(0xc824da0120, 0xc82522ec10, 0x1, 0x9, 0xc824b9cd10, 0x0, 0x0)
	/usr/local/go/src/bufio/bufio.go:207 +0x260
io.ReadAtLeast(0x7a5d58, 0xc824da0120, 0xc82522ec10, 0x1, 0x9, 0x1, 0x0, 0x0, 0x0)
	/usr/local/go/src/io/io.go:298 +0xe6
io.ReadFull(0x7a5d58, 0xc824da0120, 0xc82522ec10, 0x1, 0x9, 0xc824d2a2f0, 0x0, 0x0)
	/usr/local/go/src/io/io.go:316 +0x62
encoding/gob.decodeUintReader(0x7a5d58, 0xc824da0120, 0xc82522ec10, 0x9, 0x9, 0x0, 0x1, 0x0, 0x0)
	/usr/local/go/src/encoding/gob/decode.go:121 +0x92
encoding/gob.(*Decoder).recvMessage(0xc824d2a280, 0xc822e1dbe0)
	/usr/local/go/src/encoding/gob/decoder.go:76 +0x5e
encoding/gob.(*Decoder).decodeTypeSequence(0xc824d2a280, 0x525e00, 0xc824d2a280)
	/usr/local/go/src/encoding/gob/decoder.go:140 +0x47
encoding/gob.(*Decoder).DecodeValue(0xc824d2a280, 0x3c49a0, 0xc824b9cd20, 0x16, 0x0, 0x0)
	/usr/local/go/src/encoding/gob/decoder.go:208 +0x15d
encoding/gob.(*Decoder).Decode(0xc824d2a280, 0x3c49a0, 0xc824b9cd20, 0x0, 0x0)
	/usr/local/go/src/encoding/gob/decoder.go:185 +0x289
github.com/johntech-o/gorpc.(*ConnDriver).ReadRequestHeader(0xc824ac5440, 0xc824b9cd20, 0x0, 0x0)
	/Users/johntech/code/gocode/src/github.com/johntech-o/gorpc/driverConn.go:87 +0x51
github.com/johntech-o/gorpc.(*Server).ServeLoop(0xc820114040, 0xc824ac5440)
	/Users/johntech/code/gocode/src/github.com/johntech-o/gorpc/server.go:76 +0x289
github.com/johntech-o/gorpc.(*Server).serveConn(0xc820114040, 0xc8232201f0)
	/Users/johntech/code/gocode/src/github.com/johntech-o/gorpc/server.go:63 +0x43
created by github.com/johntech-o/gorpc.(*Server).Serve
	/Users/johntech/code/gocode/src/github.com/johntech-o/gorpc/server.go:57 +0x98

goroutine 11708 [IO wait]:
net.runtime_pollWait(0x7a5030, 0x72, 0xc820012190)
	/usr/local/go/src/runtime/netpoll.go:157 +0x60
net.(*pollDesc).Wait(0xc822df8140, 0x72, 0x0, 0x0)
	/usr/local/go/src/net/fd_poll_runtime.go:73 +0x3a
net.(*pollDesc).WaitRead(0xc822df8140, 0x0, 0x0)
	/usr/local/go/src/net/fd_poll_runtime.go:78 +0x36
net.(*netFD).Read(0xc822df80e0, 0xc8232d2000, 0x1000, 0x1000, 0x0, 0x7a0050, 0xc820012190)
	/usr/local/go/src/net/fd_unix.go:232 +0x23a
net.(*conn).Read(0xc82015c0d8, 0xc8232d2000, 0x1000, 0x1000, 0x0, 0x0, 0x0)
	/usr/local/go/src/net/net.go:172 +0xe4
bufio.(*Reader).fill(0xc8231e6c00)
	/usr/local/go/src/bufio/bufio.go:97 +0x1e9
bufio.(*Reader).Read(0xc8231e6c00, 0xc824c32040, 0x1, 0x9, 0x525128, 0x0, 0x0)
	/usr/local/go/src/bufio/bufio.go:207 +0x260
io.ReadAtLeast(0x7a5d58, 0xc8231e6c00, 0xc824c32040, 0x1, 0x9, 0x1, 0x0, 0x0, 0x0)
	/usr/local/go/src/io/io.go:298 +0xe6
io.ReadFull(0x7a5d58, 0xc8231e6c00, 0xc824c32040, 0x1, 0x9, 0xc82009d6f0, 0x0, 0x0)
	/usr/local/go/src/io/io.go:316 +0x62
encoding/gob.decodeUintReader(0x7a5d58, 0xc8231e6c00, 0xc824c32040, 0x9, 0x9, 0x0, 0x1, 0x0, 0x0)
	/usr/local/go/src/encoding/gob/decode.go:121 +0x92
encoding/gob.(*Decoder).recvMessage(0xc82009d680, 0xc82018cc30)
	/usr/local/go/src/encoding/gob/decoder.go:76 +0x5e
encoding/gob.(*Decoder).decodeTypeSequence(0xc82009d680, 0x525e00, 0xc82009d680)
	/usr/local/go/src/encoding/gob/decoder.go:140 +0x47
encoding/gob.(*Decoder).DecodeValue(0xc82009d680, 0x3c4a60, 0xc82cac1960, 0x16, 0x0, 0x0)
	/usr/local/go/src/encoding/gob/decoder.go:208 +0x15d
encoding/gob.(*Decoder).Decode(0xc82009d680, 0x3c4a60, 0xc82cac1960, 0x0, 0x0)
	/usr/local/go/src/encoding/gob/decoder.go:185 +0x289
github.com/johntech-o/gorpc.(*ConnDriver).ReadResponseHeader(0xc8201813b0, 0xc82cac1960, 0x0, 0x0)
	/Users/johntech/code/gocode/src/github.com/johntech-o/gorpc/driverConn.go:115 +0x51
github.com/johntech-o/gorpc.(*ConnPool).serveRead(0xc82011e0a0, 0xc8201813b0)
	/Users/johntech/code/gocode/src/github.com/johntech-o/gorpc/connPool.go:159 +0x782
created by github.com/johntech-o/gorpc.(*ConnPool).createConn
	/Users/johntech/code/gocode/src/github.com/johntech-o/gorpc/connPool.go:55 +0xc9

goroutine 11706 [IO wait]:
net.runtime_pollWait(0x18c0bc0, 0x72, 0xc820012190)
	/usr/local/go/src/runtime/netpoll.go:157 +0x60
net.(*pollDesc).Wait(0xc820113c60, 0x72, 0x0, 0x0)
	/usr/local/go/src/net/fd_poll_runtime.go:73 +0x3a
net.(*pollDesc).WaitRead(0xc820113c60, 0x0, 0x0)
	/usr/local/go/src/net/fd_poll_runtime.go:78 +0x36
net.(*netFD).Read(0xc820113c00, 0xc823240000, 0x1000, 0x1000, 0x0, 0x7a0050, 0xc820012190)
	/usr/local/go/src/net/fd_unix.go:232 +0x23a
net.(*conn).Read(0xc823220018, 0xc823240000, 0x1000, 0x1000, 0x0, 0x0, 0x0)
	/usr/local/go/src/net/net.go:172 +0xe4
bufio.(*Reader).fill(0xc823127320)
	/usr/local/go/src/bufio/bufio.go:97 +0x1e9
bufio.(*Reader).Read(0xc823127320, 0xc824c32020, 0x1, 0x9, 0x525128, 0x0, 0x0)
	/usr/local/go/src/bufio/bufio.go:207 +0x260
io.ReadAtLeast(0x7a5d58, 0xc823127320, 0xc824c32020, 0x1, 0x9, 0x1, 0x0, 0x0, 0x0)
	/usr/local/go/src/io/io.go:298 +0xe6
io.ReadFull(0x7a5d58, 0xc823127320, 0xc824c32020, 0x1, 0x9, 0xc82011b470, 0x0, 0x0)
	/usr/local/go/src/io/io.go:316 +0x62
encoding/gob.decodeUintReader(0x7a5d58, 0xc823127320, 0xc824c32020, 0x9, 0x9, 0x0, 0x1, 0x0, 0x0)
	/usr/local/go/src/encoding/gob/decode.go:121 +0x92
encoding/gob.(*Decoder).recvMessage(0xc82011b400, 0xc8231f1c30)
	/usr/local/go/src/encoding/gob/decoder.go:76 +0x5e
encoding/gob.(*Decoder).decodeTypeSequence(0xc82011b400, 0x525e00, 0xc82011b400)
	/usr/local/go/src/encoding/gob/decoder.go:140 +0x47
encoding/gob.(*Decoder).DecodeValue(0xc82011b400, 0x3c4a60, 0xc824ad0140, 0x16, 0x0, 0x0)
	/usr/local/go/src/encoding/gob/decoder.go:208 +0x15d
encoding/gob.(*Decoder).Decode(0xc82011b400, 0x3c4a60, 0xc824ad0140, 0x0, 0x0)
	/usr/local/go/src/encoding/gob/decoder.go:185 +0x289
github.com/johntech-o/gorpc.(*ConnDriver).ReadResponseHeader(0xc820181320, 0xc824ad0140, 0x0, 0x0)
	/Users/johntech/code/gocode/src/github.com/johntech-o/gorpc/driverConn.go:115 +0x51
github.com/johntech-o/gorpc.(*ConnPool).serveRead(0xc82011e0a0, 0xc820181320)
	/Users/johntech/code/gocode/src/github.com/johntech-o/gorpc/connPool.go:159 +0x782
created by github.com/johntech-o/gorpc.(*ConnPool).createConn
	/Users/johntech/code/gocode/src/github.com/johntech-o/gorpc/connPool.go:55 +0xc9

goroutine 10424 [IO wait]:
net.runtime_pollWait(0x1877b00, 0x72, 0xc820012190)
	/usr/local/go/src/runtime/netpoll.go:157 +0x60
net.(*pollDesc).Wait(0xc824b0f090, 0x72, 0x0, 0x0)
	/usr/local/go/src/net/fd_poll_runtime.go:73 +0x3a
net.(*pollDesc).WaitRead(0xc824b0f090, 0x0, 0x0)
	/usr/local/go/src/net/fd_poll_runtime.go:78 +0x36
net.(*netFD).Read(0xc824b0f030, 0xc824dc6000, 0x1000, 0x1000, 0x0, 0x7a0050, 0xc820012190)
	/usr/local/go/src/net/fd_unix.go:232 +0x23a
net.(*conn).Read(0xc8232201f8, 0xc824dc6000, 0x1000, 0x1000, 0x18, 0x0, 0x0)
	/usr/local/go/src/net/net.go:172 +0xe4
github.com/johntech-o/gorpc.(*Connection).Read(0xc824ba5dc0, 0xc824dc6000, 0x1000, 0x1000, 0x3, 0x0, 0x0)
	/Users/johntech/code/gocode/src/github.com/johntech-o/gorpc/driverConn.go:57 +0x5b
bufio.(*Reader).fill(0xc824da0180)
	/usr/local/go/src/bufio/bufio.go:97 +0x1e9
bufio.(*Reader).Read(0xc824da0180, 0xc8257aa960, 0x1, 0x9, 0xc82317c4d0, 0x0, 0x0)
	/usr/local/go/src/bufio/bufio.go:207 +0x260
io.ReadAtLeast(0x7a5d58, 0xc824da0180, 0xc8257aa960, 0x1, 0x9, 0x1, 0x0, 0x0, 0x0)
	/usr/local/go/src/io/io.go:298 +0xe6
io.ReadFull(0x7a5d58, 0xc824da0180, 0xc8257aa960, 0x1, 0x9, 0xc824d2a370, 0x0, 0x0)
	/usr/local/go/src/io/io.go:316 +0x62
encoding/gob.decodeUintReader(0x7a5d58, 0xc824da0180, 0xc8257aa960, 0x9, 0x9, 0x0, 0x1, 0x0, 0x0)
	/usr/local/go/src/encoding/gob/decode.go:121 +0x92
encoding/gob.(*Decoder).recvMessage(0xc824d2a300, 0xc829129bf0)
	/usr/local/go/src/encoding/gob/decoder.go:76 +0x5e
encoding/gob.(*Decoder).decodeTypeSequence(0xc824d2a300, 0x525e00, 0xc824d2a300)
	/usr/local/go/src/encoding/gob/decoder.go:140 +0x47
encoding/gob.(*Decoder).DecodeValue(0xc824d2a300, 0x3c49a0, 0xc82317c4e0, 0x16, 0x0, 0x0)
	/usr/local/go/src/encoding/gob/decoder.go:208 +0x15d
encoding/gob.(*Decoder).Decode(0xc824d2a300, 0x3c49a0, 0xc82317c4e0, 0x0, 0x0)
	/usr/local/go/src/encoding/gob/decoder.go:185 +0x289
github.com/johntech-o/gorpc.(*ConnDriver).ReadRequestHeader(0xc824ac4fc0, 0xc82317c4e0, 0x0, 0x0)
	/Users/johntech/code/gocode/src/github.com/johntech-o/gorpc/driverConn.go:87 +0x51
github.com/johntech-o/gorpc.(*Server).ServeLoop(0xc820114040, 0xc824ac4fc0)
	/Users/johntech/code/gocode/src/github.com/johntech-o/gorpc/server.go:76 +0x289
github.com/johntech-o/gorpc.(*Server).serveConn(0xc820114040, 0xc8232201f8)
	/Users/johntech/code/gocode/src/github.com/johntech-o/gorpc/server.go:63 +0x43
created by github.com/johntech-o/gorpc.(*Server).Serve
	/Users/johntech/code/gocode/src/github.com/johntech-o/gorpc/server.go:57 +0x98

goroutine 10425 [IO wait]:
net.runtime_pollWait(0x1877a40, 0x72, 0xc820012190)
	/usr/local/go/src/runtime/netpoll.go:157 +0x60
net.(*pollDesc).Wait(0xc824b0f100, 0x72, 0x0, 0x0)
	/usr/local/go/src/net/fd_poll_runtime.go:73 +0x3a
net.(*pollDesc).WaitRead(0xc824b0f100, 0x0, 0x0)
	/usr/local/go/src/net/fd_poll_runtime.go:78 +0x36
net.(*netFD).Read(0xc824b0f0a0, 0xc824dc8000, 0x1000, 0x1000, 0x0, 0x7a0050, 0xc820012190)
	/usr/local/go/src/net/fd_unix.go:232 +0x23a
net.(*conn).Read(0xc823220200, 0xc824dc8000, 0x1000, 0x1000, 0x18, 0x0, 0x0)
	/usr/local/go/src/net/net.go:172 +0xe4
github.com/johntech-o/gorpc.(*Connection).Read(0xc824ba5dd0, 0xc824dc8000, 0x1000, 0x1000, 0x3, 0x0, 0x0)
	/Users/johntech/code/gocode/src/github.com/johntech-o/gorpc/driverConn.go:57 +0x5b
bufio.(*Reader).fill(0xc824da01e0)
	/usr/local/go/src/bufio/bufio.go:97 +0x1e9
bufio.(*Reader).Read(0xc824da01e0, 0xc825466bc0, 0x1, 0x9, 0xc82c4d7580, 0x0, 0x0)
	/usr/local/go/src/bufio/bufio.go:207 +0x260
io.ReadAtLeast(0x7a5d58, 0xc824da01e0, 0xc825466bc0, 0x1, 0x9, 0x1, 0x0, 0x0, 0x0)
	/usr/local/go/src/io/io.go:298 +0xe6
io.ReadFull(0x7a5d58, 0xc824da01e0, 0xc825466bc0, 0x1, 0x9, 0xc824d2a3f0, 0x0, 0x0)
	/usr/local/go/src/io/io.go:316 +0x62
encoding/gob.decodeUintReader(0x7a5d58, 0xc824da01e0, 0xc825466bc0, 0x9, 0x9, 0x0, 0x1, 0x0, 0x0)
	/usr/local/go/src/encoding/gob/decode.go:121 +0x92
encoding/gob.(*Decoder).recvMessage(0xc824d2a380, 0xc823423be0)
	/usr/local/go/src/encoding/gob/decoder.go:76 +0x5e
encoding/gob.(*Decoder).decodeTypeSequence(0xc824d2a380, 0x525e00, 0xc824d2a380)
	/usr/local/go/src/encoding/gob/decoder.go:140 +0x47
encoding/gob.(*Decoder).DecodeValue(0xc824d2a380, 0x3c49a0, 0xc82c4d7590, 0x16, 0x0, 0x0)
	/usr/local/go/src/encoding/gob/decoder.go:208 +0x15d
encoding/gob.(*Decoder).Decode(0xc824d2a380, 0x3c49a0, 0xc82c4d7590, 0x0, 0x0)
	/usr/local/go/src/encoding/gob/decoder.go:185 +0x289
github.com/johntech-o/gorpc.(*ConnDriver).ReadRequestHeader(0xc8230eebd0, 0xc82c4d7590, 0x0, 0x0)
	/Users/johntech/code/gocode/src/github.com/johntech-o/gorpc/driverConn.go:87 +0x51
github.com/johntech-o/gorpc.(*Server).ServeLoop(0xc820114040, 0xc8230eebd0)
	/Users/johntech/code/gocode/src/github.com/johntech-o/gorpc/server.go:76 +0x289
github.com/johntech-o/gorpc.(*Server).serveConn(0xc820114040, 0xc823220200)
	/Users/johntech/code/gocode/src/github.com/johntech-o/gorpc/server.go:63 +0x43
created by github.com/johntech-o/gorpc.(*Server).Serve
	/Users/johntech/code/gocode/src/github.com/johntech-o/gorpc/server.go:57 +0x98

goroutine 10426 [IO wait]:
net.runtime_pollWait(0x1877980, 0x72, 0xc820012190)
	/usr/local/go/src/runtime/netpoll.go:157 +0x60
net.(*pollDesc).Wait(0xc824b0f170, 0x72, 0x0, 0x0)
	/usr/local/go/src/net/fd_poll_runtime.go:73 +0x3a
net.(*pollDesc).WaitRead(0xc824b0f170, 0x0, 0x0)
	/usr/local/go/src/net/fd_poll_runtime.go:78 +0x36
net.(*netFD).Read(0xc824b0f110, 0xc824dca000, 0x1000, 0x1000, 0x0, 0x7a0050, 0xc820012190)
	/usr/local/go/src/net/fd_unix.go:232 +0x23a
net.(*conn).Read(0xc823220208, 0xc824dca000, 0x1000, 0x1000, 0x18, 0x0, 0x0)
	/usr/local/go/src/net/net.go:172 +0xe4
github.com/johntech-o/gorpc.(*Connection).Read(0xc824ba5de0, 0xc824dca000, 0x1000, 0x1000, 0x3, 0x0, 0x0)
	/Users/johntech/code/gocode/src/github.com/johntech-o/gorpc/driverConn.go:57 +0x5b
bufio.(*Reader).fill(0xc824da0240)
	/usr/local/go/src/bufio/bufio.go:97 +0x1e9
bufio.(*Reader).Read(0xc824da0240, 0xc82522ffc0, 0x1, 0x9, 0xc822ec2800, 0x0, 0x0)
	/usr/local/go/src/bufio/bufio.go:207 +0x260
io.ReadAtLeast(0x7a5d58, 0xc824da0240, 0xc82522ffc0, 0x1, 0x9, 0x1, 0x0, 0x0, 0x0)
	/usr/local/go/src/io/io.go:298 +0xe6
io.ReadFull(0x7a5d58, 0xc824da0240, 0xc82522ffc0, 0x1, 0x9, 0xc824d2a470, 0x0, 0x0)
	/usr/local/go/src/io/io.go:316 +0x62
encoding/gob.decodeUintReader(0x7a5d58, 0xc824da0240, 0xc82522ffc0, 0x9, 0x9, 0x0, 0x1, 0x0, 0x0)
	/usr/local/go/src/encoding/gob/decode.go:121 +0x92
encoding/gob.(*Decoder).recvMessage(0xc824d2a400, 0xc82c17dbf0)
	/usr/local/go/src/encoding/gob/decoder.go:76 +0x5e
encoding/gob.(*Decoder).decodeTypeSequence(0xc824d2a400, 0x525e00, 0xc824d2a400)
	/usr/local/go/src/encoding/gob/decoder.go:140 +0x47
encoding/gob.(*Decoder).DecodeValue(0xc824d2a400, 0x3c49a0, 0xc822ec2810, 0x16, 0x0, 0x0)
	/usr/local/go/src/encoding/gob/decoder.go:208 +0x15d
encoding/gob.(*Decoder).Decode(0xc824d2a400, 0x3c49a0, 0xc822ec2810, 0x0, 0x0)
	/usr/local/go/src/encoding/gob/decoder.go:185 +0x289
github.com/johntech-o/gorpc.(*ConnDriver).ReadRequestHeader(0xc8230eec60, 0xc822ec2810, 0x0, 0x0)
	/Users/johntech/code/gocode/src/github.com/johntech-o/gorpc/driverConn.go:87 +0x51
github.com/johntech-o/gorpc.(*Server).ServeLoop(0xc820114040, 0xc8230eec60)
	/Users/johntech/code/gocode/src/github.com/johntech-o/gorpc/server.go:76 +0x289
github.com/johntech-o/gorpc.(*Server).serveConn(0xc820114040, 0xc823220208)
	/Users/johntech/code/gocode/src/github.com/johntech-o/gorpc/server.go:63 +0x43
created by github.com/johntech-o/gorpc.(*Server).Serve
	/Users/johntech/code/gocode/src/github.com/johntech-o/gorpc/server.go:57 +0x98

goroutine 10427 [IO wait]:
net.runtime_pollWait(0x18778c0, 0x72, 0xc820012190)
	/usr/local/go/src/runtime/netpoll.go:157 +0x60
net.(*pollDesc).Wait(0xc824b0f1e0, 0x72, 0x0, 0x0)
	/usr/local/go/src/net/fd_poll_runtime.go:73 +0x3a
net.(*pollDesc).WaitRead(0xc824b0f1e0, 0x0, 0x0)
	/usr/local/go/src/net/fd_poll_runtime.go:78 +0x36
net.(*netFD).Read(0xc824b0f180, 0xc824dd4000, 0x1000, 0x1000, 0x0, 0x7a0050, 0xc820012190)
	/usr/local/go/src/net/fd_unix.go:232 +0x23a
net.(*conn).Read(0xc823220210, 0xc824dd4000, 0x1000, 0x1000, 0x18, 0x0, 0x0)
	/usr/local/go/src/net/net.go:172 +0xe4
github.com/johntech-o/gorpc.(*Connection).Read(0xc824ba5df0, 0xc824dd4000, 0x1000, 0x1000, 0x3, 0x0, 0x0)
	/Users/johntech/code/gocode/src/github.com/johntech-o/gorpc/driverConn.go:57 +0x5b
bufio.(*Reader).fill(0xc824da02a0)
	/usr/local/go/src/bufio/bufio.go:97 +0x1e9
bufio.(*Reader).Read(0xc824da02a0, 0xc8256d7940, 0x1, 0x9, 0xc822ec2860, 0x0, 0x0)
	/usr/local/go/src/bufio/bufio.go:207 +0x260
io.ReadAtLeast(0x7a5d58, 0xc824da02a0, 0xc8256d7940, 0x1, 0x9, 0x1, 0x0, 0x0, 0x0)
	/usr/local/go/src/io/io.go:298 +0xe6
io.ReadFull(0x7a5d58, 0xc824da02a0, 0xc8256d7940, 0x1, 0x9, 0xc824d2a4f0, 0x0, 0x0)
	/usr/local/go/src/io/io.go:316 +0x62
encoding/gob.decodeUintReader(0x7a5d58, 0xc824da02a0, 0xc8256d7940, 0x9, 0x9, 0x0, 0x1, 0x0, 0x0)
	/usr/local/go/src/encoding/gob/decode.go:121 +0x92
encoding/gob.(*Decoder).recvMessage(0xc824d2a480, 0xc82b9d1bf0)
	/usr/local/go/src/encoding/gob/decoder.go:76 +0x5e
encoding/gob.(*Decoder).decodeTypeSequence(0xc824d2a480, 0x525e00, 0xc824d2a480)
	/usr/local/go/src/encoding/gob/decoder.go:140 +0x47
encoding/gob.(*Decoder).DecodeValue(0xc824d2a480, 0x3c49a0, 0xc822ec2870, 0x16, 0x0, 0x0)
	/usr/local/go/src/encoding/gob/decoder.go:208 +0x15d
encoding/gob.(*Decoder).Decode(0xc824d2a480, 0x3c49a0, 0xc822ec2870, 0x0, 0x0)
	/usr/local/go/src/encoding/gob/decoder.go:185 +0x289
github.com/johntech-o/gorpc.(*ConnDriver).ReadRequestHeader(0xc8230eed80, 0xc822ec2870, 0x0, 0x0)
	/Users/johntech/code/gocode/src/github.com/johntech-o/gorpc/driverConn.go:87 +0x51
github.com/johntech-o/gorpc.(*Server).ServeLoop(0xc820114040, 0xc8230eed80)
	/Users/johntech/code/gocode/src/github.com/johntech-o/gorpc/server.go:76 +0x289
github.com/johntech-o/gorpc.(*Server).serveConn(0xc820114040, 0xc823220210)
	/Users/johntech/code/gocode/src/github.com/johntech-o/gorpc/server.go:63 +0x43
created by github.com/johntech-o/gorpc.(*Server).Serve
	/Users/johntech/code/gocode/src/github.com/johntech-o/gorpc/server.go:57 +0x98

goroutine 10428 [IO wait]:
net.runtime_pollWait(0x1877800, 0x72, 0xc820012190)
	/usr/local/go/src/runtime/netpoll.go:157 +0x60
net.(*pollDesc).Wait(0xc824b0f250, 0x72, 0x0, 0x0)
	/usr/local/go/src/net/fd_poll_runtime.go:73 +0x3a
net.(*pollDesc).WaitRead(0xc824b0f250, 0x0, 0x0)
	/usr/local/go/src/net/fd_poll_runtime.go:78 +0x36
net.(*netFD).Read(0xc824b0f1f0, 0xc824dd6000, 0x1000, 0x1000, 0x0, 0x7a0050, 0xc820012190)
	/usr/local/go/src/net/fd_unix.go:232 +0x23a
net.(*conn).Read(0xc823220218, 0xc824dd6000, 0x1000, 0x1000, 0x18, 0x0, 0x0)
	/usr/local/go/src/net/net.go:172 +0xe4
github.com/johntech-o/gorpc.(*Connection).Read(0xc824ba5e00, 0xc824dd6000, 0x1000, 0x1000, 0x3, 0x0, 0x0)
	/Users/johntech/code/gocode/src/github.com/johntech-o/gorpc/driverConn.go:57 +0x5b
bufio.(*Reader).fill(0xc824da0300)
	/usr/local/go/src/bufio/bufio.go:97 +0x1e9
bufio.(*Reader).Read(0xc824da0300, 0xc824f34350, 0x1, 0x9, 0xc82317c1d0, 0x0, 0x0)
	/usr/local/go/src/bufio/bufio.go:207 +0x260
io.ReadAtLeast(0x7a5d58, 0xc824da0300, 0xc824f34350, 0x1, 0x9, 0x1, 0x0, 0x0, 0x0)
	/usr/local/go/src/io/io.go:298 +0xe6
io.ReadFull(0x7a5d58, 0xc824da0300, 0xc824f34350, 0x1, 0x9, 0xc824d2a570, 0x0, 0x0)
	/usr/local/go/src/io/io.go:316 +0x62
encoding/gob.decodeUintReader(0x7a5d58, 0xc824da0300, 0xc824f34350, 0x9, 0x9, 0x0, 0x1, 0x0, 0x0)
	/usr/local/go/src/encoding/gob/decode.go:121 +0x92
encoding/gob.(*Decoder).recvMessage(0xc824d2a500, 0xc8286a3be0)
	/usr/local/go/src/encoding/gob/decoder.go:76 +0x5e
encoding/gob.(*Decoder).decodeTypeSequence(0xc824d2a500, 0x525e00, 0xc824d2a500)
	/usr/local/go/src/encoding/gob/decoder.go:140 +0x47
encoding/gob.(*Decoder).DecodeValue(0xc824d2a500, 0x3c49a0, 0xc82317c1e0, 0x16, 0x0, 0x0)
	/usr/local/go/src/encoding/gob/decoder.go:208 +0x15d
encoding/gob.(*Decoder).Decode(0xc824d2a500, 0x3c49a0, 0xc82317c1e0, 0x0, 0x0)
	/usr/local/go/src/encoding/gob/decoder.go:185 +0x289
github.com/johntech-o/gorpc.(*ConnDriver).ReadRequestHeader(0xc824aaefc0, 0xc82317c1e0, 0x0, 0x0)
	/Users/johntech/code/gocode/src/github.com/johntech-o/gorpc/driverConn.go:87 +0x51
github.com/johntech-o/gorpc.(*Server).ServeLoop(0xc820114040, 0xc824aaefc0)
	/Users/johntech/code/gocode/src/github.com/johntech-o/gorpc/server.go:76 +0x289
github.com/johntech-o/gorpc.(*Server).serveConn(0xc820114040, 0xc823220218)
	/Users/johntech/code/gocode/src/github.com/johntech-o/gorpc/server.go:63 +0x43
created by github.com/johntech-o/gorpc.(*Server).Serve
	/Users/johntech/code/gocode/src/github.com/johntech-o/gorpc/server.go:57 +0x98

goroutine 10429 [IO wait]:
net.runtime_pollWait(0x1877740, 0x72, 0xc820012190)
	/usr/local/go/src/runtime/netpoll.go:157 +0x60
net.(*pollDesc).Wait(0xc824b0f2c0, 0x72, 0x0, 0x0)
	/usr/local/go/src/net/fd_poll_runtime.go:73 +0x3a
net.(*pollDesc).WaitRead(0xc824b0f2c0, 0x0, 0x0)
	/usr/local/go/src/net/fd_poll_runtime.go:78 +0x36
net.(*netFD).Read(0xc824b0f260, 0xc824dd8000, 0x1000, 0x1000, 0x0, 0x7a0050, 0xc820012190)
	/usr/local/go/src/net/fd_unix.go:232 +0x23a
net.(*conn).Read(0xc823220220, 0xc824dd8000, 0x1000, 0x1000, 0x18, 0x0, 0x0)
	/usr/local/go/src/net/net.go:172 +0xe4
github.com/johntech-o/gorpc.(*Connection).Read(0xc824ba5e10, 0xc824dd8000, 0x1000, 0x1000, 0x3, 0x0, 0x0)
	/Users/johntech/code/gocode/src/github.com/johntech-o/gorpc/driverConn.go:57 +0x5b
bufio.(*Reader).fill(0xc824da0360)
	/usr/local/go/src/bufio/bufio.go:97 +0x1e9
bufio.(*Reader).Read(0xc824da0360, 0xc82552e480, 0x1, 0x9, 0xc831317c40, 0x0, 0x0)
	/usr/local/go/src/bufio/bufio.go:207 +0x260
io.ReadAtLeast(0x7a5d58, 0xc824da0360, 0xc82552e480, 0x1, 0x9, 0x1, 0x0, 0x0, 0x0)
	/usr/local/go/src/io/io.go:298 +0xe6
io.ReadFull(0x7a5d58, 0xc824da0360, 0xc82552e480, 0x1, 0x9, 0xc824d2a5f0, 0x0, 0x0)
	/usr/local/go/src/io/io.go:316 +0x62
encoding/gob.decodeUintReader(0x7a5d58, 0xc824da0360, 0xc82552e480, 0x9, 0x9, 0x0, 0x1, 0x0, 0x0)
	/usr/local/go/src/encoding/gob/decode.go:121 +0x92
encoding/gob.(*Decoder).recvMessage(0xc824d2a580, 0xc82b9adbf0)
	/usr/local/go/src/encoding/gob/decoder.go:76 +0x5e
encoding/gob.(*Decoder).decodeTypeSequence(0xc824d2a580, 0x525e00, 0xc824d2a580)
	/usr/local/go/src/encoding/gob/decoder.go:140 +0x47
encoding/gob.(*Decoder).DecodeValue(0xc824d2a580, 0x3c49a0, 0xc831317c50, 0x16, 0x0, 0x0)
	/usr/local/go/src/encoding/gob/decoder.go:208 +0x15d
encoding/gob.(*Decoder).Decode(0xc824d2a580, 0x3c49a0, 0xc831317c50, 0x0, 0x0)
	/usr/local/go/src/encoding/gob/decoder.go:185 +0x289
github.com/johntech-o/gorpc.(*ConnDriver).ReadRequestHeader(0xc824aaed80, 0xc831317c50, 0x0, 0x0)
	/Users/johntech/code/gocode/src/github.com/johntech-o/gorpc/driverConn.go:87 +0x51
github.com/johntech-o/gorpc.(*Server).ServeLoop(0xc820114040, 0xc824aaed80)
	/Users/johntech/code/gocode/src/github.com/johntech-o/gorpc/server.go:76 +0x289
github.com/johntech-o/gorpc.(*Server).serveConn(0xc820114040, 0xc823220220)
	/Users/johntech/code/gocode/src/github.com/johntech-o/gorpc/server.go:63 +0x43
created by github.com/johntech-o/gorpc.(*Server).Serve
	/Users/johntech/code/gocode/src/github.com/johntech-o/gorpc/server.go:57 +0x98

goroutine 10430 [IO wait]:
net.runtime_pollWait(0x1877680, 0x72, 0xc820012190)
	/usr/local/go/src/runtime/netpoll.go:157 +0x60
net.(*pollDesc).Wait(0xc824b0f330, 0x72, 0x0, 0x0)
	/usr/local/go/src/net/fd_poll_runtime.go:73 +0x3a
net.(*pollDesc).WaitRead(0xc824b0f330, 0x0, 0x0)
	/usr/local/go/src/net/fd_poll_runtime.go:78 +0x36
net.(*netFD).Read(0xc824b0f2d0, 0xc824dda000, 0x1000, 0x1000, 0x0, 0x7a0050, 0xc820012190)
	/usr/local/go/src/net/fd_unix.go:232 +0x23a
net.(*conn).Read(0xc823220228, 0xc824dda000, 0x1000, 0x1000, 0x18, 0x0, 0x0)
	/usr/local/go/src/net/net.go:172 +0xe4
github.com/johntech-o/gorpc.(*Connection).Read(0xc824ba5e20, 0xc824dda000, 0x1000, 0x1000, 0x3, 0x0, 0x0)
	/Users/johntech/code/gocode/src/github.com/johntech-o/gorpc/driverConn.go:57 +0x5b
bufio.(*Reader).fill(0xc824da03c0)
	/usr/local/go/src/bufio/bufio.go:97 +0x1e9
bufio.(*Reader).Read(0xc824da03c0, 0xc8256dcf20, 0x1, 0x9, 0xc823172560, 0x0, 0x0)
	/usr/local/go/src/bufio/bufio.go:207 +0x260
io.ReadAtLeast(0x7a5d58, 0xc824da03c0, 0xc8256dcf20, 0x1, 0x9, 0x1, 0x0, 0x0, 0x0)
	/usr/local/go/src/io/io.go:298 +0xe6
io.ReadFull(0x7a5d58, 0xc824da03c0, 0xc8256dcf20, 0x1, 0x9, 0xc824d2a670, 0x0, 0x0)
	/usr/local/go/src/io/io.go:316 +0x62
encoding/gob.decodeUintReader(0x7a5d58, 0xc824da03c0, 0xc8256dcf20, 0x9, 0x9, 0x0, 0x1, 0x0, 0x0)
	/usr/local/go/src/encoding/gob/decode.go:121 +0x92
encoding/gob.(*Decoder).recvMessage(0xc824d2a600, 0xc823334bf0)
	/usr/local/go/src/encoding/gob/decoder.go:76 +0x5e
encoding/gob.(*Decoder).decodeTypeSequence(0xc824d2a600, 0x525e00, 0xc824d2a600)
	/usr/local/go/src/encoding/gob/decoder.go:140 +0x47
encoding/gob.(*Decoder).DecodeValue(0xc824d2a600, 0x3c49a0, 0xc823172570, 0x16, 0x0, 0x0)
	/usr/local/go/src/encoding/gob/decoder.go:208 +0x15d
encoding/gob.(*Decoder).Decode(0xc824d2a600, 0x3c49a0, 0xc823172570, 0x0, 0x0)
	/usr/local/go/src/encoding/gob/decoder.go:185 +0x289
github.com/johntech-o/gorpc.(*ConnDriver).ReadRequestHeader(0xc820181440, 0xc823172570, 0x0, 0x0)
	/Users/johntech/code/gocode/src/github.com/johntech-o/gorpc/driverConn.go:87 +0x51
github.com/johntech-o/gorpc.(*Server).ServeLoop(0xc820114040, 0xc820181440)
	/Users/johntech/code/gocode/src/github.com/johntech-o/gorpc/server.go:76 +0x289
github.com/johntech-o/gorpc.(*Server).serveConn(0xc820114040, 0xc823220228)
	/Users/johntech/code/gocode/src/github.com/johntech-o/gorpc/server.go:63 +0x43
created by github.com/johntech-o/gorpc.(*Server).Serve
	/Users/johntech/code/gocode/src/github.com/johntech-o/gorpc/server.go:57 +0x98

goroutine 10431 [IO wait]:
net.runtime_pollWait(0x18775c0, 0x72, 0xc820012190)
	/usr/local/go/src/runtime/netpoll.go:157 +0x60
net.(*pollDesc).Wait(0xc824b0f3a0, 0x72, 0x0, 0x0)
	/usr/local/go/src/net/fd_poll_runtime.go:73 +0x3a
net.(*pollDesc).WaitRead(0xc824b0f3a0, 0x0, 0x0)
	/usr/local/go/src/net/fd_poll_runtime.go:78 +0x36
net.(*netFD).Read(0xc824b0f340, 0xc824ddc000, 0x1000, 0x1000, 0x0, 0x7a0050, 0xc820012190)
	/usr/local/go/src/net/fd_unix.go:232 +0x23a
net.(*conn).Read(0xc823220230, 0xc824ddc000, 0x1000, 0x1000, 0x18, 0x0, 0x0)
	/usr/local/go/src/net/net.go:172 +0xe4
github.com/johntech-o/gorpc.(*Connection).Read(0xc824ba5e30, 0xc824ddc000, 0x1000, 0x1000, 0x3, 0x0, 0x0)
	/Users/johntech/code/gocode/src/github.com/johntech-o/gorpc/driverConn.go:57 +0x5b
bufio.(*Reader).fill(0xc824da0420)
	/usr/local/go/src/bufio/bufio.go:97 +0x1e9
bufio.(*Reader).Read(0xc824da0420, 0xc8252f8bc0, 0x1, 0x9, 0xc823044bf0, 0x0, 0x0)
	/usr/local/go/src/bufio/bufio.go:207 +0x260
io.ReadAtLeast(0x7a5d58, 0xc824da0420, 0xc8252f8bc0, 0x1, 0x9, 0x1, 0x0, 0x0, 0x0)
	/usr/local/go/src/io/io.go:298 +0xe6
io.ReadFull(0x7a5d58, 0xc824da0420, 0xc8252f8bc0, 0x1, 0x9, 0xc824d2a6f0, 0x0, 0x0)
	/usr/local/go/src/io/io.go:316 +0x62
encoding/gob.decodeUintReader(0x7a5d58, 0xc824da0420, 0xc8252f8bc0, 0x9, 0x9, 0x0, 0x1, 0x0, 0x0)
	/usr/local/go/src/encoding/gob/decode.go:121 +0x92
encoding/gob.(*Decoder).recvMessage(0xc824d2a680, 0xc82c17bbf0)
	/usr/local/go/src/encoding/gob/decoder.go:76 +0x5e
encoding/gob.(*Decoder).decodeTypeSequence(0xc824d2a680, 0x525e00, 0xc824d2a680)
	/usr/local/go/src/encoding/gob/decoder.go:140 +0x47
encoding/gob.(*Decoder).DecodeValue(0xc824d2a680, 0x3c49a0, 0xc823044c00, 0x16, 0x0, 0x0)
	/usr/local/go/src/encoding/gob/decoder.go:208 +0x15d
encoding/gob.(*Decoder).Decode(0xc824d2a680, 0x3c49a0, 0xc823044c00, 0x0, 0x0)
	/usr/local/go/src/encoding/gob/decoder.go:185 +0x289
github.com/johntech-o/gorpc.(*ConnDriver).ReadRequestHeader(0xc8230ef4d0, 0xc823044c00, 0x0, 0x0)
	/Users/johntech/code/gocode/src/github.com/johntech-o/gorpc/driverConn.go:87 +0x51
github.com/johntech-o/gorpc.(*Server).ServeLoop(0xc820114040, 0xc8230ef4d0)
	/Users/johntech/code/gocode/src/github.com/johntech-o/gorpc/server.go:76 +0x289
github.com/johntech-o/gorpc.(*Server).serveConn(0xc820114040, 0xc823220230)
	/Users/johntech/code/gocode/src/github.com/johntech-o/gorpc/server.go:63 +0x43
created by github.com/johntech-o/gorpc.(*Server).Serve
	/Users/johntech/code/gocode/src/github.com/johntech-o/gorpc/server.go:57 +0x98

goroutine 10432 [IO wait]:
net.runtime_pollWait(0x1877500, 0x72, 0xc820012190)
	/usr/local/go/src/runtime/netpoll.go:157 +0x60
net.(*pollDesc).Wait(0xc824b0f410, 0x72, 0x0, 0x0)
	/usr/local/go/src/net/fd_poll_runtime.go:73 +0x3a
net.(*pollDesc).WaitRead(0xc824b0f410, 0x0, 0x0)
	/usr/local/go/src/net/fd_poll_runtime.go:78 +0x36
net.(*netFD).Read(0xc824b0f3b0, 0xc824dde000, 0x1000, 0x1000, 0x0, 0x7a0050, 0xc820012190)
	/usr/local/go/src/net/fd_unix.go:232 +0x23a
net.(*conn).Read(0xc823220238, 0xc824dde000, 0x1000, 0x1000, 0x18, 0x0, 0x0)
	/usr/local/go/src/net/net.go:172 +0xe4
github.com/johntech-o/gorpc.(*Connection).Read(0xc824ba5e40, 0xc824dde000, 0x1000, 0x1000, 0x3, 0x0, 0x0)
	/Users/johntech/code/gocode/src/github.com/johntech-o/gorpc/driverConn.go:57 +0x5b
bufio.(*Reader).fill(0xc824da0480)
	/usr/local/go/src/bufio/bufio.go:97 +0x1e9
bufio.(*Reader).Read(0xc824da0480, 0xc82552ed90, 0x1, 0x9, 0xc823158d70, 0x0, 0x0)
	/usr/local/go/src/bufio/bufio.go:207 +0x260
io.ReadAtLeast(0x7a5d58, 0xc824da0480, 0xc82552ed90, 0x1, 0x9, 0x1, 0x0, 0x0, 0x0)
	/usr/local/go/src/io/io.go:298 +0xe6
io.ReadFull(0x7a5d58, 0xc824da0480, 0xc82552ed90, 0x1, 0x9, 0xc824d2a770, 0x0, 0x0)
	/usr/local/go/src/io/io.go:316 +0x62
encoding/gob.decodeUintReader(0x7a5d58, 0xc824da0480, 0xc82552ed90, 0x9, 0x9, 0x0, 0x1, 0x0, 0x0)
	/usr/local/go/src/encoding/gob/decode.go:121 +0x92
encoding/gob.(*Decoder).recvMessage(0xc824d2a700, 0xc829124bf0)
	/usr/local/go/src/encoding/gob/decoder.go:76 +0x5e
encoding/gob.(*Decoder).decodeTypeSequence(0xc824d2a700, 0x525e00, 0xc824d2a700)
	/usr/local/go/src/encoding/gob/decoder.go:140 +0x47
encoding/gob.(*Decoder).DecodeValue(0xc824d2a700, 0x3c49a0, 0xc823158d80, 0x16, 0x0, 0x0)
	/usr/local/go/src/encoding/gob/decoder.go:208 +0x15d
encoding/gob.(*Decoder).Decode(0xc824d2a700, 0x3c49a0, 0xc823158d80, 0x0, 0x0)
	/usr/local/go/src/encoding/gob/decoder.go:185 +0x289
github.com/johntech-o/gorpc.(*ConnDriver).ReadRequestHeader(0xc8256a2990, 0xc823158d80, 0x0, 0x0)
	/Users/johntech/code/gocode/src/github.com/johntech-o/gorpc/driverConn.go:87 +0x51
github.com/johntech-o/gorpc.(*Server).ServeLoop(0xc820114040, 0xc8256a2990)
	/Users/johntech/code/gocode/src/github.com/johntech-o/gorpc/server.go:76 +0x289
github.com/johntech-o/gorpc.(*Server).serveConn(0xc820114040, 0xc823220238)
	/Users/johntech/code/gocode/src/github.com/johntech-o/gorpc/server.go:63 +0x43
created by github.com/johntech-o/gorpc.(*Server).Serve
	/Users/johntech/code/gocode/src/github.com/johntech-o/gorpc/server.go:57 +0x98

goroutine 10433 [IO wait]:
net.runtime_pollWait(0x1877440, 0x72, 0xc820012190)
	/usr/local/go/src/runtime/netpoll.go:157 +0x60
net.(*pollDesc).Wait(0xc824b0f480, 0x72, 0x0, 0x0)
	/usr/local/go/src/net/fd_poll_runtime.go:73 +0x3a
net.(*pollDesc).WaitRead(0xc824b0f480, 0x0, 0x0)
	/usr/local/go/src/net/fd_poll_runtime.go:78 +0x36
net.(*netFD).Read(0xc824b0f420, 0xc824de8000, 0x1000, 0x1000, 0x0, 0x7a0050, 0xc820012190)
	/usr/local/go/src/net/fd_unix.go:232 +0x23a
net.(*conn).Read(0xc823220240, 0xc824de8000, 0x1000, 0x1000, 0x18, 0x0, 0x0)
	/usr/local/go/src/net/net.go:172 +0xe4
github.com/johntech-o/gorpc.(*Connection).Read(0xc824ba5e50, 0xc824de8000, 0x1000, 0x1000, 0x3, 0x0, 0x0)
	/Users/johntech/code/gocode/src/github.com/johntech-o/gorpc/driverConn.go:57 +0x5b
bufio.(*Reader).fill(0xc824da04e0)
	/usr/local/go/src/bufio/bufio.go:97 +0x1e9
bufio.(*Reader).Read(0xc824da04e0, 0xc8257528e0, 0x1, 0x9, 0xc823158650, 0x0, 0x0)
	/usr/local/go/src/bufio/bufio.go:207 +0x260
io.ReadAtLeast(0x7a5d58, 0xc824da04e0, 0xc8257528e0, 0x1, 0x9, 0x1, 0x0, 0x0, 0x0)
	/usr/local/go/src/io/io.go:298 +0xe6
io.ReadFull(0x7a5d58, 0xc824da04e0, 0xc8257528e0, 0x1, 0x9, 0xc824d2a7f0, 0x0, 0x0)
	/usr/local/go/src/io/io.go:316 +0x62
encoding/gob.decodeUintReader(0x7a5d58, 0xc824da04e0, 0xc8257528e0, 0x9, 0x9, 0x0, 0x1, 0x0, 0x0)
	/usr/local/go/src/encoding/gob/decode.go:121 +0x92
encoding/gob.(*Decoder).recvMessage(0xc824d2a780, 0xc820053be0)
	/usr/local/go/src/encoding/gob/decoder.go:76 +0x5e
encoding/gob.(*Decoder).decodeTypeSequence(0xc824d2a780, 0x525e00, 0xc824d2a780)
	/usr/local/go/src/encoding/gob/decoder.go:140 +0x47
encoding/gob.(*Decoder).DecodeValue(0xc824d2a780, 0x3c49a0, 0xc8231587e0, 0x16, 0x0, 0x0)
	/usr/local/go/src/encoding/gob/decoder.go:208 +0x15d
encoding/gob.(*Decoder).Decode(0xc824d2a780, 0x3c49a0, 0xc8231587e0, 0x0, 0x0)
	/usr/local/go/src/encoding/gob/decoder.go:185 +0x289
github.com/johntech-o/gorpc.(*ConnDriver).ReadRequestHeader(0xc8230eeea0, 0xc8231587e0, 0x0, 0x0)
	/Users/johntech/code/gocode/src/github.com/johntech-o/gorpc/driverConn.go:87 +0x51
github.com/johntech-o/gorpc.(*Server).ServeLoop(0xc820114040, 0xc8230eeea0)
	/Users/johntech/code/gocode/src/github.com/johntech-o/gorpc/server.go:76 +0x289
github.com/johntech-o/gorpc.(*Server).serveConn(0xc820114040, 0xc823220240)
	/Users/johntech/code/gocode/src/github.com/johntech-o/gorpc/server.go:63 +0x43
created by github.com/johntech-o/gorpc.(*Server).Serve
	/Users/johntech/code/gocode/src/github.com/johntech-o/gorpc/server.go:57 +0x98

goroutine 10546 [IO wait]:
net.runtime_pollWait(0x1877380, 0x72, 0xc820012190)
	/usr/local/go/src/runtime/netpoll.go:157 +0x60
net.(*pollDesc).Wait(0xc824b0f4f0, 0x72, 0x0, 0x0)
	/usr/local/go/src/net/fd_poll_runtime.go:73 +0x3a
net.(*pollDesc).WaitRead(0xc824b0f4f0, 0x0, 0x0)
	/usr/local/go/src/net/fd_poll_runtime.go:78 +0x36
net.(*netFD).Read(0xc824b0f490, 0xc824dea000, 0x1000, 0x1000, 0x0, 0x7a0050, 0xc820012190)
	/usr/local/go/src/net/fd_unix.go:232 +0x23a
net.(*conn).Read(0xc823220248, 0xc824dea000, 0x1000, 0x1000, 0x18, 0x0, 0x0)
	/usr/local/go/src/net/net.go:172 +0xe4
github.com/johntech-o/gorpc.(*Connection).Read(0xc824ba5e60, 0xc824dea000, 0x1000, 0x1000, 0x3, 0x0, 0x0)
	/Users/johntech/code/gocode/src/github.com/johntech-o/gorpc/driverConn.go:57 +0x5b
bufio.(*Reader).fill(0xc824da0540)
	/usr/local/go/src/bufio/bufio.go:97 +0x1e9
bufio.(*Reader).Read(0xc824da0540, 0xc8256447b0, 0x1, 0x9, 0xc8232745c0, 0x0, 0x0)
	/usr/local/go/src/bufio/bufio.go:207 +0x260
io.ReadAtLeast(0x7a5d58, 0xc824da0540, 0xc8256447b0, 0x1, 0x9, 0x1, 0x0, 0x0, 0x0)
	/usr/local/go/src/io/io.go:298 +0xe6
io.ReadFull(0x7a5d58, 0xc824da0540, 0xc8256447b0, 0x1, 0x9, 0xc824d2a870, 0x0, 0x0)
	/usr/local/go/src/io/io.go:316 +0x62
encoding/gob.decodeUintReader(0x7a5d58, 0xc824da0540, 0xc8256447b0, 0x9, 0x9, 0x0, 0x1, 0x0, 0x0)
	/usr/local/go/src/encoding/gob/decode.go:121 +0x92
encoding/gob.(*Decoder).recvMessage(0xc824d2a800, 0xc82869dbe0)
	/usr/local/go/src/encoding/gob/decoder.go:76 +0x5e
encoding/gob.(*Decoder).decodeTypeSequence(0xc824d2a800, 0x525e00, 0xc824d2a800)
	/usr/local/go/src/encoding/gob/decoder.go:140 +0x47
encoding/gob.(*Decoder).DecodeValue(0xc824d2a800, 0x3c49a0, 0xc8232745d0, 0x16, 0x0, 0x0)
	/usr/local/go/src/encoding/gob/decoder.go:208 +0x15d
encoding/gob.(*Decoder).Decode(0xc824d2a800, 0x3c49a0, 0xc8232745d0, 0x0, 0x0)
	/usr/local/go/src/encoding/gob/decoder.go:185 +0x289
github.com/johntech-o/gorpc.(*ConnDriver).ReadRequestHeader(0xc824a6d170, 0xc8232745d0, 0x0, 0x0)
	/Users/johntech/code/gocode/src/github.com/johntech-o/gorpc/driverConn.go:87 +0x51
github.com/johntech-o/gorpc.(*Server).ServeLoop(0xc820114040, 0xc824a6d170)
	/Users/johntech/code/gocode/src/github.com/johntech-o/gorpc/server.go:76 +0x289
github.com/johntech-o/gorpc.(*Server).serveConn(0xc820114040, 0xc823220248)
	/Users/johntech/code/gocode/src/github.com/johntech-o/gorpc/server.go:63 +0x43
created by github.com/johntech-o/gorpc.(*Server).Serve
	/Users/johntech/code/gocode/src/github.com/johntech-o/gorpc/server.go:57 +0x98

goroutine 10547 [IO wait]:
net.runtime_pollWait(0x18772c0, 0x72, 0xc820012190)
	/usr/local/go/src/runtime/netpoll.go:157 +0x60
net.(*pollDesc).Wait(0xc824b0f560, 0x72, 0x0, 0x0)
	/usr/local/go/src/net/fd_poll_runtime.go:73 +0x3a
net.(*pollDesc).WaitRead(0xc824b0f560, 0x0, 0x0)
	/usr/local/go/src/net/fd_poll_runtime.go:78 +0x36
net.(*netFD).Read(0xc824b0f500, 0xc824df4000, 0x1000, 0x1000, 0x0, 0x7a0050, 0xc820012190)
	/usr/local/go/src/net/fd_unix.go:232 +0x23a
net.(*conn).Read(0xc823220250, 0xc824df4000, 0x1000, 0x1000, 0x18, 0x0, 0x0)
	/usr/local/go/src/net/net.go:172 +0xe4
github.com/johntech-o/gorpc.(*Connection).Read(0xc824ba5e70, 0xc824df4000, 0x1000, 0x1000, 0x3, 0x0, 0x0)
	/Users/johntech/code/gocode/src/github.com/johntech-o/gorpc/driverConn.go:57 +0x5b
bufio.(*Reader).fill(0xc824da05a0)
	/usr/local/go/src/bufio/bufio.go:97 +0x1e9
bufio.(*Reader).Read(0xc824da05a0, 0xc8251d8070, 0x1, 0x9, 0xc823198770, 0x0, 0x0)
	/usr/local/go/src/bufio/bufio.go:207 +0x260
io.ReadAtLeast(0x7a5d58, 0xc824da05a0, 0xc8251d8070, 0x1, 0x9, 0x1, 0x0, 0x0, 0x0)
	/usr/local/go/src/io/io.go:298 +0xe6
io.ReadFull(0x7a5d58, 0xc824da05a0, 0xc8251d8070, 0x1, 0x9, 0xc824d2a8f0, 0x0, 0x0)
	/usr/local/go/src/io/io.go:316 +0x62
encoding/gob.decodeUintReader(0x7a5d58, 0xc824da05a0, 0xc8251d8070, 0x9, 0x9, 0x0, 0x1, 0x0, 0x0)
	/usr/local/go/src/encoding/gob/decode.go:121 +0x92
encoding/gob.(*Decoder).recvMessage(0xc824d2a880, 0xc825902bf0)
	/usr/local/go/src/encoding/gob/decoder.go:76 +0x5e
encoding/gob.(*Decoder).decodeTypeSequence(0xc824d2a880, 0x525e00, 0xc824d2a880)
	/usr/local/go/src/encoding/gob/decoder.go:140 +0x47
encoding/gob.(*Decoder).DecodeValue(0xc824d2a880, 0x3c49a0, 0xc823198780, 0x16, 0x0, 0x0)
	/usr/local/go/src/encoding/gob/decoder.go:208 +0x15d
encoding/gob.(*Decoder).Decode(0xc824d2a880, 0x3c49a0, 0xc823198780, 0x0, 0x0)
	/usr/local/go/src/encoding/gob/decoder.go:185 +0x289
github.com/johntech-o/gorpc.(*ConnDriver).ReadRequestHeader(0xc824aae6c0, 0xc823198780, 0x0, 0x0)
	/Users/johntech/code/gocode/src/github.com/johntech-o/gorpc/driverConn.go:87 +0x51
github.com/johntech-o/gorpc.(*Server).ServeLoop(0xc820114040, 0xc824aae6c0)
	/Users/johntech/code/gocode/src/github.com/johntech-o/gorpc/server.go:76 +0x289
github.com/johntech-o/gorpc.(*Server).serveConn(0xc820114040, 0xc823220250)
	/Users/johntech/code/gocode/src/github.com/johntech-o/gorpc/server.go:63 +0x43
created by github.com/johntech-o/gorpc.(*Server).Serve
	/Users/johntech/code/gocode/src/github.com/johntech-o/gorpc/server.go:57 +0x98

goroutine 10548 [IO wait]:
net.runtime_pollWait(0x1877200, 0x72, 0xc820012190)
	/usr/local/go/src/runtime/netpoll.go:157 +0x60
net.(*pollDesc).Wait(0xc824b0f5d0, 0x72, 0x0, 0x0)
	/usr/local/go/src/net/fd_poll_runtime.go:73 +0x3a
net.(*pollDesc).WaitRead(0xc824b0f5d0, 0x0, 0x0)
	/usr/local/go/src/net/fd_poll_runtime.go:78 +0x36
net.(*netFD).Read(0xc824b0f570, 0xc824df6000, 0x1000, 0x1000, 0x0, 0x7a0050, 0xc820012190)
	/usr/local/go/src/net/fd_unix.go:232 +0x23a
net.(*conn).Read(0xc823220258, 0xc824df6000, 0x1000, 0x1000, 0x18, 0x0, 0x0)
	/usr/local/go/src/net/net.go:172 +0xe4
github.com/johntech-o/gorpc.(*Connection).Read(0xc824ba5e80, 0xc824df6000, 0x1000, 0x1000, 0x3, 0x0, 0x0)
	/Users/johntech/code/gocode/src/github.com/johntech-o/gorpc/driverConn.go:57 +0x5b
bufio.(*Reader).fill(0xc824da0600)
	/usr/local/go/src/bufio/bufio.go:97 +0x1e9
bufio.(*Reader).Read(0xc824da0600, 0xc8251833f0, 0x1, 0x9, 0xc82c4d7610, 0x0, 0x0)
	/usr/local/go/src/bufio/bufio.go:207 +0x260
io.ReadAtLeast(0x7a5d58, 0xc824da0600, 0xc8251833f0, 0x1, 0x9, 0x1, 0x0, 0x0, 0x0)
	/usr/local/go/src/io/io.go:298 +0xe6
io.ReadFull(0x7a5d58, 0xc824da0600, 0xc8251833f0, 0x1, 0x9, 0xc824d2a970, 0x0, 0x0)
	/usr/local/go/src/io/io.go:316 +0x62
encoding/gob.decodeUintReader(0x7a5d58, 0xc824da0600, 0xc8251833f0, 0x9, 0x9, 0x0, 0x1, 0x0, 0x0)
	/usr/local/go/src/encoding/gob/decode.go:121 +0x92
encoding/gob.(*Decoder).recvMessage(0xc824d2a900, 0xc824eaebf0)
	/usr/local/go/src/encoding/gob/decoder.go:76 +0x5e
encoding/gob.(*Decoder).decodeTypeSequence(0xc824d2a900, 0x525e00, 0xc824d2a900)
	/usr/local/go/src/encoding/gob/decoder.go:140 +0x47
encoding/gob.(*Decoder).DecodeValue(0xc824d2a900, 0x3c49a0, 0xc82c4d7620, 0x16, 0x0, 0x0)
	/usr/local/go/src/encoding/gob/decoder.go:208 +0x15d
encoding/gob.(*Decoder).Decode(0xc824d2a900, 0x3c49a0, 0xc82c4d7620, 0x0, 0x0)
	/usr/local/go/src/encoding/gob/decoder.go:185 +0x289
github.com/johntech-o/gorpc.(*ConnDriver).ReadRequestHeader(0xc824a6ce10, 0xc82c4d7620, 0x0, 0x0)
	/Users/johntech/code/gocode/src/github.com/johntech-o/gorpc/driverConn.go:87 +0x51
github.com/johntech-o/gorpc.(*Server).ServeLoop(0xc820114040, 0xc824a6ce10)
	/Users/johntech/code/gocode/src/github.com/johntech-o/gorpc/server.go:76 +0x289
github.com/johntech-o/gorpc.(*Server).serveConn(0xc820114040, 0xc823220258)
	/Users/johntech/code/gocode/src/github.com/johntech-o/gorpc/server.go:63 +0x43
created by github.com/johntech-o/gorpc.(*Server).Serve
	/Users/johntech/code/gocode/src/github.com/johntech-o/gorpc/server.go:57 +0x98

goroutine 10549 [IO wait]:
net.runtime_pollWait(0x1877140, 0x72, 0xc820012190)
	/usr/local/go/src/runtime/netpoll.go:157 +0x60
net.(*pollDesc).Wait(0xc824b0f640, 0x72, 0x0, 0x0)
	/usr/local/go/src/net/fd_poll_runtime.go:73 +0x3a
net.(*pollDesc).WaitRead(0xc824b0f640, 0x0, 0x0)
	/usr/local/go/src/net/fd_poll_runtime.go:78 +0x36
net.(*netFD).Read(0xc824b0f5e0, 0xc824df8000, 0x1000, 0x1000, 0x0, 0x7a0050, 0xc820012190)
	/usr/local/go/src/net/fd_unix.go:232 +0x23a
net.(*conn).Read(0xc823220260, 0xc824df8000, 0x1000, 0x1000, 0x18, 0x0, 0x0)
	/usr/local/go/src/net/net.go:172 +0xe4
github.com/johntech-o/gorpc.(*Connection).Read(0xc824ba5e90, 0xc824df8000, 0x1000, 0x1000, 0x3, 0x0, 0x0)
	/Users/johntech/code/gocode/src/github.com/johntech-o/gorpc/driverConn.go:57 +0x5b
bufio.(*Reader).fill(0xc824da0660)
	/usr/local/go/src/bufio/bufio.go:97 +0x1e9
bufio.(*Reader).Read(0xc824da0660, 0xc8257abcd0, 0x1, 0x9, 0xc8231ae980, 0x0, 0x0)
	/usr/local/go/src/bufio/bufio.go:207 +0x260
io.ReadAtLeast(0x7a5d58, 0xc824da0660, 0xc8257abcd0, 0x1, 0x9, 0x1, 0x0, 0x0, 0x0)
	/usr/local/go/src/io/io.go:298 +0xe6
io.ReadFull(0x7a5d58, 0xc824da0660, 0xc8257abcd0, 0x1, 0x9, 0xc824d2a9f0, 0x0, 0x0)
	/usr/local/go/src/io/io.go:316 +0x62
encoding/gob.decodeUintReader(0x7a5d58, 0xc824da0660, 0xc8257abcd0, 0x9, 0x9, 0x0, 0x1, 0x0, 0x0)
	/usr/local/go/src/encoding/gob/decode.go:121 +0x92
encoding/gob.(*Decoder).recvMessage(0xc824d2a980, 0xc822e9fbe0)
	/usr/local/go/src/encoding/gob/decoder.go:76 +0x5e
encoding/gob.(*Decoder).decodeTypeSequence(0xc824d2a980, 0x525e00, 0xc824d2a980)
	/usr/local/go/src/encoding/gob/decoder.go:140 +0x47
encoding/gob.(*Decoder).DecodeValue(0xc824d2a980, 0x3c49a0, 0xc8231ae990, 0x16, 0x0, 0x0)
	/usr/local/go/src/encoding/gob/decoder.go:208 +0x15d
encoding/gob.(*Decoder).Decode(0xc824d2a980, 0x3c49a0, 0xc8231ae990, 0x0, 0x0)
	/usr/local/go/src/encoding/gob/decoder.go:185 +0x289
github.com/johntech-o/gorpc.(*ConnDriver).ReadRequestHeader(0xc824ac5680, 0xc8231ae990, 0x0, 0x0)
	/Users/johntech/code/gocode/src/github.com/johntech-o/gorpc/driverConn.go:87 +0x51
github.com/johntech-o/gorpc.(*Server).ServeLoop(0xc820114040, 0xc824ac5680)
	/Users/johntech/code/gocode/src/github.com/johntech-o/gorpc/server.go:76 +0x289
github.com/johntech-o/gorpc.(*Server).serveConn(0xc820114040, 0xc823220260)
	/Users/johntech/code/gocode/src/github.com/johntech-o/gorpc/server.go:63 +0x43
created by github.com/johntech-o/gorpc.(*Server).Serve
	/Users/johntech/code/gocode/src/github.com/johntech-o/gorpc/server.go:57 +0x98

goroutine 10550 [IO wait]:
net.runtime_pollWait(0x1877080, 0x72, 0xc820012190)
	/usr/local/go/src/runtime/netpoll.go:157 +0x60
net.(*pollDesc).Wait(0xc824b0f6b0, 0x72, 0x0, 0x0)
	/usr/local/go/src/net/fd_poll_runtime.go:73 +0x3a
net.(*pollDesc).WaitRead(0xc824b0f6b0, 0x0, 0x0)
	/usr/local/go/src/net/fd_poll_runtime.go:78 +0x36
net.(*netFD).Read(0xc824b0f650, 0xc824dfa000, 0x1000, 0x1000, 0x0, 0x7a0050, 0xc820012190)
	/usr/local/go/src/net/fd_unix.go:232 +0x23a
net.(*conn).Read(0xc823220268, 0xc824dfa000, 0x1000, 0x1000, 0x18, 0x0, 0x0)
	/usr/local/go/src/net/net.go:172 +0xe4
github.com/johntech-o/gorpc.(*Connection).Read(0xc824ba5ea0, 0xc824dfa000, 0x1000, 0x1000, 0x3, 0x0, 0x0)
	/Users/johntech/code/gocode/src/github.com/johntech-o/gorpc/driverConn.go:57 +0x5b
bufio.(*Reader).fill(0xc824da06c0)
	/usr/local/go/src/bufio/bufio.go:97 +0x1e9
bufio.(*Reader).Read(0xc824da06c0, 0xc8257f0610, 0x1, 0x9, 0xc831317d30, 0x0, 0x0)
	/usr/local/go/src/bufio/bufio.go:207 +0x260
io.ReadAtLeast(0x7a5d58, 0xc824da06c0, 0xc8257f0610, 0x1, 0x9, 0x1, 0x0, 0x0, 0x0)
	/usr/local/go/src/io/io.go:298 +0xe6
io.ReadFull(0x7a5d58, 0xc824da06c0, 0xc8257f0610, 0x1, 0x9, 0xc824d2aa70, 0x0, 0x0)
	/usr/local/go/src/io/io.go:316 +0x62
encoding/gob.decodeUintReader(0x7a5d58, 0xc824da06c0, 0xc8257f0610, 0x9, 0x9, 0x0, 0x1, 0x0, 0x0)
	/usr/local/go/src/encoding/gob/decode.go:121 +0x92
encoding/gob.(*Decoder).recvMessage(0xc824d2aa00, 0xc824eadbf0)
	/usr/local/go/src/encoding/gob/decoder.go:76 +0x5e
encoding/gob.(*Decoder).decodeTypeSequence(0xc824d2aa00, 0x525e00, 0xc824d2aa00)
	/usr/local/go/src/encoding/gob/decoder.go:140 +0x47
encoding/gob.(*Decoder).DecodeValue(0xc824d2aa00, 0x3c49a0, 0xc831317d40, 0x16, 0x0, 0x0)
	/usr/local/go/src/encoding/gob/decoder.go:208 +0x15d
encoding/gob.(*Decoder).Decode(0xc824d2aa00, 0x3c49a0, 0xc831317d40, 0x0, 0x0)
	/usr/local/go/src/encoding/gob/decoder.go:185 +0x289
github.com/johntech-o/gorpc.(*ConnDriver).ReadRequestHeader(0xc824a6d0e0, 0xc831317d40, 0x0, 0x0)
	/Users/johntech/code/gocode/src/github.com/johntech-o/gorpc/driverConn.go:87 +0x51
github.com/johntech-o/gorpc.(*Server).ServeLoop(0xc820114040, 0xc824a6d0e0)
	/Users/johntech/code/gocode/src/github.com/johntech-o/gorpc/server.go:76 +0x289
github.com/johntech-o/gorpc.(*Server).serveConn(0xc820114040, 0xc823220268)
	/Users/johntech/code/gocode/src/github.com/johntech-o/gorpc/server.go:63 +0x43
created by github.com/johntech-o/gorpc.(*Server).Serve
	/Users/johntech/code/gocode/src/github.com/johntech-o/gorpc/server.go:57 +0x98

goroutine 10551 [IO wait]:
net.runtime_pollWait(0x1876fc0, 0x72, 0xc820012190)
	/usr/local/go/src/runtime/netpoll.go:157 +0x60
net.(*pollDesc).Wait(0xc824b0f720, 0x72, 0x0, 0x0)
	/usr/local/go/src/net/fd_poll_runtime.go:73 +0x3a
net.(*pollDesc).WaitRead(0xc824b0f720, 0x0, 0x0)
	/usr/local/go/src/net/fd_poll_runtime.go:78 +0x36
net.(*netFD).Read(0xc824b0f6c0, 0xc824dfe000, 0x1000, 0x1000, 0x0, 0x7a0050, 0xc820012190)
	/usr/local/go/src/net/fd_unix.go:232 +0x23a
net.(*conn).Read(0xc823220270, 0xc824dfe000, 0x1000, 0x1000, 0x18, 0x0, 0x0)
	/usr/local/go/src/net/net.go:172 +0xe4
github.com/johntech-o/gorpc.(*Connection).Read(0xc824ba5eb0, 0xc824dfe000, 0x1000, 0x1000, 0x3, 0x0, 0x0)
	/Users/johntech/code/gocode/src/github.com/johntech-o/gorpc/driverConn.go:57 +0x5b
bufio.(*Reader).fill(0xc824da0720)
	/usr/local/go/src/bufio/bufio.go:97 +0x1e9
bufio.(*Reader).Read(0xc824da0720, 0xc824e67e90, 0x1, 0x9, 0xc823492260, 0x0, 0x0)
	/usr/local/go/src/bufio/bufio.go:207 +0x260
io.ReadAtLeast(0x7a5d58, 0xc824da0720, 0xc824e67e90, 0x1, 0x9, 0x1, 0x0, 0x0, 0x0)
	/usr/local/go/src/io/io.go:298 +0xe6
io.ReadFull(0x7a5d58, 0xc824da0720, 0xc824e67e90, 0x1, 0x9, 0xc824d2aaf0, 0x0, 0x0)
	/usr/local/go/src/io/io.go:316 +0x62
encoding/gob.decodeUintReader(0x7a5d58, 0xc824da0720, 0xc824e67e90, 0x9, 0x9, 0x0, 0x1, 0x0, 0x0)
	/usr/local/go/src/encoding/gob/decode.go:121 +0x92
encoding/gob.(*Decoder).recvMessage(0xc824d2aa80, 0xc8286bbbe0)
	/usr/local/go/src/encoding/gob/decoder.go:76 +0x5e
encoding/gob.(*Decoder).decodeTypeSequence(0xc824d2aa80, 0x525e00, 0xc824d2aa80)
	/usr/local/go/src/encoding/gob/decoder.go:140 +0x47
encoding/gob.(*Decoder).DecodeValue(0xc824d2aa80, 0x3c49a0, 0xc823492270, 0x16, 0x0, 0x0)
	/usr/local/go/src/encoding/gob/decoder.go:208 +0x15d
encoding/gob.(*Decoder).Decode(0xc824d2aa80, 0x3c49a0, 0xc823492270, 0x0, 0x0)
	/usr/local/go/src/encoding/gob/decoder.go:185 +0x289
github.com/johntech-o/gorpc.(*ConnDriver).ReadRequestHeader(0xc8256a2750, 0xc823492270, 0x0, 0x0)
	/Users/johntech/code/gocode/src/github.com/johntech-o/gorpc/driverConn.go:87 +0x51
github.com/johntech-o/gorpc.(*Server).ServeLoop(0xc820114040, 0xc8256a2750)
	/Users/johntech/code/gocode/src/github.com/johntech-o/gorpc/server.go:76 +0x289
github.com/johntech-o/gorpc.(*Server).serveConn(0xc820114040, 0xc823220270)
	/Users/johntech/code/gocode/src/github.com/johntech-o/gorpc/server.go:63 +0x43
created by github.com/johntech-o/gorpc.(*Server).Serve
	/Users/johntech/code/gocode/src/github.com/johntech-o/gorpc/server.go:57 +0x98

goroutine 10552 [IO wait]:
net.runtime_pollWait(0x1876f00, 0x72, 0xc820012190)
	/usr/local/go/src/runtime/netpoll.go:157 +0x60
net.(*pollDesc).Wait(0xc824b0f790, 0x72, 0x0, 0x0)
	/usr/local/go/src/net/fd_poll_runtime.go:73 +0x3a
net.(*pollDesc).WaitRead(0xc824b0f790, 0x0, 0x0)
	/usr/local/go/src/net/fd_poll_runtime.go:78 +0x36
net.(*netFD).Read(0xc824b0f730, 0xc824e00000, 0x1000, 0x1000, 0x0, 0x7a0050, 0xc820012190)
	/usr/local/go/src/net/fd_unix.go:232 +0x23a
net.(*conn).Read(0xc823220278, 0xc824e00000, 0x1000, 0x1000, 0x18, 0x0, 0x0)
	/usr/local/go/src/net/net.go:172 +0xe4
github.com/johntech-o/gorpc.(*Connection).Read(0xc824ba5ec0, 0xc824e00000, 0x1000, 0x1000, 0x3, 0x0, 0x0)
	/Users/johntech/code/gocode/src/github.com/johntech-o/gorpc/driverConn.go:57 +0x5b
bufio.(*Reader).fill(0xc824da0780)
	/usr/local/go/src/bufio/bufio.go:97 +0x1e9
bufio.(*Reader).Read(0xc824da0780, 0xc822e3fdc0, 0x1, 0x9, 0xc8234922c0, 0x0, 0x0)
	/usr/local/go/src/bufio/bufio.go:207 +0x260
io.ReadAtLeast(0x7a5d58, 0xc824da0780, 0xc822e3fdc0, 0x1, 0x9, 0x1, 0x0, 0x0, 0x0)
	/usr/local/go/src/io/io.go:298 +0xe6
io.ReadFull(0x7a5d58, 0xc824da0780, 0xc822e3fdc0, 0x1, 0x9, 0xc824d2ab70, 0x0, 0x0)
	/usr/local/go/src/io/io.go:316 +0x62
encoding/gob.decodeUintReader(0x7a5d58, 0xc824da0780, 0xc822e3fdc0, 0x9, 0x9, 0x0, 0x1, 0x0, 0x0)
	/usr/local/go/src/encoding/gob/decode.go:121 +0x92
encoding/gob.(*Decoder).recvMessage(0xc824d2ab00, 0xc82b339bf0)
	/usr/local/go/src/encoding/gob/decoder.go:76 +0x5e
encoding/gob.(*Decoder).decodeTypeSequence(0xc824d2ab00, 0x525e00, 0xc824d2ab00)
	/usr/local/go/src/encoding/gob/decoder.go:140 +0x47
encoding/gob.(*Decoder).DecodeValue(0xc824d2ab00, 0x3c49a0, 0xc8234922d0, 0x16, 0x0, 0x0)
	/usr/local/go/src/encoding/gob/decoder.go:208 +0x15d
encoding/gob.(*Decoder).Decode(0xc824d2ab00, 0x3c49a0, 0xc8234922d0, 0x0, 0x0)
	/usr/local/go/src/encoding/gob/decoder.go:185 +0x289
github.com/johntech-o/gorpc.(*ConnDriver).ReadRequestHeader(0xc8201815f0, 0xc8234922d0, 0x0, 0x0)
	/Users/johntech/code/gocode/src/github.com/johntech-o/gorpc/driverConn.go:87 +0x51
github.com/johntech-o/gorpc.(*Server).ServeLoop(0xc820114040, 0xc8201815f0)
	/Users/johntech/code/gocode/src/github.com/johntech-o/gorpc/server.go:76 +0x289
github.com/johntech-o/gorpc.(*Server).serveConn(0xc820114040, 0xc823220278)
	/Users/johntech/code/gocode/src/github.com/johntech-o/gorpc/server.go:63 +0x43
created by github.com/johntech-o/gorpc.(*Server).Serve
	/Users/johntech/code/gocode/src/github.com/johntech-o/gorpc/server.go:57 +0x98

goroutine 10553 [IO wait]:
net.runtime_pollWait(0x1878dc0, 0x72, 0xc820012190)
	/usr/local/go/src/runtime/netpoll.go:157 +0x60
net.(*pollDesc).Wait(0xc824b0f800, 0x72, 0x0, 0x0)
	/usr/local/go/src/net/fd_poll_runtime.go:73 +0x3a
net.(*pollDesc).WaitRead(0xc824b0f800, 0x0, 0x0)
	/usr/local/go/src/net/fd_poll_runtime.go:78 +0x36
net.(*netFD).Read(0xc824b0f7a0, 0xc824e04000, 0x1000, 0x1000, 0x0, 0x7a0050, 0xc820012190)
	/usr/local/go/src/net/fd_unix.go:232 +0x23a
net.(*conn).Read(0xc823220280, 0xc824e04000, 0x1000, 0x1000, 0x18, 0x0, 0x0)
	/usr/local/go/src/net/net.go:172 +0xe4
github.com/johntech-o/gorpc.(*Connection).Read(0xc824ba5ed0, 0xc824e04000, 0x1000, 0x1000, 0x3, 0x0, 0x0)
	/Users/johntech/code/gocode/src/github.com/johntech-o/gorpc/driverConn.go:57 +0x5b
bufio.(*Reader).fill(0xc824da07e0)
	/usr/local/go/src/bufio/bufio.go:97 +0x1e9
bufio.(*Reader).Read(0xc824da07e0, 0xc824e4fc60, 0x1, 0x9, 0xc823199220, 0x0, 0x0)
	/usr/local/go/src/bufio/bufio.go:207 +0x260
io.ReadAtLeast(0x7a5d58, 0xc824da07e0, 0xc824e4fc60, 0x1, 0x9, 0x1, 0x0, 0x0, 0x0)
	/usr/local/go/src/io/io.go:298 +0xe6
io.ReadFull(0x7a5d58, 0xc824da07e0, 0xc824e4fc60, 0x1, 0x9, 0xc824d2abf0, 0x0, 0x0)
	/usr/local/go/src/io/io.go:316 +0x62
encoding/gob.decodeUintReader(0x7a5d58, 0xc824da07e0, 0xc824e4fc60, 0x9, 0x9, 0x0, 0x1, 0x0, 0x0)
	/usr/local/go/src/encoding/gob/decode.go:121 +0x92
encoding/gob.(*Decoder).recvMessage(0xc824d2ab80, 0xc824aa7be0)
	/usr/local/go/src/encoding/gob/decoder.go:76 +0x5e
encoding/gob.(*Decoder).decodeTypeSequence(0xc824d2ab80, 0x525e00, 0xc824d2ab80)
	/usr/local/go/src/encoding/gob/decoder.go:140 +0x47
encoding/gob.(*Decoder).DecodeValue(0xc824d2ab80, 0x3c49a0, 0xc823199230, 0x16, 0x0, 0x0)
	/usr/local/go/src/encoding/gob/decoder.go:208 +0x15d
encoding/gob.(*Decoder).Decode(0xc824d2ab80, 0x3c49a0, 0xc823199230, 0x0, 0x0)
	/usr/local/go/src/encoding/gob/decoder.go:185 +0x289
github.com/johntech-o/gorpc.(*ConnDriver).ReadRequestHeader(0xc824ac5710, 0xc823199230, 0x0, 0x0)
	/Users/johntech/code/gocode/src/github.com/johntech-o/gorpc/driverConn.go:87 +0x51
github.com/johntech-o/gorpc.(*Server).ServeLoop(0xc820114040, 0xc824ac5710)
	/Users/johntech/code/gocode/src/github.com/johntech-o/gorpc/server.go:76 +0x289
github.com/johntech-o/gorpc.(*Server).serveConn(0xc820114040, 0xc823220280)
	/Users/johntech/code/gocode/src/github.com/johntech-o/gorpc/server.go:63 +0x43
created by github.com/johntech-o/gorpc.(*Server).Serve
	/Users/johntech/code/gocode/src/github.com/johntech-o/gorpc/server.go:57 +0x98

goroutine 10554 [IO wait]:
net.runtime_pollWait(0x1878d00, 0x72, 0xc820012190)
	/usr/local/go/src/runtime/netpoll.go:157 +0x60
net.(*pollDesc).Wait(0xc824b0f870, 0x72, 0x0, 0x0)
	/usr/local/go/src/net/fd_poll_runtime.go:73 +0x3a
net.(*pollDesc).WaitRead(0xc824b0f870, 0x0, 0x0)
	/usr/local/go/src/net/fd_poll_runtime.go:78 +0x36
net.(*netFD).Read(0xc824b0f810, 0xc824e06000, 0x1000, 0x1000, 0x0, 0x7a0050, 0xc820012190)
	/usr/local/go/src/net/fd_unix.go:232 +0x23a
net.(*conn).Read(0xc823220288, 0xc824e06000, 0x1000, 0x1000, 0x18, 0x0, 0x0)
	/usr/local/go/src/net/net.go:172 +0xe4
github.com/johntech-o/gorpc.(*Connection).Read(0xc824ba5ee0, 0xc824e06000, 0x1000, 0x1000, 0x3, 0x0, 0x0)
	/Users/johntech/code/gocode/src/github.com/johntech-o/gorpc/driverConn.go:57 +0x5b
bufio.(*Reader).fill(0xc824da0840)
	/usr/local/go/src/bufio/bufio.go:97 +0x1e9
bufio.(*Reader).Read(0xc824da0840, 0xc824cf18e0, 0x1, 0x9, 0xc82317c740, 0x0, 0x0)
	/usr/local/go/src/bufio/bufio.go:207 +0x260
io.ReadAtLeast(0x7a5d58, 0xc824da0840, 0xc824cf18e0, 0x1, 0x9, 0x1, 0x0, 0x0, 0x0)
	/usr/local/go/src/io/io.go:298 +0xe6
io.ReadFull(0x7a5d58, 0xc824da0840, 0xc824cf18e0, 0x1, 0x9, 0xc824d2ac70, 0x0, 0x0)
	/usr/local/go/src/io/io.go:316 +0x62
encoding/gob.decodeUintReader(0x7a5d58, 0xc824da0840, 0xc824cf18e0, 0x9, 0x9, 0x0, 0x1, 0x0, 0x0)
	/usr/local/go/src/encoding/gob/decode.go:121 +0x92
encoding/gob.(*Decoder).recvMessage(0xc824d2ac00, 0xc82b9cabf0)
	/usr/local/go/src/encoding/gob/decoder.go:76 +0x5e
encoding/gob.(*Decoder).decodeTypeSequence(0xc824d2ac00, 0x525e00, 0xc824d2ac00)
	/usr/local/go/src/encoding/gob/decoder.go:140 +0x47
encoding/gob.(*Decoder).DecodeValue(0xc824d2ac00, 0x3c49a0, 0xc82317c750, 0x16, 0x0, 0x0)
	/usr/local/go/src/encoding/gob/decoder.go:208 +0x15d
encoding/gob.(*Decoder).Decode(0xc824d2ac00, 0x3c49a0, 0xc82317c750, 0x0, 0x0)
	/usr/local/go/src/encoding/gob/decoder.go:185 +0x289
github.com/johntech-o/gorpc.(*ConnDriver).ReadRequestHeader(0xc824a6cab0, 0xc82317c750, 0x0, 0x0)
	/Users/johntech/code/gocode/src/github.com/johntech-o/gorpc/driverConn.go:87 +0x51
github.com/johntech-o/gorpc.(*Server).ServeLoop(0xc820114040, 0xc824a6cab0)
	/Users/johntech/code/gocode/src/github.com/johntech-o/gorpc/server.go:76 +0x289
github.com/johntech-o/gorpc.(*Server).serveConn(0xc820114040, 0xc823220288)
	/Users/johntech/code/gocode/src/github.com/johntech-o/gorpc/server.go:63 +0x43
created by github.com/johntech-o/gorpc.(*Server).Serve
	/Users/johntech/code/gocode/src/github.com/johntech-o/gorpc/server.go:57 +0x98

goroutine 10555 [IO wait]:
net.runtime_pollWait(0x1878c40, 0x72, 0xc820012190)
	/usr/local/go/src/runtime/netpoll.go:157 +0x60
net.(*pollDesc).Wait(0xc824b0f8e0, 0x72, 0x0, 0x0)
	/usr/local/go/src/net/fd_poll_runtime.go:73 +0x3a
net.(*pollDesc).WaitRead(0xc824b0f8e0, 0x0, 0x0)
	/usr/local/go/src/net/fd_poll_runtime.go:78 +0x36
net.(*netFD).Read(0xc824b0f880, 0xc824e12000, 0x1000, 0x1000, 0x0, 0x7a0050, 0xc820012190)
	/usr/local/go/src/net/fd_unix.go:232 +0x23a
net.(*conn).Read(0xc823220290, 0xc824e12000, 0x1000, 0x1000, 0x18, 0x0, 0x0)
	/usr/local/go/src/net/net.go:172 +0xe4
github.com/johntech-o/gorpc.(*Connection).Read(0xc824ba5ef0, 0xc824e12000, 0x1000, 0x1000, 0x3, 0x0, 0x0)
	/Users/johntech/code/gocode/src/github.com/johntech-o/gorpc/driverConn.go:57 +0x5b
bufio.(*Reader).fill(0xc824da08a0)
	/usr/local/go/src/bufio/bufio.go:97 +0x1e9
bufio.(*Reader).Read(0xc824da08a0, 0xc82511c780, 0x1, 0x9, 0xc8312ddee0, 0x0, 0x0)
	/usr/local/go/src/bufio/bufio.go:207 +0x260
io.ReadAtLeast(0x7a5d58, 0xc824da08a0, 0xc82511c780, 0x1, 0x9, 0x1, 0x0, 0x0, 0x0)
	/usr/local/go/src/io/io.go:298 +0xe6
io.ReadFull(0x7a5d58, 0xc824da08a0, 0xc82511c780, 0x1, 0x9, 0xc824d2acf0, 0x0, 0x0)
	/usr/local/go/src/io/io.go:316 +0x62
encoding/gob.decodeUintReader(0x7a5d58, 0xc824da08a0, 0xc82511c780, 0x9, 0x9, 0x0, 0x1, 0x0, 0x0)
	/usr/local/go/src/encoding/gob/decode.go:121 +0x92
encoding/gob.(*Decoder).recvMessage(0xc824d2ac80, 0xc824e2fbf0)
	/usr/local/go/src/encoding/gob/decoder.go:76 +0x5e
encoding/gob.(*Decoder).decodeTypeSequence(0xc824d2ac80, 0x525e00, 0xc824d2ac80)
	/usr/local/go/src/encoding/gob/decoder.go:140 +0x47
encoding/gob.(*Decoder).DecodeValue(0xc824d2ac80, 0x3c49a0, 0xc8312ddef0, 0x16, 0x0, 0x0)
	/usr/local/go/src/encoding/gob/decoder.go:208 +0x15d
encoding/gob.(*Decoder).Decode(0xc824d2ac80, 0x3c49a0, 0xc8312ddef0, 0x0, 0x0)
	/usr/local/go/src/encoding/gob/decoder.go:185 +0x289
github.com/johntech-o/gorpc.(*ConnDriver).ReadRequestHeader(0xc824a6cbd0, 0xc8312ddef0, 0x0, 0x0)
	/Users/johntech/code/gocode/src/github.com/johntech-o/gorpc/driverConn.go:87 +0x51
github.com/johntech-o/gorpc.(*Server).ServeLoop(0xc820114040, 0xc824a6cbd0)
	/Users/johntech/code/gocode/src/github.com/johntech-o/gorpc/server.go:76 +0x289
github.com/johntech-o/gorpc.(*Server).serveConn(0xc820114040, 0xc823220290)
	/Users/johntech/code/gocode/src/github.com/johntech-o/gorpc/server.go:63 +0x43
created by github.com/johntech-o/gorpc.(*Server).Serve
	/Users/johntech/code/gocode/src/github.com/johntech-o/gorpc/server.go:57 +0x98

goroutine 10556 [IO wait]:
net.runtime_pollWait(0x1878b80, 0x72, 0xc820012190)
	/usr/local/go/src/runtime/netpoll.go:157 +0x60
net.(*pollDesc).Wait(0xc824b0f950, 0x72, 0x0, 0x0)
	/usr/local/go/src/net/fd_poll_runtime.go:73 +0x3a
net.(*pollDesc).WaitRead(0xc824b0f950, 0x0, 0x0)
	/usr/local/go/src/net/fd_poll_runtime.go:78 +0x36
net.(*netFD).Read(0xc824b0f8f0, 0xc824e14000, 0x1000, 0x1000, 0x0, 0x7a0050, 0xc820012190)
	/usr/local/go/src/net/fd_unix.go:232 +0x23a
net.(*conn).Read(0xc823220298, 0xc824e14000, 0x1000, 0x1000, 0x18, 0x0, 0x0)
	/usr/local/go/src/net/net.go:172 +0xe4
github.com/johntech-o/gorpc.(*Connection).Read(0xc824ba5f00, 0xc824e14000, 0x1000, 0x1000, 0x3, 0x0, 0x0)
	/Users/johntech/code/gocode/src/github.com/johntech-o/gorpc/driverConn.go:57 +0x5b
bufio.(*Reader).fill(0xc824da0900)
	/usr/local/go/src/bufio/bufio.go:97 +0x1e9
bufio.(*Reader).Read(0xc824da0900, 0xc8251825e0, 0x1, 0x9, 0xc82c4d7ee0, 0x0, 0x0)
	/usr/local/go/src/bufio/bufio.go:207 +0x260
io.ReadAtLeast(0x7a5d58, 0xc824da0900, 0xc8251825e0, 0x1, 0x9, 0x1, 0x0, 0x0, 0x0)
	/usr/local/go/src/io/io.go:298 +0xe6
io.ReadFull(0x7a5d58, 0xc824da0900, 0xc8251825e0, 0x1, 0x9, 0xc824d2ad70, 0x0, 0x0)
	/usr/local/go/src/io/io.go:316 +0x62
encoding/gob.decodeUintReader(0x7a5d58, 0xc824da0900, 0xc8251825e0, 0x9, 0x9, 0x0, 0x1, 0x0, 0x0)
	/usr/local/go/src/encoding/gob/decode.go:121 +0x92
encoding/gob.(*Decoder).recvMessage(0xc824d2ad00, 0xc8282fbbf0)
	/usr/local/go/src/encoding/gob/decoder.go:76 +0x5e
encoding/gob.(*Decoder).decodeTypeSequence(0xc824d2ad00, 0x525e00, 0xc824d2ad00)
	/usr/local/go/src/encoding/gob/decoder.go:140 +0x47
encoding/gob.(*Decoder).DecodeValue(0xc824d2ad00, 0x3c49a0, 0xc82c4d7ef0, 0x16, 0x0, 0x0)
	/usr/local/go/src/encoding/gob/decoder.go:208 +0x15d
encoding/gob.(*Decoder).Decode(0xc824d2ad00, 0x3c49a0, 0xc82c4d7ef0, 0x0, 0x0)
	/usr/local/go/src/encoding/gob/decoder.go:185 +0x289
github.com/johntech-o/gorpc.(*ConnDriver).ReadRequestHeader(0xc824a6ccf0, 0xc82c4d7ef0, 0x0, 0x0)
	/Users/johntech/code/gocode/src/github.com/johntech-o/gorpc/driverConn.go:87 +0x51
github.com/johntech-o/gorpc.(*Server).ServeLoop(0xc820114040, 0xc824a6ccf0)
	/Users/johntech/code/gocode/src/github.com/johntech-o/gorpc/server.go:76 +0x289
github.com/johntech-o/gorpc.(*Server).serveConn(0xc820114040, 0xc823220298)
	/Users/johntech/code/gocode/src/github.com/johntech-o/gorpc/server.go:63 +0x43
created by github.com/johntech-o/gorpc.(*Server).Serve
	/Users/johntech/code/gocode/src/github.com/johntech-o/gorpc/server.go:57 +0x98

goroutine 10557 [IO wait]:
net.runtime_pollWait(0x1878ac0, 0x72, 0xc820012190)
	/usr/local/go/src/runtime/netpoll.go:157 +0x60
net.(*pollDesc).Wait(0xc824b0f9c0, 0x72, 0x0, 0x0)
	/usr/local/go/src/net/fd_poll_runtime.go:73 +0x3a
net.(*pollDesc).WaitRead(0xc824b0f9c0, 0x0, 0x0)
	/usr/local/go/src/net/fd_poll_runtime.go:78 +0x36
net.(*netFD).Read(0xc824b0f960, 0xc824e16000, 0x1000, 0x1000, 0x0, 0x7a0050, 0xc820012190)
	/usr/local/go/src/net/fd_unix.go:232 +0x23a
net.(*conn).Read(0xc8232202a0, 0xc824e16000, 0x1000, 0x1000, 0x18, 0x0, 0x0)
	/usr/local/go/src/net/net.go:172 +0xe4
github.com/johntech-o/gorpc.(*Connection).Read(0xc824ba5f10, 0xc824e16000, 0x1000, 0x1000, 0x3, 0x0, 0x0)
	/Users/johntech/code/gocode/src/github.com/johntech-o/gorpc/driverConn.go:57 +0x5b
bufio.(*Reader).fill(0xc824da0960)
	/usr/local/go/src/bufio/bufio.go:97 +0x1e9
bufio.(*Reader).Read(0xc824da0960, 0xc8251833d0, 0x1, 0x9, 0xc82317c5c0, 0x0, 0x0)
	/usr/local/go/src/bufio/bufio.go:207 +0x260
io.ReadAtLeast(0x7a5d58, 0xc824da0960, 0xc8251833d0, 0x1, 0x9, 0x1, 0x0, 0x0, 0x0)
	/usr/local/go/src/io/io.go:298 +0xe6
io.ReadFull(0x7a5d58, 0xc824da0960, 0xc8251833d0, 0x1, 0x9, 0xc824d2adf0, 0x0, 0x0)
	/usr/local/go/src/io/io.go:316 +0x62
encoding/gob.decodeUintReader(0x7a5d58, 0xc824da0960, 0xc8251833d0, 0x9, 0x9, 0x0, 0x1, 0x0, 0x0)
	/usr/local/go/src/encoding/gob/decode.go:121 +0x92
encoding/gob.(*Decoder).recvMessage(0xc824d2ad80, 0xc822ea3be0)
	/usr/local/go/src/encoding/gob/decoder.go:76 +0x5e
encoding/gob.(*Decoder).decodeTypeSequence(0xc824d2ad80, 0x525e00, 0xc824d2ad80)
	/usr/local/go/src/encoding/gob/decoder.go:140 +0x47
encoding/gob.(*Decoder).DecodeValue(0xc824d2ad80, 0x3c49a0, 0xc82317c5d0, 0x16, 0x0, 0x0)
	/usr/local/go/src/encoding/gob/decoder.go:208 +0x15d
encoding/gob.(*Decoder).Decode(0xc824d2ad80, 0x3c49a0, 0xc82317c5d0, 0x0, 0x0)
	/usr/local/go/src/encoding/gob/decoder.go:185 +0x289
github.com/johntech-o/gorpc.(*ConnDriver).ReadRequestHeader(0xc824aaebd0, 0xc82317c5d0, 0x0, 0x0)
	/Users/johntech/code/gocode/src/github.com/johntech-o/gorpc/driverConn.go:87 +0x51
github.com/johntech-o/gorpc.(*Server).ServeLoop(0xc820114040, 0xc824aaebd0)
	/Users/johntech/code/gocode/src/github.com/johntech-o/gorpc/server.go:76 +0x289
github.com/johntech-o/gorpc.(*Server).serveConn(0xc820114040, 0xc8232202a0)
	/Users/johntech/code/gocode/src/github.com/johntech-o/gorpc/server.go:63 +0x43
created by github.com/johntech-o/gorpc.(*Server).Serve
	/Users/johntech/code/gocode/src/github.com/johntech-o/gorpc/server.go:57 +0x98

goroutine 10558 [IO wait]:
net.runtime_pollWait(0x1878a00, 0x72, 0xc820012190)
	/usr/local/go/src/runtime/netpoll.go:157 +0x60
net.(*pollDesc).Wait(0xc824b0fa30, 0x72, 0x0, 0x0)
	/usr/local/go/src/net/fd_poll_runtime.go:73 +0x3a
net.(*pollDesc).WaitRead(0xc824b0fa30, 0x0, 0x0)
	/usr/local/go/src/net/fd_poll_runtime.go:78 +0x36
net.(*netFD).Read(0xc824b0f9d0, 0xc824e18000, 0x1000, 0x1000, 0x0, 0x7a0050, 0xc820012190)
	/usr/local/go/src/net/fd_unix.go:232 +0x23a
net.(*conn).Read(0xc8232202a8, 0xc824e18000, 0x1000, 0x1000, 0x18, 0x0, 0x0)
	/usr/local/go/src/net/net.go:172 +0xe4
github.com/johntech-o/gorpc.(*Connection).Read(0xc824ba5f20, 0xc824e18000, 0x1000, 0x1000, 0x3, 0x0, 0x0)
	/Users/johntech/code/gocode/src/github.com/johntech-o/gorpc/driverConn.go:57 +0x5b
bufio.(*Reader).fill(0xc824da09c0)
	/usr/local/go/src/bufio/bufio.go:97 +0x1e9
bufio.(*Reader).Read(0xc824da09c0, 0xc82572ea70, 0x1, 0x9, 0xc823274950, 0x0, 0x0)
	/usr/local/go/src/bufio/bufio.go:207 +0x260
io.ReadAtLeast(0x7a5d58, 0xc824da09c0, 0xc82572ea70, 0x1, 0x9, 0x1, 0x0, 0x0, 0x0)
	/usr/local/go/src/io/io.go:298 +0xe6
io.ReadFull(0x7a5d58, 0xc824da09c0, 0xc82572ea70, 0x1, 0x9, 0xc824d2ae70, 0x0, 0x0)
	/usr/local/go/src/io/io.go:316 +0x62
encoding/gob.decodeUintReader(0x7a5d58, 0xc824da09c0, 0xc82572ea70, 0x9, 0x9, 0x0, 0x1, 0x0, 0x0)
	/usr/local/go/src/encoding/gob/decode.go:121 +0x92
encoding/gob.(*Decoder).recvMessage(0xc824d2ae00, 0xc828703be0)
	/usr/local/go/src/encoding/gob/decoder.go:76 +0x5e
encoding/gob.(*Decoder).decodeTypeSequence(0xc824d2ae00, 0x525e00, 0xc824d2ae00)
	/usr/local/go/src/encoding/gob/decoder.go:140 +0x47
encoding/gob.(*Decoder).DecodeValue(0xc824d2ae00, 0x3c49a0, 0xc823274960, 0x16, 0x0, 0x0)
	/usr/local/go/src/encoding/gob/decoder.go:208 +0x15d
encoding/gob.(*Decoder).Decode(0xc824d2ae00, 0x3c49a0, 0xc823274960, 0x0, 0x0)
	/usr/local/go/src/encoding/gob/decoder.go:185 +0x289
github.com/johntech-o/gorpc.(*ConnDriver).ReadRequestHeader(0xc8256a2120, 0xc823274960, 0x0, 0x0)
	/Users/johntech/code/gocode/src/github.com/johntech-o/gorpc/driverConn.go:87 +0x51
github.com/johntech-o/gorpc.(*Server).ServeLoop(0xc820114040, 0xc8256a2120)
	/Users/johntech/code/gocode/src/github.com/johntech-o/gorpc/server.go:76 +0x289
github.com/johntech-o/gorpc.(*Server).serveConn(0xc820114040, 0xc8232202a8)
	/Users/johntech/code/gocode/src/github.com/johntech-o/gorpc/server.go:63 +0x43
created by github.com/johntech-o/gorpc.(*Server).Serve
	/Users/johntech/code/gocode/src/github.com/johntech-o/gorpc/server.go:57 +0x98

goroutine 10559 [IO wait]:
net.runtime_pollWait(0x1878940, 0x72, 0xc820012190)
	/usr/local/go/src/runtime/netpoll.go:157 +0x60
net.(*pollDesc).Wait(0xc824b0faa0, 0x72, 0x0, 0x0)
	/usr/local/go/src/net/fd_poll_runtime.go:73 +0x3a
net.(*pollDesc).WaitRead(0xc824b0faa0, 0x0, 0x0)
	/usr/local/go/src/net/fd_poll_runtime.go:78 +0x36
net.(*netFD).Read(0xc824b0fa40, 0xc824e24000, 0x1000, 0x1000, 0x0, 0x7a0050, 0xc820012190)
	/usr/local/go/src/net/fd_unix.go:232 +0x23a
net.(*conn).Read(0xc8232202b0, 0xc824e24000, 0x1000, 0x1000, 0x18, 0x0, 0x0)
	/usr/local/go/src/net/net.go:172 +0xe4
github.com/johntech-o/gorpc.(*Connection).Read(0xc824ba5f30, 0xc824e24000, 0x1000, 0x1000, 0x3, 0x0, 0x0)
	/Users/johntech/code/gocode/src/github.com/johntech-o/gorpc/driverConn.go:57 +0x5b
bufio.(*Reader).fill(0xc824da0a20)
	/usr/local/go/src/bufio/bufio.go:97 +0x1e9
bufio.(*Reader).Read(0xc824da0a20, 0xc8257f0020, 0x1, 0x9, 0xc823044b30, 0x0, 0x0)
	/usr/local/go/src/bufio/bufio.go:207 +0x260
io.ReadAtLeast(0x7a5d58, 0xc824da0a20, 0xc8257f0020, 0x1, 0x9, 0x1, 0x0, 0x0, 0x0)
	/usr/local/go/src/io/io.go:298 +0xe6
io.ReadFull(0x7a5d58, 0xc824da0a20, 0xc8257f0020, 0x1, 0x9, 0xc824d2aef0, 0x0, 0x0)
	/usr/local/go/src/io/io.go:316 +0x62
encoding/gob.decodeUintReader(0x7a5d58, 0xc824da0a20, 0xc8257f0020, 0x9, 0x9, 0x0, 0x1, 0x0, 0x0)
	/usr/local/go/src/encoding/gob/decode.go:121 +0x92
encoding/gob.(*Decoder).recvMessage(0xc824d2ae80, 0xc82913dbf0)
	/usr/local/go/src/encoding/gob/decoder.go:76 +0x5e
encoding/gob.(*Decoder).decodeTypeSequence(0xc824d2ae80, 0x525e00, 0xc824d2ae80)
	/usr/local/go/src/encoding/gob/decoder.go:140 +0x47
encoding/gob.(*Decoder).DecodeValue(0xc824d2ae80, 0x3c49a0, 0xc823044b40, 0x16, 0x0, 0x0)
	/usr/local/go/src/encoding/gob/decoder.go:208 +0x15d
encoding/gob.(*Decoder).Decode(0xc824d2ae80, 0x3c49a0, 0xc823044b40, 0x0, 0x0)
	/usr/local/go/src/encoding/gob/decoder.go:185 +0x289
github.com/johntech-o/gorpc.(*ConnDriver).ReadRequestHeader(0xc8230ee000, 0xc823044b40, 0x0, 0x0)
	/Users/johntech/code/gocode/src/github.com/johntech-o/gorpc/driverConn.go:87 +0x51
github.com/johntech-o/gorpc.(*Server).ServeLoop(0xc820114040, 0xc8230ee000)
	/Users/johntech/code/gocode/src/github.com/johntech-o/gorpc/server.go:76 +0x289
github.com/johntech-o/gorpc.(*Server).serveConn(0xc820114040, 0xc8232202b0)
	/Users/johntech/code/gocode/src/github.com/johntech-o/gorpc/server.go:63 +0x43
created by github.com/johntech-o/gorpc.(*Server).Serve
	/Users/johntech/code/gocode/src/github.com/johntech-o/gorpc/server.go:57 +0x98

goroutine 10560 [IO wait]:
net.runtime_pollWait(0x1878880, 0x72, 0xc820012190)
	/usr/local/go/src/runtime/netpoll.go:157 +0x60
net.(*pollDesc).Wait(0xc824b0fb10, 0x72, 0x0, 0x0)
	/usr/local/go/src/net/fd_poll_runtime.go:73 +0x3a
net.(*pollDesc).WaitRead(0xc824b0fb10, 0x0, 0x0)
	/usr/local/go/src/net/fd_poll_runtime.go:78 +0x36
net.(*netFD).Read(0xc824b0fab0, 0xc824e26000, 0x1000, 0x1000, 0x0, 0x7a0050, 0xc820012190)
	/usr/local/go/src/net/fd_unix.go:232 +0x23a
net.(*conn).Read(0xc8232202b8, 0xc824e26000, 0x1000, 0x1000, 0x18, 0x0, 0x0)
	/usr/local/go/src/net/net.go:172 +0xe4
github.com/johntech-o/gorpc.(*Connection).Read(0xc824ba5f40, 0xc824e26000, 0x1000, 0x1000, 0x3, 0x0, 0x0)
	/Users/johntech/code/gocode/src/github.com/johntech-o/gorpc/driverConn.go:57 +0x5b
bufio.(*Reader).fill(0xc824da0a80)
	/usr/local/go/src/bufio/bufio.go:97 +0x1e9
bufio.(*Reader).Read(0xc824da0a80, 0xc82331dc00, 0x1, 0x9, 0xc823161010, 0x0, 0x0)
	/usr/local/go/src/bufio/bufio.go:207 +0x260
io.ReadAtLeast(0x7a5d58, 0xc824da0a80, 0xc82331dc00, 0x1, 0x9, 0x1, 0x0, 0x0, 0x0)
	/usr/local/go/src/io/io.go:298 +0xe6
io.ReadFull(0x7a5d58, 0xc824da0a80, 0xc82331dc00, 0x1, 0x9, 0xc824d2af70, 0x0, 0x0)
	/usr/local/go/src/io/io.go:316 +0x62
encoding/gob.decodeUintReader(0x7a5d58, 0xc824da0a80, 0xc82331dc00, 0x9, 0x9, 0x0, 0x1, 0x0, 0x0)
	/usr/local/go/src/encoding/gob/decode.go:121 +0x92
encoding/gob.(*Decoder).recvMessage(0xc824d2af00, 0xc82913bbf0)
	/usr/local/go/src/encoding/gob/decoder.go:76 +0x5e
encoding/gob.(*Decoder).decodeTypeSequence(0xc824d2af00, 0x525e00, 0xc824d2af00)
	/usr/local/go/src/encoding/gob/decoder.go:140 +0x47
encoding/gob.(*Decoder).DecodeValue(0xc824d2af00, 0x3c49a0, 0xc823161140, 0x16, 0x0, 0x0)
	/usr/local/go/src/encoding/gob/decoder.go:208 +0x15d
encoding/gob.(*Decoder).Decode(0xc824d2af00, 0x3c49a0, 0xc823161140, 0x0, 0x0)
	/usr/local/go/src/encoding/gob/decoder.go:185 +0x289
github.com/johntech-o/gorpc.(*ConnDriver).ReadRequestHeader(0xc8230ef0e0, 0xc823161140, 0x0, 0x0)
	/Users/johntech/code/gocode/src/github.com/johntech-o/gorpc/driverConn.go:87 +0x51
github.com/johntech-o/gorpc.(*Server).ServeLoop(0xc820114040, 0xc8230ef0e0)
	/Users/johntech/code/gocode/src/github.com/johntech-o/gorpc/server.go:76 +0x289
github.com/johntech-o/gorpc.(*Server).serveConn(0xc820114040, 0xc8232202b8)
	/Users/johntech/code/gocode/src/github.com/johntech-o/gorpc/server.go:63 +0x43
created by github.com/johntech-o/gorpc.(*Server).Serve
	/Users/johntech/code/gocode/src/github.com/johntech-o/gorpc/server.go:57 +0x98

goroutine 10561 [IO wait]:
net.runtime_pollWait(0x18787c0, 0x72, 0xc820012190)
	/usr/local/go/src/runtime/netpoll.go:157 +0x60
net.(*pollDesc).Wait(0xc824b0fb80, 0x72, 0x0, 0x0)
	/usr/local/go/src/net/fd_poll_runtime.go:73 +0x3a
net.(*pollDesc).WaitRead(0xc824b0fb80, 0x0, 0x0)
	/usr/local/go/src/net/fd_poll_runtime.go:78 +0x36
net.(*netFD).Read(0xc824b0fb20, 0xc824e28000, 0x1000, 0x1000, 0x0, 0x7a0050, 0xc820012190)
	/usr/local/go/src/net/fd_unix.go:232 +0x23a
net.(*conn).Read(0xc8232202c0, 0xc824e28000, 0x1000, 0x1000, 0x18, 0x0, 0x0)
	/usr/local/go/src/net/net.go:172 +0xe4
github.com/johntech-o/gorpc.(*Connection).Read(0xc824ba5f50, 0xc824e28000, 0x1000, 0x1000, 0x3, 0x0, 0x0)
	/Users/johntech/code/gocode/src/github.com/johntech-o/gorpc/driverConn.go:57 +0x5b
bufio.(*Reader).fill(0xc824da0ae0)
	/usr/local/go/src/bufio/bufio.go:97 +0x1e9
bufio.(*Reader).Read(0xc824da0ae0, 0xc825ad4870, 0x1, 0x9, 0xc824b9d9a0, 0x0, 0x0)
	/usr/local/go/src/bufio/bufio.go:207 +0x260
io.ReadAtLeast(0x7a5d58, 0xc824da0ae0, 0xc825ad4870, 0x1, 0x9, 0x1, 0x0, 0x0, 0x0)
	/usr/local/go/src/io/io.go:298 +0xe6
io.ReadFull(0x7a5d58, 0xc824da0ae0, 0xc825ad4870, 0x1, 0x9, 0xc824d2aff0, 0x0, 0x0)
	/usr/local/go/src/io/io.go:316 +0x62
encoding/gob.decodeUintReader(0x7a5d58, 0xc824da0ae0, 0xc825ad4870, 0x9, 0x9, 0x0, 0x1, 0x0, 0x0)
	/usr/local/go/src/encoding/gob/decode.go:121 +0x92
encoding/gob.(*Decoder).recvMessage(0xc824d2af80, 0xc829123bf0)
	/usr/local/go/src/encoding/gob/decoder.go:76 +0x5e
encoding/gob.(*Decoder).decodeTypeSequence(0xc824d2af80, 0x525e00, 0xc824d2af80)
	/usr/local/go/src/encoding/gob/decoder.go:140 +0x47
encoding/gob.(*Decoder).DecodeValue(0xc824d2af80, 0x3c49a0, 0xc824b9d9b0, 0x16, 0x0, 0x0)
	/usr/local/go/src/encoding/gob/decoder.go:208 +0x15d
encoding/gob.(*Decoder).Decode(0xc824d2af80, 0x3c49a0, 0xc824b9d9b0, 0x0, 0x0)
	/usr/local/go/src/encoding/gob/decoder.go:185 +0x289
github.com/johntech-o/gorpc.(*ConnDriver).ReadRequestHeader(0xc820181a70, 0xc824b9d9b0, 0x0, 0x0)
	/Users/johntech/code/gocode/src/github.com/johntech-o/gorpc/driverConn.go:87 +0x51
github.com/johntech-o/gorpc.(*Server).ServeLoop(0xc820114040, 0xc820181a70)
	/Users/johntech/code/gocode/src/github.com/johntech-o/gorpc/server.go:76 +0x289
github.com/johntech-o/gorpc.(*Server).serveConn(0xc820114040, 0xc8232202c0)
	/Users/johntech/code/gocode/src/github.com/johntech-o/gorpc/server.go:63 +0x43
created by github.com/johntech-o/gorpc.(*Server).Serve
	/Users/johntech/code/gocode/src/github.com/johntech-o/gorpc/server.go:57 +0x98

goroutine 10578 [IO wait]:
net.runtime_pollWait(0x1878700, 0x72, 0xc820012190)
	/usr/local/go/src/runtime/netpoll.go:157 +0x60
net.(*pollDesc).Wait(0xc824b0fbf0, 0x72, 0x0, 0x0)
	/usr/local/go/src/net/fd_poll_runtime.go:73 +0x3a
net.(*pollDesc).WaitRead(0xc824b0fbf0, 0x0, 0x0)
	/usr/local/go/src/net/fd_poll_runtime.go:78 +0x36
net.(*netFD).Read(0xc824b0fb90, 0xc824e2a000, 0x1000, 0x1000, 0x0, 0x7a0050, 0xc820012190)
	/usr/local/go/src/net/fd_unix.go:232 +0x23a
net.(*conn).Read(0xc8232202c8, 0xc824e2a000, 0x1000, 0x1000, 0x18, 0x0, 0x0)
	/usr/local/go/src/net/net.go:172 +0xe4
github.com/johntech-o/gorpc.(*Connection).Read(0xc824ba5f60, 0xc824e2a000, 0x1000, 0x1000, 0x3, 0x0, 0x0)
	/Users/johntech/code/gocode/src/github.com/johntech-o/gorpc/driverConn.go:57 +0x5b
bufio.(*Reader).fill(0xc824da0b40)
	/usr/local/go/src/bufio/bufio.go:97 +0x1e9
bufio.(*Reader).Read(0xc824da0b40, 0xc8255f0250, 0x1, 0x9, 0xc82c4d76d0, 0x0, 0x0)
	/usr/local/go/src/bufio/bufio.go:207 +0x260
io.ReadAtLeast(0x7a5d58, 0xc824da0b40, 0xc8255f0250, 0x1, 0x9, 0x1, 0x0, 0x0, 0x0)
	/usr/local/go/src/io/io.go:298 +0xe6
io.ReadFull(0x7a5d58, 0xc824da0b40, 0xc8255f0250, 0x1, 0x9, 0xc824d2b070, 0x0, 0x0)
	/usr/local/go/src/io/io.go:316 +0x62
encoding/gob.decodeUintReader(0x7a5d58, 0xc824da0b40, 0xc8255f0250, 0x9, 0x9, 0x0, 0x1, 0x0, 0x0)
	/usr/local/go/src/encoding/gob/decode.go:121 +0x92
encoding/gob.(*Decoder).recvMessage(0xc824d2b000, 0xc82913ebf0)
	/usr/local/go/src/encoding/gob/decoder.go:76 +0x5e
encoding/gob.(*Decoder).decodeTypeSequence(0xc824d2b000, 0x525e00, 0xc824d2b000)
	/usr/local/go/src/encoding/gob/decoder.go:140 +0x47
encoding/gob.(*Decoder).DecodeValue(0xc824d2b000, 0x3c49a0, 0xc82c4d76e0, 0x16, 0x0, 0x0)
	/usr/local/go/src/encoding/gob/decoder.go:208 +0x15d
encoding/gob.(*Decoder).Decode(0xc824d2b000, 0x3c49a0, 0xc82c4d76e0, 0x0, 0x0)
	/usr/local/go/src/encoding/gob/decoder.go:185 +0x289
github.com/johntech-o/gorpc.(*ConnDriver).ReadRequestHeader(0xc824a6cfc0, 0xc82c4d76e0, 0x0, 0x0)
	/Users/johntech/code/gocode/src/github.com/johntech-o/gorpc/driverConn.go:87 +0x51
github.com/johntech-o/gorpc.(*Server).ServeLoop(0xc820114040, 0xc824a6cfc0)
	/Users/johntech/code/gocode/src/github.com/johntech-o/gorpc/server.go:76 +0x289
github.com/johntech-o/gorpc.(*Server).serveConn(0xc820114040, 0xc8232202c8)
	/Users/johntech/code/gocode/src/github.com/johntech-o/gorpc/server.go:63 +0x43
created by github.com/johntech-o/gorpc.(*Server).Serve
	/Users/johntech/code/gocode/src/github.com/johntech-o/gorpc/server.go:57 +0x98

goroutine 10579 [IO wait]:
net.runtime_pollWait(0x1878640, 0x72, 0xc820012190)
	/usr/local/go/src/runtime/netpoll.go:157 +0x60
net.(*pollDesc).Wait(0xc824b0fc60, 0x72, 0x0, 0x0)
	/usr/local/go/src/net/fd_poll_runtime.go:73 +0x3a
net.(*pollDesc).WaitRead(0xc824b0fc60, 0x0, 0x0)
	/usr/local/go/src/net/fd_poll_runtime.go:78 +0x36
net.(*netFD).Read(0xc824b0fc00, 0xc824e34000, 0x1000, 0x1000, 0x0, 0x7a0050, 0xc820012190)
	/usr/local/go/src/net/fd_unix.go:232 +0x23a
net.(*conn).Read(0xc8232202d0, 0xc824e34000, 0x1000, 0x1000, 0x18, 0x0, 0x0)
	/usr/local/go/src/net/net.go:172 +0xe4
github.com/johntech-o/gorpc.(*Connection).Read(0xc824ba5f70, 0xc824e34000, 0x1000, 0x1000, 0x3, 0x0, 0x0)
	/Users/johntech/code/gocode/src/github.com/johntech-o/gorpc/driverConn.go:57 +0x5b
bufio.(*Reader).fill(0xc824da0ba0)
	/usr/local/go/src/bufio/bufio.go:97 +0x1e9
bufio.(*Reader).Read(0xc824da0ba0, 0xc824a8a6d0, 0x1, 0x9, 0xc822ec2aa0, 0x0, 0x0)
	/usr/local/go/src/bufio/bufio.go:207 +0x260
io.ReadAtLeast(0x7a5d58, 0xc824da0ba0, 0xc824a8a6d0, 0x1, 0x9, 0x1, 0x0, 0x0, 0x0)
	/usr/local/go/src/io/io.go:298 +0xe6
io.ReadFull(0x7a5d58, 0xc824da0ba0, 0xc824a8a6d0, 0x1, 0x9, 0xc824d2b0f0, 0x0, 0x0)
	/usr/local/go/src/io/io.go:316 +0x62
encoding/gob.decodeUintReader(0x7a5d58, 0xc824da0ba0, 0xc824a8a6d0, 0x9, 0x9, 0x0, 0x1, 0x0, 0x0)
	/usr/local/go/src/encoding/gob/decode.go:121 +0x92
encoding/gob.(*Decoder).recvMessage(0xc824d2b080, 0xc82b9acbf0)
	/usr/local/go/src/encoding/gob/decoder.go:76 +0x5e
encoding/gob.(*Decoder).decodeTypeSequence(0xc824d2b080, 0x525e00, 0xc824d2b080)
	/usr/local/go/src/encoding/gob/decoder.go:140 +0x47
encoding/gob.(*Decoder).DecodeValue(0xc824d2b080, 0x3c49a0, 0xc822ec2ab0, 0x16, 0x0, 0x0)
	/usr/local/go/src/encoding/gob/decoder.go:208 +0x15d
encoding/gob.(*Decoder).Decode(0xc824d2b080, 0x3c49a0, 0xc822ec2ab0, 0x0, 0x0)
	/usr/local/go/src/encoding/gob/decoder.go:185 +0x289
github.com/johntech-o/gorpc.(*ConnDriver).ReadRequestHeader(0xc8230ef050, 0xc822ec2ab0, 0x0, 0x0)
	/Users/johntech/code/gocode/src/github.com/johntech-o/gorpc/driverConn.go:87 +0x51
github.com/johntech-o/gorpc.(*Server).ServeLoop(0xc820114040, 0xc8230ef050)
	/Users/johntech/code/gocode/src/github.com/johntech-o/gorpc/server.go:76 +0x289
github.com/johntech-o/gorpc.(*Server).serveConn(0xc820114040, 0xc8232202d0)
	/Users/johntech/code/gocode/src/github.com/johntech-o/gorpc/server.go:63 +0x43
created by github.com/johntech-o/gorpc.(*Server).Serve
	/Users/johntech/code/gocode/src/github.com/johntech-o/gorpc/server.go:57 +0x98

goroutine 10580 [IO wait]:
net.runtime_pollWait(0x1878580, 0x72, 0xc820012190)
	/usr/local/go/src/runtime/netpoll.go:157 +0x60
net.(*pollDesc).Wait(0xc824b0fcd0, 0x72, 0x0, 0x0)
	/usr/local/go/src/net/fd_poll_runtime.go:73 +0x3a
net.(*pollDesc).WaitRead(0xc824b0fcd0, 0x0, 0x0)
	/usr/local/go/src/net/fd_poll_runtime.go:78 +0x36
net.(*netFD).Read(0xc824b0fc70, 0xc824e36000, 0x1000, 0x1000, 0x0, 0x7a0050, 0xc820012190)
	/usr/local/go/src/net/fd_unix.go:232 +0x23a
net.(*conn).Read(0xc8232202d8, 0xc824e36000, 0x1000, 0x1000, 0x18, 0x0, 0x0)
	/usr/local/go/src/net/net.go:172 +0xe4
github.com/johntech-o/gorpc.(*Connection).Read(0xc824ba5f80, 0xc824e36000, 0x1000, 0x1000, 0x3, 0x0, 0x0)
	/Users/johntech/code/gocode/src/github.com/johntech-o/gorpc/driverConn.go:57 +0x5b
bufio.(*Reader).fill(0xc824da0c00)
	/usr/local/go/src/bufio/bufio.go:97 +0x1e9
bufio.(*Reader).Read(0xc824da0c00, 0xc825669230, 0x1, 0x9, 0xc824b9d3d0, 0x0, 0x0)
	/usr/local/go/src/bufio/bufio.go:207 +0x260
io.ReadAtLeast(0x7a5d58, 0xc824da0c00, 0xc825669230, 0x1, 0x9, 0x1, 0x0, 0x0, 0x0)
	/usr/local/go/src/io/io.go:298 +0xe6
io.ReadFull(0x7a5d58, 0xc824da0c00, 0xc825669230, 0x1, 0x9, 0xc824d2b170, 0x0, 0x0)
	/usr/local/go/src/io/io.go:316 +0x62
encoding/gob.decodeUintReader(0x7a5d58, 0xc824da0c00, 0xc825669230, 0x9, 0x9, 0x0, 0x1, 0x0, 0x0)
	/usr/local/go/src/encoding/gob/decode.go:121 +0x92
encoding/gob.(*Decoder).recvMessage(0xc824d2b100, 0xc82b99ebf0)
	/usr/local/go/src/encoding/gob/decoder.go:76 +0x5e
encoding/gob.(*Decoder).decodeTypeSequence(0xc824d2b100, 0x525e00, 0xc824d2b100)
	/usr/local/go/src/encoding/gob/decoder.go:140 +0x47
encoding/gob.(*Decoder).DecodeValue(0xc824d2b100, 0x3c49a0, 0xc824b9d3e0, 0x16, 0x0, 0x0)
	/usr/local/go/src/encoding/gob/decoder.go:208 +0x15d
encoding/gob.(*Decoder).Decode(0xc824d2b100, 0x3c49a0, 0xc824b9d3e0, 0x0, 0x0)
	/usr/local/go/src/encoding/gob/decoder.go:185 +0x289
github.com/johntech-o/gorpc.(*ConnDriver).ReadRequestHeader(0xc8256a2090, 0xc824b9d3e0, 0x0, 0x0)
	/Users/johntech/code/gocode/src/github.com/johntech-o/gorpc/driverConn.go:87 +0x51
github.com/johntech-o/gorpc.(*Server).ServeLoop(0xc820114040, 0xc8256a2090)
	/Users/johntech/code/gocode/src/github.com/johntech-o/gorpc/server.go:76 +0x289
github.com/johntech-o/gorpc.(*Server).serveConn(0xc820114040, 0xc8232202d8)
	/Users/johntech/code/gocode/src/github.com/johntech-o/gorpc/server.go:63 +0x43
created by github.com/johntech-o/gorpc.(*Server).Serve
	/Users/johntech/code/gocode/src/github.com/johntech-o/gorpc/server.go:57 +0x98

goroutine 10581 [IO wait]:
net.runtime_pollWait(0x18784c0, 0x72, 0xc820012190)
	/usr/local/go/src/runtime/netpoll.go:157 +0x60
net.(*pollDesc).Wait(0xc824b0fd40, 0x72, 0x0, 0x0)
	/usr/local/go/src/net/fd_poll_runtime.go:73 +0x3a
net.(*pollDesc).WaitRead(0xc824b0fd40, 0x0, 0x0)
	/usr/local/go/src/net/fd_poll_runtime.go:78 +0x36
net.(*netFD).Read(0xc824b0fce0, 0xc824e38000, 0x1000, 0x1000, 0x0, 0x7a0050, 0xc820012190)
	/usr/local/go/src/net/fd_unix.go:232 +0x23a
net.(*conn).Read(0xc8232202e0, 0xc824e38000, 0x1000, 0x1000, 0x18, 0x0, 0x0)
	/usr/local/go/src/net/net.go:172 +0xe4
github.com/johntech-o/gorpc.(*Connection).Read(0xc824ba5f90, 0xc824e38000, 0x1000, 0x1000, 0x3, 0x0, 0x0)
	/Users/johntech/code/gocode/src/github.com/johntech-o/gorpc/driverConn.go:57 +0x5b
bufio.(*Reader).fill(0xc824da0c60)
	/usr/local/go/src/bufio/bufio.go:97 +0x1e9
bufio.(*Reader).Read(0xc824da0c60, 0xc82575c330, 0x1, 0x9, 0xc823275f10, 0x0, 0x0)
	/usr/local/go/src/bufio/bufio.go:207 +0x260
io.ReadAtLeast(0x7a5d58, 0xc824da0c60, 0xc82575c330, 0x1, 0x9, 0x1, 0x0, 0x0, 0x0)
	/usr/local/go/src/io/io.go:298 +0xe6
io.ReadFull(0x7a5d58, 0xc824da0c60, 0xc82575c330, 0x1, 0x9, 0xc824d2b1f0, 0x0, 0x0)
	/usr/local/go/src/io/io.go:316 +0x62
encoding/gob.decodeUintReader(0x7a5d58, 0xc824da0c60, 0xc82575c330, 0x9, 0x9, 0x0, 0x1, 0x0, 0x0)
	/usr/local/go/src/encoding/gob/decode.go:121 +0x92
encoding/gob.(*Decoder).recvMessage(0xc824d2b180, 0xc82d35ebf0)
	/usr/local/go/src/encoding/gob/decoder.go:76 +0x5e
encoding/gob.(*Decoder).decodeTypeSequence(0xc824d2b180, 0x525e00, 0xc824d2b180)
	/usr/local/go/src/encoding/gob/decoder.go:140 +0x47
encoding/gob.(*Decoder).DecodeValue(0xc824d2b180, 0x3c49a0, 0xc823275f20, 0x16, 0x0, 0x0)
	/usr/local/go/src/encoding/gob/decoder.go:208 +0x15d
encoding/gob.(*Decoder).Decode(0xc824d2b180, 0x3c49a0, 0xc823275f20, 0x0, 0x0)
	/usr/local/go/src/encoding/gob/decoder.go:185 +0x289
github.com/johntech-o/gorpc.(*ConnDriver).ReadRequestHeader(0xc8256a2240, 0xc823275f20, 0x0, 0x0)
	/Users/johntech/code/gocode/src/github.com/johntech-o/gorpc/driverConn.go:87 +0x51
github.com/johntech-o/gorpc.(*Server).ServeLoop(0xc820114040, 0xc8256a2240)
	/Users/johntech/code/gocode/src/github.com/johntech-o/gorpc/server.go:76 +0x289
github.com/johntech-o/gorpc.(*Server).serveConn(0xc820114040, 0xc8232202e0)
	/Users/johntech/code/gocode/src/github.com/johntech-o/gorpc/server.go:63 +0x43
created by github.com/johntech-o/gorpc.(*Server).Serve
	/Users/johntech/code/gocode/src/github.com/johntech-o/gorpc/server.go:57 +0x98

goroutine 10582 [IO wait]:
net.runtime_pollWait(0x1878400, 0x72, 0xc820012190)
	/usr/local/go/src/runtime/netpoll.go:157 +0x60
net.(*pollDesc).Wait(0xc824b0fdb0, 0x72, 0x0, 0x0)
	/usr/local/go/src/net/fd_poll_runtime.go:73 +0x3a
net.(*pollDesc).WaitRead(0xc824b0fdb0, 0x0, 0x0)
	/usr/local/go/src/net/fd_poll_runtime.go:78 +0x36
net.(*netFD).Read(0xc824b0fd50, 0xc824e3a000, 0x1000, 0x1000, 0x0, 0x7a0050, 0xc820012190)
	/usr/local/go/src/net/fd_unix.go:232 +0x23a
net.(*conn).Read(0xc8232202e8, 0xc824e3a000, 0x1000, 0x1000, 0xc831265870, 0x0, 0x0)
	/usr/local/go/src/net/net.go:172 +0xe4
github.com/johntech-o/gorpc.(*Connection).Read(0xc824ba5fa0, 0xc824e3a000, 0x1000, 0x1000, 0x3, 0x0, 0x0)
	/Users/johntech/code/gocode/src/github.com/johntech-o/gorpc/driverConn.go:57 +0x5b
bufio.(*Reader).fill(0xc824da0cc0)
	/usr/local/go/src/bufio/bufio.go:97 +0x1e9
bufio.(*Reader).Read(0xc824da0cc0, 0xc8256c0ec0, 0x1, 0x9, 0xc820102480, 0x0, 0x0)
	/usr/local/go/src/bufio/bufio.go:207 +0x260
io.ReadAtLeast(0x7a5d58, 0xc824da0cc0, 0xc8256c0ec0, 0x1, 0x9, 0x1, 0x0, 0x0, 0x0)
	/usr/local/go/src/io/io.go:298 +0xe6
io.ReadFull(0x7a5d58, 0xc824da0cc0, 0xc8256c0ec0, 0x1, 0x9, 0xc824d2b270, 0x0, 0x0)
	/usr/local/go/src/io/io.go:316 +0x62
encoding/gob.decodeUintReader(0x7a5d58, 0xc824da0cc0, 0xc8256c0ec0, 0x9, 0x9, 0x0, 0x1, 0x0, 0x0)
	/usr/local/go/src/encoding/gob/decode.go:121 +0x92
encoding/gob.(*Decoder).recvMessage(0xc824d2b200, 0xc82c17cbf0)
	/usr/local/go/src/encoding/gob/decoder.go:76 +0x5e
encoding/gob.(*Decoder).decodeTypeSequence(0xc824d2b200, 0x525e00, 0xc824d2b200)
	/usr/local/go/src/encoding/gob/decoder.go:140 +0x47
encoding/gob.(*Decoder).DecodeValue(0xc824d2b200, 0x3c49a0, 0xc8312e8120, 0x16, 0x0, 0x0)
	/usr/local/go/src/encoding/gob/decoder.go:208 +0x15d
encoding/gob.(*Decoder).Decode(0xc824d2b200, 0x3c49a0, 0xc8312e8120, 0x0, 0x0)
	/usr/local/go/src/encoding/gob/decoder.go:185 +0x289
github.com/johntech-o/gorpc.(*ConnDriver).ReadRequestHeader(0xc8230ef440, 0xc8312e8120, 0x0, 0x0)
	/Users/johntech/code/gocode/src/github.com/johntech-o/gorpc/driverConn.go:87 +0x51
github.com/johntech-o/gorpc.(*Server).ServeLoop(0xc820114040, 0xc8230ef440)
	/Users/johntech/code/gocode/src/github.com/johntech-o/gorpc/server.go:76 +0x289
github.com/johntech-o/gorpc.(*Server).serveConn(0xc820114040, 0xc8232202e8)
	/Users/johntech/code/gocode/src/github.com/johntech-o/gorpc/server.go:63 +0x43
created by github.com/johntech-o/gorpc.(*Server).Serve
	/Users/johntech/code/gocode/src/github.com/johntech-o/gorpc/server.go:57 +0x98

goroutine 10583 [IO wait]:
net.runtime_pollWait(0x1878340, 0x72, 0xc820012190)
	/usr/local/go/src/runtime/netpoll.go:157 +0x60
net.(*pollDesc).Wait(0xc824b0fe20, 0x72, 0x0, 0x0)
	/usr/local/go/src/net/fd_poll_runtime.go:73 +0x3a
net.(*pollDesc).WaitRead(0xc824b0fe20, 0x0, 0x0)
	/usr/local/go/src/net/fd_poll_runtime.go:78 +0x36
net.(*netFD).Read(0xc824b0fdc0, 0xc824e3c000, 0x1000, 0x1000, 0x0, 0x7a0050, 0xc820012190)
	/usr/local/go/src/net/fd_unix.go:232 +0x23a
net.(*conn).Read(0xc8232202f0, 0xc824e3c000, 0x1000, 0x1000, 0x18, 0x0, 0x0)
	/usr/local/go/src/net/net.go:172 +0xe4
github.com/johntech-o/gorpc.(*Connection).Read(0xc824ba5fb0, 0xc824e3c000, 0x1000, 0x1000, 0x3, 0x0, 0x0)
	/Users/johntech/code/gocode/src/github.com/johntech-o/gorpc/driverConn.go:57 +0x5b
bufio.(*Reader).fill(0xc824da0d20)
	/usr/local/go/src/bufio/bufio.go:97 +0x1e9
bufio.(*Reader).Read(0xc824da0d20, 0xc82572e9f0, 0x1, 0x9, 0xc823275e50, 0x0, 0x0)
	/usr/local/go/src/bufio/bufio.go:207 +0x260
io.ReadAtLeast(0x7a5d58, 0xc824da0d20, 0xc82572e9f0, 0x1, 0x9, 0x1, 0x0, 0x0, 0x0)
	/usr/local/go/src/io/io.go:298 +0xe6
io.ReadFull(0x7a5d58, 0xc824da0d20, 0xc82572e9f0, 0x1, 0x9, 0xc824d2b2f0, 0x0, 0x0)
	/usr/local/go/src/io/io.go:316 +0x62
encoding/gob.decodeUintReader(0x7a5d58, 0xc824da0d20, 0xc82572e9f0, 0x9, 0x9, 0x0, 0x1, 0x0, 0x0)
	/usr/local/go/src/encoding/gob/decode.go:121 +0x92
encoding/gob.(*Decoder).recvMessage(0xc824d2b280, 0xc822fa7be0)
	/usr/local/go/src/encoding/gob/decoder.go:76 +0x5e
encoding/gob.(*Decoder).decodeTypeSequence(0xc824d2b280, 0x525e00, 0xc824d2b280)
	/usr/local/go/src/encoding/gob/decoder.go:140 +0x47
encoding/gob.(*Decoder).DecodeValue(0xc824d2b280, 0x3c49a0, 0xc823275e60, 0x16, 0x0, 0x0)
	/usr/local/go/src/encoding/gob/decoder.go:208 +0x15d
encoding/gob.(*Decoder).Decode(0xc824d2b280, 0x3c49a0, 0xc823275e60, 0x0, 0x0)
	/usr/local/go/src/encoding/gob/decoder.go:185 +0x289
github.com/johntech-o/gorpc.(*ConnDriver).ReadRequestHeader(0xc824aaee10, 0xc823275e60, 0x0, 0x0)
	/Users/johntech/code/gocode/src/github.com/johntech-o/gorpc/driverConn.go:87 +0x51
github.com/johntech-o/gorpc.(*Server).ServeLoop(0xc820114040, 0xc824aaee10)
	/Users/johntech/code/gocode/src/github.com/johntech-o/gorpc/server.go:76 +0x289
github.com/johntech-o/gorpc.(*Server).serveConn(0xc820114040, 0xc8232202f0)
	/Users/johntech/code/gocode/src/github.com/johntech-o/gorpc/server.go:63 +0x43
created by github.com/johntech-o/gorpc.(*Server).Serve
	/Users/johntech/code/gocode/src/github.com/johntech-o/gorpc/server.go:57 +0x98

goroutine 10584 [IO wait]:
net.runtime_pollWait(0x1878280, 0x72, 0xc820012190)
	/usr/local/go/src/runtime/netpoll.go:157 +0x60
net.(*pollDesc).Wait(0xc824b0fe90, 0x72, 0x0, 0x0)
	/usr/local/go/src/net/fd_poll_runtime.go:73 +0x3a
net.(*pollDesc).WaitRead(0xc824b0fe90, 0x0, 0x0)
	/usr/local/go/src/net/fd_poll_runtime.go:78 +0x36
net.(*netFD).Read(0xc824b0fe30, 0xc824e3e000, 0x1000, 0x1000, 0x0, 0x7a0050, 0xc820012190)
	/usr/local/go/src/net/fd_unix.go:232 +0x23a
net.(*conn).Read(0xc8232202f8, 0xc824e3e000, 0x1000, 0x1000, 0x18, 0x0, 0x0)
	/usr/local/go/src/net/net.go:172 +0xe4
github.com/johntech-o/gorpc.(*Connection).Read(0xc824ba5fc0, 0xc824e3e000, 0x1000, 0x1000, 0x3, 0x0, 0x0)
	/Users/johntech/code/gocode/src/github.com/johntech-o/gorpc/driverConn.go:57 +0x5b
bufio.(*Reader).fill(0xc824da0d80)
	/usr/local/go/src/bufio/bufio.go:97 +0x1e9
bufio.(*Reader).Read(0xc824da0d80, 0xc825752010, 0x1, 0x9, 0xc823172fe0, 0x0, 0x0)
	/usr/local/go/src/bufio/bufio.go:207 +0x260
io.ReadAtLeast(0x7a5d58, 0xc824da0d80, 0xc825752010, 0x1, 0x9, 0x1, 0x0, 0x0, 0x0)
	/usr/local/go/src/io/io.go:298 +0xe6
io.ReadFull(0x7a5d58, 0xc824da0d80, 0xc825752010, 0x1, 0x9, 0xc824d2b370, 0x0, 0x0)
	/usr/local/go/src/io/io.go:316 +0x62
encoding/gob.decodeUintReader(0x7a5d58, 0xc824da0d80, 0xc825752010, 0x9, 0x9, 0x0, 0x1, 0x0, 0x0)
	/usr/local/go/src/encoding/gob/decode.go:121 +0x92
encoding/gob.(*Decoder).recvMessage(0xc824d2b300, 0xc82ab6cbf0)
	/usr/local/go/src/encoding/gob/decoder.go:76 +0x5e
encoding/gob.(*Decoder).decodeTypeSequence(0xc824d2b300, 0x525e00, 0xc824d2b300)
	/usr/local/go/src/encoding/gob/decoder.go:140 +0x47
encoding/gob.(*Decoder).DecodeValue(0xc824d2b300, 0x3c49a0, 0xc823172ff0, 0x16, 0x0, 0x0)
	/usr/local/go/src/encoding/gob/decoder.go:208 +0x15d
encoding/gob.(*Decoder).Decode(0xc824d2b300, 0x3c49a0, 0xc823172ff0, 0x0, 0x0)
	/usr/local/go/src/encoding/gob/decoder.go:185 +0x289
github.com/johntech-o/gorpc.(*ConnDriver).ReadRequestHeader(0xc820125710, 0xc823172ff0, 0x0, 0x0)
	/Users/johntech/code/gocode/src/github.com/johntech-o/gorpc/driverConn.go:87 +0x51
github.com/johntech-o/gorpc.(*Server).ServeLoop(0xc820114040, 0xc820125710)
	/Users/johntech/code/gocode/src/github.com/johntech-o/gorpc/server.go:76 +0x289
github.com/johntech-o/gorpc.(*Server).serveConn(0xc820114040, 0xc8232202f8)
	/Users/johntech/code/gocode/src/github.com/johntech-o/gorpc/server.go:63 +0x43
created by github.com/johntech-o/gorpc.(*Server).Serve
	/Users/johntech/code/gocode/src/github.com/johntech-o/gorpc/server.go:57 +0x98

goroutine 10585 [IO wait]:
net.runtime_pollWait(0x18781c0, 0x72, 0xc820012190)
	/usr/local/go/src/runtime/netpoll.go:157 +0x60
net.(*pollDesc).Wait(0xc824b0ff00, 0x72, 0x0, 0x0)
	/usr/local/go/src/net/fd_poll_runtime.go:73 +0x3a
net.(*pollDesc).WaitRead(0xc824b0ff00, 0x0, 0x0)
	/usr/local/go/src/net/fd_poll_runtime.go:78 +0x36
net.(*netFD).Read(0xc824b0fea0, 0xc824e48000, 0x1000, 0x1000, 0x0, 0x7a0050, 0xc820012190)
	/usr/local/go/src/net/fd_unix.go:232 +0x23a
net.(*conn).Read(0xc823220300, 0xc824e48000, 0x1000, 0x1000, 0x18, 0x0, 0x0)
	/usr/local/go/src/net/net.go:172 +0xe4
github.com/johntech-o/gorpc.(*Connection).Read(0xc824ba5fd0, 0xc824e48000, 0x1000, 0x1000, 0x3, 0x0, 0x0)
	/Users/johntech/code/gocode/src/github.com/johntech-o/gorpc/driverConn.go:57 +0x5b
bufio.(*Reader).fill(0xc824da0de0)
	/usr/local/go/src/bufio/bufio.go:97 +0x1e9
bufio.(*Reader).Read(0xc824da0de0, 0xc8253e9980, 0x1, 0x9, 0xc823172c50, 0x0, 0x0)
	/usr/local/go/src/bufio/bufio.go:207 +0x260
io.ReadAtLeast(0x7a5d58, 0xc824da0de0, 0xc8253e9980, 0x1, 0x9, 0x1, 0x0, 0x0, 0x0)
	/usr/local/go/src/io/io.go:298 +0xe6
io.ReadFull(0x7a5d58, 0xc824da0de0, 0xc8253e9980, 0x1, 0x9, 0xc824d2b3f0, 0x0, 0x0)
	/usr/local/go/src/io/io.go:316 +0x62
encoding/gob.decodeUintReader(0x7a5d58, 0xc824da0de0, 0xc8253e9980, 0x9, 0x9, 0x0, 0x1, 0x0, 0x0)
	/usr/local/go/src/encoding/gob/decode.go:121 +0x92
encoding/gob.(*Decoder).recvMessage(0xc824d2b380, 0xc8286d3be0)
	/usr/local/go/src/encoding/gob/decoder.go:76 +0x5e
encoding/gob.(*Decoder).decodeTypeSequence(0xc824d2b380, 0x525e00, 0xc824d2b380)
	/usr/local/go/src/encoding/gob/decoder.go:140 +0x47
encoding/gob.(*Decoder).DecodeValue(0xc824d2b380, 0x3c49a0, 0xc823172c60, 0x16, 0x0, 0x0)
	/usr/local/go/src/encoding/gob/decoder.go:208 +0x15d
encoding/gob.(*Decoder).Decode(0xc824d2b380, 0x3c49a0, 0xc823172c60, 0x0, 0x0)
	/usr/local/go/src/encoding/gob/decoder.go:185 +0x289
github.com/johntech-o/gorpc.(*ConnDriver).ReadRequestHeader(0xc8230eef30, 0xc823172c60, 0x0, 0x0)
	/Users/johntech/code/gocode/src/github.com/johntech-o/gorpc/driverConn.go:87 +0x51
github.com/johntech-o/gorpc.(*Server).ServeLoop(0xc820114040, 0xc8230eef30)
	/Users/johntech/code/gocode/src/github.com/johntech-o/gorpc/server.go:76 +0x289
github.com/johntech-o/gorpc.(*Server).serveConn(0xc820114040, 0xc823220300)
	/Users/johntech/code/gocode/src/github.com/johntech-o/gorpc/server.go:63 +0x43
created by github.com/johntech-o/gorpc.(*Server).Serve
	/Users/johntech/code/gocode/src/github.com/johntech-o/gorpc/server.go:57 +0x98

goroutine 10586 [IO wait]:
net.runtime_pollWait(0x1878100, 0x72, 0xc820012190)
	/usr/local/go/src/runtime/netpoll.go:157 +0x60
net.(*pollDesc).Wait(0xc824b0ff70, 0x72, 0x0, 0x0)
	/usr/local/go/src/net/fd_poll_runtime.go:73 +0x3a
net.(*pollDesc).WaitRead(0xc824b0ff70, 0x0, 0x0)
	/usr/local/go/src/net/fd_poll_runtime.go:78 +0x36
net.(*netFD).Read(0xc824b0ff10, 0xc824e4a000, 0x1000, 0x1000, 0x0, 0x7a0050, 0xc820012190)
	/usr/local/go/src/net/fd_unix.go:232 +0x23a
net.(*conn).Read(0xc823220308, 0xc824e4a000, 0x1000, 0x1000, 0x18, 0x0, 0x0)
	/usr/local/go/src/net/net.go:172 +0xe4
github.com/johntech-o/gorpc.(*Connection).Read(0xc824ba5fe0, 0xc824e4a000, 0x1000, 0x1000, 0x3, 0x0, 0x0)
	/Users/johntech/code/gocode/src/github.com/johntech-o/gorpc/driverConn.go:57 +0x5b
bufio.(*Reader).fill(0xc824da0e40)
	/usr/local/go/src/bufio/bufio.go:97 +0x1e9
bufio.(*Reader).Read(0xc824da0e40, 0xc8257aa110, 0x1, 0x9, 0xc823274aa0, 0x0, 0x0)
	/usr/local/go/src/bufio/bufio.go:207 +0x260
io.ReadAtLeast(0x7a5d58, 0xc824da0e40, 0xc8257aa110, 0x1, 0x9, 0x1, 0x0, 0x0, 0x0)
	/usr/local/go/src/io/io.go:298 +0xe6
io.ReadFull(0x7a5d58, 0xc824da0e40, 0xc8257aa110, 0x1, 0x9, 0xc824d2b470, 0x0, 0x0)
	/usr/local/go/src/io/io.go:316 +0x62
encoding/gob.decodeUintReader(0x7a5d58, 0xc824da0e40, 0xc8257aa110, 0x9, 0x9, 0x0, 0x1, 0x0, 0x0)
	/usr/local/go/src/encoding/gob/decode.go:121 +0x92
encoding/gob.(*Decoder).recvMessage(0xc824d2b400, 0xc82341fbe0)
	/usr/local/go/src/encoding/gob/decoder.go:76 +0x5e
encoding/gob.(*Decoder).decodeTypeSequence(0xc824d2b400, 0x525e00, 0xc824d2b400)
	/usr/local/go/src/encoding/gob/decoder.go:140 +0x47
encoding/gob.(*Decoder).DecodeValue(0xc824d2b400, 0x3c49a0, 0xc823274ab0, 0x16, 0x0, 0x0)
	/usr/local/go/src/encoding/gob/decoder.go:208 +0x15d
encoding/gob.(*Decoder).Decode(0xc824d2b400, 0x3c49a0, 0xc823274ab0, 0x0, 0x0)
	/usr/local/go/src/encoding/gob/decoder.go:185 +0x289
github.com/johntech-o/gorpc.(*ConnDriver).ReadRequestHeader(0xc8256a23f0, 0xc823274ab0, 0x0, 0x0)
	/Users/johntech/code/gocode/src/github.com/johntech-o/gorpc/driverConn.go:87 +0x51
github.com/johntech-o/gorpc.(*Server).ServeLoop(0xc820114040, 0xc8256a23f0)
	/Users/johntech/code/gocode/src/github.com/johntech-o/gorpc/server.go:76 +0x289
github.com/johntech-o/gorpc.(*Server).serveConn(0xc820114040, 0xc823220308)
	/Users/johntech/code/gocode/src/github.com/johntech-o/gorpc/server.go:63 +0x43
created by github.com/johntech-o/gorpc.(*Server).Serve
	/Users/johntech/code/gocode/src/github.com/johntech-o/gorpc/server.go:57 +0x98

goroutine 10587 [IO wait]:
net.runtime_pollWait(0x1878040, 0x72, 0xc820012190)
	/usr/local/go/src/runtime/netpoll.go:157 +0x60
net.(*pollDesc).Wait(0xc824b0ffe0, 0x72, 0x0, 0x0)
	/usr/local/go/src/net/fd_poll_runtime.go:73 +0x3a
net.(*pollDesc).WaitRead(0xc824b0ffe0, 0x0, 0x0)
	/usr/local/go/src/net/fd_poll_runtime.go:78 +0x36
net.(*netFD).Read(0xc824b0ff80, 0xc824e4c000, 0x1000, 0x1000, 0x0, 0x7a0050, 0xc820012190)
	/usr/local/go/src/net/fd_unix.go:232 +0x23a
net.(*conn).Read(0xc823220310, 0xc824e4c000, 0x1000, 0x1000, 0x18, 0x0, 0x0)
	/usr/local/go/src/net/net.go:172 +0xe4
github.com/johntech-o/gorpc.(*Connection).Read(0xc824ba5ff0, 0xc824e4c000, 0x1000, 0x1000, 0x3, 0x0, 0x0)
	/Users/johntech/code/gocode/src/github.com/johntech-o/gorpc/driverConn.go:57 +0x5b
bufio.(*Reader).fill(0xc824da0ea0)
	/usr/local/go/src/bufio/bufio.go:97 +0x1e9
bufio.(*Reader).Read(0xc824da0ea0, 0xc823604060, 0x1, 0x9, 0xc824b9ccb0, 0x0, 0x0)
	/usr/local/go/src/bufio/bufio.go:207 +0x260
io.ReadAtLeast(0x7a5d58, 0xc824da0ea0, 0xc823604060, 0x1, 0x9, 0x1, 0x0, 0x0, 0x0)
	/usr/local/go/src/io/io.go:298 +0xe6
io.ReadFull(0x7a5d58, 0xc824da0ea0, 0xc823604060, 0x1, 0x9, 0xc824d2b4f0, 0x0, 0x0)
	/usr/local/go/src/io/io.go:316 +0x62
encoding/gob.decodeUintReader(0x7a5d58, 0xc824da0ea0, 0xc823604060, 0x9, 0x9, 0x0, 0x1, 0x0, 0x0)
	/usr/local/go/src/encoding/gob/decode.go:121 +0x92
encoding/gob.(*Decoder).recvMessage(0xc824d2b480, 0xc82789abf0)
	/usr/local/go/src/encoding/gob/decoder.go:76 +0x5e
encoding/gob.(*Decoder).decodeTypeSequence(0xc824d2b480, 0x525e00, 0xc824d2b480)
	/usr/local/go/src/encoding/gob/decoder.go:140 +0x47
encoding/gob.(*Decoder).DecodeValue(0xc824d2b480, 0x3c49a0, 0xc824b9ccc0, 0x16, 0x0, 0x0)
	/usr/local/go/src/encoding/gob/decoder.go:208 +0x15d
encoding/gob.(*Decoder).Decode(0xc824d2b480, 0x3c49a0, 0xc824b9ccc0, 0x0, 0x0)
	/usr/local/go/src/encoding/gob/decoder.go:185 +0x289
github.com/johntech-o/gorpc.(*ConnDriver).ReadRequestHeader(0xc824ac58c0, 0xc824b9ccc0, 0x0, 0x0)
	/Users/johntech/code/gocode/src/github.com/johntech-o/gorpc/driverConn.go:87 +0x51
github.com/johntech-o/gorpc.(*Server).ServeLoop(0xc820114040, 0xc824ac58c0)
	/Users/johntech/code/gocode/src/github.com/johntech-o/gorpc/server.go:76 +0x289
github.com/johntech-o/gorpc.(*Server).serveConn(0xc820114040, 0xc823220310)
	/Users/johntech/code/gocode/src/github.com/johntech-o/gorpc/server.go:63 +0x43
created by github.com/johntech-o/gorpc.(*Server).Serve
	/Users/johntech/code/gocode/src/github.com/johntech-o/gorpc/server.go:57 +0x98

goroutine 10588 [IO wait]:
net.runtime_pollWait(0x1877f80, 0x72, 0xc820012190)
	/usr/local/go/src/runtime/netpoll.go:157 +0x60
net.(*pollDesc).Wait(0xc824cf4060, 0x72, 0x0, 0x0)
	/usr/local/go/src/net/fd_poll_runtime.go:73 +0x3a
net.(*pollDesc).WaitRead(0xc824cf4060, 0x0, 0x0)
	/usr/local/go/src/net/fd_poll_runtime.go:78 +0x36
net.(*netFD).Read(0xc824cf4000, 0xc824e50000, 0x1000, 0x1000, 0x0, 0x7a0050, 0xc820012190)
	/usr/local/go/src/net/fd_unix.go:232 +0x23a
net.(*conn).Read(0xc823220318, 0xc824e50000, 0x1000, 0x1000, 0x18, 0x0, 0x0)
	/usr/local/go/src/net/net.go:172 +0xe4
github.com/johntech-o/gorpc.(*Connection).Read(0xc824e4e000, 0xc824e50000, 0x1000, 0x1000, 0x3, 0x0, 0x0)
	/Users/johntech/code/gocode/src/github.com/johntech-o/gorpc/driverConn.go:57 +0x5b
bufio.(*Reader).fill(0xc824da0f00)
	/usr/local/go/src/bufio/bufio.go:97 +0x1e9
bufio.(*Reader).Read(0xc824da0f00, 0xc824a4d570, 0x1, 0x9, 0xc823160f20, 0x0, 0x0)
	/usr/local/go/src/bufio/bufio.go:207 +0x260
io.ReadAtLeast(0x7a5d58, 0xc824da0f00, 0xc824a4d570, 0x1, 0x9, 0x1, 0x0, 0x0, 0x0)
	/usr/local/go/src/io/io.go:298 +0xe6
io.ReadFull(0x7a5d58, 0xc824da0f00, 0xc824a4d570, 0x1, 0x9, 0xc824d2b570, 0x0, 0x0)
	/usr/local/go/src/io/io.go:316 +0x62
encoding/gob.decodeUintReader(0x7a5d58, 0xc824da0f00, 0xc824a4d570, 0x9, 0x9, 0x0, 0x1, 0x0, 0x0)
	/usr/local/go/src/encoding/gob/decode.go:121 +0x92
encoding/gob.(*Decoder).recvMessage(0xc824d2b500, 0xc824e33bf0)
	/usr/local/go/src/encoding/gob/decoder.go:76 +0x5e
encoding/gob.(*Decoder).decodeTypeSequence(0xc824d2b500, 0x525e00, 0xc824d2b500)
	/usr/local/go/src/encoding/gob/decoder.go:140 +0x47
encoding/gob.(*Decoder).DecodeValue(0xc824d2b500, 0x3c49a0, 0xc823160f30, 0x16, 0x0, 0x0)
	/usr/local/go/src/encoding/gob/decoder.go:208 +0x15d
encoding/gob.(*Decoder).Decode(0xc824d2b500, 0x3c49a0, 0xc823160f30, 0x0, 0x0)
	/usr/local/go/src/encoding/gob/decoder.go:185 +0x289
github.com/johntech-o/gorpc.(*ConnDriver).ReadRequestHeader(0xc824ac5830, 0xc823160f30, 0x0, 0x0)
	/Users/johntech/code/gocode/src/github.com/johntech-o/gorpc/driverConn.go:87 +0x51
github.com/johntech-o/gorpc.(*Server).ServeLoop(0xc820114040, 0xc824ac5830)
	/Users/johntech/code/gocode/src/github.com/johntech-o/gorpc/server.go:76 +0x289
github.com/johntech-o/gorpc.(*Server).serveConn(0xc820114040, 0xc823220318)
	/Users/johntech/code/gocode/src/github.com/johntech-o/gorpc/server.go:63 +0x43
created by github.com/johntech-o/gorpc.(*Server).Serve
	/Users/johntech/code/gocode/src/github.com/johntech-o/gorpc/server.go:57 +0x98

goroutine 10589 [IO wait]:
net.runtime_pollWait(0x1877ec0, 0x72, 0xc820012190)
	/usr/local/go/src/runtime/netpoll.go:157 +0x60
net.(*pollDesc).Wait(0xc824cf40d0, 0x72, 0x0, 0x0)
	/usr/local/go/src/net/fd_poll_runtime.go:73 +0x3a
net.(*pollDesc).WaitRead(0xc824cf40d0, 0x0, 0x0)
	/usr/local/go/src/net/fd_poll_runtime.go:78 +0x36
net.(*netFD).Read(0xc824cf4070, 0xc824e54000, 0x1000, 0x1000, 0x0, 0x7a0050, 0xc820012190)
	/usr/local/go/src/net/fd_unix.go:232 +0x23a
net.(*conn).Read(0xc823220320, 0xc824e54000, 0x1000, 0x1000, 0x18, 0x0, 0x0)
	/usr/local/go/src/net/net.go:172 +0xe4
github.com/johntech-o/gorpc.(*Connection).Read(0xc824e4e010, 0xc824e54000, 0x1000, 0x1000, 0x3, 0x0, 0x0)
	/Users/johntech/code/gocode/src/github.com/johntech-o/gorpc/driverConn.go:57 +0x5b
bufio.(*Reader).fill(0xc824da0f60)
	/usr/local/go/src/bufio/bufio.go:97 +0x1e9
bufio.(*Reader).Read(0xc824da0f60, 0xc825466030, 0x1, 0x9, 0xc823172d70, 0x0, 0x0)
	/usr/local/go/src/bufio/bufio.go:207 +0x260
io.ReadAtLeast(0x7a5d58, 0xc824da0f60, 0xc825466030, 0x1, 0x9, 0x1, 0x0, 0x0, 0x0)
	/usr/local/go/src/io/io.go:298 +0xe6
io.ReadFull(0x7a5d58, 0xc824da0f60, 0xc825466030, 0x1, 0x9, 0xc824d2b5f0, 0x0, 0x0)
	/usr/local/go/src/io/io.go:316 +0x62
encoding/gob.decodeUintReader(0x7a5d58, 0xc824da0f60, 0xc825466030, 0x9, 0x9, 0x0, 0x1, 0x0, 0x0)
	/usr/local/go/src/encoding/gob/decode.go:121 +0x92
encoding/gob.(*Decoder).recvMessage(0xc824d2b580, 0xc82789cbf0)
	/usr/local/go/src/encoding/gob/decoder.go:76 +0x5e
encoding/gob.(*Decoder).decodeTypeSequence(0xc824d2b580, 0x525e00, 0xc824d2b580)
	/usr/local/go/src/encoding/gob/decoder.go:140 +0x47
encoding/gob.(*Decoder).DecodeValue(0xc824d2b580, 0x3c49a0, 0xc823172d80, 0x16, 0x0, 0x0)
	/usr/local/go/src/encoding/gob/decoder.go:208 +0x15d
encoding/gob.(*Decoder).Decode(0xc824d2b580, 0x3c49a0, 0xc823172d80, 0x0, 0x0)
	/usr/local/go/src/encoding/gob/decoder.go:185 +0x289
github.com/johntech-o/gorpc.(*ConnDriver).ReadRequestHeader(0xc824a6cf30, 0xc823172d80, 0x0, 0x0)
	/Users/johntech/code/gocode/src/github.com/johntech-o/gorpc/driverConn.go:87 +0x51
github.com/johntech-o/gorpc.(*Server).ServeLoop(0xc820114040, 0xc824a6cf30)
	/Users/johntech/code/gocode/src/github.com/johntech-o/gorpc/server.go:76 +0x289
github.com/johntech-o/gorpc.(*Server).serveConn(0xc820114040, 0xc823220320)
	/Users/johntech/code/gocode/src/github.com/johntech-o/gorpc/server.go:63 +0x43
created by github.com/johntech-o/gorpc.(*Server).Serve
	/Users/johntech/code/gocode/src/github.com/johntech-o/gorpc/server.go:57 +0x98

goroutine 10590 [IO wait]:
net.runtime_pollWait(0x1879d80, 0x72, 0xc820012190)
	/usr/local/go/src/runtime/netpoll.go:157 +0x60
net.(*pollDesc).Wait(0xc824cf4140, 0x72, 0x0, 0x0)
	/usr/local/go/src/net/fd_poll_runtime.go:73 +0x3a
net.(*pollDesc).WaitRead(0xc824cf4140, 0x0, 0x0)
	/usr/local/go/src/net/fd_poll_runtime.go:78 +0x36
net.(*netFD).Read(0xc824cf40e0, 0xc824e56000, 0x1000, 0x1000, 0x0, 0x7a0050, 0xc820012190)
	/usr/local/go/src/net/fd_unix.go:232 +0x23a
net.(*conn).Read(0xc823220328, 0xc824e56000, 0x1000, 0x1000, 0x18, 0x0, 0x0)
	/usr/local/go/src/net/net.go:172 +0xe4
github.com/johntech-o/gorpc.(*Connection).Read(0xc824e4e020, 0xc824e56000, 0x1000, 0x1000, 0x3, 0x0, 0x0)
	/Users/johntech/code/gocode/src/github.com/johntech-o/gorpc/driverConn.go:57 +0x5b
bufio.(*Reader).fill(0xc824da0fc0)
	/usr/local/go/src/bufio/bufio.go:97 +0x1e9
bufio.(*Reader).Read(0xc824da0fc0, 0xc82331dd30, 0x1, 0x9, 0xc8230446e0, 0x0, 0x0)
	/usr/local/go/src/bufio/bufio.go:207 +0x260
io.ReadAtLeast(0x7a5d58, 0xc824da0fc0, 0xc82331dd30, 0x1, 0x9, 0x1, 0x0, 0x0, 0x0)
	/usr/local/go/src/io/io.go:298 +0xe6
io.ReadFull(0x7a5d58, 0xc824da0fc0, 0xc82331dd30, 0x1, 0x9, 0xc824d2b670, 0x0, 0x0)
	/usr/local/go/src/io/io.go:316 +0x62
encoding/gob.decodeUintReader(0x7a5d58, 0xc824da0fc0, 0xc82331dd30, 0x9, 0x9, 0x0, 0x1, 0x0, 0x0)
	/usr/local/go/src/encoding/gob/decode.go:121 +0x92
encoding/gob.(*Decoder).recvMessage(0xc824d2b600, 0xc824e2dbf0)
	/usr/local/go/src/encoding/gob/decoder.go:76 +0x5e
encoding/gob.(*Decoder).decodeTypeSequence(0xc824d2b600, 0x525e00, 0xc824d2b600)
	/usr/local/go/src/encoding/gob/decoder.go:140 +0x47
encoding/gob.(*Decoder).DecodeValue(0xc824d2b600, 0x3c49a0, 0xc8230446f0, 0x16, 0x0, 0x0)
	/usr/local/go/src/encoding/gob/decoder.go:208 +0x15d
encoding/gob.(*Decoder).Decode(0xc824d2b600, 0x3c49a0, 0xc8230446f0, 0x0, 0x0)
	/usr/local/go/src/encoding/gob/decoder.go:185 +0x289
github.com/johntech-o/gorpc.(*ConnDriver).ReadRequestHeader(0xc8230ef290, 0xc8230446f0, 0x0, 0x0)
	/Users/johntech/code/gocode/src/github.com/johntech-o/gorpc/driverConn.go:87 +0x51
github.com/johntech-o/gorpc.(*Server).ServeLoop(0xc820114040, 0xc8230ef290)
	/Users/johntech/code/gocode/src/github.com/johntech-o/gorpc/server.go:76 +0x289
github.com/johntech-o/gorpc.(*Server).serveConn(0xc820114040, 0xc823220328)
	/Users/johntech/code/gocode/src/github.com/johntech-o/gorpc/server.go:63 +0x43
created by github.com/johntech-o/gorpc.(*Server).Serve
	/Users/johntech/code/gocode/src/github.com/johntech-o/gorpc/server.go:57 +0x98

goroutine 10591 [IO wait]:
net.runtime_pollWait(0x1879cc0, 0x72, 0xc820012190)
	/usr/local/go/src/runtime/netpoll.go:157 +0x60
net.(*pollDesc).Wait(0xc824cf41b0, 0x72, 0x0, 0x0)
	/usr/local/go/src/net/fd_poll_runtime.go:73 +0x3a
net.(*pollDesc).WaitRead(0xc824cf41b0, 0x0, 0x0)
	/usr/local/go/src/net/fd_poll_runtime.go:78 +0x36
net.(*netFD).Read(0xc824cf4150, 0xc824e60000, 0x1000, 0x1000, 0x0, 0x7a0050, 0xc820012190)
	/usr/local/go/src/net/fd_unix.go:232 +0x23a
net.(*conn).Read(0xc823220330, 0xc824e60000, 0x1000, 0x1000, 0x18, 0x0, 0x0)
	/usr/local/go/src/net/net.go:172 +0xe4
github.com/johntech-o/gorpc.(*Connection).Read(0xc824e4e030, 0xc824e60000, 0x1000, 0x1000, 0x3, 0x0, 0x0)
	/Users/johntech/code/gocode/src/github.com/johntech-o/gorpc/driverConn.go:57 +0x5b
bufio.(*Reader).fill(0xc824da1020)
	/usr/local/go/src/bufio/bufio.go:97 +0x1e9
bufio.(*Reader).Read(0xc824da1020, 0xc824e66080, 0x1, 0x9, 0xc8231722c0, 0x0, 0x0)
	/usr/local/go/src/bufio/bufio.go:207 +0x260
io.ReadAtLeast(0x7a5d58, 0xc824da1020, 0xc824e66080, 0x1, 0x9, 0x1, 0x0, 0x0, 0x0)
	/usr/local/go/src/io/io.go:298 +0xe6
io.ReadFull(0x7a5d58, 0xc824da1020, 0xc824e66080, 0x1, 0x9, 0xc824d2b6f0, 0x0, 0x0)
	/usr/local/go/src/io/io.go:316 +0x62
encoding/gob.decodeUintReader(0x7a5d58, 0xc824da1020, 0xc824e66080, 0x9, 0x9, 0x0, 0x1, 0x0, 0x0)
	/usr/local/go/src/encoding/gob/decode.go:121 +0x92
encoding/gob.(*Decoder).recvMessage(0xc824d2b680, 0xc822f09be0)
	/usr/local/go/src/encoding/gob/decoder.go:76 +0x5e
encoding/gob.(*Decoder).decodeTypeSequence(0xc824d2b680, 0x525e00, 0xc824d2b680)
	/usr/local/go/src/encoding/gob/decoder.go:140 +0x47
encoding/gob.(*Decoder).DecodeValue(0xc824d2b680, 0x3c49a0, 0xc8231722d0, 0x16, 0x0, 0x0)
	/usr/local/go/src/encoding/gob/decoder.go:208 +0x15d
encoding/gob.(*Decoder).Decode(0xc824d2b680, 0x3c49a0, 0xc8231722d0, 0x0, 0x0)
	/usr/local/go/src/encoding/gob/decoder.go:185 +0x289
github.com/johntech-o/gorpc.(*ConnDriver).ReadRequestHeader(0xc8230ee630, 0xc8231722d0, 0x0, 0x0)
	/Users/johntech/code/gocode/src/github.com/johntech-o/gorpc/driverConn.go:87 +0x51
github.com/johntech-o/gorpc.(*Server).ServeLoop(0xc820114040, 0xc8230ee630)
	/Users/johntech/code/gocode/src/github.com/johntech-o/gorpc/server.go:76 +0x289
github.com/johntech-o/gorpc.(*Server).serveConn(0xc820114040, 0xc823220330)
	/Users/johntech/code/gocode/src/github.com/johntech-o/gorpc/server.go:63 +0x43
created by github.com/johntech-o/gorpc.(*Server).Serve
	/Users/johntech/code/gocode/src/github.com/johntech-o/gorpc/server.go:57 +0x98

goroutine 10592 [IO wait]:
net.runtime_pollWait(0x1879c00, 0x72, 0xc820012190)
	/usr/local/go/src/runtime/netpoll.go:157 +0x60
net.(*pollDesc).Wait(0xc824cf4220, 0x72, 0x0, 0x0)
	/usr/local/go/src/net/fd_poll_runtime.go:73 +0x3a
net.(*pollDesc).WaitRead(0xc824cf4220, 0x0, 0x0)
	/usr/local/go/src/net/fd_poll_runtime.go:78 +0x36
net.(*netFD).Read(0xc824cf41c0, 0xc824e62000, 0x1000, 0x1000, 0x0, 0x7a0050, 0xc820012190)
	/usr/local/go/src/net/fd_unix.go:232 +0x23a
net.(*conn).Read(0xc823220338, 0xc824e62000, 0x1000, 0x1000, 0x18, 0x0, 0x0)
	/usr/local/go/src/net/net.go:172 +0xe4
github.com/johntech-o/gorpc.(*Connection).Read(0xc824e4e040, 0xc824e62000, 0x1000, 0x1000, 0x3, 0x0, 0x0)
	/Users/johntech/code/gocode/src/github.com/johntech-o/gorpc/driverConn.go:57 +0x5b
bufio.(*Reader).fill(0xc824da1080)
	/usr/local/go/src/bufio/bufio.go:97 +0x1e9
bufio.(*Reader).Read(0xc824da1080, 0xc824e4e050, 0x1, 0x9, 0xc823274bf0, 0x0, 0x0)
	/usr/local/go/src/bufio/bufio.go:207 +0x260
io.ReadAtLeast(0x7a5d58, 0xc824da1080, 0xc824e4e050, 0x1, 0x9, 0x1, 0x0, 0x0, 0x0)
	/usr/local/go/src/io/io.go:298 +0xe6
io.ReadFull(0x7a5d58, 0xc824da1080, 0xc824e4e050, 0x1, 0x9, 0xc824d2b770, 0x0, 0x0)
	/usr/local/go/src/io/io.go:316 +0x62
encoding/gob.decodeUintReader(0x7a5d58, 0xc824da1080, 0xc824e4e050, 0x9, 0x9, 0x0, 0x1, 0x0, 0x0)
	/usr/local/go/src/encoding/gob/decode.go:121 +0x92
encoding/gob.(*Decoder).recvMessage(0xc824d2b700, 0xc828707be0)
	/usr/local/go/src/encoding/gob/decoder.go:76 +0x5e
encoding/gob.(*Decoder).decodeTypeSequence(0xc824d2b700, 0x525e00, 0xc824d2b700)
	/usr/local/go/src/encoding/gob/decoder.go:140 +0x47
encoding/gob.(*Decoder).DecodeValue(0xc824d2b700, 0x3c49a0, 0xc823274c00, 0x16, 0x0, 0x0)
	/usr/local/go/src/encoding/gob/decoder.go:208 +0x15d
encoding/gob.(*Decoder).Decode(0xc824d2b700, 0x3c49a0, 0xc823274c00, 0x0, 0x0)
	/usr/local/go/src/encoding/gob/decoder.go:185 +0x289
github.com/johntech-o/gorpc.(*ConnDriver).ReadRequestHeader(0xc824a5d3b0, 0xc823274c00, 0x0, 0x0)
	/Users/johntech/code/gocode/src/github.com/johntech-o/gorpc/driverConn.go:87 +0x51
github.com/johntech-o/gorpc.(*Server).ServeLoop(0xc820114040, 0xc824a5d3b0)
	/Users/johntech/code/gocode/src/github.com/johntech-o/gorpc/server.go:76 +0x289
github.com/johntech-o/gorpc.(*Server).serveConn(0xc820114040, 0xc823220338)
	/Users/johntech/code/gocode/src/github.com/johntech-o/gorpc/server.go:63 +0x43
created by github.com/johntech-o/gorpc.(*Server).Serve
	/Users/johntech/code/gocode/src/github.com/johntech-o/gorpc/server.go:57 +0x98

goroutine 10593 [IO wait]:
net.runtime_pollWait(0x1879b40, 0x72, 0xc820012190)
	/usr/local/go/src/runtime/netpoll.go:157 +0x60
net.(*pollDesc).Wait(0xc824cf4290, 0x72, 0x0, 0x0)
	/usr/local/go/src/net/fd_poll_runtime.go:73 +0x3a
net.(*pollDesc).WaitRead(0xc824cf4290, 0x0, 0x0)
	/usr/local/go/src/net/fd_poll_runtime.go:78 +0x36
net.(*netFD).Read(0xc824cf4230, 0xc824e86000, 0x1000, 0x1000, 0x0, 0x7a0050, 0xc820012190)
	/usr/local/go/src/net/fd_unix.go:232 +0x23a
net.(*conn).Read(0xc823220340, 0xc824e86000, 0x1000, 0x1000, 0x18, 0x0, 0x0)
	/usr/local/go/src/net/net.go:172 +0xe4
github.com/johntech-o/gorpc.(*Connection).Read(0xc824e4ea00, 0xc824e86000, 0x1000, 0x1000, 0x3, 0x0, 0x0)
	/Users/johntech/code/gocode/src/github.com/johntech-o/gorpc/driverConn.go:57 +0x5b
bufio.(*Reader).fill(0xc824da1380)
	/usr/local/go/src/bufio/bufio.go:97 +0x1e9
bufio.(*Reader).Read(0xc824da1380, 0xc824e4ea10, 0x1, 0x9, 0xc831317a00, 0x0, 0x0)
	/usr/local/go/src/bufio/bufio.go:207 +0x260
io.ReadAtLeast(0x7a5d58, 0xc824da1380, 0xc824e4ea10, 0x1, 0x9, 0x1, 0x0, 0x0, 0x0)
	/usr/local/go/src/io/io.go:298 +0xe6
io.ReadFull(0x7a5d58, 0xc824da1380, 0xc824e4ea10, 0x1, 0x9, 0xc824d2b870, 0x0, 0x0)
	/usr/local/go/src/io/io.go:316 +0x62
encoding/gob.decodeUintReader(0x7a5d58, 0xc824da1380, 0xc824e4ea10, 0x9, 0x9, 0x0, 0x1, 0x0, 0x0)
	/usr/local/go/src/encoding/gob/decode.go:121 +0x92
encoding/gob.(*Decoder).recvMessage(0xc824d2b800, 0xc824aabbe0)
	/usr/local/go/src/encoding/gob/decoder.go:76 +0x5e
encoding/gob.(*Decoder).decodeTypeSequence(0xc824d2b800, 0x525e00, 0xc824d2b800)
	/usr/local/go/src/encoding/gob/decoder.go:140 +0x47
encoding/gob.(*Decoder).DecodeValue(0xc824d2b800, 0x3c49a0, 0xc831317a10, 0x16, 0x0, 0x0)
	/usr/local/go/src/encoding/gob/decoder.go:208 +0x15d
encoding/gob.(*Decoder).Decode(0xc824d2b800, 0x3c49a0, 0xc831317a10, 0x0, 0x0)
	/usr/local/go/src/encoding/gob/decoder.go:185 +0x289
github.com/johntech-o/gorpc.(*ConnDriver).ReadRequestHeader(0xc824a5d440, 0xc831317a10, 0x0, 0x0)
	/Users/johntech/code/gocode/src/github.com/johntech-o/gorpc/driverConn.go:87 +0x51
github.com/johntech-o/gorpc.(*Server).ServeLoop(0xc820114040, 0xc824a5d440)
	/Users/johntech/code/gocode/src/github.com/johntech-o/gorpc/server.go:76 +0x289
github.com/johntech-o/gorpc.(*Server).serveConn(0xc820114040, 0xc823220340)
	/Users/johntech/code/gocode/src/github.com/johntech-o/gorpc/server.go:63 +0x43
created by github.com/johntech-o/gorpc.(*Server).Serve
	/Users/johntech/code/gocode/src/github.com/johntech-o/gorpc/server.go:57 +0x98

goroutine 10594 [IO wait]:
net.runtime_pollWait(0x1879a80, 0x72, 0xc820012190)
	/usr/local/go/src/runtime/netpoll.go:157 +0x60
net.(*pollDesc).Wait(0xc824cf4300, 0x72, 0x0, 0x0)
	/usr/local/go/src/net/fd_poll_runtime.go:73 +0x3a
net.(*pollDesc).WaitRead(0xc824cf4300, 0x0, 0x0)
	/usr/local/go/src/net/fd_poll_runtime.go:78 +0x36
net.(*netFD).Read(0xc824cf42a0, 0xc824eaa000, 0x1000, 0x1000, 0x0, 0x7a0050, 0xc820012190)
	/usr/local/go/src/net/fd_unix.go:232 +0x23a
net.(*conn).Read(0xc823220348, 0xc824eaa000, 0x1000, 0x1000, 0x18, 0x0, 0x0)
	/usr/local/go/src/net/net.go:172 +0xe4
github.com/johntech-o/gorpc.(*Connection).Read(0xc824e4f3c0, 0xc824eaa000, 0x1000, 0x1000, 0x3, 0x0, 0x0)
	/Users/johntech/code/gocode/src/github.com/johntech-o/gorpc/driverConn.go:57 +0x5b
bufio.(*Reader).fill(0xc824da1680)
	/usr/local/go/src/bufio/bufio.go:97 +0x1e9
bufio.(*Reader).Read(0xc824da1680, 0xc824e4f3d0, 0x1, 0x9, 0xc82317c050, 0x0, 0x0)
	/usr/local/go/src/bufio/bufio.go:207 +0x260
io.ReadAtLeast(0x7a5d58, 0xc824da1680, 0xc824e4f3d0, 0x1, 0x9, 0x1, 0x0, 0x0, 0x0)
	/usr/local/go/src/io/io.go:298 +0xe6
io.ReadFull(0x7a5d58, 0xc824da1680, 0xc824e4f3d0, 0x1, 0x9, 0xc824d2b970, 0x0, 0x0)
	/usr/local/go/src/io/io.go:316 +0x62
encoding/gob.decodeUintReader(0x7a5d58, 0xc824da1680, 0xc824e4f3d0, 0x9, 0x9, 0x0, 0x1, 0x0, 0x0)
	/usr/local/go/src/encoding/gob/decode.go:121 +0x92
encoding/gob.(*Decoder).recvMessage(0xc824d2b900, 0xc825010bf0)
	/usr/local/go/src/encoding/gob/decoder.go:76 +0x5e
encoding/gob.(*Decoder).decodeTypeSequence(0xc824d2b900, 0x525e00, 0xc824d2b900)
	/usr/local/go/src/encoding/gob/decoder.go:140 +0x47
encoding/gob.(*Decoder).DecodeValue(0xc824d2b900, 0x3c49a0, 0xc82317c060, 0x16, 0x0, 0x0)
	/usr/local/go/src/encoding/gob/decoder.go:208 +0x15d
encoding/gob.(*Decoder).Decode(0xc824d2b900, 0x3c49a0, 0xc82317c060, 0x0, 0x0)
	/usr/local/go/src/encoding/gob/decoder.go:185 +0x289
github.com/johntech-o/gorpc.(*ConnDriver).ReadRequestHeader(0xc824a5d4d0, 0xc82317c060, 0x0, 0x0)
	/Users/johntech/code/gocode/src/github.com/johntech-o/gorpc/driverConn.go:87 +0x51
github.com/johntech-o/gorpc.(*Server).ServeLoop(0xc820114040, 0xc824a5d4d0)
	/Users/johntech/code/gocode/src/github.com/johntech-o/gorpc/server.go:76 +0x289
github.com/johntech-o/gorpc.(*Server).serveConn(0xc820114040, 0xc823220348)
	/Users/johntech/code/gocode/src/github.com/johntech-o/gorpc/server.go:63 +0x43
created by github.com/johntech-o/gorpc.(*Server).Serve
	/Users/johntech/code/gocode/src/github.com/johntech-o/gorpc/server.go:57 +0x98

goroutine 10595 [IO wait]:
net.runtime_pollWait(0x18799c0, 0x72, 0xc820012190)
	/usr/local/go/src/runtime/netpoll.go:157 +0x60
net.(*pollDesc).Wait(0xc824cf4370, 0x72, 0x0, 0x0)
	/usr/local/go/src/net/fd_poll_runtime.go:73 +0x3a
net.(*pollDesc).WaitRead(0xc824cf4370, 0x0, 0x0)
	/usr/local/go/src/net/fd_poll_runtime.go:78 +0x36
net.(*netFD).Read(0xc824cf4310, 0xc824eb6000, 0x1000, 0x1000, 0x0, 0x7a0050, 0xc820012190)
	/usr/local/go/src/net/fd_unix.go:232 +0x23a
net.(*conn).Read(0xc823220350, 0xc824eb6000, 0x1000, 0x1000, 0x18, 0x0, 0x0)
	/usr/local/go/src/net/net.go:172 +0xe4
github.com/johntech-o/gorpc.(*Connection).Read(0xc824e4f3f0, 0xc824eb6000, 0x1000, 0x1000, 0x3, 0x0, 0x0)
	/Users/johntech/code/gocode/src/github.com/johntech-o/gorpc/driverConn.go:57 +0x5b
bufio.(*Reader).fill(0xc824da17a0)
	/usr/local/go/src/bufio/bufio.go:97 +0x1e9
bufio.(*Reader).Read(0xc824da17a0, 0xc824e4f400, 0x1, 0x9, 0xc8232747a0, 0x0, 0x0)
	/usr/local/go/src/bufio/bufio.go:207 +0x260
io.ReadAtLeast(0x7a5d58, 0xc824da17a0, 0xc824e4f400, 0x1, 0x9, 0x1, 0x0, 0x0, 0x0)
	/usr/local/go/src/io/io.go:298 +0xe6
io.ReadFull(0x7a5d58, 0xc824da17a0, 0xc824e4f400, 0x1, 0x9, 0xc824d2b9f0, 0x0, 0x0)
	/usr/local/go/src/io/io.go:316 +0x62
encoding/gob.decodeUintReader(0x7a5d58, 0xc824da17a0, 0xc824e4f400, 0x9, 0x9, 0x0, 0x1, 0x0, 0x0)
	/usr/local/go/src/encoding/gob/decode.go:121 +0x92
encoding/gob.(*Decoder).recvMessage(0xc824d2b980, 0xc82d324bf0)
	/usr/local/go/src/encoding/gob/decoder.go:76 +0x5e
encoding/gob.(*Decoder).decodeTypeSequence(0xc824d2b980, 0x525e00, 0xc824d2b980)
	/usr/local/go/src/encoding/gob/decoder.go:140 +0x47
encoding/gob.(*Decoder).DecodeValue(0xc824d2b980, 0x3c49a0, 0xc8232747b0, 0x16, 0x0, 0x0)
	/usr/local/go/src/encoding/gob/decoder.go:208 +0x15d
encoding/gob.(*Decoder).Decode(0xc824d2b980, 0x3c49a0, 0xc8232747b0, 0x0, 0x0)
	/usr/local/go/src/encoding/gob/decoder.go:185 +0x289
github.com/johntech-o/gorpc.(*ConnDriver).ReadRequestHeader(0xc824a5d560, 0xc8232747b0, 0x0, 0x0)
	/Users/johntech/code/gocode/src/github.com/johntech-o/gorpc/driverConn.go:87 +0x51
github.com/johntech-o/gorpc.(*Server).ServeLoop(0xc820114040, 0xc824a5d560)
	/Users/johntech/code/gocode/src/github.com/johntech-o/gorpc/server.go:76 +0x289
github.com/johntech-o/gorpc.(*Server).serveConn(0xc820114040, 0xc823220350)
	/Users/johntech/code/gocode/src/github.com/johntech-o/gorpc/server.go:63 +0x43
created by github.com/johntech-o/gorpc.(*Server).Serve
	/Users/johntech/code/gocode/src/github.com/johntech-o/gorpc/server.go:57 +0x98

goroutine 10596 [IO wait]:
net.runtime_pollWait(0x1879900, 0x72, 0xc820012190)
	/usr/local/go/src/runtime/netpoll.go:157 +0x60
net.(*pollDesc).Wait(0xc824cf43e0, 0x72, 0x0, 0x0)
	/usr/local/go/src/net/fd_poll_runtime.go:73 +0x3a
net.(*pollDesc).WaitRead(0xc824cf43e0, 0x0, 0x0)
	/usr/local/go/src/net/fd_poll_runtime.go:78 +0x36
net.(*netFD).Read(0xc824cf4380, 0xc824ec2000, 0x1000, 0x1000, 0x0, 0x7a0050, 0xc820012190)
	/usr/local/go/src/net/fd_unix.go:232 +0x23a
net.(*conn).Read(0xc823220358, 0xc824ec2000, 0x1000, 0x1000, 0x18, 0x0, 0x0)
	/usr/local/go/src/net/net.go:172 +0xe4
github.com/johntech-o/gorpc.(*Connection).Read(0xc824e4f420, 0xc824ec2000, 0x1000, 0x1000, 0x3, 0x0, 0x0)
	/Users/johntech/code/gocode/src/github.com/johntech-o/gorpc/driverConn.go:57 +0x5b
bufio.(*Reader).fill(0xc824da18c0)
	/usr/local/go/src/bufio/bufio.go:97 +0x1e9
bufio.(*Reader).Read(0xc824da18c0, 0xc824e4f430, 0x1, 0x9, 0xc823161850, 0x0, 0x0)
	/usr/local/go/src/bufio/bufio.go:207 +0x260
io.ReadAtLeast(0x7a5d58, 0xc824da18c0, 0xc824e4f430, 0x1, 0x9, 0x1, 0x0, 0x0, 0x0)
	/usr/local/go/src/io/io.go:298 +0xe6
io.ReadFull(0x7a5d58, 0xc824da18c0, 0xc824e4f430, 0x1, 0x9, 0xc824d2ba70, 0x0, 0x0)
	/usr/local/go/src/io/io.go:316 +0x62
encoding/gob.decodeUintReader(0x7a5d58, 0xc824da18c0, 0xc824e4f430, 0x9, 0x9, 0x0, 0x1, 0x0, 0x0)
	/usr/local/go/src/encoding/gob/decode.go:121 +0x92
encoding/gob.(*Decoder).recvMessage(0xc824d2ba00, 0xc822e1fbe0)
	/usr/local/go/src/encoding/gob/decoder.go:76 +0x5e
encoding/gob.(*Decoder).decodeTypeSequence(0xc824d2ba00, 0x525e00, 0xc824d2ba00)
	/usr/local/go/src/encoding/gob/decoder.go:140 +0x47
encoding/gob.(*Decoder).DecodeValue(0xc824d2ba00, 0x3c49a0, 0xc823161860, 0x16, 0x0, 0x0)
	/usr/local/go/src/encoding/gob/decoder.go:208 +0x15d
encoding/gob.(*Decoder).Decode(0xc824d2ba00, 0x3c49a0, 0xc823161860, 0x0, 0x0)
	/usr/local/go/src/encoding/gob/decoder.go:185 +0x289
github.com/johntech-o/gorpc.(*ConnDriver).ReadRequestHeader(0xc824a5d5f0, 0xc823161860, 0x0, 0x0)
	/Users/johntech/code/gocode/src/github.com/johntech-o/gorpc/driverConn.go:87 +0x51
github.com/johntech-o/gorpc.(*Server).ServeLoop(0xc820114040, 0xc824a5d5f0)
	/Users/johntech/code/gocode/src/github.com/johntech-o/gorpc/server.go:76 +0x289
github.com/johntech-o/gorpc.(*Server).serveConn(0xc820114040, 0xc823220358)
	/Users/johntech/code/gocode/src/github.com/johntech-o/gorpc/server.go:63 +0x43
created by github.com/johntech-o/gorpc.(*Server).Serve
	/Users/johntech/code/gocode/src/github.com/johntech-o/gorpc/server.go:57 +0x98

goroutine 10597 [IO wait]:
net.runtime_pollWait(0x1879840, 0x72, 0xc820012190)
	/usr/local/go/src/runtime/netpoll.go:157 +0x60
net.(*pollDesc).Wait(0xc824cf4450, 0x72, 0x0, 0x0)
	/usr/local/go/src/net/fd_poll_runtime.go:73 +0x3a
net.(*pollDesc).WaitRead(0xc824cf4450, 0x0, 0x0)
	/usr/local/go/src/net/fd_poll_runtime.go:78 +0x36
net.(*netFD).Read(0xc824cf43f0, 0xc824ec4000, 0x1000, 0x1000, 0x0, 0x7a0050, 0xc820012190)
	/usr/local/go/src/net/fd_unix.go:232 +0x23a
net.(*conn).Read(0xc823220360, 0xc824ec4000, 0x1000, 0x1000, 0x18, 0x0, 0x0)
	/usr/local/go/src/net/net.go:172 +0xe4
github.com/johntech-o/gorpc.(*Connection).Read(0xc824e4f450, 0xc824ec4000, 0x1000, 0x1000, 0x3, 0x0, 0x0)
	/Users/johntech/code/gocode/src/github.com/johntech-o/gorpc/driverConn.go:57 +0x5b
bufio.(*Reader).fill(0xc824da19e0)
	/usr/local/go/src/bufio/bufio.go:97 +0x1e9
bufio.(*Reader).Read(0xc824da19e0, 0xc824e4f460, 0x1, 0x9, 0xc8231ae6b0, 0x0, 0x0)
	/usr/local/go/src/bufio/bufio.go:207 +0x260
io.ReadAtLeast(0x7a5d58, 0xc824da19e0, 0xc824e4f460, 0x1, 0x9, 0x1, 0x0, 0x0, 0x0)
	/usr/local/go/src/io/io.go:298 +0xe6
io.ReadFull(0x7a5d58, 0xc824da19e0, 0xc824e4f460, 0x1, 0x9, 0xc824d2baf0, 0x0, 0x0)
	/usr/local/go/src/io/io.go:316 +0x62
encoding/gob.decodeUintReader(0x7a5d58, 0xc824da19e0, 0xc824e4f460, 0x9, 0x9, 0x0, 0x1, 0x0, 0x0)
	/usr/local/go/src/encoding/gob/decode.go:121 +0x92
encoding/gob.(*Decoder).recvMessage(0xc824d2ba80, 0xc822e1bbe0)
	/usr/local/go/src/encoding/gob/decoder.go:76 +0x5e
encoding/gob.(*Decoder).decodeTypeSequence(0xc824d2ba80, 0x525e00, 0xc824d2ba80)
	/usr/local/go/src/encoding/gob/decoder.go:140 +0x47
encoding/gob.(*Decoder).DecodeValue(0xc824d2ba80, 0x3c49a0, 0xc8231ae6c0, 0x16, 0x0, 0x0)
	/usr/local/go/src/encoding/gob/decoder.go:208 +0x15d
encoding/gob.(*Decoder).Decode(0xc824d2ba80, 0x3c49a0, 0xc8231ae6c0, 0x0, 0x0)
	/usr/local/go/src/encoding/gob/decoder.go:185 +0x289
github.com/johntech-o/gorpc.(*ConnDriver).ReadRequestHeader(0xc824a5d680, 0xc8231ae6c0, 0x0, 0x0)
	/Users/johntech/code/gocode/src/github.com/johntech-o/gorpc/driverConn.go:87 +0x51
github.com/johntech-o/gorpc.(*Server).ServeLoop(0xc820114040, 0xc824a5d680)
	/Users/johntech/code/gocode/src/github.com/johntech-o/gorpc/server.go:76 +0x289
github.com/johntech-o/gorpc.(*Server).serveConn(0xc820114040, 0xc823220360)
	/Users/johntech/code/gocode/src/github.com/johntech-o/gorpc/server.go:63 +0x43
created by github.com/johntech-o/gorpc.(*Server).Serve
	/Users/johntech/code/gocode/src/github.com/johntech-o/gorpc/server.go:57 +0x98

goroutine 10598 [IO wait]:
net.runtime_pollWait(0x1879780, 0x72, 0xc820012190)
	/usr/local/go/src/runtime/netpoll.go:157 +0x60
net.(*pollDesc).Wait(0xc824cf44c0, 0x72, 0x0, 0x0)
	/usr/local/go/src/net/fd_poll_runtime.go:73 +0x3a
net.(*pollDesc).WaitRead(0xc824cf44c0, 0x0, 0x0)
	/usr/local/go/src/net/fd_poll_runtime.go:78 +0x36
net.(*netFD).Read(0xc824cf4460, 0xc824ee8000, 0x1000, 0x1000, 0x0, 0x7a0050, 0xc820012190)
	/usr/local/go/src/net/fd_unix.go:232 +0x23a
net.(*conn).Read(0xc823220368, 0xc824ee8000, 0x1000, 0x1000, 0x18, 0x0, 0x0)
	/usr/local/go/src/net/net.go:172 +0xe4
github.com/johntech-o/gorpc.(*Connection).Read(0xc824e4fec0, 0xc824ee8000, 0x1000, 0x1000, 0x3, 0x0, 0x0)
	/Users/johntech/code/gocode/src/github.com/johntech-o/gorpc/driverConn.go:57 +0x5b
bufio.(*Reader).fill(0xc824da1ce0)
	/usr/local/go/src/bufio/bufio.go:97 +0x1e9
bufio.(*Reader).Read(0xc824da1ce0, 0xc824e4fed0, 0x1, 0x9, 0xc822de2500, 0x0, 0x0)
	/usr/local/go/src/bufio/bufio.go:207 +0x260
io.ReadAtLeast(0x7a5d58, 0xc824da1ce0, 0xc824e4fed0, 0x1, 0x9, 0x1, 0x0, 0x0, 0x0)
	/usr/local/go/src/io/io.go:298 +0xe6
io.ReadFull(0x7a5d58, 0xc824da1ce0, 0xc824e4fed0, 0x1, 0x9, 0xc824d2bbf0, 0x0, 0x0)
	/usr/local/go/src/io/io.go:316 +0x62
encoding/gob.decodeUintReader(0x7a5d58, 0xc824da1ce0, 0xc824e4fed0, 0x9, 0x9, 0x0, 0x1, 0x0, 0x0)
	/usr/local/go/src/encoding/gob/decode.go:121 +0x92
encoding/gob.(*Decoder).recvMessage(0xc824d2bb80, 0xc8282fabf0)
	/usr/local/go/src/encoding/gob/decoder.go:76 +0x5e
encoding/gob.(*Decoder).decodeTypeSequence(0xc824d2bb80, 0x525e00, 0xc824d2bb80)
	/usr/local/go/src/encoding/gob/decoder.go:140 +0x47
encoding/gob.(*Decoder).DecodeValue(0xc824d2bb80, 0x3c49a0, 0xc822de2540, 0x16, 0x0, 0x0)
	/usr/local/go/src/encoding/gob/decoder.go:208 +0x15d
encoding/gob.(*Decoder).Decode(0xc824d2bb80, 0x3c49a0, 0xc822de2540, 0x0, 0x0)
	/usr/local/go/src/encoding/gob/decoder.go:185 +0x289
github.com/johntech-o/gorpc.(*ConnDriver).ReadRequestHeader(0xc824a5d710, 0xc822de2540, 0x0, 0x0)
	/Users/johntech/code/gocode/src/github.com/johntech-o/gorpc/driverConn.go:87 +0x51
github.com/johntech-o/gorpc.(*Server).ServeLoop(0xc820114040, 0xc824a5d710)
	/Users/johntech/code/gocode/src/github.com/johntech-o/gorpc/server.go:76 +0x289
github.com/johntech-o/gorpc.(*Server).serveConn(0xc820114040, 0xc823220368)
	/Users/johntech/code/gocode/src/github.com/johntech-o/gorpc/server.go:63 +0x43
created by github.com/johntech-o/gorpc.(*Server).Serve
	/Users/johntech/code/gocode/src/github.com/johntech-o/gorpc/server.go:57 +0x98

goroutine 10599 [IO wait]:
net.runtime_pollWait(0x18796c0, 0x72, 0xc820012190)
	/usr/local/go/src/runtime/netpoll.go:157 +0x60
net.(*pollDesc).Wait(0xc824cf4530, 0x72, 0x0, 0x0)
	/usr/local/go/src/net/fd_poll_runtime.go:73 +0x3a
net.(*pollDesc).WaitRead(0xc824cf4530, 0x0, 0x0)
	/usr/local/go/src/net/fd_poll_runtime.go:78 +0x36
net.(*netFD).Read(0xc824cf44d0, 0xc824eea000, 0x1000, 0x1000, 0x0, 0x7a0050, 0xc820012190)
	/usr/local/go/src/net/fd_unix.go:232 +0x23a
net.(*conn).Read(0xc823220370, 0xc824eea000, 0x1000, 0x1000, 0x18, 0x0, 0x0)
	/usr/local/go/src/net/net.go:172 +0xe4
github.com/johntech-o/gorpc.(*Connection).Read(0xc824e4fef0, 0xc824eea000, 0x1000, 0x1000, 0x3, 0x0, 0x0)
	/Users/johntech/code/gocode/src/github.com/johntech-o/gorpc/driverConn.go:57 +0x5b
bufio.(*Reader).fill(0xc824da1e00)
	/usr/local/go/src/bufio/bufio.go:97 +0x1e9
bufio.(*Reader).Read(0xc824da1e00, 0xc824e4ff00, 0x1, 0x9, 0xc823275fd0, 0x0, 0x0)
	/usr/local/go/src/bufio/bufio.go:207 +0x260
io.ReadAtLeast(0x7a5d58, 0xc824da1e00, 0xc824e4ff00, 0x1, 0x9, 0x1, 0x0, 0x0, 0x0)
	/usr/local/go/src/io/io.go:298 +0xe6
io.ReadFull(0x7a5d58, 0xc824da1e00, 0xc824e4ff00, 0x1, 0x9, 0xc824d2bc70, 0x0, 0x0)
	/usr/local/go/src/io/io.go:316 +0x62
encoding/gob.decodeUintReader(0x7a5d58, 0xc824da1e00, 0xc824e4ff00, 0x9, 0x9, 0x0, 0x1, 0x0, 0x0)
	/usr/local/go/src/encoding/gob/decode.go:121 +0x92
encoding/gob.(*Decoder).recvMessage(0xc824d2bc00, 0xc82b9abbf0)
	/usr/local/go/src/encoding/gob/decoder.go:76 +0x5e
encoding/gob.(*Decoder).decodeTypeSequence(0xc824d2bc00, 0x525e00, 0xc824d2bc00)
	/usr/local/go/src/encoding/gob/decoder.go:140 +0x47
encoding/gob.(*Decoder).DecodeValue(0xc824d2bc00, 0x3c49a0, 0xc822de2000, 0x16, 0x0, 0x0)
	/usr/local/go/src/encoding/gob/decoder.go:208 +0x15d
encoding/gob.(*Decoder).Decode(0xc824d2bc00, 0x3c49a0, 0xc822de2000, 0x0, 0x0)
	/usr/local/go/src/encoding/gob/decoder.go:185 +0x289
github.com/johntech-o/gorpc.(*ConnDriver).ReadRequestHeader(0xc824a5d7a0, 0xc822de2000, 0x0, 0x0)
	/Users/johntech/code/gocode/src/github.com/johntech-o/gorpc/driverConn.go:87 +0x51
github.com/johntech-o/gorpc.(*Server).ServeLoop(0xc820114040, 0xc824a5d7a0)
	/Users/johntech/code/gocode/src/github.com/johntech-o/gorpc/server.go:76 +0x289
github.com/johntech-o/gorpc.(*Server).serveConn(0xc820114040, 0xc823220370)
	/Users/johntech/code/gocode/src/github.com/johntech-o/gorpc/server.go:63 +0x43
created by github.com/johntech-o/gorpc.(*Server).Serve
	/Users/johntech/code/gocode/src/github.com/johntech-o/gorpc/server.go:57 +0x98

goroutine 10600 [IO wait]:
net.runtime_pollWait(0x1879600, 0x72, 0xc820012190)
	/usr/local/go/src/runtime/netpoll.go:157 +0x60
net.(*pollDesc).Wait(0xc824cf45a0, 0x72, 0x0, 0x0)
	/usr/local/go/src/net/fd_poll_runtime.go:73 +0x3a
net.(*pollDesc).WaitRead(0xc824cf45a0, 0x0, 0x0)
	/usr/local/go/src/net/fd_poll_runtime.go:78 +0x36
net.(*netFD).Read(0xc824cf4540, 0xc824efa000, 0x1000, 0x1000, 0x0, 0x7a0050, 0xc820012190)
	/usr/local/go/src/net/fd_unix.go:232 +0x23a
net.(*conn).Read(0xc823220378, 0xc824efa000, 0x1000, 0x1000, 0x18, 0x0, 0x0)
	/usr/local/go/src/net/net.go:172 +0xe4
github.com/johntech-o/gorpc.(*Connection).Read(0xc824e4ff20, 0xc824efa000, 0x1000, 0x1000, 0x3, 0x0, 0x0)
	/Users/johntech/code/gocode/src/github.com/johntech-o/gorpc/driverConn.go:57 +0x5b
bufio.(*Reader).fill(0xc824da1f20)
	/usr/local/go/src/bufio/bufio.go:97 +0x1e9
bufio.(*Reader).Read(0xc824da1f20, 0xc824e4ff30, 0x1, 0x9, 0xc823275eb0, 0x0, 0x0)
	/usr/local/go/src/bufio/bufio.go:207 +0x260
io.ReadAtLeast(0x7a5d58, 0xc824da1f20, 0xc824e4ff30, 0x1, 0x9, 0x1, 0x0, 0x0, 0x0)
	/usr/local/go/src/io/io.go:298 +0xe6
io.ReadFull(0x7a5d58, 0xc824da1f20, 0xc824e4ff30, 0x1, 0x9, 0xc824d2bcf0, 0x0, 0x0)
	/usr/local/go/src/io/io.go:316 +0x62
encoding/gob.decodeUintReader(0x7a5d58, 0xc824da1f20, 0xc824e4ff30, 0x9, 0x9, 0x0, 0x1, 0x0, 0x0)
	/usr/local/go/src/encoding/gob/decode.go:121 +0x92
encoding/gob.(*Decoder).recvMessage(0xc824d2bc80, 0xc8282f7bf0)
	/usr/local/go/src/encoding/gob/decoder.go:76 +0x5e
encoding/gob.(*Decoder).decodeTypeSequence(0xc824d2bc80, 0x525e00, 0xc824d2bc80)
	/usr/local/go/src/encoding/gob/decoder.go:140 +0x47
encoding/gob.(*Decoder).DecodeValue(0xc824d2bc80, 0x3c49a0, 0xc823275ec0, 0x16, 0x0, 0x0)
	/usr/local/go/src/encoding/gob/decoder.go:208 +0x15d
encoding/gob.(*Decoder).Decode(0xc824d2bc80, 0x3c49a0, 0xc823275ec0, 0x0, 0x0)
	/usr/local/go/src/encoding/gob/decoder.go:185 +0x289
github.com/johntech-o/gorpc.(*ConnDriver).ReadRequestHeader(0xc824a5d830, 0xc823275ec0, 0x0, 0x0)
	/Users/johntech/code/gocode/src/github.com/johntech-o/gorpc/driverConn.go:87 +0x51
github.com/johntech-o/gorpc.(*Server).ServeLoop(0xc820114040, 0xc824a5d830)
	/Users/johntech/code/gocode/src/github.com/johntech-o/gorpc/server.go:76 +0x289
github.com/johntech-o/gorpc.(*Server).serveConn(0xc820114040, 0xc823220378)
	/Users/johntech/code/gocode/src/github.com/johntech-o/gorpc/server.go:63 +0x43
created by github.com/johntech-o/gorpc.(*Server).Serve
	/Users/johntech/code/gocode/src/github.com/johntech-o/gorpc/server.go:57 +0x98

goroutine 10601 [IO wait]:
net.runtime_pollWait(0x1879540, 0x72, 0xc820012190)
	/usr/local/go/src/runtime/netpoll.go:157 +0x60
net.(*pollDesc).Wait(0xc824cf4610, 0x72, 0x0, 0x0)
	/usr/local/go/src/net/fd_poll_runtime.go:73 +0x3a
net.(*pollDesc).WaitRead(0xc824cf4610, 0x0, 0x0)
	/usr/local/go/src/net/fd_poll_runtime.go:78 +0x36
net.(*netFD).Read(0xc824cf45b0, 0xc824f14000, 0x1000, 0x1000, 0x0, 0x7a0050, 0xc820012190)
	/usr/local/go/src/net/fd_unix.go:232 +0x23a
net.(*conn).Read(0xc823220380, 0xc824f14000, 0x1000, 0x1000, 0x18, 0x0, 0x0)
	/usr/local/go/src/net/net.go:172 +0xe4
github.com/johntech-o/gorpc.(*Connection).Read(0xc824efea40, 0xc824f14000, 0x1000, 0x1000, 0x3, 0x0, 0x0)
	/Users/johntech/code/gocode/src/github.com/johntech-o/gorpc/driverConn.go:57 +0x5b
bufio.(*Reader).fill(0xc824efc240)
	/usr/local/go/src/bufio/bufio.go:97 +0x1e9
bufio.(*Reader).Read(0xc824efc240, 0xc824efea50, 0x1, 0x9, 0xc823274560, 0x0, 0x0)
	/usr/local/go/src/bufio/bufio.go:207 +0x260
io.ReadAtLeast(0x7a5d58, 0xc824efc240, 0xc824efea50, 0x1, 0x9, 0x1, 0x0, 0x0, 0x0)
	/usr/local/go/src/io/io.go:298 +0xe6
io.ReadFull(0x7a5d58, 0xc824efc240, 0xc824efea50, 0x1, 0x9, 0xc824d2bdf0, 0x0, 0x0)
	/usr/local/go/src/io/io.go:316 +0x62
encoding/gob.decodeUintReader(0x7a5d58, 0xc824efc240, 0xc824efea50, 0x9, 0x9, 0x0, 0x1, 0x0, 0x0)
	/usr/local/go/src/encoding/gob/decode.go:121 +0x92
encoding/gob.(*Decoder).recvMessage(0xc824d2bd80, 0xc825903bf0)
	/usr/local/go/src/encoding/gob/decoder.go:76 +0x5e
encoding/gob.(*Decoder).decodeTypeSequence(0xc824d2bd80, 0x525e00, 0xc824d2bd80)
	/usr/local/go/src/encoding/gob/decoder.go:140 +0x47
encoding/gob.(*Decoder).DecodeValue(0xc824d2bd80, 0x3c49a0, 0xc823274570, 0x16, 0x0, 0x0)
	/usr/local/go/src/encoding/gob/decoder.go:208 +0x15d
encoding/gob.(*Decoder).Decode(0xc824d2bd80, 0x3c49a0, 0xc823274570, 0x0, 0x0)
	/usr/local/go/src/encoding/gob/decoder.go:185 +0x289
github.com/johntech-o/gorpc.(*ConnDriver).ReadRequestHeader(0xc824a5d8c0, 0xc823274570, 0x0, 0x0)
	/Users/johntech/code/gocode/src/github.com/johntech-o/gorpc/driverConn.go:87 +0x51
github.com/johntech-o/gorpc.(*Server).ServeLoop(0xc820114040, 0xc824a5d8c0)
	/Users/johntech/code/gocode/src/github.com/johntech-o/gorpc/server.go:76 +0x289
github.com/johntech-o/gorpc.(*Server).serveConn(0xc820114040, 0xc823220380)
	/Users/johntech/code/gocode/src/github.com/johntech-o/gorpc/server.go:63 +0x43
created by github.com/johntech-o/gorpc.(*Server).Serve
	/Users/johntech/code/gocode/src/github.com/johntech-o/gorpc/server.go:57 +0x98

goroutine 10602 [IO wait]:
net.runtime_pollWait(0x1879480, 0x72, 0xc820012190)
	/usr/local/go/src/runtime/netpoll.go:157 +0x60
net.(*pollDesc).Wait(0xc824cf4680, 0x72, 0x0, 0x0)
	/usr/local/go/src/net/fd_poll_runtime.go:73 +0x3a
net.(*pollDesc).WaitRead(0xc824cf4680, 0x0, 0x0)
	/usr/local/go/src/net/fd_poll_runtime.go:78 +0x36
net.(*netFD).Read(0xc824cf4620, 0xc824f40000, 0x1000, 0x1000, 0x0, 0x7a0050, 0xc820012190)
	/usr/local/go/src/net/fd_unix.go:232 +0x23a
net.(*conn).Read(0xc823220388, 0xc824f40000, 0x1000, 0x1000, 0x18, 0x0, 0x0)
	/usr/local/go/src/net/net.go:172 +0xe4
github.com/johntech-o/gorpc.(*Connection).Read(0xc824eff560, 0xc824f40000, 0x1000, 0x1000, 0x3, 0x0, 0x0)
	/Users/johntech/code/gocode/src/github.com/johntech-o/gorpc/driverConn.go:57 +0x5b
bufio.(*Reader).fill(0xc824efc540)
	/usr/local/go/src/bufio/bufio.go:97 +0x1e9
bufio.(*Reader).Read(0xc824efc540, 0xc824eff570, 0x1, 0x9, 0xc823199310, 0x0, 0x0)
	/usr/local/go/src/bufio/bufio.go:207 +0x260
io.ReadAtLeast(0x7a5d58, 0xc824efc540, 0xc824eff570, 0x1, 0x9, 0x1, 0x0, 0x0, 0x0)
	/usr/local/go/src/io/io.go:298 +0xe6
io.ReadFull(0x7a5d58, 0xc824efc540, 0xc824eff570, 0x1, 0x9, 0xc824d2bef0, 0x0, 0x0)
	/usr/local/go/src/io/io.go:316 +0x62
encoding/gob.decodeUintReader(0x7a5d58, 0xc824efc540, 0xc824eff570, 0x9, 0x9, 0x0, 0x1, 0x0, 0x0)
	/usr/local/go/src/encoding/gob/decode.go:121 +0x92
encoding/gob.(*Decoder).recvMessage(0xc824d2be80, 0xc82c09cbf0)
	/usr/local/go/src/encoding/gob/decoder.go:76 +0x5e
encoding/gob.(*Decoder).decodeTypeSequence(0xc824d2be80, 0x525e00, 0xc824d2be80)
	/usr/local/go/src/encoding/gob/decoder.go:140 +0x47
encoding/gob.(*Decoder).DecodeValue(0xc824d2be80, 0x3c49a0, 0xc823199350, 0x16, 0x0, 0x0)
	/usr/local/go/src/encoding/gob/decoder.go:208 +0x15d
encoding/gob.(*Decoder).Decode(0xc824d2be80, 0x3c49a0, 0xc823199350, 0x0, 0x0)
	/usr/local/go/src/encoding/gob/decoder.go:185 +0x289
github.com/johntech-o/gorpc.(*ConnDriver).ReadRequestHeader(0xc824a5d950, 0xc823199350, 0x0, 0x0)
	/Users/johntech/code/gocode/src/github.com/johntech-o/gorpc/driverConn.go:87 +0x51
github.com/johntech-o/gorpc.(*Server).ServeLoop(0xc820114040, 0xc824a5d950)
	/Users/johntech/code/gocode/src/github.com/johntech-o/gorpc/server.go:76 +0x289
github.com/johntech-o/gorpc.(*Server).serveConn(0xc820114040, 0xc823220388)
	/Users/johntech/code/gocode/src/github.com/johntech-o/gorpc/server.go:63 +0x43
created by github.com/johntech-o/gorpc.(*Server).Serve
	/Users/johntech/code/gocode/src/github.com/johntech-o/gorpc/server.go:57 +0x98

goroutine 10603 [IO wait]:
net.runtime_pollWait(0x18793c0, 0x72, 0xc820012190)
	/usr/local/go/src/runtime/netpoll.go:157 +0x60
net.(*pollDesc).Wait(0xc824cf46f0, 0x72, 0x0, 0x0)
	/usr/local/go/src/net/fd_poll_runtime.go:73 +0x3a
net.(*pollDesc).WaitRead(0xc824cf46f0, 0x0, 0x0)
	/usr/local/go/src/net/fd_poll_runtime.go:78 +0x36
net.(*netFD).Read(0xc824cf4690, 0xc824f5a000, 0x1000, 0x1000, 0x0, 0x7a0050, 0xc820012190)
	/usr/local/go/src/net/fd_unix.go:232 +0x23a
net.(*conn).Read(0xc823220390, 0xc824f5a000, 0x1000, 0x1000, 0x18, 0x0, 0x0)
	/usr/local/go/src/net/net.go:172 +0xe4
github.com/johntech-o/gorpc.(*Connection).Read(0xc824f54080, 0xc824f5a000, 0x1000, 0x1000, 0x3, 0x0, 0x0)
	/Users/johntech/code/gocode/src/github.com/johntech-o/gorpc/driverConn.go:57 +0x5b
bufio.(*Reader).fill(0xc824efc840)
	/usr/local/go/src/bufio/bufio.go:97 +0x1e9
bufio.(*Reader).Read(0xc824efc840, 0xc824f54090, 0x1, 0x9, 0xc823158b90, 0x0, 0x0)
	/usr/local/go/src/bufio/bufio.go:207 +0x260
io.ReadAtLeast(0x7a5d58, 0xc824efc840, 0xc824f54090, 0x1, 0x9, 0x1, 0x0, 0x0, 0x0)
	/usr/local/go/src/io/io.go:298 +0xe6
io.ReadFull(0x7a5d58, 0xc824efc840, 0xc824f54090, 0x1, 0x9, 0xc824d2bff0, 0x0, 0x0)
	/usr/local/go/src/io/io.go:316 +0x62
encoding/gob.decodeUintReader(0x7a5d58, 0xc824efc840, 0xc824f54090, 0x9, 0x9, 0x0, 0x1, 0x0, 0x0)
	/usr/local/go/src/encoding/gob/decode.go:121 +0x92
encoding/gob.(*Decoder).recvMessage(0xc824d2bf80, 0xc824ad9bf0)
	/usr/local/go/src/encoding/gob/decoder.go:76 +0x5e
encoding/gob.(*Decoder).decodeTypeSequence(0xc824d2bf80, 0x525e00, 0xc824d2bf80)
	/usr/local/go/src/encoding/gob/decoder.go:140 +0x47
encoding/gob.(*Decoder).DecodeValue(0xc824d2bf80, 0x3c49a0, 0xc823158d20, 0x16, 0x0, 0x0)
	/usr/local/go/src/encoding/gob/decoder.go:208 +0x15d
encoding/gob.(*Decoder).Decode(0xc824d2bf80, 0x3c49a0, 0xc823158d20, 0x0, 0x0)
	/usr/local/go/src/encoding/gob/decoder.go:185 +0x289
github.com/johntech-o/gorpc.(*ConnDriver).ReadRequestHeader(0xc8201250e0, 0xc823158d20, 0x0, 0x0)
	/Users/johntech/code/gocode/src/github.com/johntech-o/gorpc/driverConn.go:87 +0x51
github.com/johntech-o/gorpc.(*Server).ServeLoop(0xc820114040, 0xc8201250e0)
	/Users/johntech/code/gocode/src/github.com/johntech-o/gorpc/server.go:76 +0x289
github.com/johntech-o/gorpc.(*Server).serveConn(0xc820114040, 0xc823220390)
	/Users/johntech/code/gocode/src/github.com/johntech-o/gorpc/server.go:63 +0x43
created by github.com/johntech-o/gorpc.(*Server).Serve
	/Users/johntech/code/gocode/src/github.com/johntech-o/gorpc/server.go:57 +0x98

goroutine 10604 [IO wait]:
net.runtime_pollWait(0x1879300, 0x72, 0xc820012190)
	/usr/local/go/src/runtime/netpoll.go:157 +0x60
net.(*pollDesc).Wait(0xc824cf4760, 0x72, 0x0, 0x0)
	/usr/local/go/src/net/fd_poll_runtime.go:73 +0x3a
net.(*pollDesc).WaitRead(0xc824cf4760, 0x0, 0x0)
	/usr/local/go/src/net/fd_poll_runtime.go:78 +0x36
net.(*netFD).Read(0xc824cf4700, 0xc824c4d000, 0x1000, 0x1000, 0x0, 0x7a0050, 0xc820012190)
	/usr/local/go/src/net/fd_unix.go:232 +0x23a
net.(*conn).Read(0xc823220398, 0xc824c4d000, 0x1000, 0x1000, 0x18, 0x0, 0x0)
	/usr/local/go/src/net/net.go:172 +0xe4
github.com/johntech-o/gorpc.(*Connection).Read(0xc824f540b0, 0xc824c4d000, 0x1000, 0x1000, 0x3, 0x0, 0x0)
	/Users/johntech/code/gocode/src/github.com/johntech-o/gorpc/driverConn.go:57 +0x5b
bufio.(*Reader).fill(0xc824f2c660)
	/usr/local/go/src/bufio/bufio.go:97 +0x1e9
bufio.(*Reader).Read(0xc824f2c660, 0xc8250267f0, 0x1, 0x9, 0xc823160e60, 0x0, 0x0)
	/usr/local/go/src/bufio/bufio.go:207 +0x260
io.ReadAtLeast(0x7a5d58, 0xc824f2c660, 0xc8250267f0, 0x1, 0x9, 0x1, 0x0, 0x0, 0x0)
	/usr/local/go/src/io/io.go:298 +0xe6
io.ReadFull(0x7a5d58, 0xc824f2c660, 0xc8250267f0, 0x1, 0x9, 0xc824f6a070, 0x0, 0x0)
	/usr/local/go/src/io/io.go:316 +0x62
encoding/gob.decodeUintReader(0x7a5d58, 0xc824f2c660, 0xc8250267f0, 0x9, 0x9, 0x0, 0x1, 0x0, 0x0)
	/usr/local/go/src/encoding/gob/decode.go:121 +0x92
encoding/gob.(*Decoder).recvMessage(0xc824f6a000, 0xc827898bf0)
	/usr/local/go/src/encoding/gob/decoder.go:76 +0x5e
encoding/gob.(*Decoder).decodeTypeSequence(0xc824f6a000, 0x525e00, 0xc824f6a000)
	/usr/local/go/src/encoding/gob/decoder.go:140 +0x47
encoding/gob.(*Decoder).DecodeValue(0xc824f6a000, 0x3c49a0, 0xc823160e70, 0x16, 0x0, 0x0)
	/usr/local/go/src/encoding/gob/decoder.go:208 +0x15d
encoding/gob.(*Decoder).Decode(0xc824f6a000, 0x3c49a0, 0xc823160e70, 0x0, 0x0)
	/usr/local/go/src/encoding/gob/decoder.go:185 +0x289
github.com/johntech-o/gorpc.(*ConnDriver).ReadRequestHeader(0xc820125170, 0xc823160e70, 0x0, 0x0)
	/Users/johntech/code/gocode/src/github.com/johntech-o/gorpc/driverConn.go:87 +0x51
github.com/johntech-o/gorpc.(*Server).ServeLoop(0xc820114040, 0xc820125170)
	/Users/johntech/code/gocode/src/github.com/johntech-o/gorpc/server.go:76 +0x289
github.com/johntech-o/gorpc.(*Server).serveConn(0xc820114040, 0xc823220398)
	/Users/johntech/code/gocode/src/github.com/johntech-o/gorpc/server.go:63 +0x43
created by github.com/johntech-o/gorpc.(*Server).Serve
	/Users/johntech/code/gocode/src/github.com/johntech-o/gorpc/server.go:57 +0x98

goroutine 10605 [IO wait]:
net.runtime_pollWait(0x1879240, 0x72, 0xc820012190)
	/usr/local/go/src/runtime/netpoll.go:157 +0x60
net.(*pollDesc).Wait(0xc824cf47d0, 0x72, 0x0, 0x0)
	/usr/local/go/src/net/fd_poll_runtime.go:73 +0x3a
net.(*pollDesc).WaitRead(0xc824cf47d0, 0x0, 0x0)
	/usr/local/go/src/net/fd_poll_runtime.go:78 +0x36
net.(*netFD).Read(0xc824cf4770, 0xc8253ac000, 0x1000, 0x1000, 0x0, 0x7a0050, 0xc820012190)
	/usr/local/go/src/net/fd_unix.go:232 +0x23a
net.(*conn).Read(0xc8232203a0, 0xc8253ac000, 0x1000, 0x1000, 0x18, 0x0, 0x0)
	/usr/local/go/src/net/net.go:172 +0xe4
github.com/johntech-o/gorpc.(*Connection).Read(0xc824f540c0, 0xc8253ac000, 0x1000, 0x1000, 0x3, 0x0, 0x0)
	/Users/johntech/code/gocode/src/github.com/johntech-o/gorpc/driverConn.go:57 +0x5b
bufio.(*Reader).fill(0xc8252ab8c0)
	/usr/local/go/src/bufio/bufio.go:97 +0x1e9
bufio.(*Reader).Read(0xc8252ab8c0, 0xc8253723a0, 0x1, 0x9, 0xc823158dd0, 0x0, 0x0)
	/usr/local/go/src/bufio/bufio.go:207 +0x260
io.ReadAtLeast(0x7a5d58, 0xc8252ab8c0, 0xc8253723a0, 0x1, 0x9, 0x1, 0x0, 0x0, 0x0)
	/usr/local/go/src/io/io.go:298 +0xe6
io.ReadFull(0x7a5d58, 0xc8252ab8c0, 0xc8253723a0, 0x1, 0x9, 0xc824bf6470, 0x0, 0x0)
	/usr/local/go/src/io/io.go:316 +0x62
encoding/gob.decodeUintReader(0x7a5d58, 0xc8252ab8c0, 0xc8253723a0, 0x9, 0x9, 0x0, 0x1, 0x0, 0x0)
	/usr/local/go/src/encoding/gob/decode.go:121 +0x92
encoding/gob.(*Decoder).recvMessage(0xc824bf6400, 0xc827b36bf0)
	/usr/local/go/src/encoding/gob/decoder.go:76 +0x5e
encoding/gob.(*Decoder).decodeTypeSequence(0xc824bf6400, 0x525e00, 0xc824bf6400)
	/usr/local/go/src/encoding/gob/decoder.go:140 +0x47
encoding/gob.(*Decoder).DecodeValue(0xc824bf6400, 0x3c49a0, 0xc823158ea0, 0x16, 0x0, 0x0)
	/usr/local/go/src/encoding/gob/decoder.go:208 +0x15d
encoding/gob.(*Decoder).Decode(0xc824bf6400, 0x3c49a0, 0xc823158ea0, 0x0, 0x0)
	/usr/local/go/src/encoding/gob/decoder.go:185 +0x289
github.com/johntech-o/gorpc.(*ConnDriver).ReadRequestHeader(0xc824ac5320, 0xc823158ea0, 0x0, 0x0)
	/Users/johntech/code/gocode/src/github.com/johntech-o/gorpc/driverConn.go:87 +0x51
github.com/johntech-o/gorpc.(*Server).ServeLoop(0xc820114040, 0xc824ac5320)
	/Users/johntech/code/gocode/src/github.com/johntech-o/gorpc/server.go:76 +0x289
github.com/johntech-o/gorpc.(*Server).serveConn(0xc820114040, 0xc8232203a0)
	/Users/johntech/code/gocode/src/github.com/johntech-o/gorpc/server.go:63 +0x43
created by github.com/johntech-o/gorpc.(*Server).Serve
	/Users/johntech/code/gocode/src/github.com/johntech-o/gorpc/server.go:57 +0x98

goroutine 10606 [IO wait]:
net.runtime_pollWait(0x1879180, 0x72, 0xc820012190)
	/usr/local/go/src/runtime/netpoll.go:157 +0x60
net.(*pollDesc).Wait(0xc824cf4840, 0x72, 0x0, 0x0)
	/usr/local/go/src/net/fd_poll_runtime.go:73 +0x3a
net.(*pollDesc).WaitRead(0xc824cf4840, 0x0, 0x0)
	/usr/local/go/src/net/fd_poll_runtime.go:78 +0x36
net.(*netFD).Read(0xc824cf47e0, 0xc824f72000, 0x1000, 0x1000, 0x0, 0x7a0050, 0xc820012190)
	/usr/local/go/src/net/fd_unix.go:232 +0x23a
net.(*conn).Read(0xc8232203a8, 0xc824f72000, 0x1000, 0x1000, 0x18, 0x0, 0x0)
	/usr/local/go/src/net/net.go:172 +0xe4
github.com/johntech-o/gorpc.(*Connection).Read(0xc824f54230, 0xc824f72000, 0x1000, 0x1000, 0x3, 0x0, 0x0)
	/Users/johntech/code/gocode/src/github.com/johntech-o/gorpc/driverConn.go:57 +0x5b
bufio.(*Reader).fill(0xc824efc960)
	/usr/local/go/src/bufio/bufio.go:97 +0x1e9
bufio.(*Reader).Read(0xc824efc960, 0xc825645980, 0x1, 0x9, 0xc822de25c0, 0x0, 0x0)
	/usr/local/go/src/bufio/bufio.go:207 +0x260
io.ReadAtLeast(0x7a5d58, 0xc824efc960, 0xc825645980, 0x1, 0x9, 0x1, 0x0, 0x0, 0x0)
	/usr/local/go/src/io/io.go:298 +0xe6
io.ReadFull(0x7a5d58, 0xc824efc960, 0xc825645980, 0x1, 0x9, 0xc824f6a0f0, 0x0, 0x0)
	/usr/local/go/src/io/io.go:316 +0x62
encoding/gob.decodeUintReader(0x7a5d58, 0xc824efc960, 0xc825645980, 0x9, 0x9, 0x0, 0x1, 0x0, 0x0)
	/usr/local/go/src/encoding/gob/decode.go:121 +0x92
encoding/gob.(*Decoder).recvMessage(0xc824f6a080, 0xc822ea1be0)
	/usr/local/go/src/encoding/gob/decoder.go:76 +0x5e
encoding/gob.(*Decoder).decodeTypeSequence(0xc824f6a080, 0x525e00, 0xc824f6a080)
	/usr/local/go/src/encoding/gob/decoder.go:140 +0x47
encoding/gob.(*Decoder).DecodeValue(0xc824f6a080, 0x3c49a0, 0xc822de2600, 0x16, 0x0, 0x0)
	/usr/local/go/src/encoding/gob/decoder.go:208 +0x15d
encoding/gob.(*Decoder).Decode(0xc824f6a080, 0x3c49a0, 0xc822de2600, 0x0, 0x0)
	/usr/local/go/src/encoding/gob/decoder.go:185 +0x289
github.com/johntech-o/gorpc.(*ConnDriver).ReadRequestHeader(0xc8256a21b0, 0xc822de2600, 0x0, 0x0)
	/Users/johntech/code/gocode/src/github.com/johntech-o/gorpc/driverConn.go:87 +0x51
github.com/johntech-o/gorpc.(*Server).ServeLoop(0xc820114040, 0xc8256a21b0)
	/Users/johntech/code/gocode/src/github.com/johntech-o/gorpc/server.go:76 +0x289
github.com/johntech-o/gorpc.(*Server).serveConn(0xc820114040, 0xc8232203a8)
	/Users/johntech/code/gocode/src/github.com/johntech-o/gorpc/server.go:63 +0x43
created by github.com/johntech-o/gorpc.(*Server).Serve
	/Users/johntech/code/gocode/src/github.com/johntech-o/gorpc/server.go:57 +0x98

goroutine 10607 [IO wait]:
net.runtime_pollWait(0x18790c0, 0x72, 0xc820012190)
	/usr/local/go/src/runtime/netpoll.go:157 +0x60
net.(*pollDesc).Wait(0xc824cf48b0, 0x72, 0x0, 0x0)
	/usr/local/go/src/net/fd_poll_runtime.go:73 +0x3a
net.(*pollDesc).WaitRead(0xc824cf48b0, 0x0, 0x0)
	/usr/local/go/src/net/fd_poll_runtime.go:78 +0x36
net.(*netFD).Read(0xc824cf4850, 0xc824f74000, 0x1000, 0x1000, 0x0, 0x7a0050, 0xc820012190)
	/usr/local/go/src/net/fd_unix.go:232 +0x23a
net.(*conn).Read(0xc8232203b0, 0xc824f74000, 0x1000, 0x1000, 0x18, 0x0, 0x0)
	/usr/local/go/src/net/net.go:172 +0xe4
github.com/johntech-o/gorpc.(*Connection).Read(0xc824f54240, 0xc824f74000, 0x1000, 0x1000, 0x3, 0x0, 0x0)
	/Users/johntech/code/gocode/src/github.com/johntech-o/gorpc/driverConn.go:57 +0x5b
bufio.(*Reader).fill(0xc824efc9c0)
	/usr/local/go/src/bufio/bufio.go:97 +0x1e9
bufio.(*Reader).Read(0xc824efc9c0, 0xc825891500, 0x1, 0x9, 0xc823158830, 0x0, 0x0)
	/usr/local/go/src/bufio/bufio.go:207 +0x260
io.ReadAtLeast(0x7a5d58, 0xc824efc9c0, 0xc825891500, 0x1, 0x9, 0x1, 0x0, 0x0, 0x0)
	/usr/local/go/src/io/io.go:298 +0xe6
io.ReadFull(0x7a5d58, 0xc824efc9c0, 0xc825891500, 0x1, 0x9, 0xc824f6a170, 0x0, 0x0)
	/usr/local/go/src/io/io.go:316 +0x62
encoding/gob.decodeUintReader(0x7a5d58, 0xc824efc9c0, 0xc825891500, 0x9, 0x9, 0x0, 0x1, 0x0, 0x0)
	/usr/local/go/src/encoding/gob/decode.go:121 +0x92
encoding/gob.(*Decoder).recvMessage(0xc824f6a100, 0xc82b9cebf0)
	/usr/local/go/src/encoding/gob/decoder.go:76 +0x5e
encoding/gob.(*Decoder).decodeTypeSequence(0xc824f6a100, 0x525e00, 0xc824f6a100)
	/usr/local/go/src/encoding/gob/decoder.go:140 +0x47
encoding/gob.(*Decoder).DecodeValue(0xc824f6a100, 0x3c49a0, 0xc823158840, 0x16, 0x0, 0x0)
	/usr/local/go/src/encoding/gob/decoder.go:208 +0x15d
encoding/gob.(*Decoder).Decode(0xc824f6a100, 0x3c49a0, 0xc823158840, 0x0, 0x0)
	/usr/local/go/src/encoding/gob/decoder.go:185 +0x289
github.com/johntech-o/gorpc.(*ConnDriver).ReadRequestHeader(0xc824ac41b0, 0xc823158840, 0x0, 0x0)
	/Users/johntech/code/gocode/src/github.com/johntech-o/gorpc/driverConn.go:87 +0x51
github.com/johntech-o/gorpc.(*Server).ServeLoop(0xc820114040, 0xc824ac41b0)
	/Users/johntech/code/gocode/src/github.com/johntech-o/gorpc/server.go:76 +0x289
github.com/johntech-o/gorpc.(*Server).serveConn(0xc820114040, 0xc8232203b0)
	/Users/johntech/code/gocode/src/github.com/johntech-o/gorpc/server.go:63 +0x43
created by github.com/johntech-o/gorpc.(*Server).Serve
	/Users/johntech/code/gocode/src/github.com/johntech-o/gorpc/server.go:57 +0x98

goroutine 10608 [IO wait]:
net.runtime_pollWait(0x1879000, 0x72, 0xc820012190)
	/usr/local/go/src/runtime/netpoll.go:157 +0x60
net.(*pollDesc).Wait(0xc824cf4920, 0x72, 0x0, 0x0)
	/usr/local/go/src/net/fd_poll_runtime.go:73 +0x3a
net.(*pollDesc).WaitRead(0xc824cf4920, 0x0, 0x0)
	/usr/local/go/src/net/fd_poll_runtime.go:78 +0x36
net.(*netFD).Read(0xc824cf48c0, 0xc824f76000, 0x1000, 0x1000, 0x0, 0x7a0050, 0xc820012190)
	/usr/local/go/src/net/fd_unix.go:232 +0x23a
net.(*conn).Read(0xc8232203b8, 0xc824f76000, 0x1000, 0x1000, 0x18, 0x0, 0x0)
	/usr/local/go/src/net/net.go:172 +0xe4
github.com/johntech-o/gorpc.(*Connection).Read(0xc824f54250, 0xc824f76000, 0x1000, 0x1000, 0x3, 0x0, 0x0)
	/Users/johntech/code/gocode/src/github.com/johntech-o/gorpc/driverConn.go:57 +0x5b
bufio.(*Reader).fill(0xc824efca20)
	/usr/local/go/src/bufio/bufio.go:97 +0x1e9
bufio.(*Reader).Read(0xc824efca20, 0xc822daa630, 0x1, 0x9, 0xc831317cd0, 0x0, 0x0)
	/usr/local/go/src/bufio/bufio.go:207 +0x260
io.ReadAtLeast(0x7a5d58, 0xc824efca20, 0xc822daa630, 0x1, 0x9, 0x1, 0x0, 0x0, 0x0)
	/usr/local/go/src/io/io.go:298 +0xe6
io.ReadFull(0x7a5d58, 0xc824efca20, 0xc822daa630, 0x1, 0x9, 0xc824f6a1f0, 0x0, 0x0)
	/usr/local/go/src/io/io.go:316 +0x62
encoding/gob.decodeUintReader(0x7a5d58, 0xc824efca20, 0xc822daa630, 0x9, 0x9, 0x0, 0x1, 0x0, 0x0)
	/usr/local/go/src/encoding/gob/decode.go:121 +0x92
encoding/gob.(*Decoder).recvMessage(0xc824f6a180, 0xc82f7a9bf0)
	/usr/local/go/src/encoding/gob/decoder.go:76 +0x5e
encoding/gob.(*Decoder).decodeTypeSequence(0xc824f6a180, 0x525e00, 0xc824f6a180)
	/usr/local/go/src/encoding/gob/decoder.go:140 +0x47
encoding/gob.(*Decoder).DecodeValue(0xc824f6a180, 0x3c49a0, 0xc831317ce0, 0x16, 0x0, 0x0)
	/usr/local/go/src/encoding/gob/decoder.go:208 +0x15d
encoding/gob.(*Decoder).Decode(0xc824f6a180, 0x3c49a0, 0xc831317ce0, 0x0, 0x0)
	/usr/local/go/src/encoding/gob/decoder.go:185 +0x289
github.com/johntech-o/gorpc.(*ConnDriver).ReadRequestHeader(0xc8201814d0, 0xc831317ce0, 0x0, 0x0)
	/Users/johntech/code/gocode/src/github.com/johntech-o/gorpc/driverConn.go:87 +0x51
github.com/johntech-o/gorpc.(*Server).ServeLoop(0xc820114040, 0xc8201814d0)
	/Users/johntech/code/gocode/src/github.com/johntech-o/gorpc/server.go:76 +0x289
github.com/johntech-o/gorpc.(*Server).serveConn(0xc820114040, 0xc8232203b8)
	/Users/johntech/code/gocode/src/github.com/johntech-o/gorpc/server.go:63 +0x43
created by github.com/johntech-o/gorpc.(*Server).Serve
	/Users/johntech/code/gocode/src/github.com/johntech-o/gorpc/server.go:57 +0x98

goroutine 10609 [IO wait]:
net.runtime_pollWait(0x1878f40, 0x72, 0xc820012190)
	/usr/local/go/src/runtime/netpoll.go:157 +0x60
net.(*pollDesc).Wait(0xc824cf4990, 0x72, 0x0, 0x0)
	/usr/local/go/src/net/fd_poll_runtime.go:73 +0x3a
net.(*pollDesc).WaitRead(0xc824cf4990, 0x0, 0x0)
	/usr/local/go/src/net/fd_poll_runtime.go:78 +0x36
net.(*netFD).Read(0xc824cf4930, 0xc824f80000, 0x1000, 0x1000, 0x0, 0x7a0050, 0xc820012190)
	/usr/local/go/src/net/fd_unix.go:232 +0x23a
net.(*conn).Read(0xc8232203c0, 0xc824f80000, 0x1000, 0x1000, 0x18, 0x0, 0x0)
	/usr/local/go/src/net/net.go:172 +0xe4
github.com/johntech-o/gorpc.(*Connection).Read(0xc824f54260, 0xc824f80000, 0x1000, 0x1000, 0x3, 0x0, 0x0)
	/Users/johntech/code/gocode/src/github.com/johntech-o/gorpc/driverConn.go:57 +0x5b
bufio.(*Reader).fill(0xc824efca80)
	/usr/local/go/src/bufio/bufio.go:97 +0x1e9
bufio.(*Reader).Read(0xc824efca80, 0xc82522f000, 0x1, 0x9, 0xc823275dc0, 0x0, 0x0)
	/usr/local/go/src/bufio/bufio.go:207 +0x260
io.ReadAtLeast(0x7a5d58, 0xc824efca80, 0xc82522f000, 0x1, 0x9, 0x1, 0x0, 0x0, 0x0)
	/usr/local/go/src/io/io.go:298 +0xe6
io.ReadFull(0x7a5d58, 0xc824efca80, 0xc82522f000, 0x1, 0x9, 0xc824f6a270, 0x0, 0x0)
	/usr/local/go/src/io/io.go:316 +0x62
encoding/gob.decodeUintReader(0x7a5d58, 0xc824efca80, 0xc82522f000, 0x9, 0x9, 0x0, 0x1, 0x0, 0x0)
	/usr/local/go/src/encoding/gob/decode.go:121 +0x92
encoding/gob.(*Decoder).recvMessage(0xc824f6a200, 0xc82b9a5bf0)
	/usr/local/go/src/encoding/gob/decoder.go:76 +0x5e
encoding/gob.(*Decoder).decodeTypeSequence(0xc824f6a200, 0x525e00, 0xc824f6a200)
	/usr/local/go/src/encoding/gob/decoder.go:140 +0x47
encoding/gob.(*Decoder).DecodeValue(0xc824f6a200, 0x3c49a0, 0xc823275dd0, 0x16, 0x0, 0x0)
	/usr/local/go/src/encoding/gob/decoder.go:208 +0x15d
encoding/gob.(*Decoder).Decode(0xc824f6a200, 0x3c49a0, 0xc823275dd0, 0x0, 0x0)
	/usr/local/go/src/encoding/gob/decoder.go:185 +0x289
github.com/johntech-o/gorpc.(*ConnDriver).ReadRequestHeader(0xc8256a26c0, 0xc823275dd0, 0x0, 0x0)
	/Users/johntech/code/gocode/src/github.com/johntech-o/gorpc/driverConn.go:87 +0x51
github.com/johntech-o/gorpc.(*Server).ServeLoop(0xc820114040, 0xc8256a26c0)
	/Users/johntech/code/gocode/src/github.com/johntech-o/gorpc/server.go:76 +0x289
github.com/johntech-o/gorpc.(*Server).serveConn(0xc820114040, 0xc8232203c0)
	/Users/johntech/code/gocode/src/github.com/johntech-o/gorpc/server.go:63 +0x43
created by github.com/johntech-o/gorpc.(*Server).Serve
	/Users/johntech/code/gocode/src/github.com/johntech-o/gorpc/server.go:57 +0x98

goroutine 10610 [IO wait]:
net.runtime_pollWait(0x1878e80, 0x72, 0xc820012190)
	/usr/local/go/src/runtime/netpoll.go:157 +0x60
net.(*pollDesc).Wait(0xc824cf4a00, 0x72, 0x0, 0x0)
	/usr/local/go/src/net/fd_poll_runtime.go:73 +0x3a
net.(*pollDesc).WaitRead(0xc824cf4a00, 0x0, 0x0)
	/usr/local/go/src/net/fd_poll_runtime.go:78 +0x36
net.(*netFD).Read(0xc824cf49a0, 0xc824f8a000, 0x1000, 0x1000, 0x0, 0x7a0050, 0xc820012190)
	/usr/local/go/src/net/fd_unix.go:232 +0x23a
net.(*conn).Read(0xc8232203c8, 0xc824f8a000, 0x1000, 0x1000, 0x18, 0x0, 0x0)
	/usr/local/go/src/net/net.go:172 +0xe4
github.com/johntech-o/gorpc.(*Connection).Read(0xc824f54270, 0xc824f8a000, 0x1000, 0x1000, 0x3, 0x0, 0x0)
	/Users/johntech/code/gocode/src/github.com/johntech-o/gorpc/driverConn.go:57 +0x5b
bufio.(*Reader).fill(0xc824efcae0)
	/usr/local/go/src/bufio/bufio.go:97 +0x1e9
bufio.(*Reader).Read(0xc824efcae0, 0xc825373500, 0x1, 0x9, 0xc831317eb0, 0x0, 0x0)
	/usr/local/go/src/bufio/bufio.go:207 +0x260
io.ReadAtLeast(0x7a5d58, 0xc824efcae0, 0xc825373500, 0x1, 0x9, 0x1, 0x0, 0x0, 0x0)
	/usr/local/go/src/io/io.go:298 +0xe6
io.ReadFull(0x7a5d58, 0xc824efcae0, 0xc825373500, 0x1, 0x9, 0xc824f6a2f0, 0x0, 0x0)
	/usr/local/go/src/io/io.go:316 +0x62
encoding/gob.decodeUintReader(0x7a5d58, 0xc824efcae0, 0xc825373500, 0x9, 0x9, 0x0, 0x1, 0x0, 0x0)
	/usr/local/go/src/encoding/gob/decode.go:121 +0x92
encoding/gob.(*Decoder).recvMessage(0xc824f6a280, 0xc82b9a4bf0)
	/usr/local/go/src/encoding/gob/decoder.go:76 +0x5e
encoding/gob.(*Decoder).decodeTypeSequence(0xc824f6a280, 0x525e00, 0xc824f6a280)
	/usr/local/go/src/encoding/gob/decoder.go:140 +0x47
encoding/gob.(*Decoder).DecodeValue(0xc824f6a280, 0x3c49a0, 0xc831317ec0, 0x16, 0x0, 0x0)
	/usr/local/go/src/encoding/gob/decoder.go:208 +0x15d
encoding/gob.(*Decoder).Decode(0xc824f6a280, 0x3c49a0, 0xc831317ec0, 0x0, 0x0)
	/usr/local/go/src/encoding/gob/decoder.go:185 +0x289
github.com/johntech-o/gorpc.(*ConnDriver).ReadRequestHeader(0xc824ac4f30, 0xc831317ec0, 0x0, 0x0)
	/Users/johntech/code/gocode/src/github.com/johntech-o/gorpc/driverConn.go:87 +0x51
github.com/johntech-o/gorpc.(*Server).ServeLoop(0xc820114040, 0xc824ac4f30)
	/Users/johntech/code/gocode/src/github.com/johntech-o/gorpc/server.go:76 +0x289
github.com/johntech-o/gorpc.(*Server).serveConn(0xc820114040, 0xc8232203c8)
	/Users/johntech/code/gocode/src/github.com/johntech-o/gorpc/server.go:63 +0x43
created by github.com/johntech-o/gorpc.(*Server).Serve
	/Users/johntech/code/gocode/src/github.com/johntech-o/gorpc/server.go:57 +0x98

goroutine 10611 [IO wait]:
net.runtime_pollWait(0x187ad40, 0x72, 0xc820012190)
	/usr/local/go/src/runtime/netpoll.go:157 +0x60
net.(*pollDesc).Wait(0xc824cf4a70, 0x72, 0x0, 0x0)
	/usr/local/go/src/net/fd_poll_runtime.go:73 +0x3a
net.(*pollDesc).WaitRead(0xc824cf4a70, 0x0, 0x0)
	/usr/local/go/src/net/fd_poll_runtime.go:78 +0x36
net.(*netFD).Read(0xc824cf4a10, 0xc824f8c000, 0x1000, 0x1000, 0x0, 0x7a0050, 0xc820012190)
	/usr/local/go/src/net/fd_unix.go:232 +0x23a
net.(*conn).Read(0xc8232203d0, 0xc824f8c000, 0x1000, 0x1000, 0x18, 0x0, 0x0)
	/usr/local/go/src/net/net.go:172 +0xe4
github.com/johntech-o/gorpc.(*Connection).Read(0xc824f54280, 0xc824f8c000, 0x1000, 0x1000, 0x3, 0x0, 0x0)
	/Users/johntech/code/gocode/src/github.com/johntech-o/gorpc/driverConn.go:57 +0x5b
bufio.(*Reader).fill(0xc824efcb40)
	/usr/local/go/src/bufio/bufio.go:97 +0x1e9
bufio.(*Reader).Read(0xc824efcb40, 0xc8251d9050, 0x1, 0x9, 0xc823158890, 0x0, 0x0)
	/usr/local/go/src/bufio/bufio.go:207 +0x260
io.ReadAtLeast(0x7a5d58, 0xc824efcb40, 0xc8251d9050, 0x1, 0x9, 0x1, 0x0, 0x0, 0x0)
	/usr/local/go/src/io/io.go:298 +0xe6
io.ReadFull(0x7a5d58, 0xc824efcb40, 0xc8251d9050, 0x1, 0x9, 0xc824f6a370, 0x0, 0x0)
	/usr/local/go/src/io/io.go:316 +0x62
encoding/gob.decodeUintReader(0x7a5d58, 0xc824efcb40, 0xc8251d9050, 0x9, 0x9, 0x0, 0x1, 0x0, 0x0)
	/usr/local/go/src/encoding/gob/decode.go:121 +0x92
encoding/gob.(*Decoder).recvMessage(0xc824f6a300, 0xc8286c5be0)
	/usr/local/go/src/encoding/gob/decoder.go:76 +0x5e
encoding/gob.(*Decoder).decodeTypeSequence(0xc824f6a300, 0x525e00, 0xc824f6a300)
	/usr/local/go/src/encoding/gob/decoder.go:140 +0x47
encoding/gob.(*Decoder).DecodeValue(0xc824f6a300, 0x3c49a0, 0xc823158960, 0x16, 0x0, 0x0)
	/usr/local/go/src/encoding/gob/decoder.go:208 +0x15d
encoding/gob.(*Decoder).Decode(0xc824f6a300, 0x3c49a0, 0xc823158960, 0x0, 0x0)
	/usr/local/go/src/encoding/gob/decoder.go:185 +0x289
github.com/johntech-o/gorpc.(*ConnDriver).ReadRequestHeader(0xc824aae750, 0xc823158960, 0x0, 0x0)
	/Users/johntech/code/gocode/src/github.com/johntech-o/gorpc/driverConn.go:87 +0x51
github.com/johntech-o/gorpc.(*Server).ServeLoop(0xc820114040, 0xc824aae750)
	/Users/johntech/code/gocode/src/github.com/johntech-o/gorpc/server.go:76 +0x289
github.com/johntech-o/gorpc.(*Server).serveConn(0xc820114040, 0xc8232203d0)
	/Users/johntech/code/gocode/src/github.com/johntech-o/gorpc/server.go:63 +0x43
created by github.com/johntech-o/gorpc.(*Server).Serve
	/Users/johntech/code/gocode/src/github.com/johntech-o/gorpc/server.go:57 +0x98

goroutine 10612 [IO wait]:
net.runtime_pollWait(0x187ac80, 0x72, 0xc820012190)
	/usr/local/go/src/runtime/netpoll.go:157 +0x60
net.(*pollDesc).Wait(0xc824cf4ae0, 0x72, 0x0, 0x0)
	/usr/local/go/src/net/fd_poll_runtime.go:73 +0x3a
net.(*pollDesc).WaitRead(0xc824cf4ae0, 0x0, 0x0)
	/usr/local/go/src/net/fd_poll_runtime.go:78 +0x36
net.(*netFD).Read(0xc824cf4a80, 0xc824f90000, 0x1000, 0x1000, 0x0, 0x7a0050, 0xc820012190)
	/usr/local/go/src/net/fd_unix.go:232 +0x23a
net.(*conn).Read(0xc8232203d8, 0xc824f90000, 0x1000, 0x1000, 0x18, 0x0, 0x0)
	/usr/local/go/src/net/net.go:172 +0xe4
github.com/johntech-o/gorpc.(*Connection).Read(0xc824f54290, 0xc824f90000, 0x1000, 0x1000, 0x3, 0x0, 0x0)
	/Users/johntech/code/gocode/src/github.com/johntech-o/gorpc/driverConn.go:57 +0x5b
bufio.(*Reader).fill(0xc824efcba0)
	/usr/local/go/src/bufio/bufio.go:97 +0x1e9
bufio.(*Reader).Read(0xc824efcba0, 0xc825466010, 0x1, 0x9, 0xc8231987d0, 0x0, 0x0)
	/usr/local/go/src/bufio/bufio.go:207 +0x260
io.ReadAtLeast(0x7a5d58, 0xc824efcba0, 0xc825466010, 0x1, 0x9, 0x1, 0x0, 0x0, 0x0)
	/usr/local/go/src/io/io.go:298 +0xe6
io.ReadFull(0x7a5d58, 0xc824efcba0, 0xc825466010, 0x1, 0x9, 0xc824f6a3f0, 0x0, 0x0)
	/usr/local/go/src/io/io.go:316 +0x62
encoding/gob.decodeUintReader(0x7a5d58, 0xc824efcba0, 0xc825466010, 0x9, 0x9, 0x0, 0x1, 0x0, 0x0)
	/usr/local/go/src/encoding/gob/decode.go:121 +0x92
encoding/gob.(*Decoder).recvMessage(0xc824f6a380, 0xc8286d5be0)
	/usr/local/go/src/encoding/gob/decoder.go:76 +0x5e
encoding/gob.(*Decoder).decodeTypeSequence(0xc824f6a380, 0x525e00, 0xc824f6a380)
	/usr/local/go/src/encoding/gob/decoder.go:140 +0x47
encoding/gob.(*Decoder).DecodeValue(0xc824f6a380, 0x3c49a0, 0xc8231987e0, 0x16, 0x0, 0x0)
	/usr/local/go/src/encoding/gob/decoder.go:208 +0x15d
encoding/gob.(*Decoder).Decode(0xc824f6a380, 0x3c49a0, 0xc8231987e0, 0x0, 0x0)
	/usr/local/go/src/encoding/gob/decoder.go:185 +0x289
github.com/johntech-o/gorpc.(*ConnDriver).ReadRequestHeader(0xc8230eeab0, 0xc8231987e0, 0x0, 0x0)
	/Users/johntech/code/gocode/src/github.com/johntech-o/gorpc/driverConn.go:87 +0x51
github.com/johntech-o/gorpc.(*Server).ServeLoop(0xc820114040, 0xc8230eeab0)
	/Users/johntech/code/gocode/src/github.com/johntech-o/gorpc/server.go:76 +0x289
github.com/johntech-o/gorpc.(*Server).serveConn(0xc820114040, 0xc8232203d8)
	/Users/johntech/code/gocode/src/github.com/johntech-o/gorpc/server.go:63 +0x43
created by github.com/johntech-o/gorpc.(*Server).Serve
	/Users/johntech/code/gocode/src/github.com/johntech-o/gorpc/server.go:57 +0x98

goroutine 10613 [IO wait]:
net.runtime_pollWait(0x187abc0, 0x72, 0xc820012190)
	/usr/local/go/src/runtime/netpoll.go:157 +0x60
net.(*pollDesc).Wait(0xc824cf4b50, 0x72, 0x0, 0x0)
	/usr/local/go/src/net/fd_poll_runtime.go:73 +0x3a
net.(*pollDesc).WaitRead(0xc824cf4b50, 0x0, 0x0)
	/usr/local/go/src/net/fd_poll_runtime.go:78 +0x36
net.(*netFD).Read(0xc824cf4af0, 0xc824f92000, 0x1000, 0x1000, 0x0, 0x7a0050, 0xc820012190)
	/usr/local/go/src/net/fd_unix.go:232 +0x23a
net.(*conn).Read(0xc8232203e0, 0xc824f92000, 0x1000, 0x1000, 0x18, 0x0, 0x0)
	/usr/local/go/src/net/net.go:172 +0xe4
github.com/johntech-o/gorpc.(*Connection).Read(0xc824f542a0, 0xc824f92000, 0x1000, 0x1000, 0x3, 0x0, 0x0)
	/Users/johntech/code/gocode/src/github.com/johntech-o/gorpc/driverConn.go:57 +0x5b
bufio.(*Reader).fill(0xc824efcc00)
	/usr/local/go/src/bufio/bufio.go:97 +0x1e9
bufio.(*Reader).Read(0xc824efcc00, 0xc824711f90, 0x1, 0x9, 0xc823199010, 0x0, 0x0)
	/usr/local/go/src/bufio/bufio.go:207 +0x260
io.ReadAtLeast(0x7a5d58, 0xc824efcc00, 0xc824711f90, 0x1, 0x9, 0x1, 0x0, 0x0, 0x0)
	/usr/local/go/src/io/io.go:298 +0xe6
io.ReadFull(0x7a5d58, 0xc824efcc00, 0xc824711f90, 0x1, 0x9, 0xc824f6a470, 0x0, 0x0)
	/usr/local/go/src/io/io.go:316 +0x62
encoding/gob.decodeUintReader(0x7a5d58, 0xc824efcc00, 0xc824711f90, 0x9, 0x9, 0x0, 0x1, 0x0, 0x0)
	/usr/local/go/src/encoding/gob/decode.go:121 +0x92
encoding/gob.(*Decoder).recvMessage(0xc824f6a400, 0xc828705be0)
	/usr/local/go/src/encoding/gob/decoder.go:76 +0x5e
encoding/gob.(*Decoder).decodeTypeSequence(0xc824f6a400, 0x525e00, 0xc824f6a400)
	/usr/local/go/src/encoding/gob/decoder.go:140 +0x47
encoding/gob.(*Decoder).DecodeValue(0xc824f6a400, 0x3c49a0, 0xc823199050, 0x16, 0x0, 0x0)
	/usr/local/go/src/encoding/gob/decoder.go:208 +0x15d
encoding/gob.(*Decoder).Decode(0xc824f6a400, 0x3c49a0, 0xc823199050, 0x0, 0x0)
	/usr/local/go/src/encoding/gob/decoder.go:185 +0x289
github.com/johntech-o/gorpc.(*ConnDriver).ReadRequestHeader(0xc824aaef30, 0xc823199050, 0x0, 0x0)
	/Users/johntech/code/gocode/src/github.com/johntech-o/gorpc/driverConn.go:87 +0x51
github.com/johntech-o/gorpc.(*Server).ServeLoop(0xc820114040, 0xc824aaef30)
	/Users/johntech/code/gocode/src/github.com/johntech-o/gorpc/server.go:76 +0x289
github.com/johntech-o/gorpc.(*Server).serveConn(0xc820114040, 0xc8232203e0)
	/Users/johntech/code/gocode/src/github.com/johntech-o/gorpc/server.go:63 +0x43
created by github.com/johntech-o/gorpc.(*Server).Serve
	/Users/johntech/code/gocode/src/github.com/johntech-o/gorpc/server.go:57 +0x98

goroutine 10614 [IO wait]:
net.runtime_pollWait(0x187ab00, 0x72, 0xc820012190)
	/usr/local/go/src/runtime/netpoll.go:157 +0x60
net.(*pollDesc).Wait(0xc824cf4bc0, 0x72, 0x0, 0x0)
	/usr/local/go/src/net/fd_poll_runtime.go:73 +0x3a
net.(*pollDesc).WaitRead(0xc824cf4bc0, 0x0, 0x0)
	/usr/local/go/src/net/fd_poll_runtime.go:78 +0x36
net.(*netFD).Read(0xc824cf4b60, 0xc824f94000, 0x1000, 0x1000, 0x0, 0x7a0050, 0xc820012190)
	/usr/local/go/src/net/fd_unix.go:232 +0x23a
net.(*conn).Read(0xc8232203e8, 0xc824f94000, 0x1000, 0x1000, 0x18, 0x0, 0x0)
	/usr/local/go/src/net/net.go:172 +0xe4
github.com/johntech-o/gorpc.(*Connection).Read(0xc824f542b0, 0xc824f94000, 0x1000, 0x1000, 0x3, 0x0, 0x0)
	/Users/johntech/code/gocode/src/github.com/johntech-o/gorpc/driverConn.go:57 +0x5b
bufio.(*Reader).fill(0xc824efcc60)
	/usr/local/go/src/bufio/bufio.go:97 +0x1e9
bufio.(*Reader).Read(0xc824efcc60, 0xc82528a810, 0x1, 0x9, 0xc8231611c0, 0x0, 0x0)
	/usr/local/go/src/bufio/bufio.go:207 +0x260
io.ReadAtLeast(0x7a5d58, 0xc824efcc60, 0xc82528a810, 0x1, 0x9, 0x1, 0x0, 0x0, 0x0)
	/usr/local/go/src/io/io.go:298 +0xe6
io.ReadFull(0x7a5d58, 0xc824efcc60, 0xc82528a810, 0x1, 0x9, 0xc824f6a4f0, 0x0, 0x0)
	/usr/local/go/src/io/io.go:316 +0x62
encoding/gob.decodeUintReader(0x7a5d58, 0xc824efcc60, 0xc82528a810, 0x9, 0x9, 0x0, 0x1, 0x0, 0x0)
	/usr/local/go/src/encoding/gob/decode.go:121 +0x92
encoding/gob.(*Decoder).recvMessage(0xc824f6a480, 0xc822fabbe0)
	/usr/local/go/src/encoding/gob/decoder.go:76 +0x5e
encoding/gob.(*Decoder).decodeTypeSequence(0xc824f6a480, 0x525e00, 0xc824f6a480)
	/usr/local/go/src/encoding/gob/decoder.go:140 +0x47
encoding/gob.(*Decoder).DecodeValue(0xc824f6a480, 0x3c49a0, 0xc8231612f0, 0x16, 0x0, 0x0)
	/usr/local/go/src/encoding/gob/decoder.go:208 +0x15d
encoding/gob.(*Decoder).Decode(0xc824f6a480, 0x3c49a0, 0xc8231612f0, 0x0, 0x0)
	/usr/local/go/src/encoding/gob/decoder.go:185 +0x289
github.com/johntech-o/gorpc.(*ConnDriver).ReadRequestHeader(0xc8230eefc0, 0xc8231612f0, 0x0, 0x0)
	/Users/johntech/code/gocode/src/github.com/johntech-o/gorpc/driverConn.go:87 +0x51
github.com/johntech-o/gorpc.(*Server).ServeLoop(0xc820114040, 0xc8230eefc0)
	/Users/johntech/code/gocode/src/github.com/johntech-o/gorpc/server.go:76 +0x289
github.com/johntech-o/gorpc.(*Server).serveConn(0xc820114040, 0xc8232203e8)
	/Users/johntech/code/gocode/src/github.com/johntech-o/gorpc/server.go:63 +0x43
created by github.com/johntech-o/gorpc.(*Server).Serve
	/Users/johntech/code/gocode/src/github.com/johntech-o/gorpc/server.go:57 +0x98

goroutine 10615 [IO wait]:
net.runtime_pollWait(0x187aa40, 0x72, 0xc820012190)
	/usr/local/go/src/runtime/netpoll.go:157 +0x60
net.(*pollDesc).Wait(0xc824cf4c30, 0x72, 0x0, 0x0)
	/usr/local/go/src/net/fd_poll_runtime.go:73 +0x3a
net.(*pollDesc).WaitRead(0xc824cf4c30, 0x0, 0x0)
	/usr/local/go/src/net/fd_poll_runtime.go:78 +0x36
net.(*netFD).Read(0xc824cf4bd0, 0xc824f96000, 0x1000, 0x1000, 0x0, 0x7a0050, 0xc820012190)
	/usr/local/go/src/net/fd_unix.go:232 +0x23a
net.(*conn).Read(0xc8232203f0, 0xc824f96000, 0x1000, 0x1000, 0x18, 0x0, 0x0)
	/usr/local/go/src/net/net.go:172 +0xe4
github.com/johntech-o/gorpc.(*Connection).Read(0xc824f542c0, 0xc824f96000, 0x1000, 0x1000, 0x3, 0x0, 0x0)
	/Users/johntech/code/gocode/src/github.com/johntech-o/gorpc/driverConn.go:57 +0x5b
bufio.(*Reader).fill(0xc824efccc0)
	/usr/local/go/src/bufio/bufio.go:97 +0x1e9
bufio.(*Reader).Read(0xc824efccc0, 0xc8256c0f90, 0x1, 0x9, 0xc823044b90, 0x0, 0x0)
	/usr/local/go/src/bufio/bufio.go:207 +0x260
io.ReadAtLeast(0x7a5d58, 0xc824efccc0, 0xc8256c0f90, 0x1, 0x9, 0x1, 0x0, 0x0, 0x0)
	/usr/local/go/src/io/io.go:298 +0xe6
io.ReadFull(0x7a5d58, 0xc824efccc0, 0xc8256c0f90, 0x1, 0x9, 0xc824f6a570, 0x0, 0x0)
	/usr/local/go/src/io/io.go:316 +0x62
encoding/gob.decodeUintReader(0x7a5d58, 0xc824efccc0, 0xc8256c0f90, 0x9, 0x9, 0x0, 0x1, 0x0, 0x0)
	/usr/local/go/src/encoding/gob/decode.go:121 +0x92
encoding/gob.(*Decoder).recvMessage(0xc824f6a500, 0xc827b39bf0)
	/usr/local/go/src/encoding/gob/decoder.go:76 +0x5e
encoding/gob.(*Decoder).decodeTypeSequence(0xc824f6a500, 0x525e00, 0xc824f6a500)
	/usr/local/go/src/encoding/gob/decoder.go:140 +0x47
encoding/gob.(*Decoder).DecodeValue(0xc824f6a500, 0x3c49a0, 0xc823044ba0, 0x16, 0x0, 0x0)
	/usr/local/go/src/encoding/gob/decoder.go:208 +0x15d
encoding/gob.(*Decoder).Decode(0xc824f6a500, 0x3c49a0, 0xc823044ba0, 0x0, 0x0)
	/usr/local/go/src/encoding/gob/decoder.go:185 +0x289
github.com/johntech-o/gorpc.(*ConnDriver).ReadRequestHeader(0xc824a6d050, 0xc823044ba0, 0x0, 0x0)
	/Users/johntech/code/gocode/src/github.com/johntech-o/gorpc/driverConn.go:87 +0x51
github.com/johntech-o/gorpc.(*Server).ServeLoop(0xc820114040, 0xc824a6d050)
	/Users/johntech/code/gocode/src/github.com/johntech-o/gorpc/server.go:76 +0x289
github.com/johntech-o/gorpc.(*Server).serveConn(0xc820114040, 0xc8232203f0)
	/Users/johntech/code/gocode/src/github.com/johntech-o/gorpc/server.go:63 +0x43
created by github.com/johntech-o/gorpc.(*Server).Serve
	/Users/johntech/code/gocode/src/github.com/johntech-o/gorpc/server.go:57 +0x98

goroutine 10616 [IO wait]:
net.runtime_pollWait(0x187a980, 0x72, 0xc820012190)
	/usr/local/go/src/runtime/netpoll.go:157 +0x60
net.(*pollDesc).Wait(0xc824cf4ca0, 0x72, 0x0, 0x0)
	/usr/local/go/src/net/fd_poll_runtime.go:73 +0x3a
net.(*pollDesc).WaitRead(0xc824cf4ca0, 0x0, 0x0)
	/usr/local/go/src/net/fd_poll_runtime.go:78 +0x36
net.(*netFD).Read(0xc824cf4c40, 0xc824f98000, 0x1000, 0x1000, 0x0, 0x7a0050, 0xc820012190)
	/usr/local/go/src/net/fd_unix.go:232 +0x23a
net.(*conn).Read(0xc8232203f8, 0xc824f98000, 0x1000, 0x1000, 0x18, 0x0, 0x0)
	/usr/local/go/src/net/net.go:172 +0xe4
github.com/johntech-o/gorpc.(*Connection).Read(0xc824f542d0, 0xc824f98000, 0x1000, 0x1000, 0x3, 0x0, 0x0)
	/Users/johntech/code/gocode/src/github.com/johntech-o/gorpc/driverConn.go:57 +0x5b
bufio.(*Reader).fill(0xc824efcd20)
	/usr/local/go/src/bufio/bufio.go:97 +0x1e9
bufio.(*Reader).Read(0xc824efcd20, 0xc8252f8f20, 0x1, 0x9, 0xc824b9d4f0, 0x0, 0x0)
	/usr/local/go/src/bufio/bufio.go:207 +0x260
io.ReadAtLeast(0x7a5d58, 0xc824efcd20, 0xc8252f8f20, 0x1, 0x9, 0x1, 0x0, 0x0, 0x0)
	/usr/local/go/src/io/io.go:298 +0xe6
io.ReadFull(0x7a5d58, 0xc824efcd20, 0xc8252f8f20, 0x1, 0x9, 0xc824f6a5f0, 0x0, 0x0)
	/usr/local/go/src/io/io.go:316 +0x62
encoding/gob.decodeUintReader(0x7a5d58, 0xc824efcd20, 0xc8252f8f20, 0x9, 0x9, 0x0, 0x1, 0x0, 0x0)
	/usr/local/go/src/encoding/gob/decode.go:121 +0x92
encoding/gob.(*Decoder).recvMessage(0xc824f6a580, 0xc82f7afbf0)
	/usr/local/go/src/encoding/gob/decoder.go:76 +0x5e
encoding/gob.(*Decoder).decodeTypeSequence(0xc824f6a580, 0x525e00, 0xc824f6a580)
	/usr/local/go/src/encoding/gob/decoder.go:140 +0x47
encoding/gob.(*Decoder).DecodeValue(0xc824f6a580, 0x3c49a0, 0xc824b9d500, 0x16, 0x0, 0x0)
	/usr/local/go/src/encoding/gob/decoder.go:208 +0x15d
encoding/gob.(*Decoder).Decode(0xc824f6a580, 0x3c49a0, 0xc824b9d500, 0x0, 0x0)
	/usr/local/go/src/encoding/gob/decoder.go:185 +0x289
github.com/johntech-o/gorpc.(*ConnDriver).ReadRequestHeader(0xc8201257a0, 0xc824b9d500, 0x0, 0x0)
	/Users/johntech/code/gocode/src/github.com/johntech-o/gorpc/driverConn.go:87 +0x51
github.com/johntech-o/gorpc.(*Server).ServeLoop(0xc820114040, 0xc8201257a0)
	/Users/johntech/code/gocode/src/github.com/johntech-o/gorpc/server.go:76 +0x289
github.com/johntech-o/gorpc.(*Server).serveConn(0xc820114040, 0xc8232203f8)
	/Users/johntech/code/gocode/src/github.com/johntech-o/gorpc/server.go:63 +0x43
created by github.com/johntech-o/gorpc.(*Server).Serve
	/Users/johntech/code/gocode/src/github.com/johntech-o/gorpc/server.go:57 +0x98

goroutine 10617 [IO wait]:
net.runtime_pollWait(0x187a8c0, 0x72, 0xc820012190)
	/usr/local/go/src/runtime/netpoll.go:157 +0x60
net.(*pollDesc).Wait(0xc824cf4d10, 0x72, 0x0, 0x0)
	/usr/local/go/src/net/fd_poll_runtime.go:73 +0x3a
net.(*pollDesc).WaitRead(0xc824cf4d10, 0x0, 0x0)
	/usr/local/go/src/net/fd_poll_runtime.go:78 +0x36
net.(*netFD).Read(0xc824cf4cb0, 0xc824fa2000, 0x1000, 0x1000, 0x0, 0x7a0050, 0xc820012190)
	/usr/local/go/src/net/fd_unix.go:232 +0x23a
net.(*conn).Read(0xc823220400, 0xc824fa2000, 0x1000, 0x1000, 0x18, 0x0, 0x0)
	/usr/local/go/src/net/net.go:172 +0xe4
github.com/johntech-o/gorpc.(*Connection).Read(0xc824f542e0, 0xc824fa2000, 0x1000, 0x1000, 0x3, 0x0, 0x0)
	/Users/johntech/code/gocode/src/github.com/johntech-o/gorpc/driverConn.go:57 +0x5b
bufio.(*Reader).fill(0xc824efcd80)
	/usr/local/go/src/bufio/bufio.go:97 +0x1e9
bufio.(*Reader).Read(0xc824efcd80, 0xc825753820, 0x1, 0x9, 0xc8312dd4f0, 0x0, 0x0)
	/usr/local/go/src/bufio/bufio.go:207 +0x260
io.ReadAtLeast(0x7a5d58, 0xc824efcd80, 0xc825753820, 0x1, 0x9, 0x1, 0x0, 0x0, 0x0)
	/usr/local/go/src/io/io.go:298 +0xe6
io.ReadFull(0x7a5d58, 0xc824efcd80, 0xc825753820, 0x1, 0x9, 0xc824f6a670, 0x0, 0x0)
	/usr/local/go/src/io/io.go:316 +0x62
encoding/gob.decodeUintReader(0x7a5d58, 0xc824efcd80, 0xc825753820, 0x9, 0x9, 0x0, 0x1, 0x0, 0x0)
	/usr/local/go/src/encoding/gob/decode.go:121 +0x92
encoding/gob.(*Decoder).recvMessage(0xc824f6a600, 0xc82c096bf0)
	/usr/local/go/src/encoding/gob/decoder.go:76 +0x5e
encoding/gob.(*Decoder).decodeTypeSequence(0xc824f6a600, 0x525e00, 0xc824f6a600)
	/usr/local/go/src/encoding/gob/decoder.go:140 +0x47
encoding/gob.(*Decoder).DecodeValue(0xc824f6a600, 0x3c49a0, 0xc8312dd500, 0x16, 0x0, 0x0)
	/usr/local/go/src/encoding/gob/decoder.go:208 +0x15d
encoding/gob.(*Decoder).Decode(0xc824f6a600, 0x3c49a0, 0xc8312dd500, 0x0, 0x0)
	/usr/local/go/src/encoding/gob/decoder.go:185 +0x289
github.com/johntech-o/gorpc.(*ConnDriver).ReadRequestHeader(0xc8230ee240, 0xc8312dd500, 0x0, 0x0)
	/Users/johntech/code/gocode/src/github.com/johntech-o/gorpc/driverConn.go:87 +0x51
github.com/johntech-o/gorpc.(*Server).ServeLoop(0xc820114040, 0xc8230ee240)
	/Users/johntech/code/gocode/src/github.com/johntech-o/gorpc/server.go:76 +0x289
github.com/johntech-o/gorpc.(*Server).serveConn(0xc820114040, 0xc823220400)
	/Users/johntech/code/gocode/src/github.com/johntech-o/gorpc/server.go:63 +0x43
created by github.com/johntech-o/gorpc.(*Server).Serve
	/Users/johntech/code/gocode/src/github.com/johntech-o/gorpc/server.go:57 +0x98

goroutine 10618 [IO wait]:
net.runtime_pollWait(0x187a800, 0x72, 0xc820012190)
	/usr/local/go/src/runtime/netpoll.go:157 +0x60
net.(*pollDesc).Wait(0xc824cf4d80, 0x72, 0x0, 0x0)
	/usr/local/go/src/net/fd_poll_runtime.go:73 +0x3a
net.(*pollDesc).WaitRead(0xc824cf4d80, 0x0, 0x0)
	/usr/local/go/src/net/fd_poll_runtime.go:78 +0x36
net.(*netFD).Read(0xc824cf4d20, 0xc824fa4000, 0x1000, 0x1000, 0x0, 0x7a0050, 0xc820012190)
	/usr/local/go/src/net/fd_unix.go:232 +0x23a
net.(*conn).Read(0xc823220408, 0xc824fa4000, 0x1000, 0x1000, 0x18, 0x0, 0x0)
	/usr/local/go/src/net/net.go:172 +0xe4
github.com/johntech-o/gorpc.(*Connection).Read(0xc824f542f0, 0xc824fa4000, 0x1000, 0x1000, 0x3, 0x0, 0x0)
	/Users/johntech/code/gocode/src/github.com/johntech-o/gorpc/driverConn.go:57 +0x5b
bufio.(*Reader).fill(0xc824efcde0)
	/usr/local/go/src/bufio/bufio.go:97 +0x1e9
bufio.(*Reader).Read(0xc824efcde0, 0xc824cf0a60, 0x1, 0x9, 0xc824b9d490, 0x0, 0x0)
	/usr/local/go/src/bufio/bufio.go:207 +0x260
io.ReadAtLeast(0x7a5d58, 0xc824efcde0, 0xc824cf0a60, 0x1, 0x9, 0x1, 0x0, 0x0, 0x0)
	/usr/local/go/src/io/io.go:298 +0xe6
io.ReadFull(0x7a5d58, 0xc824efcde0, 0xc824cf0a60, 0x1, 0x9, 0xc824f6a6f0, 0x0, 0x0)
	/usr/local/go/src/io/io.go:316 +0x62
encoding/gob.decodeUintReader(0x7a5d58, 0xc824efcde0, 0xc824cf0a60, 0x9, 0x9, 0x0, 0x1, 0x0, 0x0)
	/usr/local/go/src/encoding/gob/decode.go:121 +0x92
encoding/gob.(*Decoder).recvMessage(0xc824f6a680, 0xc827b38bf0)
	/usr/local/go/src/encoding/gob/decoder.go:76 +0x5e
encoding/gob.(*Decoder).decodeTypeSequence(0xc824f6a680, 0x525e00, 0xc824f6a680)
	/usr/local/go/src/encoding/gob/decoder.go:140 +0x47
encoding/gob.(*Decoder).DecodeValue(0xc824f6a680, 0x3c49a0, 0xc824b9d4a0, 0x16, 0x0, 0x0)
	/usr/local/go/src/encoding/gob/decoder.go:208 +0x15d
encoding/gob.(*Decoder).Decode(0xc824f6a680, 0x3c49a0, 0xc824b9d4a0, 0x0, 0x0)
	/usr/local/go/src/encoding/gob/decoder.go:185 +0x289
github.com/johntech-o/gorpc.(*ConnDriver).ReadRequestHeader(0xc824a6ca20, 0xc824b9d4a0, 0x0, 0x0)
	/Users/johntech/code/gocode/src/github.com/johntech-o/gorpc/driverConn.go:87 +0x51
github.com/johntech-o/gorpc.(*Server).ServeLoop(0xc820114040, 0xc824a6ca20)
	/Users/johntech/code/gocode/src/github.com/johntech-o/gorpc/server.go:76 +0x289
github.com/johntech-o/gorpc.(*Server).serveConn(0xc820114040, 0xc823220408)
	/Users/johntech/code/gocode/src/github.com/johntech-o/gorpc/server.go:63 +0x43
created by github.com/johntech-o/gorpc.(*Server).Serve
	/Users/johntech/code/gocode/src/github.com/johntech-o/gorpc/server.go:57 +0x98

goroutine 10619 [IO wait]:
net.runtime_pollWait(0x187a740, 0x72, 0xc820012190)
	/usr/local/go/src/runtime/netpoll.go:157 +0x60
net.(*pollDesc).Wait(0xc824cf4df0, 0x72, 0x0, 0x0)
	/usr/local/go/src/net/fd_poll_runtime.go:73 +0x3a
net.(*pollDesc).WaitRead(0xc824cf4df0, 0x0, 0x0)
	/usr/local/go/src/net/fd_poll_runtime.go:78 +0x36
net.(*netFD).Read(0xc824cf4d90, 0xc824fa6000, 0x1000, 0x1000, 0x0, 0x7a0050, 0xc820012190)
	/usr/local/go/src/net/fd_unix.go:232 +0x23a
net.(*conn).Read(0xc823220410, 0xc824fa6000, 0x1000, 0x1000, 0x18, 0x0, 0x0)
	/usr/local/go/src/net/net.go:172 +0xe4
github.com/johntech-o/gorpc.(*Connection).Read(0xc824f54300, 0xc824fa6000, 0x1000, 0x1000, 0x3, 0x0, 0x0)
	/Users/johntech/code/gocode/src/github.com/johntech-o/gorpc/driverConn.go:57 +0x5b
bufio.(*Reader).fill(0xc824efce40)
	/usr/local/go/src/bufio/bufio.go:97 +0x1e9
bufio.(*Reader).Read(0xc824efce40, 0xc8252f9f60, 0x1, 0x9, 0xc822ec21a0, 0x0, 0x0)
	/usr/local/go/src/bufio/bufio.go:207 +0x260
io.ReadAtLeast(0x7a5d58, 0xc824efce40, 0xc8252f9f60, 0x1, 0x9, 0x1, 0x0, 0x0, 0x0)
	/usr/local/go/src/io/io.go:298 +0xe6
io.ReadFull(0x7a5d58, 0xc824efce40, 0xc8252f9f60, 0x1, 0x9, 0xc824f6a770, 0x0, 0x0)
	/usr/local/go/src/io/io.go:316 +0x62
encoding/gob.decodeUintReader(0x7a5d58, 0xc824efce40, 0xc8252f9f60, 0x9, 0x9, 0x0, 0x1, 0x0, 0x0)
	/usr/local/go/src/encoding/gob/decode.go:121 +0x92
encoding/gob.(*Decoder).recvMessage(0xc824f6a700, 0xc82b9aabf0)
	/usr/local/go/src/encoding/gob/decoder.go:76 +0x5e
encoding/gob.(*Decoder).decodeTypeSequence(0xc824f6a700, 0x525e00, 0xc824f6a700)
	/usr/local/go/src/encoding/gob/decoder.go:140 +0x47
encoding/gob.(*Decoder).DecodeValue(0xc824f6a700, 0x3c49a0, 0xc822ec22a0, 0x16, 0x0, 0x0)
	/usr/local/go/src/encoding/gob/decoder.go:208 +0x15d
encoding/gob.(*Decoder).Decode(0xc824f6a700, 0x3c49a0, 0xc822ec22a0, 0x0, 0x0)
	/usr/local/go/src/encoding/gob/decoder.go:185 +0x289
github.com/johntech-o/gorpc.(*ConnDriver).ReadRequestHeader(0xc8201255f0, 0xc822ec22a0, 0x0, 0x0)
	/Users/johntech/code/gocode/src/github.com/johntech-o/gorpc/driverConn.go:87 +0x51
github.com/johntech-o/gorpc.(*Server).ServeLoop(0xc820114040, 0xc8201255f0)
	/Users/johntech/code/gocode/src/github.com/johntech-o/gorpc/server.go:76 +0x289
github.com/johntech-o/gorpc.(*Server).serveConn(0xc820114040, 0xc823220410)
	/Users/johntech/code/gocode/src/github.com/johntech-o/gorpc/server.go:63 +0x43
created by github.com/johntech-o/gorpc.(*Server).Serve
	/Users/johntech/code/gocode/src/github.com/johntech-o/gorpc/server.go:57 +0x98

goroutine 10620 [IO wait]:
net.runtime_pollWait(0x187a680, 0x72, 0xc820012190)
	/usr/local/go/src/runtime/netpoll.go:157 +0x60
net.(*pollDesc).Wait(0xc824cf4e60, 0x72, 0x0, 0x0)
	/usr/local/go/src/net/fd_poll_runtime.go:73 +0x3a
net.(*pollDesc).WaitRead(0xc824cf4e60, 0x0, 0x0)
	/usr/local/go/src/net/fd_poll_runtime.go:78 +0x36
net.(*netFD).Read(0xc824cf4e00, 0xc824fa8000, 0x1000, 0x1000, 0x0, 0x7a0050, 0xc820012190)
	/usr/local/go/src/net/fd_unix.go:232 +0x23a
net.(*conn).Read(0xc823220418, 0xc824fa8000, 0x1000, 0x1000, 0x18, 0x0, 0x0)
	/usr/local/go/src/net/net.go:172 +0xe4
github.com/johntech-o/gorpc.(*Connection).Read(0xc824f54310, 0xc824fa8000, 0x1000, 0x1000, 0x3, 0x0, 0x0)
	/Users/johntech/code/gocode/src/github.com/johntech-o/gorpc/driverConn.go:57 +0x5b
bufio.(*Reader).fill(0xc824efcea0)
	/usr/local/go/src/bufio/bufio.go:97 +0x1e9
bufio.(*Reader).Read(0xc824efcea0, 0xc824cf1900, 0x1, 0x9, 0xc823044aa0, 0x0, 0x0)
	/usr/local/go/src/bufio/bufio.go:207 +0x260
io.ReadAtLeast(0x7a5d58, 0xc824efcea0, 0xc824cf1900, 0x1, 0x9, 0x1, 0x0, 0x0, 0x0)
	/usr/local/go/src/io/io.go:298 +0xe6
io.ReadFull(0x7a5d58, 0xc824efcea0, 0xc824cf1900, 0x1, 0x9, 0xc824f6a7f0, 0x0, 0x0)
	/usr/local/go/src/io/io.go:316 +0x62
encoding/gob.decodeUintReader(0x7a5d58, 0xc824efcea0, 0xc824cf1900, 0x9, 0x9, 0x0, 0x1, 0x0, 0x0)
	/usr/local/go/src/encoding/gob/decode.go:121 +0x92
encoding/gob.(*Decoder).recvMessage(0xc824f6a780, 0xc82c180bf0)
	/usr/local/go/src/encoding/gob/decoder.go:76 +0x5e
encoding/gob.(*Decoder).decodeTypeSequence(0xc824f6a780, 0x525e00, 0xc824f6a780)
	/usr/local/go/src/encoding/gob/decoder.go:140 +0x47
encoding/gob.(*Decoder).DecodeValue(0xc824f6a780, 0x3c49a0, 0xc823044ab0, 0x16, 0x0, 0x0)
	/usr/local/go/src/encoding/gob/decoder.go:208 +0x15d
encoding/gob.(*Decoder).Decode(0xc824f6a780, 0x3c49a0, 0xc823044ab0, 0x0, 0x0)
	/usr/local/go/src/encoding/gob/decoder.go:185 +0x289
github.com/johntech-o/gorpc.(*ConnDriver).ReadRequestHeader(0xc824a6cb40, 0xc823044ab0, 0x0, 0x0)
	/Users/johntech/code/gocode/src/github.com/johntech-o/gorpc/driverConn.go:87 +0x51
github.com/johntech-o/gorpc.(*Server).ServeLoop(0xc820114040, 0xc824a6cb40)
	/Users/johntech/code/gocode/src/github.com/johntech-o/gorpc/server.go:76 +0x289
github.com/johntech-o/gorpc.(*Server).serveConn(0xc820114040, 0xc823220418)
	/Users/johntech/code/gocode/src/github.com/johntech-o/gorpc/server.go:63 +0x43
created by github.com/johntech-o/gorpc.(*Server).Serve
	/Users/johntech/code/gocode/src/github.com/johntech-o/gorpc/server.go:57 +0x98

goroutine 10621 [IO wait]:
net.runtime_pollWait(0x187a5c0, 0x72, 0xc820012190)
	/usr/local/go/src/runtime/netpoll.go:157 +0x60
net.(*pollDesc).Wait(0xc824cf4ed0, 0x72, 0x0, 0x0)
	/usr/local/go/src/net/fd_poll_runtime.go:73 +0x3a
net.(*pollDesc).WaitRead(0xc824cf4ed0, 0x0, 0x0)
	/usr/local/go/src/net/fd_poll_runtime.go:78 +0x36
net.(*netFD).Read(0xc824cf4e70, 0xc82516c000, 0x1000, 0x1000, 0x0, 0x7a0050, 0xc820012190)
	/usr/local/go/src/net/fd_unix.go:232 +0x23a
net.(*conn).Read(0xc823220420, 0xc82516c000, 0x1000, 0x1000, 0x18, 0x0, 0x0)
	/usr/local/go/src/net/net.go:172 +0xe4
github.com/johntech-o/gorpc.(*Connection).Read(0xc824f54320, 0xc82516c000, 0x1000, 0x1000, 0x3, 0x0, 0x0)
	/Users/johntech/code/gocode/src/github.com/johntech-o/gorpc/driverConn.go:57 +0x5b
bufio.(*Reader).fill(0xc8250f65a0)
	/usr/local/go/src/bufio/bufio.go:97 +0x1e9
bufio.(*Reader).Read(0xc8250f65a0, 0xc82511d6b0, 0x1, 0x9, 0xc82317c320, 0x0, 0x0)
	/usr/local/go/src/bufio/bufio.go:207 +0x260
io.ReadAtLeast(0x7a5d58, 0xc8250f65a0, 0xc82511d6b0, 0x1, 0x9, 0x1, 0x0, 0x0, 0x0)
	/usr/local/go/src/io/io.go:298 +0xe6
io.ReadFull(0x7a5d58, 0xc8250f65a0, 0xc82511d6b0, 0x1, 0x9, 0xc82011a970, 0x0, 0x0)
	/usr/local/go/src/io/io.go:316 +0x62
encoding/gob.decodeUintReader(0x7a5d58, 0xc8250f65a0, 0xc82511d6b0, 0x9, 0x9, 0x0, 0x1, 0x0, 0x0)
	/usr/local/go/src/encoding/gob/decode.go:121 +0x92
encoding/gob.(*Decoder).recvMessage(0xc82011a900, 0xc8275f8bf0)
	/usr/local/go/src/encoding/gob/decoder.go:76 +0x5e
encoding/gob.(*Decoder).decodeTypeSequence(0xc82011a900, 0x525e00, 0xc82011a900)
	/usr/local/go/src/encoding/gob/decoder.go:140 +0x47
encoding/gob.(*Decoder).DecodeValue(0xc82011a900, 0x3c49a0, 0xc82317c330, 0x16, 0x0, 0x0)
	/usr/local/go/src/encoding/gob/decoder.go:208 +0x15d
encoding/gob.(*Decoder).Decode(0xc82011a900, 0x3c49a0, 0xc82317c330, 0x0, 0x0)
	/usr/local/go/src/encoding/gob/decoder.go:185 +0x289
github.com/johntech-o/gorpc.(*ConnDriver).ReadRequestHeader(0xc824a6cc60, 0xc82317c330, 0x0, 0x0)
	/Users/johntech/code/gocode/src/github.com/johntech-o/gorpc/driverConn.go:87 +0x51
github.com/johntech-o/gorpc.(*Server).ServeLoop(0xc820114040, 0xc824a6cc60)
	/Users/johntech/code/gocode/src/github.com/johntech-o/gorpc/server.go:76 +0x289
github.com/johntech-o/gorpc.(*Server).serveConn(0xc820114040, 0xc823220420)
	/Users/johntech/code/gocode/src/github.com/johntech-o/gorpc/server.go:63 +0x43
created by github.com/johntech-o/gorpc.(*Server).Serve
	/Users/johntech/code/gocode/src/github.com/johntech-o/gorpc/server.go:57 +0x98

goroutine 10622 [IO wait]:
net.runtime_pollWait(0x187a500, 0x72, 0xc820012190)
	/usr/local/go/src/runtime/netpoll.go:157 +0x60
net.(*pollDesc).Wait(0xc824cf4f40, 0x72, 0x0, 0x0)
	/usr/local/go/src/net/fd_poll_runtime.go:73 +0x3a
net.(*pollDesc).WaitRead(0xc824cf4f40, 0x0, 0x0)
	/usr/local/go/src/net/fd_poll_runtime.go:78 +0x36
net.(*netFD).Read(0xc824cf4ee0, 0xc82516d000, 0x1000, 0x1000, 0x0, 0x7a0050, 0xc820012190)
	/usr/local/go/src/net/fd_unix.go:232 +0x23a
net.(*conn).Read(0xc823220428, 0xc82516d000, 0x1000, 0x1000, 0x18, 0x0, 0x0)
	/usr/local/go/src/net/net.go:172 +0xe4
github.com/johntech-o/gorpc.(*Connection).Read(0xc824f54330, 0xc82516d000, 0x1000, 0x1000, 0x3, 0x0, 0x0)
	/Users/johntech/code/gocode/src/github.com/johntech-o/gorpc/driverConn.go:57 +0x5b
bufio.(*Reader).fill(0xc8250f6960)
	/usr/local/go/src/bufio/bufio.go:97 +0x1e9
bufio.(*Reader).Read(0xc8250f6960, 0xc825182600, 0x1, 0x9, 0xc823492200, 0x0, 0x0)
	/usr/local/go/src/bufio/bufio.go:207 +0x260
io.ReadAtLeast(0x7a5d58, 0xc8250f6960, 0xc825182600, 0x1, 0x9, 0x1, 0x0, 0x0, 0x0)
	/usr/local/go/src/io/io.go:298 +0xe6
io.ReadFull(0x7a5d58, 0xc8250f6960, 0xc825182600, 0x1, 0x9, 0xc82011aa70, 0x0, 0x0)
	/usr/local/go/src/io/io.go:316 +0x62
encoding/gob.decodeUintReader(0x7a5d58, 0xc8250f6960, 0xc825182600, 0x9, 0x9, 0x0, 0x1, 0x0, 0x0)
	/usr/local/go/src/encoding/gob/decode.go:121 +0x92
encoding/gob.(*Decoder).recvMessage(0xc82011aa00, 0xc82b356bf0)
	/usr/local/go/src/encoding/gob/decoder.go:76 +0x5e
encoding/gob.(*Decoder).decodeTypeSequence(0xc82011aa00, 0x525e00, 0xc82011aa00)
	/usr/local/go/src/encoding/gob/decoder.go:140 +0x47
encoding/gob.(*Decoder).DecodeValue(0xc82011aa00, 0x3c49a0, 0xc823492210, 0x16, 0x0, 0x0)
	/usr/local/go/src/encoding/gob/decoder.go:208 +0x15d
encoding/gob.(*Decoder).Decode(0xc82011aa00, 0x3c49a0, 0xc823492210, 0x0, 0x0)
	/usr/local/go/src/encoding/gob/decoder.go:185 +0x289
github.com/johntech-o/gorpc.(*ConnDriver).ReadRequestHeader(0xc824a6cd80, 0xc823492210, 0x0, 0x0)
	/Users/johntech/code/gocode/src/github.com/johntech-o/gorpc/driverConn.go:87 +0x51
github.com/johntech-o/gorpc.(*Server).ServeLoop(0xc820114040, 0xc824a6cd80)
	/Users/johntech/code/gocode/src/github.com/johntech-o/gorpc/server.go:76 +0x289
github.com/johntech-o/gorpc.(*Server).serveConn(0xc820114040, 0xc823220428)
	/Users/johntech/code/gocode/src/github.com/johntech-o/gorpc/server.go:63 +0x43
created by github.com/johntech-o/gorpc.(*Server).Serve
	/Users/johntech/code/gocode/src/github.com/johntech-o/gorpc/server.go:57 +0x98

goroutine 10623 [IO wait]:
net.runtime_pollWait(0x187a440, 0x72, 0xc820012190)
	/usr/local/go/src/runtime/netpoll.go:157 +0x60
net.(*pollDesc).Wait(0xc824cf4fb0, 0x72, 0x0, 0x0)
	/usr/local/go/src/net/fd_poll_runtime.go:73 +0x3a
net.(*pollDesc).WaitRead(0xc824cf4fb0, 0x0, 0x0)
	/usr/local/go/src/net/fd_poll_runtime.go:78 +0x36
net.(*netFD).Read(0xc824cf4f50, 0xc824fb6000, 0x1000, 0x1000, 0x0, 0x7a0050, 0xc820012190)
	/usr/local/go/src/net/fd_unix.go:232 +0x23a
net.(*conn).Read(0xc823220430, 0xc824fb6000, 0x1000, 0x1000, 0x18, 0x0, 0x0)
	/usr/local/go/src/net/net.go:172 +0xe4
github.com/johntech-o/gorpc.(*Connection).Read(0xc824f54340, 0xc824fb6000, 0x1000, 0x1000, 0x3, 0x0, 0x0)
	/Users/johntech/code/gocode/src/github.com/johntech-o/gorpc/driverConn.go:57 +0x5b
bufio.(*Reader).fill(0xc824efcf00)
	/usr/local/go/src/bufio/bufio.go:97 +0x1e9
bufio.(*Reader).Read(0xc824efcf00, 0xc82575c350, 0x1, 0x9, 0xc823160dd0, 0x0, 0x0)
	/usr/local/go/src/bufio/bufio.go:207 +0x260
io.ReadAtLeast(0x7a5d58, 0xc824efcf00, 0xc82575c350, 0x1, 0x9, 0x1, 0x0, 0x0, 0x0)
	/usr/local/go/src/io/io.go:298 +0xe6
io.ReadFull(0x7a5d58, 0xc824efcf00, 0xc82575c350, 0x1, 0x9, 0xc824f6a870, 0x0, 0x0)
	/usr/local/go/src/io/io.go:316 +0x62
encoding/gob.decodeUintReader(0x7a5d58, 0xc824efcf00, 0xc82575c350, 0x9, 0x9, 0x0, 0x1, 0x0, 0x0)
	/usr/local/go/src/encoding/gob/decode.go:121 +0x92
encoding/gob.(*Decoder).recvMessage(0xc824f6a800, 0xc827b35bf0)
	/usr/local/go/src/encoding/gob/decoder.go:76 +0x5e
encoding/gob.(*Decoder).decodeTypeSequence(0xc824f6a800, 0x525e00, 0xc824f6a800)
	/usr/local/go/src/encoding/gob/decoder.go:140 +0x47
encoding/gob.(*Decoder).DecodeValue(0xc824f6a800, 0x3c49a0, 0xc823160de0, 0x16, 0x0, 0x0)
	/usr/local/go/src/encoding/gob/decoder.go:208 +0x15d
encoding/gob.(*Decoder).Decode(0xc824f6a800, 0x3c49a0, 0xc823160de0, 0x0, 0x0)
	/usr/local/go/src/encoding/gob/decoder.go:185 +0x289
github.com/johntech-o/gorpc.(*ConnDriver).ReadRequestHeader(0xc820124120, 0xc823160de0, 0x0, 0x0)
	/Users/johntech/code/gocode/src/github.com/johntech-o/gorpc/driverConn.go:87 +0x51
github.com/johntech-o/gorpc.(*Server).ServeLoop(0xc820114040, 0xc820124120)
	/Users/johntech/code/gocode/src/github.com/johntech-o/gorpc/server.go:76 +0x289
github.com/johntech-o/gorpc.(*Server).serveConn(0xc820114040, 0xc823220430)
	/Users/johntech/code/gocode/src/github.com/johntech-o/gorpc/server.go:63 +0x43
created by github.com/johntech-o/gorpc.(*Server).Serve
	/Users/johntech/code/gocode/src/github.com/johntech-o/gorpc/server.go:57 +0x98

goroutine 10624 [IO wait]:
net.runtime_pollWait(0x187a380, 0x72, 0xc820012190)
	/usr/local/go/src/runtime/netpoll.go:157 +0x60
net.(*pollDesc).Wait(0xc824cf5020, 0x72, 0x0, 0x0)
	/usr/local/go/src/net/fd_poll_runtime.go:73 +0x3a
net.(*pollDesc).WaitRead(0xc824cf5020, 0x0, 0x0)
	/usr/local/go/src/net/fd_poll_runtime.go:78 +0x36
net.(*netFD).Read(0xc824cf4fc0, 0xc824fb8000, 0x1000, 0x1000, 0x0, 0x7a0050, 0xc820012190)
	/usr/local/go/src/net/fd_unix.go:232 +0x23a
net.(*conn).Read(0xc823220438, 0xc824fb8000, 0x1000, 0x1000, 0x18, 0x0, 0x0)
	/usr/local/go/src/net/net.go:172 +0xe4
github.com/johntech-o/gorpc.(*Connection).Read(0xc824f54350, 0xc824fb8000, 0x1000, 0x1000, 0x3, 0x0, 0x0)
	/Users/johntech/code/gocode/src/github.com/johntech-o/gorpc/driverConn.go:57 +0x5b
bufio.(*Reader).fill(0xc824efcf60)
	/usr/local/go/src/bufio/bufio.go:97 +0x1e9
bufio.(*Reader).Read(0xc824efcf60, 0xc824e11b80, 0x1, 0x9, 0xc82c4d7820, 0x0, 0x0)
	/usr/local/go/src/bufio/bufio.go:207 +0x260
io.ReadAtLeast(0x7a5d58, 0xc824efcf60, 0xc824e11b80, 0x1, 0x9, 0x1, 0x0, 0x0, 0x0)
	/usr/local/go/src/io/io.go:298 +0xe6
io.ReadFull(0x7a5d58, 0xc824efcf60, 0xc824e11b80, 0x1, 0x9, 0xc824f6a8f0, 0x0, 0x0)
	/usr/local/go/src/io/io.go:316 +0x62
encoding/gob.decodeUintReader(0x7a5d58, 0xc824efcf60, 0xc824e11b80, 0x9, 0x9, 0x0, 0x1, 0x0, 0x0)
	/usr/local/go/src/encoding/gob/decode.go:121 +0x92
encoding/gob.(*Decoder).recvMessage(0xc824f6a880, 0xc822fa5be0)
	/usr/local/go/src/encoding/gob/decoder.go:76 +0x5e
encoding/gob.(*Decoder).decodeTypeSequence(0xc824f6a880, 0x525e00, 0xc824f6a880)
	/usr/local/go/src/encoding/gob/decoder.go:140 +0x47
encoding/gob.(*Decoder).DecodeValue(0xc824f6a880, 0x3c49a0, 0xc82c4d7830, 0x16, 0x0, 0x0)
	/usr/local/go/src/encoding/gob/decoder.go:208 +0x15d
encoding/gob.(*Decoder).Decode(0xc824f6a880, 0x3c49a0, 0xc82c4d7830, 0x0, 0x0)
	/usr/local/go/src/encoding/gob/decoder.go:185 +0x289
github.com/johntech-o/gorpc.(*ConnDriver).ReadRequestHeader(0xc820125050, 0xc82c4d7830, 0x0, 0x0)
	/Users/johntech/code/gocode/src/github.com/johntech-o/gorpc/driverConn.go:87 +0x51
github.com/johntech-o/gorpc.(*Server).ServeLoop(0xc820114040, 0xc820125050)
	/Users/johntech/code/gocode/src/github.com/johntech-o/gorpc/server.go:76 +0x289
github.com/johntech-o/gorpc.(*Server).serveConn(0xc820114040, 0xc823220438)
	/Users/johntech/code/gocode/src/github.com/johntech-o/gorpc/server.go:63 +0x43
created by github.com/johntech-o/gorpc.(*Server).Serve
	/Users/johntech/code/gocode/src/github.com/johntech-o/gorpc/server.go:57 +0x98

goroutine 10625 [IO wait]:
net.runtime_pollWait(0x187a2c0, 0x72, 0xc820012190)
	/usr/local/go/src/runtime/netpoll.go:157 +0x60
net.(*pollDesc).Wait(0xc824cf5090, 0x72, 0x0, 0x0)
	/usr/local/go/src/net/fd_poll_runtime.go:73 +0x3a
net.(*pollDesc).WaitRead(0xc824cf5090, 0x0, 0x0)
	/usr/local/go/src/net/fd_poll_runtime.go:78 +0x36
net.(*netFD).Read(0xc824cf5030, 0xc824d2c000, 0x1000, 0x1000, 0x0, 0x7a0050, 0xc820012190)
	/usr/local/go/src/net/fd_unix.go:232 +0x23a
net.(*conn).Read(0xc823220440, 0xc824d2c000, 0x1000, 0x1000, 0x18, 0x0, 0x0)
	/usr/local/go/src/net/net.go:172 +0xe4
github.com/johntech-o/gorpc.(*Connection).Read(0xc824ba4fd0, 0xc824d2c000, 0x1000, 0x1000, 0x3, 0x0, 0x0)
	/Users/johntech/code/gocode/src/github.com/johntech-o/gorpc/driverConn.go:57 +0x5b
bufio.(*Reader).fill(0xc82318db00)
	/usr/local/go/src/bufio/bufio.go:97 +0x1e9
bufio.(*Reader).Read(0xc82318db00, 0xc824ba4fe0, 0x1, 0x9, 0xc824b9d550, 0x0, 0x0)
	/usr/local/go/src/bufio/bufio.go:207 +0x260
io.ReadAtLeast(0x7a5d58, 0xc82318db00, 0xc824ba4fe0, 0x1, 0x9, 0x1, 0x0, 0x0, 0x0)
	/usr/local/go/src/io/io.go:298 +0xe6
io.ReadFull(0x7a5d58, 0xc82318db00, 0xc824ba4fe0, 0x1, 0x9, 0xc824d2a070, 0x0, 0x0)
	/usr/local/go/src/io/io.go:316 +0x62
encoding/gob.decodeUintReader(0x7a5d58, 0xc82318db00, 0xc824ba4fe0, 0x9, 0x9, 0x0, 0x1, 0x0, 0x0)
	/usr/local/go/src/encoding/gob/decode.go:121 +0x92
encoding/gob.(*Decoder).recvMessage(0xc824d2a000, 0xc82d35fbf0)
	/usr/local/go/src/encoding/gob/decoder.go:76 +0x5e
encoding/gob.(*Decoder).decodeTypeSequence(0xc824d2a000, 0x525e00, 0xc824d2a000)
	/usr/local/go/src/encoding/gob/decoder.go:140 +0x47
encoding/gob.(*Decoder).DecodeValue(0xc824d2a000, 0x3c49a0, 0xc824b9d560, 0x16, 0x0, 0x0)
	/usr/local/go/src/encoding/gob/decoder.go:208 +0x15d
encoding/gob.(*Decoder).Decode(0xc824d2a000, 0x3c49a0, 0xc824b9d560, 0x0, 0x0)
	/usr/local/go/src/encoding/gob/decoder.go:185 +0x289
github.com/johntech-o/gorpc.(*ConnDriver).ReadRequestHeader(0xc824a5d200, 0xc824b9d560, 0x0, 0x0)
	/Users/johntech/code/gocode/src/github.com/johntech-o/gorpc/driverConn.go:87 +0x51
github.com/johntech-o/gorpc.(*Server).ServeLoop(0xc820114040, 0xc824a5d200)
	/Users/johntech/code/gocode/src/github.com/johntech-o/gorpc/server.go:76 +0x289
github.com/johntech-o/gorpc.(*Server).serveConn(0xc820114040, 0xc823220440)
	/Users/johntech/code/gocode/src/github.com/johntech-o/gorpc/server.go:63 +0x43
created by github.com/johntech-o/gorpc.(*Server).Serve
	/Users/johntech/code/gocode/src/github.com/johntech-o/gorpc/server.go:57 +0x98

goroutine 10630 [IO wait]:
net.runtime_pollWait(0x7a7ac0, 0x72, 0xc820012190)
	/usr/local/go/src/runtime/netpoll.go:157 +0x60
net.(*pollDesc).Wait(0xc822df86f0, 0x72, 0x0, 0x0)
	/usr/local/go/src/net/fd_poll_runtime.go:73 +0x3a
net.(*pollDesc).WaitRead(0xc822df86f0, 0x0, 0x0)
	/usr/local/go/src/net/fd_poll_runtime.go:78 +0x36
net.(*netFD).Read(0xc822df8690, 0xc82341a000, 0x1000, 0x1000, 0x0, 0x7a0050, 0xc820012190)
	/usr/local/go/src/net/fd_unix.go:232 +0x23a
net.(*conn).Read(0xc8232e80b8, 0xc82341a000, 0x1000, 0x1000, 0x0, 0x0, 0x0)
	/usr/local/go/src/net/net.go:172 +0xe4
bufio.(*Reader).fill(0xc82330e660)
	/usr/local/go/src/bufio/bufio.go:97 +0x1e9
bufio.(*Reader).Read(0xc82330e660, 0xc824ba58e0, 0x1, 0x9, 0x525128, 0x0, 0x0)
	/usr/local/go/src/bufio/bufio.go:207 +0x260
io.ReadAtLeast(0x7a5d58, 0xc82330e660, 0xc824ba58e0, 0x1, 0x9, 0x1, 0x0, 0x0, 0x0)
	/usr/local/go/src/io/io.go:298 +0xe6
io.ReadFull(0x7a5d58, 0xc82330e660, 0xc824ba58e0, 0x1, 0x9, 0xc820171570, 0x0, 0x0)
	/usr/local/go/src/io/io.go:316 +0x62
encoding/gob.decodeUintReader(0x7a5d58, 0xc82330e660, 0xc824ba58e0, 0x9, 0x9, 0x0, 0x1, 0x0, 0x0)
	/usr/local/go/src/encoding/gob/decode.go:121 +0x92
encoding/gob.(*Decoder).recvMessage(0xc820171500, 0xc825011c30)
	/usr/local/go/src/encoding/gob/decoder.go:76 +0x5e
encoding/gob.(*Decoder).decodeTypeSequence(0xc820171500, 0x525e00, 0xc820171500)
	/usr/local/go/src/encoding/gob/decoder.go:140 +0x47
encoding/gob.(*Decoder).DecodeValue(0xc820171500, 0x3c4a60, 0xc82cac0bc0, 0x16, 0x0, 0x0)
	/usr/local/go/src/encoding/gob/decoder.go:208 +0x15d
encoding/gob.(*Decoder).Decode(0xc820171500, 0x3c4a60, 0xc82cac0bc0, 0x0, 0x0)
	/usr/local/go/src/encoding/gob/decoder.go:185 +0x289
github.com/johntech-o/gorpc.(*ConnDriver).ReadResponseHeader(0xc824a5d290, 0xc82cac0bc0, 0x0, 0x0)
	/Users/johntech/code/gocode/src/github.com/johntech-o/gorpc/driverConn.go:115 +0x51
github.com/johntech-o/gorpc.(*ConnPool).serveRead(0xc82011e0a0, 0xc824a5d290)
	/Users/johntech/code/gocode/src/github.com/johntech-o/gorpc/connPool.go:159 +0x782
created by github.com/johntech-o/gorpc.(*ConnPool).createConn
	/Users/johntech/code/gocode/src/github.com/johntech-o/gorpc/connPool.go:55 +0xc9

goroutine 10631 [select]:
github.com/johntech-o/gorpc.(*ConnPool).serveWrite(0xc82011e0a0, 0xc824a5d290)
	/Users/johntech/code/gocode/src/github.com/johntech-o/gorpc/connPool.go:215 +0x6b6
created by github.com/johntech-o/gorpc.(*ConnPool).createConn
	/Users/johntech/code/gocode/src/github.com/johntech-o/gorpc/connPool.go:56 +0xf5

goroutine 11704 [IO wait]:
net.runtime_pollWait(0x7a7400, 0x72, 0xc820012190)
	/usr/local/go/src/runtime/netpoll.go:157 +0x60
net.(*pollDesc).Wait(0xc820113f70, 0x72, 0x0, 0x0)
	/usr/local/go/src/net/fd_poll_runtime.go:73 +0x3a
net.(*pollDesc).WaitRead(0xc820113f70, 0x0, 0x0)
	/usr/local/go/src/net/fd_poll_runtime.go:78 +0x36
net.(*netFD).Read(0xc820113f10, 0xc8233c4000, 0x1000, 0x1000, 0x0, 0x7a0050, 0xc820012190)
	/usr/local/go/src/net/fd_unix.go:232 +0x23a
net.(*conn).Read(0xc8232e8070, 0xc8233c4000, 0x1000, 0x1000, 0x0, 0x0, 0x0)
	/usr/local/go/src/net/net.go:172 +0xe4
bufio.(*Reader).fill(0xc82330e300)
	/usr/local/go/src/bufio/bufio.go:97 +0x1e9
bufio.(*Reader).Read(0xc82330e300, 0xc824c32000, 0x1, 0x9, 0x525128, 0x0, 0x0)
	/usr/local/go/src/bufio/bufio.go:207 +0x260
io.ReadAtLeast(0x7a5d58, 0xc82330e300, 0xc824c32000, 0x1, 0x9, 0x1, 0x0, 0x0, 0x0)
	/usr/local/go/src/io/io.go:298 +0xe6
io.ReadFull(0x7a5d58, 0xc82330e300, 0xc824c32000, 0x1, 0x9, 0xc8201710f0, 0x0, 0x0)
	/usr/local/go/src/io/io.go:316 +0x62
encoding/gob.decodeUintReader(0x7a5d58, 0xc82330e300, 0xc824c32000, 0x9, 0x9, 0x0, 0x1, 0x0, 0x0)
	/usr/local/go/src/encoding/gob/decode.go:121 +0x92
encoding/gob.(*Decoder).recvMessage(0xc820171080, 0xc827b37c30)
	/usr/local/go/src/encoding/gob/decoder.go:76 +0x5e
encoding/gob.(*Decoder).decodeTypeSequence(0xc820171080, 0x525e00, 0xc820171080)
	/usr/local/go/src/encoding/gob/decoder.go:140 +0x47
encoding/gob.(*Decoder).DecodeValue(0xc820171080, 0x3c4a60, 0xc822e27500, 0x16, 0x0, 0x0)
	/usr/local/go/src/encoding/gob/decoder.go:208 +0x15d
encoding/gob.(*Decoder).Decode(0xc820171080, 0x3c4a60, 0xc822e27500, 0x0, 0x0)
	/usr/local/go/src/encoding/gob/decoder.go:185 +0x289
github.com/johntech-o/gorpc.(*ConnDriver).ReadResponseHeader(0xc820180090, 0xc822e27500, 0x0, 0x0)
	/Users/johntech/code/gocode/src/github.com/johntech-o/gorpc/driverConn.go:115 +0x51
github.com/johntech-o/gorpc.(*ConnPool).serveRead(0xc82011e0a0, 0xc820180090)
	/Users/johntech/code/gocode/src/github.com/johntech-o/gorpc/connPool.go:159 +0x782
created by github.com/johntech-o/gorpc.(*ConnPool).createConn
	/Users/johntech/code/gocode/src/github.com/johntech-o/gorpc/connPool.go:55 +0xc9

goroutine 12057 [IO wait]:
net.runtime_pollWait(0x18c0680, 0x72, 0xc820012190)
	/usr/local/go/src/runtime/netpoll.go:157 +0x60
net.(*pollDesc).Wait(0xc822e225a0, 0x72, 0x0, 0x0)
	/usr/local/go/src/net/fd_poll_runtime.go:73 +0x3a
net.(*pollDesc).WaitRead(0xc822e225a0, 0x0, 0x0)
	/usr/local/go/src/net/fd_poll_runtime.go:78 +0x36
net.(*netFD).Read(0xc822e22540, 0xc823282000, 0x1000, 0x1000, 0x0, 0x7a0050, 0xc820012190)
	/usr/local/go/src/net/fd_unix.go:232 +0x23a
net.(*conn).Read(0xc82015c090, 0xc823282000, 0x1000, 0x1000, 0x0, 0x0, 0x0)
	/usr/local/go/src/net/net.go:172 +0xe4
bufio.(*Reader).fill(0xc8231e68a0)
	/usr/local/go/src/bufio/bufio.go:97 +0x1e9
bufio.(*Reader).Read(0xc8231e68a0, 0xc8251a8100, 0x1, 0x9, 0x525128, 0x0, 0x0)
	/usr/local/go/src/bufio/bufio.go:207 +0x260
io.ReadAtLeast(0x7a5d58, 0xc8231e68a0, 0xc8251a8100, 0x1, 0x9, 0x1, 0x0, 0x0, 0x0)
	/usr/local/go/src/io/io.go:298 +0xe6
io.ReadFull(0x7a5d58, 0xc8231e68a0, 0xc8251a8100, 0x1, 0x9, 0xc82009d270, 0x0, 0x0)
	/usr/local/go/src/io/io.go:316 +0x62
encoding/gob.decodeUintReader(0x7a5d58, 0xc8231e68a0, 0xc8251a8100, 0x9, 0x9, 0x0, 0x1, 0x0, 0x0)
	/usr/local/go/src/encoding/gob/decode.go:121 +0x92
encoding/gob.(*Decoder).recvMessage(0xc82009d200, 0xc82b9a7c30)
	/usr/local/go/src/encoding/gob/decoder.go:76 +0x5e
encoding/gob.(*Decoder).decodeTypeSequence(0xc82009d200, 0x525e00, 0xc82009d200)
	/usr/local/go/src/encoding/gob/decoder.go:140 +0x47
encoding/gob.(*Decoder).DecodeValue(0xc82009d200, 0x3c4a60, 0xc8236518c0, 0x16, 0x0, 0x0)
	/usr/local/go/src/encoding/gob/decoder.go:208 +0x15d
encoding/gob.(*Decoder).Decode(0xc82009d200, 0x3c4a60, 0xc8236518c0, 0x0, 0x0)
	/usr/local/go/src/encoding/gob/decoder.go:185 +0x289
github.com/johntech-o/gorpc.(*ConnDriver).ReadResponseHeader(0xc824ac5050, 0xc8236518c0, 0x0, 0x0)
	/Users/johntech/code/gocode/src/github.com/johntech-o/gorpc/driverConn.go:115 +0x51
github.com/johntech-o/gorpc.(*ConnPool).serveRead(0xc82011e0a0, 0xc824ac5050)
	/Users/johntech/code/gocode/src/github.com/johntech-o/gorpc/connPool.go:159 +0x782
created by github.com/johntech-o/gorpc.(*ConnPool).createConn
	/Users/johntech/code/gocode/src/github.com/johntech-o/gorpc/connPool.go:55 +0xc9

goroutine 12058 [select]:
github.com/johntech-o/gorpc.(*ConnPool).serveWrite(0xc82011e0a0, 0xc824ac5050)
	/Users/johntech/code/gocode/src/github.com/johntech-o/gorpc/connPool.go:215 +0x6b6
created by github.com/johntech-o/gorpc.(*ConnPool).createConn
	/Users/johntech/code/gocode/src/github.com/johntech-o/gorpc/connPool.go:56 +0xf5

goroutine 11705 [select]:
github.com/johntech-o/gorpc.(*ConnPool).serveWrite(0xc82011e0a0, 0xc820180090)
	/Users/johntech/code/gocode/src/github.com/johntech-o/gorpc/connPool.go:215 +0x6b6
created by github.com/johntech-o/gorpc.(*ConnPool).createConn
	/Users/johntech/code/gocode/src/github.com/johntech-o/gorpc/connPool.go:56 +0xf5

goroutine 12075 [select]:
github.com/johntech-o/gorpc.(*ConnPool).serveWrite(0xc82011e0a0, 0xc8256a2510)
	/Users/johntech/code/gocode/src/github.com/johntech-o/gorpc/connPool.go:215 +0x6b6
created by github.com/johntech-o/gorpc.(*ConnPool).createConn
	/Users/johntech/code/gocode/src/github.com/johntech-o/gorpc/connPool.go:56 +0xf5

goroutine 12074 [IO wait]:
net.runtime_pollWait(0x7a7c40, 0x72, 0xc820012190)
	/usr/local/go/src/runtime/netpoll.go:157 +0x60
net.(*pollDesc).Wait(0xc82005d3a0, 0x72, 0x0, 0x0)
	/usr/local/go/src/net/fd_poll_runtime.go:73 +0x3a
net.(*pollDesc).WaitRead(0xc82005d3a0, 0x0, 0x0)
	/usr/local/go/src/net/fd_poll_runtime.go:78 +0x36
net.(*netFD).Read(0xc82005d340, 0xc824fb9000, 0x1000, 0x1000, 0x0, 0x7a0050, 0xc820012190)
	/usr/local/go/src/net/fd_unix.go:232 +0x23a
net.(*conn).Read(0xc823428000, 0xc824fb9000, 0x1000, 0x1000, 0x0, 0x0, 0x0)
	/usr/local/go/src/net/net.go:172 +0xe4
bufio.(*Reader).fill(0xc8232f21e0)
	/usr/local/go/src/bufio/bufio.go:97 +0x1e9
bufio.(*Reader).Read(0xc8232f21e0, 0xc8255f0a50, 0x1, 0x9, 0x525128, 0x0, 0x0)
	/usr/local/go/src/bufio/bufio.go:207 +0x260
io.ReadAtLeast(0x7a5d58, 0xc8232f21e0, 0xc8255f0a50, 0x1, 0x9, 0x1, 0x0, 0x0, 0x0)
	/usr/local/go/src/io/io.go:298 +0xe6
io.ReadFull(0x7a5d58, 0xc8232f21e0, 0xc8255f0a50, 0x1, 0x9, 0xc820170a70, 0x0, 0x0)
	/usr/local/go/src/io/io.go:316 +0x62
encoding/gob.decodeUintReader(0x7a5d58, 0xc8232f21e0, 0xc8255f0a50, 0x9, 0x9, 0x0, 0x1, 0x0, 0x0)
	/usr/local/go/src/encoding/gob/decode.go:121 +0x92
encoding/gob.(*Decoder).recvMessage(0xc820170a00, 0xc827607c30)
	/usr/local/go/src/encoding/gob/decoder.go:76 +0x5e
encoding/gob.(*Decoder).decodeTypeSequence(0xc820170a00, 0x525e00, 0xc820170a00)
	/usr/local/go/src/encoding/gob/decoder.go:140 +0x47
encoding/gob.(*Decoder).DecodeValue(0xc820170a00, 0x3c4a60, 0xc824bf4e80, 0x16, 0x0, 0x0)
	/usr/local/go/src/encoding/gob/decoder.go:208 +0x15d
encoding/gob.(*Decoder).Decode(0xc820170a00, 0x3c4a60, 0xc824bf4e80, 0x0, 0x0)
	/usr/local/go/src/encoding/gob/decoder.go:185 +0x289
github.com/johntech-o/gorpc.(*ConnDriver).ReadResponseHeader(0xc8256a2510, 0xc824bf4e80, 0x0, 0x0)
	/Users/johntech/code/gocode/src/github.com/johntech-o/gorpc/driverConn.go:115 +0x51
github.com/johntech-o/gorpc.(*ConnPool).serveRead(0xc82011e0a0, 0xc8256a2510)
	/Users/johntech/code/gocode/src/github.com/johntech-o/gorpc/connPool.go:159 +0x782
created by github.com/johntech-o/gorpc.(*ConnPool).createConn
	/Users/johntech/code/gocode/src/github.com/johntech-o/gorpc/connPool.go:55 +0xc9

goroutine 11862 [IO wait]:
net.runtime_pollWait(0x7a7d00, 0x72, 0xc820012190)
	/usr/local/go/src/runtime/netpoll.go:157 +0x60
net.(*pollDesc).Wait(0xc820113e20, 0x72, 0x0, 0x0)
	/usr/local/go/src/net/fd_poll_runtime.go:73 +0x3a
net.(*pollDesc).WaitRead(0xc820113e20, 0x0, 0x0)
	/usr/local/go/src/net/fd_poll_runtime.go:78 +0x36
net.(*netFD).Read(0xc820113dc0, 0xc823336000, 0x1000, 0x1000, 0x0, 0x7a0050, 0xc820012190)
	/usr/local/go/src/net/fd_unix.go:232 +0x23a
net.(*conn).Read(0xc82015c138, 0xc823336000, 0x1000, 0x1000, 0x0, 0x0, 0x0)
	/usr/local/go/src/net/net.go:172 +0xe4
bufio.(*Reader).fill(0xc8231e7080)
	/usr/local/go/src/bufio/bufio.go:97 +0x1e9
bufio.(*Reader).Read(0xc8231e7080, 0xc824711f70, 0x1, 0x9, 0x525128, 0x0, 0x0)
	/usr/local/go/src/bufio/bufio.go:207 +0x260
io.ReadAtLeast(0x7a5d58, 0xc8231e7080, 0xc824711f70, 0x1, 0x9, 0x1, 0x0, 0x0, 0x0)
	/usr/local/go/src/io/io.go:298 +0xe6
io.ReadFull(0x7a5d58, 0xc8231e7080, 0xc824711f70, 0x1, 0x9, 0xc82009dcf0, 0x0, 0x0)
	/usr/local/go/src/io/io.go:316 +0x62
encoding/gob.decodeUintReader(0x7a5d58, 0xc8231e7080, 0xc824711f70, 0x9, 0x9, 0x0, 0x1, 0x0, 0x0)
	/usr/local/go/src/encoding/gob/decode.go:121 +0x92
encoding/gob.(*Decoder).recvMessage(0xc82009dc80, 0xc824b33c30)
	/usr/local/go/src/encoding/gob/decoder.go:76 +0x5e
encoding/gob.(*Decoder).decodeTypeSequence(0xc82009dc80, 0x525e00, 0xc82009dc80)
	/usr/local/go/src/encoding/gob/decoder.go:140 +0x47
encoding/gob.(*Decoder).DecodeValue(0xc82009dc80, 0x3c4a60, 0xc830bf7f20, 0x16, 0x0, 0x0)
	/usr/local/go/src/encoding/gob/decoder.go:208 +0x15d
encoding/gob.(*Decoder).Decode(0xc82009dc80, 0x3c4a60, 0xc830bf7f20, 0x0, 0x0)
	/usr/local/go/src/encoding/gob/decoder.go:185 +0x289
github.com/johntech-o/gorpc.(*ConnDriver).ReadResponseHeader(0xc824aaeea0, 0xc830bf7f20, 0x0, 0x0)
	/Users/johntech/code/gocode/src/github.com/johntech-o/gorpc/driverConn.go:115 +0x51
github.com/johntech-o/gorpc.(*ConnPool).serveRead(0xc82011e0a0, 0xc824aaeea0)
	/Users/johntech/code/gocode/src/github.com/johntech-o/gorpc/connPool.go:159 +0x782
created by github.com/johntech-o/gorpc.(*ConnPool).createConn
	/Users/johntech/code/gocode/src/github.com/johntech-o/gorpc/connPool.go:55 +0xc9

goroutine 11863 [select]:
github.com/johntech-o/gorpc.(*ConnPool).serveWrite(0xc82011e0a0, 0xc824aaeea0)
	/Users/johntech/code/gocode/src/github.com/johntech-o/gorpc/connPool.go:215 +0x6b6
created by github.com/johntech-o/gorpc.(*ConnPool).createConn
	/Users/johntech/code/gocode/src/github.com/johntech-o/gorpc/connPool.go:56 +0xf5

goroutine 12778 [IO wait]:
net.runtime_pollWait(0x7a50f0, 0x72, 0xc820012190)
	/usr/local/go/src/runtime/netpoll.go:157 +0x60
net.(*pollDesc).Wait(0xc8201138e0, 0x72, 0x0, 0x0)
	/usr/local/go/src/net/fd_poll_runtime.go:73 +0x3a
net.(*pollDesc).WaitRead(0xc8201138e0, 0x0, 0x0)
	/usr/local/go/src/net/fd_poll_runtime.go:78 +0x36
net.(*netFD).Read(0xc820113880, 0xc8232e6000, 0x1000, 0x1000, 0x0, 0x7a0050, 0xc820012190)
	/usr/local/go/src/net/fd_unix.go:232 +0x23a
net.(*conn).Read(0xc82015c0e0, 0xc8232e6000, 0x1000, 0x1000, 0x0, 0x0, 0x0)
	/usr/local/go/src/net/net.go:172 +0xe4
bufio.(*Reader).fill(0xc8231e6c60)
	/usr/local/go/src/bufio/bufio.go:97 +0x1e9
bufio.(*Reader).Read(0xc8231e6c60, 0xc82327b8c0, 0x1, 0x9, 0x525128, 0x0, 0x0)
	/usr/local/go/src/bufio/bufio.go:207 +0x260
io.ReadAtLeast(0x7a5d58, 0xc8231e6c60, 0xc82327b8c0, 0x1, 0x9, 0x1, 0x0, 0x0, 0x0)
	/usr/local/go/src/io/io.go:298 +0xe6
io.ReadFull(0x7a5d58, 0xc8231e6c60, 0xc82327b8c0, 0x1, 0x9, 0xc82009d770, 0x0, 0x0)
	/usr/local/go/src/io/io.go:316 +0x62
encoding/gob.decodeUintReader(0x7a5d58, 0xc8231e6c60, 0xc82327b8c0, 0x9, 0x9, 0x0, 0x1, 0x0, 0x0)
	/usr/local/go/src/encoding/gob/decode.go:121 +0x92
encoding/gob.(*Decoder).recvMessage(0xc82009d700, 0xc82c09ac30)
	/usr/local/go/src/encoding/gob/decoder.go:76 +0x5e
encoding/gob.(*Decoder).decodeTypeSequence(0xc82009d700, 0x525e00, 0xc82009d700)
	/usr/local/go/src/encoding/gob/decoder.go:140 +0x47
encoding/gob.(*Decoder).DecodeValue(0xc82009d700, 0x3c4a60, 0xc830bf6f20, 0x16, 0x0, 0x0)
	/usr/local/go/src/encoding/gob/decoder.go:208 +0x15d
encoding/gob.(*Decoder).Decode(0xc82009d700, 0x3c4a60, 0xc830bf6f20, 0x0, 0x0)
	/usr/local/go/src/encoding/gob/decoder.go:185 +0x289
github.com/johntech-o/gorpc.(*ConnDriver).ReadResponseHeader(0xc8230ef320, 0xc830bf6f20, 0x0, 0x0)
	/Users/johntech/code/gocode/src/github.com/johntech-o/gorpc/driverConn.go:115 +0x51
github.com/johntech-o/gorpc.(*ConnPool).serveRead(0xc82011e0a0, 0xc8230ef320)
	/Users/johntech/code/gocode/src/github.com/johntech-o/gorpc/connPool.go:159 +0x782
created by github.com/johntech-o/gorpc.(*ConnPool).createConn
	/Users/johntech/code/gocode/src/github.com/johntech-o/gorpc/connPool.go:55 +0xc9

goroutine 12779 [select]:
github.com/johntech-o/gorpc.(*ConnPool).serveWrite(0xc82011e0a0, 0xc8230ef320)
	/Users/johntech/code/gocode/src/github.com/johntech-o/gorpc/connPool.go:215 +0x6b6
created by github.com/johntech-o/gorpc.(*ConnPool).createConn
	/Users/johntech/code/gocode/src/github.com/johntech-o/gorpc/connPool.go:56 +0xf5

goroutine 11948 [IO wait]:
net.runtime_pollWait(0x7a6dc0, 0x72, 0xc820012190)
	/usr/local/go/src/runtime/netpoll.go:157 +0x60
net.(*pollDesc).Wait(0xc822e22140, 0x72, 0x0, 0x0)
	/usr/local/go/src/net/fd_poll_runtime.go:73 +0x3a
net.(*pollDesc).WaitRead(0xc822e22140, 0x0, 0x0)
	/usr/local/go/src/net/fd_poll_runtime.go:78 +0x36
net.(*netFD).Read(0xc822e220e0, 0xc8232ac000, 0x1000, 0x1000, 0x0, 0x7a0050, 0xc820012190)
	/usr/local/go/src/net/fd_unix.go:232 +0x23a
net.(*conn).Read(0xc823220068, 0xc8232ac000, 0x1000, 0x1000, 0x0, 0x0, 0x0)
	/usr/local/go/src/net/net.go:172 +0xe4
bufio.(*Reader).fill(0xc8231276e0)
	/usr/local/go/src/bufio/bufio.go:97 +0x1e9
bufio.(*Reader).Read(0xc8231276e0, 0xc822e3ea80, 0x1, 0x9, 0x525128, 0x0, 0x0)
	/usr/local/go/src/bufio/bufio.go:207 +0x260
io.ReadAtLeast(0x7a5d58, 0xc8231276e0, 0xc822e3ea80, 0x1, 0x9, 0x1, 0x0, 0x0, 0x0)
	/usr/local/go/src/io/io.go:298 +0xe6
io.ReadFull(0x7a5d58, 0xc8231276e0, 0xc822e3ea80, 0x1, 0x9, 0xc82011b970, 0x0, 0x0)
	/usr/local/go/src/io/io.go:316 +0x62
encoding/gob.decodeUintReader(0x7a5d58, 0xc8231276e0, 0xc822e3ea80, 0x9, 0x9, 0x0, 0x1, 0x0, 0x0)
	/usr/local/go/src/encoding/gob/decode.go:121 +0x92
encoding/gob.(*Decoder).recvMessage(0xc82011b900, 0xc824390c30)
	/usr/local/go/src/encoding/gob/decoder.go:76 +0x5e
encoding/gob.(*Decoder).decodeTypeSequence(0xc82011b900, 0x525e00, 0xc82011b900)
	/usr/local/go/src/encoding/gob/decoder.go:140 +0x47
encoding/gob.(*Decoder).DecodeValue(0xc82011b900, 0x3c4a60, 0xc823651820, 0x16, 0x0, 0x0)
	/usr/local/go/src/encoding/gob/decoder.go:208 +0x15d
encoding/gob.(*Decoder).Decode(0xc82011b900, 0x3c4a60, 0xc823651820, 0x0, 0x0)
	/usr/local/go/src/encoding/gob/decoder.go:185 +0x289
github.com/johntech-o/gorpc.(*ConnDriver).ReadResponseHeader(0xc820181560, 0xc823651820, 0x0, 0x0)
	/Users/johntech/code/gocode/src/github.com/johntech-o/gorpc/driverConn.go:115 +0x51
github.com/johntech-o/gorpc.(*ConnPool).serveRead(0xc82011e0a0, 0xc820181560)
	/Users/johntech/code/gocode/src/github.com/johntech-o/gorpc/connPool.go:159 +0x782
created by github.com/johntech-o/gorpc.(*ConnPool).createConn
	/Users/johntech/code/gocode/src/github.com/johntech-o/gorpc/connPool.go:55 +0xc9

goroutine 11949 [select]:
github.com/johntech-o/gorpc.(*ConnPool).serveWrite(0xc82011e0a0, 0xc820181560)
	/Users/johntech/code/gocode/src/github.com/johntech-o/gorpc/connPool.go:215 +0x6b6
created by github.com/johntech-o/gorpc.(*ConnPool).createConn
	/Users/johntech/code/gocode/src/github.com/johntech-o/gorpc/connPool.go:56 +0xf5

goroutine 12628 [select]:
github.com/johntech-o/gorpc.(*ConnPool).serveWrite(0xc82011e0a0, 0xc824aaf0e0)
	/Users/johntech/code/gocode/src/github.com/johntech-o/gorpc/connPool.go:215 +0x6b6
created by github.com/johntech-o/gorpc.(*ConnPool).createConn
	/Users/johntech/code/gocode/src/github.com/johntech-o/gorpc/connPool.go:56 +0xf5

goroutine 12627 [IO wait]:
net.runtime_pollWait(0x7a8cc0, 0x72, 0xc820012190)
	/usr/local/go/src/runtime/netpoll.go:157 +0x60
net.(*pollDesc).Wait(0xc822df8920, 0x72, 0x0, 0x0)
	/usr/local/go/src/net/fd_poll_runtime.go:73 +0x3a
net.(*pollDesc).WaitRead(0xc822df8920, 0x0, 0x0)
	/usr/local/go/src/net/fd_poll_runtime.go:78 +0x36
net.(*netFD).Read(0xc822df88c0, 0xc82332a000, 0x1000, 0x1000, 0x0, 0x7a0050, 0xc820012190)
	/usr/local/go/src/net/fd_unix.go:232 +0x23a
net.(*conn).Read(0xc82015c130, 0xc82332a000, 0x1000, 0x1000, 0x0, 0x0, 0x0)
	/usr/local/go/src/net/net.go:172 +0xe4
bufio.(*Reader).fill(0xc8231e7020)
	/usr/local/go/src/bufio/bufio.go:97 +0x1e9
bufio.(*Reader).Read(0xc8231e7020, 0xc824b88120, 0x1, 0x9, 0x525128, 0x0, 0x0)
	/usr/local/go/src/bufio/bufio.go:207 +0x260
io.ReadAtLeast(0x7a5d58, 0xc8231e7020, 0xc824b88120, 0x1, 0x9, 0x1, 0x0, 0x0, 0x0)
	/usr/local/go/src/io/io.go:298 +0xe6
io.ReadFull(0x7a5d58, 0xc8231e7020, 0xc824b88120, 0x1, 0x9, 0xc82009dc70, 0x0, 0x0)
	/usr/local/go/src/io/io.go:316 +0x62
encoding/gob.decodeUintReader(0x7a5d58, 0xc8231e7020, 0xc824b88120, 0x9, 0x9, 0x0, 0x1, 0x0, 0x0)
	/usr/local/go/src/encoding/gob/decode.go:121 +0x92
encoding/gob.(*Decoder).recvMessage(0xc82009dc00, 0xc82f7aec30)
	/usr/local/go/src/encoding/gob/decoder.go:76 +0x5e
encoding/gob.(*Decoder).decodeTypeSequence(0xc82009dc00, 0x525e00, 0xc82009dc00)
	/usr/local/go/src/encoding/gob/decoder.go:140 +0x47
encoding/gob.(*Decoder).DecodeValue(0xc82009dc00, 0x3c4a60, 0xc830bf7f00, 0x16, 0x0, 0x0)
	/usr/local/go/src/encoding/gob/decoder.go:208 +0x15d
encoding/gob.(*Decoder).Decode(0xc82009dc00, 0x3c4a60, 0xc830bf7f00, 0x0, 0x0)
	/usr/local/go/src/encoding/gob/decoder.go:185 +0x289
github.com/johntech-o/gorpc.(*ConnDriver).ReadResponseHeader(0xc824aaf0e0, 0xc830bf7f00, 0x0, 0x0)
	/Users/johntech/code/gocode/src/github.com/johntech-o/gorpc/driverConn.go:115 +0x51
github.com/johntech-o/gorpc.(*ConnPool).serveRead(0xc82011e0a0, 0xc824aaf0e0)
	/Users/johntech/code/gocode/src/github.com/johntech-o/gorpc/connPool.go:159 +0x782
created by github.com/johntech-o/gorpc.(*ConnPool).createConn
	/Users/johntech/code/gocode/src/github.com/johntech-o/gorpc/connPool.go:55 +0xc9

goroutine 12626 [select]:
github.com/johntech-o/gorpc.(*ConnPool).serveWrite(0xc82011e0a0, 0xc824aaf050)
	/Users/johntech/code/gocode/src/github.com/johntech-o/gorpc/connPool.go:215 +0x6b6
created by github.com/johntech-o/gorpc.(*ConnPool).createConn
	/Users/johntech/code/gocode/src/github.com/johntech-o/gorpc/connPool.go:56 +0xf5

goroutine 12017 [IO wait]:
net.runtime_pollWait(0x7a9080, 0x72, 0xc820012190)
	/usr/local/go/src/runtime/netpoll.go:157 +0x60
net.(*pollDesc).Wait(0xc820113fe0, 0x72, 0x0, 0x0)
	/usr/local/go/src/net/fd_poll_runtime.go:73 +0x3a
net.(*pollDesc).WaitRead(0xc820113fe0, 0x0, 0x0)
	/usr/local/go/src/net/fd_poll_runtime.go:78 +0x36
net.(*netFD).Read(0xc820113f80, 0xc823364000, 0x1000, 0x1000, 0x0, 0x7a0050, 0xc820012190)
	/usr/local/go/src/net/fd_unix.go:232 +0x23a
net.(*conn).Read(0xc8232e8058, 0xc823364000, 0x1000, 0x1000, 0x0, 0x0, 0x0)
	/usr/local/go/src/net/net.go:172 +0xe4
bufio.(*Reader).fill(0xc82330e1e0)
	/usr/local/go/src/bufio/bufio.go:97 +0x1e9
bufio.(*Reader).Read(0xc82330e1e0, 0xc824b88100, 0x1, 0x9, 0x525128, 0x0, 0x0)
	/usr/local/go/src/bufio/bufio.go:207 +0x260
io.ReadAtLeast(0x7a5d58, 0xc82330e1e0, 0xc824b88100, 0x1, 0x9, 0x1, 0x0, 0x0, 0x0)
	/usr/local/go/src/io/io.go:298 +0xe6
io.ReadFull(0x7a5d58, 0xc82330e1e0, 0xc824b88100, 0x1, 0x9, 0xc820170f70, 0x0, 0x0)
	/usr/local/go/src/io/io.go:316 +0x62
encoding/gob.decodeUintReader(0x7a5d58, 0xc82330e1e0, 0xc824b88100, 0x9, 0x9, 0x0, 0x1, 0x0, 0x0)
	/usr/local/go/src/encoding/gob/decode.go:121 +0x92
encoding/gob.(*Decoder).recvMessage(0xc820170f00, 0xc82d338c30)
	/usr/local/go/src/encoding/gob/decoder.go:76 +0x5e
encoding/gob.(*Decoder).decodeTypeSequence(0xc820170f00, 0x525e00, 0xc820170f00)
	/usr/local/go/src/encoding/gob/decoder.go:140 +0x47
encoding/gob.(*Decoder).DecodeValue(0xc820170f00, 0x3c4a60, 0xc823aab2c0, 0x16, 0x0, 0x0)
	/usr/local/go/src/encoding/gob/decoder.go:208 +0x15d
encoding/gob.(*Decoder).Decode(0xc820170f00, 0x3c4a60, 0xc823aab2c0, 0x0, 0x0)
	/usr/local/go/src/encoding/gob/decoder.go:185 +0x289
github.com/johntech-o/gorpc.(*ConnDriver).ReadResponseHeader(0xc824aaf050, 0xc823aab2c0, 0x0, 0x0)
	/Users/johntech/code/gocode/src/github.com/johntech-o/gorpc/driverConn.go:115 +0x51
github.com/johntech-o/gorpc.(*ConnPool).serveRead(0xc82011e0a0, 0xc824aaf050)
	/Users/johntech/code/gocode/src/github.com/johntech-o/gorpc/connPool.go:159 +0x782
created by github.com/johntech-o/gorpc.(*ConnPool).createConn
	/Users/johntech/code/gocode/src/github.com/johntech-o/gorpc/connPool.go:55 +0xc9

goroutine 12154 [select]:
github.com/johntech-o/gorpc.(*ConnPool).serveWrite(0xc82011e0a0, 0xc8230eee10)
	/Users/johntech/code/gocode/src/github.com/johntech-o/gorpc/connPool.go:215 +0x6b6
created by github.com/johntech-o/gorpc.(*ConnPool).createConn
	/Users/johntech/code/gocode/src/github.com/johntech-o/gorpc/connPool.go:56 +0xf5

goroutine 12153 [IO wait]:
net.runtime_pollWait(0x7a6c40, 0x72, 0xc820012190)
	/usr/local/go/src/runtime/netpoll.go:157 +0x60
net.(*pollDesc).Wait(0xc82014e3e0, 0x72, 0x0, 0x0)
	/usr/local/go/src/net/fd_poll_runtime.go:73 +0x3a
net.(*pollDesc).WaitRead(0xc82014e3e0, 0x0, 0x0)
	/usr/local/go/src/net/fd_poll_runtime.go:78 +0x36
net.(*netFD).Read(0xc82014e380, 0xc8232aa000, 0x1000, 0x1000, 0x0, 0x7a0050, 0xc820012190)
	/usr/local/go/src/net/fd_unix.go:232 +0x23a
net.(*conn).Read(0xc820116438, 0xc8232aa000, 0x1000, 0x1000, 0x0, 0x0, 0x0)
	/usr/local/go/src/net/net.go:172 +0xe4
bufio.(*Reader).fill(0xc82325a240)
	/usr/local/go/src/bufio/bufio.go:97 +0x1e9
bufio.(*Reader).Read(0xc82325a240, 0xc82528a7d0, 0x1, 0x9, 0x525128, 0x0, 0x0)
	/usr/local/go/src/bufio/bufio.go:207 +0x260
io.ReadAtLeast(0x7a5d58, 0xc82325a240, 0xc82528a7d0, 0x1, 0x9, 0x1, 0x0, 0x0, 0x0)
	/usr/local/go/src/io/io.go:298 +0xe6
io.ReadFull(0x7a5d58, 0xc82325a240, 0xc82528a7d0, 0x1, 0x9, 0xc822decff0, 0x0, 0x0)
	/usr/local/go/src/io/io.go:316 +0x62
encoding/gob.decodeUintReader(0x7a5d58, 0xc82325a240, 0xc82528a7d0, 0x9, 0x9, 0x0, 0x1, 0x0, 0x0)
	/usr/local/go/src/encoding/gob/decode.go:121 +0x92
encoding/gob.(*Decoder).recvMessage(0xc822decf80, 0xc82d327c30)
	/usr/local/go/src/encoding/gob/decoder.go:76 +0x5e
encoding/gob.(*Decoder).decodeTypeSequence(0xc822decf80, 0x525e00, 0xc822decf80)
	/usr/local/go/src/encoding/gob/decoder.go:140 +0x47
encoding/gob.(*Decoder).DecodeValue(0xc822decf80, 0x3c4a60, 0xc82cac1a60, 0x16, 0x0, 0x0)
	/usr/local/go/src/encoding/gob/decoder.go:208 +0x15d
encoding/gob.(*Decoder).Decode(0xc822decf80, 0x3c4a60, 0xc82cac1a60, 0x0, 0x0)
	/usr/local/go/src/encoding/gob/decoder.go:185 +0x289
github.com/johntech-o/gorpc.(*ConnDriver).ReadResponseHeader(0xc8230eee10, 0xc82cac1a60, 0x0, 0x0)
	/Users/johntech/code/gocode/src/github.com/johntech-o/gorpc/driverConn.go:115 +0x51
github.com/johntech-o/gorpc.(*ConnPool).serveRead(0xc82011e0a0, 0xc8230eee10)
	/Users/johntech/code/gocode/src/github.com/johntech-o/gorpc/connPool.go:159 +0x782
created by github.com/johntech-o/gorpc.(*ConnPool).createConn
	/Users/johntech/code/gocode/src/github.com/johntech-o/gorpc/connPool.go:55 +0xc9

goroutine 12079 [select]:
github.com/johntech-o/gorpc.(*ConnPool).serveWrite(0xc82011e0a0, 0xc8256a2630)
	/Users/johntech/code/gocode/src/github.com/johntech-o/gorpc/connPool.go:215 +0x6b6
created by github.com/johntech-o/gorpc.(*ConnPool).createConn
	/Users/johntech/code/gocode/src/github.com/johntech-o/gorpc/connPool.go:56 +0xf5

goroutine 12078 [IO wait]:
net.runtime_pollWait(0x7a7280, 0x72, 0xc820012190)
	/usr/local/go/src/runtime/netpoll.go:157 +0x60
net.(*pollDesc).Wait(0xc822df8840, 0x72, 0x0, 0x0)
	/usr/local/go/src/net/fd_poll_runtime.go:73 +0x3a
net.(*pollDesc).WaitRead(0xc822df8840, 0x0, 0x0)
	/usr/local/go/src/net/fd_poll_runtime.go:78 +0x36
net.(*netFD).Read(0xc822df87e0, 0xc82336e000, 0x1000, 0x1000, 0x0, 0x7a0050, 0xc820012190)
	/usr/local/go/src/net/fd_unix.go:232 +0x23a
net.(*conn).Read(0xc8232e8060, 0xc82336e000, 0x1000, 0x1000, 0x0, 0x0, 0x0)
	/usr/local/go/src/net/net.go:172 +0xe4
bufio.(*Reader).fill(0xc82330e240)
	/usr/local/go/src/bufio/bufio.go:97 +0x1e9
bufio.(*Reader).Read(0xc82330e240, 0xc8255f0ae0, 0x1, 0x9, 0x525128, 0x0, 0x0)
	/usr/local/go/src/bufio/bufio.go:207 +0x260
io.ReadAtLeast(0x7a5d58, 0xc82330e240, 0xc8255f0ae0, 0x1, 0x9, 0x1, 0x0, 0x0, 0x0)
	/usr/local/go/src/io/io.go:298 +0xe6
io.ReadFull(0x7a5d58, 0xc82330e240, 0xc8255f0ae0, 0x1, 0x9, 0xc820170ff0, 0x0, 0x0)
	/usr/local/go/src/io/io.go:316 +0x62
encoding/gob.decodeUintReader(0x7a5d58, 0xc82330e240, 0xc8255f0ae0, 0x9, 0x9, 0x0, 0x1, 0x0, 0x0)
	/usr/local/go/src/encoding/gob/decode.go:121 +0x92
encoding/gob.(*Decoder).recvMessage(0xc820170f80, 0xc82b9aec30)
	/usr/local/go/src/encoding/gob/decoder.go:76 +0x5e
encoding/gob.(*Decoder).decodeTypeSequence(0xc820170f80, 0x525e00, 0xc820170f80)
	/usr/local/go/src/encoding/gob/decoder.go:140 +0x47
encoding/gob.(*Decoder).DecodeValue(0xc820170f80, 0x3c4a60, 0xc824c8e4a0, 0x16, 0x0, 0x0)
	/usr/local/go/src/encoding/gob/decoder.go:208 +0x15d
encoding/gob.(*Decoder).Decode(0xc820170f80, 0x3c4a60, 0xc824c8e4a0, 0x0, 0x0)
	/usr/local/go/src/encoding/gob/decoder.go:185 +0x289
github.com/johntech-o/gorpc.(*ConnDriver).ReadResponseHeader(0xc8256a2630, 0xc824c8e4a0, 0x0, 0x0)
	/Users/johntech/code/gocode/src/github.com/johntech-o/gorpc/driverConn.go:115 +0x51
github.com/johntech-o/gorpc.(*ConnPool).serveRead(0xc82011e0a0, 0xc8256a2630)
	/Users/johntech/code/gocode/src/github.com/johntech-o/gorpc/connPool.go:159 +0x782
created by github.com/johntech-o/gorpc.(*ConnPool).createConn
	/Users/johntech/code/gocode/src/github.com/johntech-o/gorpc/connPool.go:55 +0xc9

goroutine 12077 [select]:
github.com/johntech-o/gorpc.(*ConnPool).serveWrite(0xc82011e0a0, 0xc8256a25a0)
	/Users/johntech/code/gocode/src/github.com/johntech-o/gorpc/connPool.go:215 +0x6b6
created by github.com/johntech-o/gorpc.(*ConnPool).createConn
	/Users/johntech/code/gocode/src/github.com/johntech-o/gorpc/connPool.go:56 +0xf5

goroutine 12076 [IO wait]:
net.runtime_pollWait(0x7a6e80, 0x72, 0xc820012190)
	/usr/local/go/src/runtime/netpoll.go:157 +0x60
net.(*pollDesc).Wait(0xc822df8220, 0x72, 0x0, 0x0)
	/usr/local/go/src/net/fd_poll_runtime.go:73 +0x3a
net.(*pollDesc).WaitRead(0xc822df8220, 0x0, 0x0)
	/usr/local/go/src/net/fd_poll_runtime.go:78 +0x36
net.(*netFD).Read(0xc822df81c0, 0xc8232ba000, 0x1000, 0x1000, 0x0, 0x7a0050, 0xc820012190)
	/usr/local/go/src/net/fd_unix.go:232 +0x23a
net.(*conn).Read(0xc823220070, 0xc8232ba000, 0x1000, 0x1000, 0x0, 0x0, 0x0)
	/usr/local/go/src/net/net.go:172 +0xe4
bufio.(*Reader).fill(0xc823127740)
	/usr/local/go/src/bufio/bufio.go:97 +0x1e9
bufio.(*Reader).Read(0xc823127740, 0xc8255f0aa0, 0x1, 0x9, 0x525128, 0x0, 0x0)
	/usr/local/go/src/bufio/bufio.go:207 +0x260
io.ReadAtLeast(0x7a5d58, 0xc823127740, 0xc8255f0aa0, 0x1, 0x9, 0x1, 0x0, 0x0, 0x0)
	/usr/local/go/src/io/io.go:298 +0xe6
io.ReadFull(0x7a5d58, 0xc823127740, 0xc8255f0aa0, 0x1, 0x9, 0xc82011b9f0, 0x0, 0x0)
	/usr/local/go/src/io/io.go:316 +0x62
encoding/gob.decodeUintReader(0x7a5d58, 0xc823127740, 0xc8255f0aa0, 0x9, 0x9, 0x0, 0x1, 0x0, 0x0)
	/usr/local/go/src/encoding/gob/decode.go:121 +0x92
encoding/gob.(*Decoder).recvMessage(0xc82011b980, 0xc822e31c20)
	/usr/local/go/src/encoding/gob/decoder.go:76 +0x5e
encoding/gob.(*Decoder).decodeTypeSequence(0xc82011b980, 0x525e00, 0xc82011b980)
	/usr/local/go/src/encoding/gob/decoder.go:140 +0x47
encoding/gob.(*Decoder).DecodeValue(0xc82011b980, 0x3c4a60, 0xc82cac0fa0, 0x16, 0x0, 0x0)
	/usr/local/go/src/encoding/gob/decoder.go:208 +0x15d
encoding/gob.(*Decoder).Decode(0xc82011b980, 0x3c4a60, 0xc82cac0fa0, 0x0, 0x0)
	/usr/local/go/src/encoding/gob/decoder.go:185 +0x289
github.com/johntech-o/gorpc.(*ConnDriver).ReadResponseHeader(0xc8256a25a0, 0xc82cac0fa0, 0x0, 0x0)
	/Users/johntech/code/gocode/src/github.com/johntech-o/gorpc/driverConn.go:115 +0x51
github.com/johntech-o/gorpc.(*ConnPool).serveRead(0xc82011e0a0, 0xc8256a25a0)
	/Users/johntech/code/gocode/src/github.com/johntech-o/gorpc/connPool.go:159 +0x782
created by github.com/johntech-o/gorpc.(*ConnPool).createConn
	/Users/johntech/code/gocode/src/github.com/johntech-o/gorpc/connPool.go:55 +0xc9

goroutine 12072 [IO wait]:
net.runtime_pollWait(0x7a4d30, 0x72, 0xc820012190)
	/usr/local/go/src/runtime/netpoll.go:157 +0x60
net.(*pollDesc).Wait(0xc82014e300, 0x72, 0x0, 0x0)
	/usr/local/go/src/net/fd_poll_runtime.go:73 +0x3a
net.(*pollDesc).WaitRead(0xc82014e300, 0x0, 0x0)
	/usr/local/go/src/net/fd_poll_runtime.go:78 +0x36
net.(*netFD).Read(0xc82014e2a0, 0xc823352000, 0x1000, 0x1000, 0x0, 0x7a0050, 0xc820012190)
	/usr/local/go/src/net/fd_unix.go:232 +0x23a
net.(*conn).Read(0xc823220090, 0xc823352000, 0x1000, 0x1000, 0x0, 0x0, 0x0)
	/usr/local/go/src/net/net.go:172 +0xe4
bufio.(*Reader).fill(0xc8231278c0)
	/usr/local/go/src/bufio/bufio.go:97 +0x1e9
bufio.(*Reader).Read(0xc8231278c0, 0xc82572fbd0, 0x1, 0x9, 0x525128, 0x0, 0x0)
	/usr/local/go/src/bufio/bufio.go:207 +0x260
io.ReadAtLeast(0x7a5d58, 0xc8231278c0, 0xc82572fbd0, 0x1, 0x9, 0x1, 0x0, 0x0, 0x0)
	/usr/local/go/src/io/io.go:298 +0xe6
io.ReadFull(0x7a5d58, 0xc8231278c0, 0xc82572fbd0, 0x1, 0x9, 0xc82011bbf0, 0x0, 0x0)
	/usr/local/go/src/io/io.go:316 +0x62
encoding/gob.decodeUintReader(0x7a5d58, 0xc8231278c0, 0xc82572fbd0, 0x9, 0x9, 0x0, 0x1, 0x0, 0x0)
	/usr/local/go/src/encoding/gob/decode.go:121 +0x92
encoding/gob.(*Decoder).recvMessage(0xc82011bb80, 0xc826757c30)
	/usr/local/go/src/encoding/gob/decoder.go:76 +0x5e
encoding/gob.(*Decoder).decodeTypeSequence(0xc82011bb80, 0x525e00, 0xc82011bb80)
	/usr/local/go/src/encoding/gob/decoder.go:140 +0x47
encoding/gob.(*Decoder).DecodeValue(0xc82011bb80, 0x3c4a60, 0xc823651b80, 0x16, 0x0, 0x0)
	/usr/local/go/src/encoding/gob/decoder.go:208 +0x15d
encoding/gob.(*Decoder).Decode(0xc82011bb80, 0x3c4a60, 0xc823651b80, 0x0, 0x0)
	/usr/local/go/src/encoding/gob/decoder.go:185 +0x289
github.com/johntech-o/gorpc.(*ConnDriver).ReadResponseHeader(0xc8256a2480, 0xc823651b80, 0x0, 0x0)
	/Users/johntech/code/gocode/src/github.com/johntech-o/gorpc/driverConn.go:115 +0x51
github.com/johntech-o/gorpc.(*ConnPool).serveRead(0xc82011e0a0, 0xc8256a2480)
	/Users/johntech/code/gocode/src/github.com/johntech-o/gorpc/connPool.go:159 +0x782
created by github.com/johntech-o/gorpc.(*ConnPool).createConn
	/Users/johntech/code/gocode/src/github.com/johntech-o/gorpc/connPool.go:55 +0xc9

goroutine 12073 [select]:
github.com/johntech-o/gorpc.(*ConnPool).serveWrite(0xc82011e0a0, 0xc8256a2480)
	/Users/johntech/code/gocode/src/github.com/johntech-o/gorpc/connPool.go:215 +0x6b6
created by github.com/johntech-o/gorpc.(*ConnPool).createConn
	/Users/johntech/code/gocode/src/github.com/johntech-o/gorpc/connPool.go:56 +0xf5

goroutine 12105 [IO wait]:
net.runtime_pollWait(0x18c0380, 0x72, 0xc820012190)
	/usr/local/go/src/runtime/netpoll.go:157 +0x60
net.(*pollDesc).Wait(0xc822e22610, 0x72, 0x0, 0x0)
	/usr/local/go/src/net/fd_poll_runtime.go:73 +0x3a
net.(*pollDesc).WaitRead(0xc822e22610, 0x0, 0x0)
	/usr/local/go/src/net/fd_poll_runtime.go:78 +0x36
net.(*netFD).Read(0xc822e225b0, 0xc823252000, 0x1000, 0x1000, 0x0, 0x7a0050, 0xc820012190)
	/usr/local/go/src/net/fd_unix.go:232 +0x23a
net.(*conn).Read(0xc82015c070, 0xc823252000, 0x1000, 0x1000, 0x0, 0x0, 0x0)
	/usr/local/go/src/net/net.go:172 +0xe4
bufio.(*Reader).fill(0xc8231e6720)
	/usr/local/go/src/bufio/bufio.go:97 +0x1e9
bufio.(*Reader).Read(0xc8231e6720, 0xc8251a99b0, 0x1, 0x9, 0x525128, 0x0, 0x0)
	/usr/local/go/src/bufio/bufio.go:207 +0x260
io.ReadAtLeast(0x7a5d58, 0xc8231e6720, 0xc8251a99b0, 0x1, 0x9, 0x1, 0x0, 0x0, 0x0)
	/usr/local/go/src/io/io.go:298 +0xe6
io.ReadFull(0x7a5d58, 0xc8231e6720, 0xc8251a99b0, 0x1, 0x9, 0xc82009d070, 0x0, 0x0)
	/usr/local/go/src/io/io.go:316 +0x62
encoding/gob.decodeUintReader(0x7a5d58, 0xc8231e6720, 0xc8251a99b0, 0x9, 0x9, 0x0, 0x1, 0x0, 0x0)
	/usr/local/go/src/encoding/gob/decode.go:121 +0x92
encoding/gob.(*Decoder).recvMessage(0xc82009d000, 0xc827608c30)
	/usr/local/go/src/encoding/gob/decoder.go:76 +0x5e
encoding/gob.(*Decoder).decodeTypeSequence(0xc82009d000, 0x525e00, 0xc82009d000)
	/usr/local/go/src/encoding/gob/decoder.go:140 +0x47
encoding/gob.(*Decoder).DecodeValue(0xc82009d000, 0x3c4a60, 0xc82cac0c20, 0x16, 0x0, 0x0)
	/usr/local/go/src/encoding/gob/decoder.go:208 +0x15d
encoding/gob.(*Decoder).Decode(0xc82009d000, 0x3c4a60, 0xc82cac0c20, 0x0, 0x0)
	/usr/local/go/src/encoding/gob/decoder.go:185 +0x289
github.com/johntech-o/gorpc.(*ConnDriver).ReadResponseHeader(0xc824ac50e0, 0xc82cac0c20, 0x0, 0x0)
	/Users/johntech/code/gocode/src/github.com/johntech-o/gorpc/driverConn.go:115 +0x51
github.com/johntech-o/gorpc.(*ConnPool).serveRead(0xc82011e0a0, 0xc824ac50e0)
	/Users/johntech/code/gocode/src/github.com/johntech-o/gorpc/connPool.go:159 +0x782
created by github.com/johntech-o/gorpc.(*ConnPool).createConn
	/Users/johntech/code/gocode/src/github.com/johntech-o/gorpc/connPool.go:55 +0xc9

goroutine 12106 [select]:
github.com/johntech-o/gorpc.(*ConnPool).serveWrite(0xc82011e0a0, 0xc824ac50e0)
	/Users/johntech/code/gocode/src/github.com/johntech-o/gorpc/connPool.go:215 +0x6b6
created by github.com/johntech-o/gorpc.(*ConnPool).createConn
	/Users/johntech/code/gocode/src/github.com/johntech-o/gorpc/connPool.go:56 +0xf5

goroutine 12107 [IO wait]:
net.runtime_pollWait(0x7a6280, 0x72, 0xc820012190)
	/usr/local/go/src/runtime/netpoll.go:157 +0x60
net.(*pollDesc).Wait(0xc82014e530, 0x72, 0x0, 0x0)
	/usr/local/go/src/net/fd_poll_runtime.go:73 +0x3a
net.(*pollDesc).WaitRead(0xc82014e530, 0x0, 0x0)
	/usr/local/go/src/net/fd_poll_runtime.go:78 +0x36
net.(*netFD).Read(0xc82014e4d0, 0xc823254000, 0x1000, 0x1000, 0x0, 0x7a0050, 0xc820012190)
	/usr/local/go/src/net/fd_unix.go:232 +0x23a
net.(*conn).Read(0xc8201163f8, 0xc823254000, 0x1000, 0x1000, 0x0, 0x0, 0x0)
	/usr/local/go/src/net/net.go:172 +0xe4
bufio.(*Reader).fill(0xc8230fbf80)
	/usr/local/go/src/bufio/bufio.go:97 +0x1e9
bufio.(*Reader).Read(0xc8230fbf80, 0xc8251a9b30, 0x1, 0x9, 0x525128, 0x0, 0x0)
	/usr/local/go/src/bufio/bufio.go:207 +0x260
io.ReadAtLeast(0x7a5d58, 0xc8230fbf80, 0xc8251a9b30, 0x1, 0x9, 0x1, 0x0, 0x0, 0x0)
	/usr/local/go/src/io/io.go:298 +0xe6
io.ReadFull(0x7a5d58, 0xc8230fbf80, 0xc8251a9b30, 0x1, 0x9, 0xc822decc70, 0x0, 0x0)
	/usr/local/go/src/io/io.go:316 +0x62
encoding/gob.decodeUintReader(0x7a5d58, 0xc8230fbf80, 0xc8251a9b30, 0x9, 0x9, 0x0, 0x1, 0x0, 0x0)
	/usr/local/go/src/encoding/gob/decode.go:121 +0x92
encoding/gob.(*Decoder).recvMessage(0xc822decc00, 0xc8233dbc30)
	/usr/local/go/src/encoding/gob/decoder.go:76 +0x5e
encoding/gob.(*Decoder).decodeTypeSequence(0xc822decc00, 0x525e00, 0xc822decc00)
	/usr/local/go/src/encoding/gob/decoder.go:140 +0x47
encoding/gob.(*Decoder).DecodeValue(0xc822decc00, 0x3c4a60, 0xc824c8e6c0, 0x16, 0x0, 0x0)
	/usr/local/go/src/encoding/gob/decoder.go:208 +0x15d
encoding/gob.(*Decoder).Decode(0xc822decc00, 0x3c4a60, 0xc824c8e6c0, 0x0, 0x0)
	/usr/local/go/src/encoding/gob/decoder.go:185 +0x289
github.com/johntech-o/gorpc.(*ConnDriver).ReadResponseHeader(0xc824ac5170, 0xc824c8e6c0, 0x0, 0x0)
	/Users/johntech/code/gocode/src/github.com/johntech-o/gorpc/driverConn.go:115 +0x51
github.com/johntech-o/gorpc.(*ConnPool).serveRead(0xc82011e0a0, 0xc824ac5170)
	/Users/johntech/code/gocode/src/github.com/johntech-o/gorpc/connPool.go:159 +0x782
created by github.com/johntech-o/gorpc.(*ConnPool).createConn
	/Users/johntech/code/gocode/src/github.com/johntech-o/gorpc/connPool.go:55 +0xc9

goroutine 12108 [select]:
github.com/johntech-o/gorpc.(*ConnPool).serveWrite(0xc82011e0a0, 0xc824ac5170)
	/Users/johntech/code/gocode/src/github.com/johntech-o/gorpc/connPool.go:215 +0x6b6
created by github.com/johntech-o/gorpc.(*ConnPool).createConn
	/Users/johntech/code/gocode/src/github.com/johntech-o/gorpc/connPool.go:56 +0xf5

goroutine 12109 [IO wait]:
net.runtime_pollWait(0x7a6f40, 0x72, 0xc820012190)
	/usr/local/go/src/runtime/netpoll.go:157 +0x60
net.(*pollDesc).Wait(0xc82014e370, 0x72, 0x0, 0x0)
	/usr/local/go/src/net/fd_poll_runtime.go:73 +0x3a
net.(*pollDesc).WaitRead(0xc82014e370, 0x0, 0x0)
	/usr/local/go/src/net/fd_poll_runtime.go:78 +0x36
net.(*netFD).Read(0xc82014e310, 0xc8232bc000, 0x1000, 0x1000, 0x0, 0x7a0050, 0xc820012190)
	/usr/local/go/src/net/fd_unix.go:232 +0x23a
net.(*conn).Read(0xc823220078, 0xc8232bc000, 0x1000, 0x1000, 0x0, 0x0, 0x0)
	/usr/local/go/src/net/net.go:172 +0xe4
bufio.(*Reader).fill(0xc8231277a0)
	/usr/local/go/src/bufio/bufio.go:97 +0x1e9
bufio.(*Reader).Read(0xc8231277a0, 0xc8251a9b50, 0x1, 0x9, 0x525128, 0x0, 0x0)
	/usr/local/go/src/bufio/bufio.go:207 +0x260
io.ReadAtLeast(0x7a5d58, 0xc8231277a0, 0xc8251a9b50, 0x1, 0x9, 0x1, 0x0, 0x0, 0x0)
	/usr/local/go/src/io/io.go:298 +0xe6
io.ReadFull(0x7a5d58, 0xc8231277a0, 0xc8251a9b50, 0x1, 0x9, 0xc82011ba70, 0x0, 0x0)
	/usr/local/go/src/io/io.go:316 +0x62
encoding/gob.decodeUintReader(0x7a5d58, 0xc8231277a0, 0xc8251a9b50, 0x9, 0x9, 0x0, 0x1, 0x0, 0x0)
	/usr/local/go/src/encoding/gob/decode.go:121 +0x92
encoding/gob.(*Decoder).recvMessage(0xc82011ba00, 0xc824cc4c30)
	/usr/local/go/src/encoding/gob/decoder.go:76 +0x5e
encoding/gob.(*Decoder).decodeTypeSequence(0xc82011ba00, 0x525e00, 0xc82011ba00)
	/usr/local/go/src/encoding/gob/decoder.go:140 +0x47
encoding/gob.(*Decoder).DecodeValue(0xc82011ba00, 0x3c4a60, 0xc823612720, 0x16, 0x0, 0x0)
	/usr/local/go/src/encoding/gob/decoder.go:208 +0x15d
encoding/gob.(*Decoder).Decode(0xc82011ba00, 0x3c4a60, 0xc823612720, 0x0, 0x0)
	/usr/local/go/src/encoding/gob/decoder.go:185 +0x289
github.com/johntech-o/gorpc.(*ConnDriver).ReadResponseHeader(0xc824ac5290, 0xc823612720, 0x0, 0x0)
	/Users/johntech/code/gocode/src/github.com/johntech-o/gorpc/driverConn.go:115 +0x51
github.com/johntech-o/gorpc.(*ConnPool).serveRead(0xc82011e0a0, 0xc824ac5290)
	/Users/johntech/code/gocode/src/github.com/johntech-o/gorpc/connPool.go:159 +0x782
created by github.com/johntech-o/gorpc.(*ConnPool).createConn
	/Users/johntech/code/gocode/src/github.com/johntech-o/gorpc/connPool.go:55 +0xc9

goroutine 12110 [select]:
github.com/johntech-o/gorpc.(*ConnPool).serveWrite(0xc82011e0a0, 0xc824ac5290)
	/Users/johntech/code/gocode/src/github.com/johntech-o/gorpc/connPool.go:215 +0x6b6
created by github.com/johntech-o/gorpc.(*ConnPool).createConn
	/Users/johntech/code/gocode/src/github.com/johntech-o/gorpc/connPool.go:56 +0xf5

goroutine 12746 [select]:
github.com/johntech-o/gorpc.(*ConnPool).serveWrite(0xc82011e0a0, 0xc8230ef170)
	/Users/johntech/code/gocode/src/github.com/johntech-o/gorpc/connPool.go:215 +0x6b6
created by github.com/johntech-o/gorpc.(*ConnPool).createConn
	/Users/johntech/code/gocode/src/github.com/johntech-o/gorpc/connPool.go:56 +0xf5

goroutine 12745 [IO wait]:
net.runtime_pollWait(0x7a8e40, 0x72, 0xc820012190)
	/usr/local/go/src/runtime/netpoll.go:157 +0x60
net.(*pollDesc).Wait(0xc822e227d0, 0x72, 0x0, 0x0)
	/usr/local/go/src/net/fd_poll_runtime.go:73 +0x3a
net.(*pollDesc).WaitRead(0xc822e227d0, 0x0, 0x0)
	/usr/local/go/src/net/fd_poll_runtime.go:78 +0x36
net.(*netFD).Read(0xc822e22770, 0xc823338000, 0x1000, 0x1000, 0x0, 0x7a0050, 0xc820012190)
	/usr/local/go/src/net/fd_unix.go:232 +0x23a
net.(*conn).Read(0xc8232e8038, 0xc823338000, 0x1000, 0x1000, 0x0, 0x0, 0x0)
	/usr/local/go/src/net/net.go:172 +0xe4
bufio.(*Reader).fill(0xc82330e060)
	/usr/local/go/src/bufio/bufio.go:97 +0x1e9
bufio.(*Reader).Read(0xc82330e060, 0xc82331dc20, 0x1, 0x9, 0x525128, 0x0, 0x0)
	/usr/local/go/src/bufio/bufio.go:207 +0x260
io.ReadAtLeast(0x7a5d58, 0xc82330e060, 0xc82331dc20, 0x1, 0x9, 0x1, 0x0, 0x0, 0x0)
	/usr/local/go/src/io/io.go:298 +0xe6
io.ReadFull(0x7a5d58, 0xc82330e060, 0xc82331dc20, 0x1, 0x9, 0xc820170d70, 0x0, 0x0)
	/usr/local/go/src/io/io.go:316 +0x62
encoding/gob.decodeUintReader(0x7a5d58, 0xc82330e060, 0xc82331dc20, 0x9, 0x9, 0x0, 0x1, 0x0, 0x0)
	/usr/local/go/src/encoding/gob/decode.go:121 +0x92
encoding/gob.(*Decoder).recvMessage(0xc820170d00, 0xc82b9b1c30)
	/usr/local/go/src/encoding/gob/decoder.go:76 +0x5e
encoding/gob.(*Decoder).decodeTypeSequence(0xc820170d00, 0x525e00, 0xc820170d00)
	/usr/local/go/src/encoding/gob/decoder.go:140 +0x47
encoding/gob.(*Decoder).DecodeValue(0xc820170d00, 0x3c4a60, 0xc8238baba0, 0x16, 0x0, 0x0)
	/usr/local/go/src/encoding/gob/decoder.go:208 +0x15d
encoding/gob.(*Decoder).Decode(0xc820170d00, 0x3c4a60, 0xc8238baba0, 0x0, 0x0)
	/usr/local/go/src/encoding/gob/decoder.go:185 +0x289
github.com/johntech-o/gorpc.(*ConnDriver).ReadResponseHeader(0xc8230ef170, 0xc8238baba0, 0x0, 0x0)
	/Users/johntech/code/gocode/src/github.com/johntech-o/gorpc/driverConn.go:115 +0x51
github.com/johntech-o/gorpc.(*ConnPool).serveRead(0xc82011e0a0, 0xc8230ef170)
	/Users/johntech/code/gocode/src/github.com/johntech-o/gorpc/connPool.go:159 +0x782
created by github.com/johntech-o/gorpc.(*ConnPool).createConn
	/Users/johntech/code/gocode/src/github.com/johntech-o/gorpc/connPool.go:55 +0xc9

goroutine 12196 [IO wait]:
net.runtime_pollWait(0x7a8780, 0x72, 0xc820012190)
	/usr/local/go/src/runtime/netpoll.go:157 +0x60
net.(*pollDesc).Wait(0xc822df8a00, 0x72, 0x0, 0x0)
	/usr/local/go/src/net/fd_poll_runtime.go:73 +0x3a
net.(*pollDesc).WaitRead(0xc822df8a00, 0x0, 0x0)
	/usr/local/go/src/net/fd_poll_runtime.go:78 +0x36
net.(*netFD).Read(0xc822df89a0, 0xc8232f0000, 0x1000, 0x1000, 0x0, 0x7a0050, 0xc820012190)
	/usr/local/go/src/net/fd_unix.go:232 +0x23a
net.(*conn).Read(0xc82015c0f8, 0xc8232f0000, 0x1000, 0x1000, 0x0, 0x0, 0x0)
	/usr/local/go/src/net/net.go:172 +0xe4
bufio.(*Reader).fill(0xc8231e6d80)
	/usr/local/go/src/bufio/bufio.go:97 +0x1e9
bufio.(*Reader).Read(0xc8231e6d80, 0xc825669d40, 0x1, 0x9, 0x525128, 0x0, 0x0)
	/usr/local/go/src/bufio/bufio.go:207 +0x260
io.ReadAtLeast(0x7a5d58, 0xc8231e6d80, 0xc825669d40, 0x1, 0x9, 0x1, 0x0, 0x0, 0x0)
	/usr/local/go/src/io/io.go:298 +0xe6
io.ReadFull(0x7a5d58, 0xc8231e6d80, 0xc825669d40, 0x1, 0x9, 0xc82009d8f0, 0x0, 0x0)
	/usr/local/go/src/io/io.go:316 +0x62
encoding/gob.decodeUintReader(0x7a5d58, 0xc8231e6d80, 0xc825669d40, 0x9, 0x9, 0x0, 0x1, 0x0, 0x0)
	/usr/local/go/src/encoding/gob/decode.go:121 +0x92
encoding/gob.(*Decoder).recvMessage(0xc82009d880, 0xc827602c30)
	/usr/local/go/src/encoding/gob/decoder.go:76 +0x5e
encoding/gob.(*Decoder).decodeTypeSequence(0xc82009d880, 0x525e00, 0xc82009d880)
	/usr/local/go/src/encoding/gob/decoder.go:140 +0x47
encoding/gob.(*Decoder).DecodeValue(0xc82009d880, 0x3c4a60, 0xc82cac0d60, 0x16, 0x0, 0x0)
	/usr/local/go/src/encoding/gob/decoder.go:208 +0x15d
encoding/gob.(*Decoder).Decode(0xc82009d880, 0x3c4a60, 0xc82cac0d60, 0x0, 0x0)
	/usr/local/go/src/encoding/gob/decoder.go:185 +0x289
github.com/johntech-o/gorpc.(*ConnDriver).ReadResponseHeader(0xc824ac53b0, 0xc82cac0d60, 0x0, 0x0)
	/Users/johntech/code/gocode/src/github.com/johntech-o/gorpc/driverConn.go:115 +0x51
github.com/johntech-o/gorpc.(*ConnPool).serveRead(0xc82011e0a0, 0xc824ac53b0)
	/Users/johntech/code/gocode/src/github.com/johntech-o/gorpc/connPool.go:159 +0x782
created by github.com/johntech-o/gorpc.(*ConnPool).createConn
	/Users/johntech/code/gocode/src/github.com/johntech-o/gorpc/connPool.go:55 +0xc9

goroutine 12197 [select]:
github.com/johntech-o/gorpc.(*ConnPool).serveWrite(0xc82011e0a0, 0xc824ac53b0)
	/Users/johntech/code/gocode/src/github.com/johntech-o/gorpc/connPool.go:215 +0x6b6
created by github.com/johntech-o/gorpc.(*ConnPool).createConn
	/Users/johntech/code/gocode/src/github.com/johntech-o/gorpc/connPool.go:56 +0xf5

goroutine 12922 [select]:
github.com/johntech-o/gorpc.(*ConnPool).serveWrite(0xc82011e0a0, 0xc8256a2ab0)
	/Users/johntech/code/gocode/src/github.com/johntech-o/gorpc/connPool.go:215 +0x6b6
created by github.com/johntech-o/gorpc.(*ConnPool).createConn
	/Users/johntech/code/gocode/src/github.com/johntech-o/gorpc/connPool.go:56 +0xf5

goroutine 12921 [IO wait]:
net.runtime_pollWait(0x18c0a40, 0x72, 0xc820012190)
	/usr/local/go/src/runtime/netpoll.go:157 +0x60
net.(*pollDesc).Wait(0xc822e22530, 0x72, 0x0, 0x0)
	/usr/local/go/src/net/fd_poll_runtime.go:73 +0x3a
net.(*pollDesc).WaitRead(0xc822e22530, 0x0, 0x0)
	/usr/local/go/src/net/fd_poll_runtime.go:78 +0x36
net.(*netFD).Read(0xc822e224d0, 0xc823234000, 0x1000, 0x1000, 0x0, 0x7a0050, 0xc820012190)
	/usr/local/go/src/net/fd_unix.go:232 +0x23a
net.(*conn).Read(0xc823220008, 0xc823234000, 0x1000, 0x1000, 0x0, 0x0, 0x0)
	/usr/local/go/src/net/net.go:172 +0xe4
bufio.(*Reader).fill(0xc823127260)
	/usr/local/go/src/bufio/bufio.go:97 +0x1e9
bufio.(*Reader).Read(0xc823127260, 0xc823456250, 0x1, 0x9, 0x525128, 0x0, 0x0)
	/usr/local/go/src/bufio/bufio.go:207 +0x260
io.ReadAtLeast(0x7a5d58, 0xc823127260, 0xc823456250, 0x1, 0x9, 0x1, 0x0, 0x0, 0x0)
	/usr/local/go/src/io/io.go:298 +0xe6
io.ReadFull(0x7a5d58, 0xc823127260, 0xc823456250, 0x1, 0x9, 0xc82011b370, 0x0, 0x0)
	/usr/local/go/src/io/io.go:316 +0x62
encoding/gob.decodeUintReader(0x7a5d58, 0xc823127260, 0xc823456250, 0x9, 0x9, 0x0, 0x1, 0x0, 0x0)
	/usr/local/go/src/encoding/gob/decode.go:121 +0x92
encoding/gob.(*Decoder).recvMessage(0xc82011b300, 0xc82dbd7c30)
	/usr/local/go/src/encoding/gob/decoder.go:76 +0x5e
encoding/gob.(*Decoder).decodeTypeSequence(0xc82011b300, 0x525e00, 0xc82011b300)
	/usr/local/go/src/encoding/gob/decoder.go:140 +0x47
encoding/gob.(*Decoder).DecodeValue(0xc82011b300, 0x3c4a60, 0xc823aab220, 0x16, 0x0, 0x0)
	/usr/local/go/src/encoding/gob/decoder.go:208 +0x15d
encoding/gob.(*Decoder).Decode(0xc82011b300, 0x3c4a60, 0xc823aab220, 0x0, 0x0)
	/usr/local/go/src/encoding/gob/decoder.go:185 +0x289
github.com/johntech-o/gorpc.(*ConnDriver).ReadResponseHeader(0xc8256a2ab0, 0xc823aab220, 0x0, 0x0)
	/Users/johntech/code/gocode/src/github.com/johntech-o/gorpc/driverConn.go:115 +0x51
github.com/johntech-o/gorpc.(*ConnPool).serveRead(0xc82011e0a0, 0xc8256a2ab0)
	/Users/johntech/code/gocode/src/github.com/johntech-o/gorpc/connPool.go:159 +0x782
created by github.com/johntech-o/gorpc.(*ConnPool).createConn
	/Users/johntech/code/gocode/src/github.com/johntech-o/gorpc/connPool.go:55 +0xc9

goroutine 12425 [IO wait]:
net.runtime_pollWait(0x7a8000, 0x72, 0xc820012190)
	/usr/local/go/src/runtime/netpoll.go:157 +0x60
net.(*pollDesc).Wait(0xc82005d330, 0x72, 0x0, 0x0)
	/usr/local/go/src/net/fd_poll_runtime.go:73 +0x3a
net.(*pollDesc).WaitRead(0xc82005d330, 0x0, 0x0)
	/usr/local/go/src/net/fd_poll_runtime.go:78 +0x36
net.(*netFD).Read(0xc82005d2d0, 0xc823350000, 0x1000, 0x1000, 0x0, 0x7a0050, 0xc820012190)
	/usr/local/go/src/net/fd_unix.go:232 +0x23a
net.(*conn).Read(0xc82015c150, 0xc823350000, 0x1000, 0x1000, 0x0, 0x0, 0x0)
	/usr/local/go/src/net/net.go:172 +0xe4
bufio.(*Reader).fill(0xc8231e71a0)
	/usr/local/go/src/bufio/bufio.go:97 +0x1e9
bufio.(*Reader).Read(0xc8231e71a0, 0xc824eff180, 0x1, 0x9, 0x525128, 0x0, 0x0)
	/usr/local/go/src/bufio/bufio.go:207 +0x260
io.ReadAtLeast(0x7a5d58, 0xc8231e71a0, 0xc824eff180, 0x1, 0x9, 0x1, 0x0, 0x0, 0x0)
	/usr/local/go/src/io/io.go:298 +0xe6
io.ReadFull(0x7a5d58, 0xc8231e71a0, 0xc824eff180, 0x1, 0x9, 0xc82009de70, 0x0, 0x0)
	/usr/local/go/src/io/io.go:316 +0x62
encoding/gob.decodeUintReader(0x7a5d58, 0xc8231e71a0, 0xc824eff180, 0x9, 0x9, 0x0, 0x1, 0x0, 0x0)
	/usr/local/go/src/encoding/gob/decode.go:121 +0x92
encoding/gob.(*Decoder).recvMessage(0xc82009de00, 0xc82b353c30)
	/usr/local/go/src/encoding/gob/decoder.go:76 +0x5e
encoding/gob.(*Decoder).decodeTypeSequence(0xc82009de00, 0x525e00, 0xc82009de00)
	/usr/local/go/src/encoding/gob/decoder.go:140 +0x47
encoding/gob.(*Decoder).DecodeValue(0xc82009de00, 0x3c4a60, 0xc824bf4000, 0x16, 0x0, 0x0)
	/usr/local/go/src/encoding/gob/decoder.go:208 +0x15d
encoding/gob.(*Decoder).Decode(0xc82009de00, 0x3c4a60, 0xc824bf4000, 0x0, 0x0)
	/usr/local/go/src/encoding/gob/decoder.go:185 +0x289
github.com/johntech-o/gorpc.(*ConnDriver).ReadResponseHeader(0xc824ac55f0, 0xc824bf4000, 0x0, 0x0)
	/Users/johntech/code/gocode/src/github.com/johntech-o/gorpc/driverConn.go:115 +0x51
github.com/johntech-o/gorpc.(*ConnPool).serveRead(0xc82011e0a0, 0xc824ac55f0)
	/Users/johntech/code/gocode/src/github.com/johntech-o/gorpc/connPool.go:159 +0x782
created by github.com/johntech-o/gorpc.(*ConnPool).createConn
	/Users/johntech/code/gocode/src/github.com/johntech-o/gorpc/connPool.go:55 +0xc9

goroutine 12426 [select]:
github.com/johntech-o/gorpc.(*ConnPool).serveWrite(0xc82011e0a0, 0xc824ac55f0)
	/Users/johntech/code/gocode/src/github.com/johntech-o/gorpc/connPool.go:215 +0x6b6
created by github.com/johntech-o/gorpc.(*ConnPool).createConn
	/Users/johntech/code/gocode/src/github.com/johntech-o/gorpc/connPool.go:56 +0xf5

goroutine 12447 [IO wait]:
net.runtime_pollWait(0x7a7580, 0x72, 0xc820012190)
	/usr/local/go/src/runtime/netpoll.go:157 +0x60
net.(*pollDesc).Wait(0xc82014e8b0, 0x72, 0x0, 0x0)
	/usr/local/go/src/net/fd_poll_runtime.go:73 +0x3a
net.(*pollDesc).WaitRead(0xc82014e8b0, 0x0, 0x0)
	/usr/local/go/src/net/fd_poll_runtime.go:78 +0x36
net.(*netFD).Read(0xc82014e850, 0xc8233dc000, 0x1000, 0x1000, 0x0, 0x7a0050, 0xc820012190)
	/usr/local/go/src/net/fd_unix.go:232 +0x23a
net.(*conn).Read(0xc8232e8080, 0xc8233dc000, 0x1000, 0x1000, 0x0, 0x0, 0x0)
	/usr/local/go/src/net/net.go:172 +0xe4
bufio.(*Reader).fill(0xc82330e3c0)
	/usr/local/go/src/bufio/bufio.go:97 +0x1e9
bufio.(*Reader).Read(0xc82330e3c0, 0xc824e67ee0, 0x1, 0x9, 0x525128, 0x0, 0x0)
	/usr/local/go/src/bufio/bufio.go:207 +0x260
io.ReadAtLeast(0x7a5d58, 0xc82330e3c0, 0xc824e67ee0, 0x1, 0x9, 0x1, 0x0, 0x0, 0x0)
	/usr/local/go/src/io/io.go:298 +0xe6
io.ReadFull(0x7a5d58, 0xc82330e3c0, 0xc824e67ee0, 0x1, 0x9, 0xc8201711f0, 0x0, 0x0)
	/usr/local/go/src/io/io.go:316 +0x62
encoding/gob.decodeUintReader(0x7a5d58, 0xc82330e3c0, 0xc824e67ee0, 0x9, 0x9, 0x0, 0x1, 0x0, 0x0)
	/usr/local/go/src/encoding/gob/decode.go:121 +0x92
encoding/gob.(*Decoder).recvMessage(0xc820171180, 0xc82b9b2c30)
	/usr/local/go/src/encoding/gob/decoder.go:76 +0x5e
encoding/gob.(*Decoder).decodeTypeSequence(0xc820171180, 0x525e00, 0xc820171180)
	/usr/local/go/src/encoding/gob/decoder.go:140 +0x47
encoding/gob.(*Decoder).DecodeValue(0xc820171180, 0x3c4a60, 0xc830be95e0, 0x16, 0x0, 0x0)
	/usr/local/go/src/encoding/gob/decoder.go:208 +0x15d
encoding/gob.(*Decoder).Decode(0xc820171180, 0x3c4a60, 0xc830be95e0, 0x0, 0x0)
	/usr/local/go/src/encoding/gob/decoder.go:185 +0x289
github.com/johntech-o/gorpc.(*ConnDriver).ReadResponseHeader(0xc8256a27e0, 0xc830be95e0, 0x0, 0x0)
	/Users/johntech/code/gocode/src/github.com/johntech-o/gorpc/driverConn.go:115 +0x51
github.com/johntech-o/gorpc.(*ConnPool).serveRead(0xc82011e0a0, 0xc8256a27e0)
	/Users/johntech/code/gocode/src/github.com/johntech-o/gorpc/connPool.go:159 +0x782
created by github.com/johntech-o/gorpc.(*ConnPool).createConn
	/Users/johntech/code/gocode/src/github.com/johntech-o/gorpc/connPool.go:55 +0xc9

goroutine 12448 [select]:
github.com/johntech-o/gorpc.(*ConnPool).serveWrite(0xc82011e0a0, 0xc8256a27e0)
	/Users/johntech/code/gocode/src/github.com/johntech-o/gorpc/connPool.go:215 +0x6b6
created by github.com/johntech-o/gorpc.(*ConnPool).createConn
	/Users/johntech/code/gocode/src/github.com/johntech-o/gorpc/connPool.go:56 +0xf5

goroutine 12449 [IO wait]:
net.runtime_pollWait(0x7a6b80, 0x72, 0xc820012190)
	/usr/local/go/src/runtime/netpoll.go:157 +0x60
net.(*pollDesc).Wait(0xc822df8290, 0x72, 0x0, 0x0)
	/usr/local/go/src/net/fd_poll_runtime.go:73 +0x3a
net.(*pollDesc).WaitRead(0xc822df8290, 0x0, 0x0)
	/usr/local/go/src/net/fd_poll_runtime.go:78 +0x36
net.(*netFD).Read(0xc822df8230, 0xc8232a4000, 0x1000, 0x1000, 0x0, 0x7a0050, 0xc820012190)
	/usr/local/go/src/net/fd_unix.go:232 +0x23a
net.(*conn).Read(0xc820116430, 0xc8232a4000, 0x1000, 0x1000, 0x0, 0x0, 0x0)
	/usr/local/go/src/net/net.go:172 +0xe4
bufio.(*Reader).fill(0xc82325a1e0)
	/usr/local/go/src/bufio/bufio.go:97 +0x1e9
bufio.(*Reader).Read(0xc82325a1e0, 0xc824e67f20, 0x1, 0x9, 0x525128, 0x0, 0x0)
	/usr/local/go/src/bufio/bufio.go:207 +0x260
io.ReadAtLeast(0x7a5d58, 0xc82325a1e0, 0xc824e67f20, 0x1, 0x9, 0x1, 0x0, 0x0, 0x0)
	/usr/local/go/src/io/io.go:298 +0xe6
io.ReadFull(0x7a5d58, 0xc82325a1e0, 0xc824e67f20, 0x1, 0x9, 0xc822decf70, 0x0, 0x0)
	/usr/local/go/src/io/io.go:316 +0x62
encoding/gob.decodeUintReader(0x7a5d58, 0xc82325a1e0, 0xc824e67f20, 0x9, 0x9, 0x0, 0x1, 0x0, 0x0)
	/usr/local/go/src/encoding/gob/decode.go:121 +0x92
encoding/gob.(*Decoder).recvMessage(0xc822decf00, 0xc82b9b5c30)
	/usr/local/go/src/encoding/gob/decoder.go:76 +0x5e
encoding/gob.(*Decoder).decodeTypeSequence(0xc822decf00, 0x525e00, 0xc822decf00)
	/usr/local/go/src/encoding/gob/decoder.go:140 +0x47
encoding/gob.(*Decoder).DecodeValue(0xc822decf00, 0x3c4a60, 0xc823651ee0, 0x16, 0x0, 0x0)
	/usr/local/go/src/encoding/gob/decoder.go:208 +0x15d
encoding/gob.(*Decoder).Decode(0xc822decf00, 0x3c4a60, 0xc823651ee0, 0x0, 0x0)
	/usr/local/go/src/encoding/gob/decoder.go:185 +0x289
github.com/johntech-o/gorpc.(*ConnDriver).ReadResponseHeader(0xc8256a2870, 0xc823651ee0, 0x0, 0x0)
	/Users/johntech/code/gocode/src/github.com/johntech-o/gorpc/driverConn.go:115 +0x51
github.com/johntech-o/gorpc.(*ConnPool).serveRead(0xc82011e0a0, 0xc8256a2870)
	/Users/johntech/code/gocode/src/github.com/johntech-o/gorpc/connPool.go:159 +0x782
created by github.com/johntech-o/gorpc.(*ConnPool).createConn
	/Users/johntech/code/gocode/src/github.com/johntech-o/gorpc/connPool.go:55 +0xc9

goroutine 12466 [select]:
github.com/johntech-o/gorpc.(*ConnPool).serveWrite(0xc82011e0a0, 0xc8256a2870)
	/Users/johntech/code/gocode/src/github.com/johntech-o/gorpc/connPool.go:215 +0x6b6
created by github.com/johntech-o/gorpc.(*ConnPool).createConn
	/Users/johntech/code/gocode/src/github.com/johntech-o/gorpc/connPool.go:56 +0xf5

goroutine 12467 [IO wait]:
net.runtime_pollWait(0x18c0d40, 0x72, 0xc820012190)
	/usr/local/go/src/runtime/netpoll.go:157 +0x60
net.(*pollDesc).Wait(0xc822df84c0, 0x72, 0x0, 0x0)
	/usr/local/go/src/net/fd_poll_runtime.go:73 +0x3a
net.(*pollDesc).WaitRead(0xc822df84c0, 0x0, 0x0)
	/usr/local/go/src/net/fd_poll_runtime.go:78 +0x36
net.(*netFD).Read(0xc822df8460, 0xc823258000, 0x1000, 0x1000, 0x0, 0x7a0050, 0xc820012190)
	/usr/local/go/src/net/fd_unix.go:232 +0x23a
net.(*conn).Read(0xc823220028, 0xc823258000, 0x1000, 0x1000, 0x0, 0x0, 0x0)
	/usr/local/go/src/net/net.go:172 +0xe4
bufio.(*Reader).fill(0xc8231273e0)
	/usr/local/go/src/bufio/bufio.go:97 +0x1e9
bufio.(*Reader).Read(0xc8231273e0, 0xc824e67f70, 0x1, 0x9, 0x525128, 0x0, 0x0)
	/usr/local/go/src/bufio/bufio.go:207 +0x260
io.ReadAtLeast(0x7a5d58, 0xc8231273e0, 0xc824e67f70, 0x1, 0x9, 0x1, 0x0, 0x0, 0x0)
	/usr/local/go/src/io/io.go:298 +0xe6
io.ReadFull(0x7a5d58, 0xc8231273e0, 0xc824e67f70, 0x1, 0x9, 0xc82011b570, 0x0, 0x0)
	/usr/local/go/src/io/io.go:316 +0x62
encoding/gob.decodeUintReader(0x7a5d58, 0xc8231273e0, 0xc824e67f70, 0x9, 0x9, 0x0, 0x1, 0x0, 0x0)
	/usr/local/go/src/encoding/gob/decode.go:121 +0x92
encoding/gob.(*Decoder).recvMessage(0xc82011b500, 0xc82b9a1c30)
	/usr/local/go/src/encoding/gob/decoder.go:76 +0x5e
encoding/gob.(*Decoder).decodeTypeSequence(0xc82011b500, 0x525e00, 0xc82011b500)
	/usr/local/go/src/encoding/gob/decoder.go:140 +0x47
encoding/gob.(*Decoder).DecodeValue(0xc82011b500, 0x3c4a60, 0xc823650fc0, 0x16, 0x0, 0x0)
	/usr/local/go/src/encoding/gob/decoder.go:208 +0x15d
encoding/gob.(*Decoder).Decode(0xc82011b500, 0x3c4a60, 0xc823650fc0, 0x0, 0x0)
	/usr/local/go/src/encoding/gob/decoder.go:185 +0x289
github.com/johntech-o/gorpc.(*ConnDriver).ReadResponseHeader(0xc8256a2900, 0xc823650fc0, 0x0, 0x0)
	/Users/johntech/code/gocode/src/github.com/johntech-o/gorpc/driverConn.go:115 +0x51
github.com/johntech-o/gorpc.(*ConnPool).serveRead(0xc82011e0a0, 0xc8256a2900)
	/Users/johntech/code/gocode/src/github.com/johntech-o/gorpc/connPool.go:159 +0x782
created by github.com/johntech-o/gorpc.(*ConnPool).createConn
	/Users/johntech/code/gocode/src/github.com/johntech-o/gorpc/connPool.go:55 +0xc9

goroutine 12468 [select]:
github.com/johntech-o/gorpc.(*ConnPool).serveWrite(0xc82011e0a0, 0xc8256a2900)
	/Users/johntech/code/gocode/src/github.com/johntech-o/gorpc/connPool.go:215 +0x6b6
created by github.com/johntech-o/gorpc.(*ConnPool).createConn
	/Users/johntech/code/gocode/src/github.com/johntech-o/gorpc/connPool.go:56 +0xf5

goroutine 12961 [select]:
github.com/johntech-o/gorpc.(*ConnPool).serveWrite(0xc82011e0a0, 0xc8230ef560)
	/Users/johntech/code/gocode/src/github.com/johntech-o/gorpc/connPool.go:215 +0x6b6
created by github.com/johntech-o/gorpc.(*ConnPool).createConn
	/Users/johntech/code/gocode/src/github.com/johntech-o/gorpc/connPool.go:56 +0xf5

goroutine 12960 [IO wait]:
net.runtime_pollWait(0x7a74c0, 0x72, 0xc820012190)
	/usr/local/go/src/runtime/netpoll.go:157 +0x60
net.(*pollDesc).Wait(0xc822df87d0, 0x72, 0x0, 0x0)
	/usr/local/go/src/net/fd_poll_runtime.go:73 +0x3a
net.(*pollDesc).WaitRead(0xc822df87d0, 0x0, 0x0)
	/usr/local/go/src/net/fd_poll_runtime.go:78 +0x36
net.(*netFD).Read(0xc822df8770, 0xc8233d2000, 0x1000, 0x1000, 0x0, 0x7a0050, 0xc820012190)
	/usr/local/go/src/net/fd_unix.go:232 +0x23a
net.(*conn).Read(0xc8232e8078, 0xc8233d2000, 0x1000, 0x1000, 0x0, 0x0, 0x0)
	/usr/local/go/src/net/net.go:172 +0xe4
bufio.(*Reader).fill(0xc82330e360)
	/usr/local/go/src/bufio/bufio.go:97 +0x1e9
bufio.(*Reader).Read(0xc82330e360, 0xc8242870a0, 0x1, 0x9, 0x525128, 0x0, 0x0)
	/usr/local/go/src/bufio/bufio.go:207 +0x260
io.ReadAtLeast(0x7a5d58, 0xc82330e360, 0xc8242870a0, 0x1, 0x9, 0x1, 0x0, 0x0, 0x0)
	/usr/local/go/src/io/io.go:298 +0xe6
io.ReadFull(0x7a5d58, 0xc82330e360, 0xc8242870a0, 0x1, 0x9, 0xc820171170, 0x0, 0x0)
	/usr/local/go/src/io/io.go:316 +0x62
encoding/gob.decodeUintReader(0x7a5d58, 0xc82330e360, 0xc8242870a0, 0x9, 0x9, 0x0, 0x1, 0x0, 0x0)
	/usr/local/go/src/encoding/gob/decode.go:121 +0x92
encoding/gob.(*Decoder).recvMessage(0xc820171100, 0xc8258d4c30)
	/usr/local/go/src/encoding/gob/decoder.go:76 +0x5e
encoding/gob.(*Decoder).decodeTypeSequence(0xc820171100, 0x525e00, 0xc820171100)
	/usr/local/go/src/encoding/gob/decoder.go:140 +0x47
encoding/gob.(*Decoder).DecodeValue(0xc820171100, 0x3c4a60, 0xc823650d40, 0x16, 0x0, 0x0)
	/usr/local/go/src/encoding/gob/decoder.go:208 +0x15d
encoding/gob.(*Decoder).Decode(0xc820171100, 0x3c4a60, 0xc823650d40, 0x0, 0x0)
	/usr/local/go/src/encoding/gob/decoder.go:185 +0x289
github.com/johntech-o/gorpc.(*ConnDriver).ReadResponseHeader(0xc8230ef560, 0xc823650d40, 0x0, 0x0)
	/Users/johntech/code/gocode/src/github.com/johntech-o/gorpc/driverConn.go:115 +0x51
github.com/johntech-o/gorpc.(*ConnPool).serveRead(0xc82011e0a0, 0xc8230ef560)
	/Users/johntech/code/gocode/src/github.com/johntech-o/gorpc/connPool.go:159 +0x782
created by github.com/johntech-o/gorpc.(*ConnPool).createConn
	/Users/johntech/code/gocode/src/github.com/johntech-o/gorpc/connPool.go:55 +0xc9
exit status 2
FAIL	github.com/johntech-o/gorpc	25.233s
